
===========================================================================
report_checks -unconstrained
===========================================================================
======================= nom_ff_n40C_1v95 Corner ===================================

Startpoint: gpio_loopback_zero[15] (input port clocked by __VIRTUAL_CLK__)
Endpoint: gpio_slow_sel[15] (output port clocked by __VIRTUAL_CLK__)
Path Group: __VIRTUAL_CLK__
Path Type: max

Fanout         Cap        Slew       Delay        Time   Description
---------------------------------------------------------------------------------------------
                      0.000000    0.000000    0.000000   clock __VIRTUAL_CLK__ (rise edge)
                                  0.000000    0.000000   clock network delay (ideal)
                                  2.000000    2.000000 ^ input external delay
    11    0.381694    1.280395    0.943011    2.943012 ^ gpio_loopback_zero[15] (in)
                                                         gpio_loopback_zero[15] (net)
                      1.280640    0.000000    2.943012 ^ gpio_slow_sel[15] (out)
                                              2.943012   data arrival time

                      0.000000   10.000000   10.000000   clock __VIRTUAL_CLK__ (rise edge)
                                  0.000000   10.000000   clock network delay (ideal)
                                 -0.250000    9.750000   clock uncertainty
                                  0.000000    9.750000   clock reconvergence pessimism
                                 -2.000000    7.750000   output external delay
                                              7.750000   data required time
---------------------------------------------------------------------------------------------
                                              7.750000   data required time
                                             -2.943012   data arrival time
---------------------------------------------------------------------------------------------
                                              4.806989   slack (MET)




===========================================================================
report_checks --slack_max -0.01
============================================================================
======================= nom_ff_n40C_1v95 Corner ===================================

No paths found.


===========================================================================
 report_check_types -max_slew -max_cap -max_fanout -violators
============================================================================
======================= nom_ff_n40C_1v95 Corner ===================================

max slew

Pin                                        Limit        Slew       Slack
------------------------------------------------------------------------
gpio_out[24]                            0.500000    4.063294   -3.563294 (VIOLATED)
gpio_out[25]                            0.500000    3.672077   -3.172077 (VIOLATED)
mprj2/output2/X                         0.500000    3.660024   -3.160024 (VIOLATED)
mprj2/output4/X                         0.500000    3.378175   -2.878175 (VIOLATED)
gpio_out[26]                            0.500000    2.966817   -2.466817 (VIOLATED)
mprj2/output5/X                         0.500000    2.822254   -2.322253 (VIOLATED)
gpio_out[27]                            0.500000    2.211380   -1.711380 (VIOLATED)
mprj2/clkbuf_0_wb_clk_i/A               0.500000    2.176582   -1.676582 (VIOLATED)
mprj2/ANTENNA_clkbuf_0_wb_clk_i_A/DIODE    0.500000    2.176568   -1.676568 (VIOLATED)
mprj/clkbuf_0_wb_clk_i/A                0.500000    2.173233   -1.673233 (VIOLATED)
mprj/ANTENNA_clkbuf_0_wb_clk_i_A/DIODE    0.500000    2.173221   -1.673221 (VIOLATED)
gpio_in[0]                              0.500000    2.161025   -1.661025 (VIOLATED)
mprj2/output6/X                         0.500000    2.156716   -1.656716 (VIOLATED)
gpio_out[34]                            0.500000    1.819411   -1.319411 (VIOLATED)
mprj2/output3/X                         0.500000    1.816680   -1.316680 (VIOLATED)
gpio_out[33]                            0.500000    1.620906   -1.120906 (VIOLATED)
mprj2/output12/X                        0.500000    1.618887   -1.118887 (VIOLATED)
gpio_out[28]                            0.500000    1.593304   -1.093304 (VIOLATED)
mprj2/output7/X                         0.500000    1.579076   -1.079076 (VIOLATED)
gpio_slow_sel[35]                       0.500000    1.283141   -0.783141 (VIOLATED)
gpio_dm1[35]                            0.500000    1.283140   -0.783140 (VIOLATED)
gpio_analog_en[35]                      0.500000    1.283139   -0.783139 (VIOLATED)
gpio_dm0[35]                            0.500000    1.283128   -0.783128 (VIOLATED)
gpio_analog_pol[35]                     0.500000    1.283125   -0.783125 (VIOLATED)
gpio_analog_sel[35]                     0.500000    1.283108   -0.783108 (VIOLATED)
gpio_dm2[35]                            0.500000    1.283106   -0.783106 (VIOLATED)
gpio_holdover[35]                       0.500000    1.283104   -0.783104 (VIOLATED)
gpio_out[35]                            0.500000    1.283102   -0.783102 (VIOLATED)
gpio_vtrip_sel[35]                      0.500000    1.283094   -0.783094 (VIOLATED)
gpio_ib_mode_sel[35]                    0.500000    1.283073   -0.783073 (VIOLATED)
gpio_loopback_zero[35]                  0.500000    1.283039   -0.783040 (VIOLATED)
gpio_slow_sel[19]                       0.500000    1.280687   -0.780687 (VIOLATED)
gpio_dm1[19]                            0.500000    1.280685   -0.780685 (VIOLATED)
gpio_analog_en[19]                      0.500000    1.280667   -0.780667 (VIOLATED)
gpio_dm0[19]                            0.500000    1.280657   -0.780657 (VIOLATED)
gpio_analog_pol[19]                     0.500000    1.280645   -0.780645 (VIOLATED)
gpio_slow_sel[15]                       0.500000    1.280640   -0.780640 (VIOLATED)
gpio_dm1[15]                            0.500000    1.280639   -0.780639 (VIOLATED)
gpio_analog_en[15]                      0.500000    1.280621   -0.780621 (VIOLATED)
gpio_dm0[15]                            0.500000    1.280611   -0.780611 (VIOLATED)
gpio_analog_pol[15]                     0.500000    1.280599   -0.780599 (VIOLATED)
gpio_analog_sel[19]                     0.500000    1.280598   -0.780598 (VIOLATED)
gpio_dm2[19]                            0.500000    1.280585   -0.780585 (VIOLATED)
gpio_slow_sel[21]                       0.500000    1.280575   -0.780575 (VIOLATED)
gpio_dm1[21]                            0.500000    1.280572   -0.780572 (VIOLATED)
gpio_holdover[19]                       0.500000    1.280568   -0.780568 (VIOLATED)
gpio_analog_en[21]                      0.500000    1.280558   -0.780558 (VIOLATED)
gpio_out[19]                            0.500000    1.280552   -0.780552 (VIOLATED)
gpio_dm0[21]                            0.500000    1.280548   -0.780548 (VIOLATED)
gpio_analog_sel[15]                     0.500000    1.280544   -0.780544 (VIOLATED)
gpio_analog_pol[21]                     0.500000    1.280536   -0.780536 (VIOLATED)
gpio_dm2[15]                            0.500000    1.280529   -0.780529 (VIOLATED)
gpio_holdover[15]                       0.500000    1.280513   -0.780513 (VIOLATED)
gpio_out[15]                            0.500000    1.280498   -0.780498 (VIOLATED)
gpio_vtrip_sel[19]                      0.500000    1.280494   -0.780494 (VIOLATED)
gpio_analog_sel[21]                     0.500000    1.280479   -0.780479 (VIOLATED)
gpio_ib_mode_sel[19]                    0.500000    1.280480   -0.780480 (VIOLATED)
gpio_dm2[21]                            0.500000    1.280464   -0.780464 (VIOLATED)
gpio_vtrip_sel[15]                      0.500000    1.280448   -0.780448 (VIOLATED)
gpio_holdover[21]                       0.500000    1.280447   -0.780447 (VIOLATED)
gpio_loopback_zero[19]                  0.500000    1.280442   -0.780442 (VIOLATED)
gpio_ib_mode_sel[15]                    0.500000    1.280434   -0.780434 (VIOLATED)
gpio_out[21]                            0.500000    1.280432   -0.780432 (VIOLATED)
gpio_loopback_zero[15]                  0.500000    1.280395   -0.780395 (VIOLATED)
gpio_vtrip_sel[21]                      0.500000    1.280372   -0.780372 (VIOLATED)
gpio_ib_mode_sel[21]                    0.500000    1.280358   -0.780358 (VIOLATED)
gpio_loopback_zero[21]                  0.500000    1.280320   -0.780320 (VIOLATED)
gpio_slow_sel[22]                       0.500000    1.279728   -0.779728 (VIOLATED)
gpio_dm1[22]                            0.500000    1.279725   -0.779725 (VIOLATED)
gpio_analog_en[22]                      0.500000    1.279711   -0.779711 (VIOLATED)
gpio_dm0[22]                            0.500000    1.279702   -0.779702 (VIOLATED)
gpio_analog_pol[22]                     0.500000    1.279690   -0.779690 (VIOLATED)
gpio_analog_sel[22]                     0.500000    1.279642   -0.779642 (VIOLATED)
gpio_dm2[22]                            0.500000    1.279627   -0.779627 (VIOLATED)
gpio_holdover[22]                       0.500000    1.279611   -0.779611 (VIOLATED)
gpio_out[22]                            0.500000    1.279597   -0.779597 (VIOLATED)
gpio_vtrip_sel[22]                      0.500000    1.279544   -0.779544 (VIOLATED)
gpio_ib_mode_sel[22]                    0.500000    1.279533   -0.779533 (VIOLATED)
gpio_loopback_zero[22]                  0.500000    1.279499   -0.779499 (VIOLATED)
gpio_slow_sel[20]                       0.500000    1.279246   -0.779246 (VIOLATED)
gpio_dm1[20]                            0.500000    1.279244   -0.779244 (VIOLATED)
gpio_analog_en[20]                      0.500000    1.279228   -0.779228 (VIOLATED)
gpio_dm0[20]                            0.500000    1.279219   -0.779219 (VIOLATED)
gpio_analog_pol[20]                     0.500000    1.279207   -0.779207 (VIOLATED)
gpio_analog_sel[20]                     0.500000    1.279152   -0.779152 (VIOLATED)
gpio_dm2[20]                            0.500000    1.279138   -0.779138 (VIOLATED)
gpio_holdover[20]                       0.500000    1.279121   -0.779121 (VIOLATED)
gpio_out[20]                            0.500000    1.279106   -0.779106 (VIOLATED)
gpio_vtrip_sel[20]                      0.500000    1.279058   -0.779058 (VIOLATED)
gpio_ib_mode_sel[20]                    0.500000    1.279044   -0.779044 (VIOLATED)
gpio_loopback_zero[20]                  0.500000    1.279004   -0.779005 (VIOLATED)
gpio_slow_sel[37]                       0.500000    1.278961   -0.778961 (VIOLATED)
gpio_dm1[37]                            0.500000    1.278959   -0.778959 (VIOLATED)
gpio_analog_en[37]                      0.500000    1.278957   -0.778957 (VIOLATED)
gpio_dm0[37]                            0.500000    1.278955   -0.778955 (VIOLATED)
gpio_analog_pol[37]                     0.500000    1.278953   -0.778953 (VIOLATED)
gpio_analog_sel[37]                     0.500000    1.278940   -0.778940 (VIOLATED)
gpio_dm2[37]                            0.500000    1.278914   -0.778914 (VIOLATED)
gpio_holdover[37]                       0.500000    1.278877   -0.778876 (VIOLATED)
gpio_out[37]                            0.500000    1.278860   -0.778860 (VIOLATED)
gpio_vtrip_sel[37]                      0.500000    1.278809   -0.778809 (VIOLATED)
gpio_ib_mode_sel[37]                    0.500000    1.278772   -0.778772 (VIOLATED)
gpio_loopback_zero[37]                  0.500000    1.278743   -0.778743 (VIOLATED)
gpio_slow_sel[36]                       0.500000    1.278316   -0.778316 (VIOLATED)
gpio_dm1[36]                            0.500000    1.278306   -0.778305 (VIOLATED)
gpio_analog_en[36]                      0.500000    1.278271   -0.778271 (VIOLATED)
gpio_dm0[36]                            0.500000    1.278267   -0.778267 (VIOLATED)
gpio_analog_pol[36]                     0.500000    1.278241   -0.778241 (VIOLATED)
gpio_analog_sel[36]                     0.500000    1.278170   -0.778170 (VIOLATED)
gpio_dm2[36]                            0.500000    1.278153   -0.778153 (VIOLATED)
gpio_holdover[36]                       0.500000    1.278135   -0.778135 (VIOLATED)
gpio_out[36]                            0.500000    1.278118   -0.778118 (VIOLATED)
gpio_vtrip_sel[36]                      0.500000    1.278066   -0.778066 (VIOLATED)
gpio_ib_mode_sel[36]                    0.500000    1.278033   -0.778033 (VIOLATED)
gpio_loopback_zero[36]                  0.500000    1.277999   -0.777999 (VIOLATED)
gpio_slow_sel[39]                       0.500000    1.276468   -0.776468 (VIOLATED)
gpio_analog_en[39]                      0.500000    1.276466   -0.776466 (VIOLATED)
gpio_dm1[39]                            0.500000    1.276467   -0.776467 (VIOLATED)
gpio_dm0[39]                            0.500000    1.276466   -0.776466 (VIOLATED)
gpio_analog_pol[39]                     0.500000    1.276465   -0.776465 (VIOLATED)
gpio_analog_sel[39]                     0.500000    1.276460   -0.776460 (VIOLATED)
gpio_dm2[39]                            0.500000    1.276459   -0.776459 (VIOLATED)
gpio_holdover[39]                       0.500000    1.276458   -0.776458 (VIOLATED)
gpio_out[39]                            0.500000    1.276456   -0.776457 (VIOLATED)
gpio_vtrip_sel[39]                      0.500000    1.276452   -0.776452 (VIOLATED)
gpio_ib_mode_sel[39]                    0.500000    1.276451   -0.776451 (VIOLATED)
gpio_loopback_zero[39]                  0.500000    1.276436   -0.776436 (VIOLATED)
gpio_slow_sel[23]                       0.500000    1.275936   -0.775936 (VIOLATED)
gpio_dm1[23]                            0.500000    1.275934   -0.775934 (VIOLATED)
gpio_analog_en[23]                      0.500000    1.275916   -0.775916 (VIOLATED)
gpio_dm0[23]                            0.500000    1.275907   -0.775907 (VIOLATED)
gpio_analog_pol[23]                     0.500000    1.275895   -0.775895 (VIOLATED)
gpio_analog_sel[23]                     0.500000    1.275849   -0.775849 (VIOLATED)
gpio_dm2[23]                            0.500000    1.275835   -0.775835 (VIOLATED)
gpio_holdover[23]                       0.500000    1.275818   -0.775818 (VIOLATED)
gpio_out[23]                            0.500000    1.275803   -0.775803 (VIOLATED)
gpio_vtrip_sel[23]                      0.500000    1.275742   -0.775742 (VIOLATED)
gpio_ib_mode_sel[23]                    0.500000    1.275729   -0.775729 (VIOLATED)
gpio_loopback_zero[23]                  0.500000    1.275695   -0.775695 (VIOLATED)
gpio_slow_sel[42]                       0.500000    1.274333   -0.774333 (VIOLATED)
gpio_analog_en[42]                      0.500000    1.274331   -0.774331 (VIOLATED)
gpio_dm1[42]                            0.500000    1.274332   -0.774332 (VIOLATED)
gpio_dm0[42]                            0.500000    1.274331   -0.774331 (VIOLATED)
gpio_analog_pol[42]                     0.500000    1.274330   -0.774330 (VIOLATED)
gpio_analog_sel[42]                     0.500000    1.274325   -0.774325 (VIOLATED)
gpio_dm2[42]                            0.500000    1.274324   -0.774324 (VIOLATED)
gpio_holdover[42]                       0.500000    1.274323   -0.774323 (VIOLATED)
gpio_out[42]                            0.500000    1.274321   -0.774321 (VIOLATED)
gpio_vtrip_sel[42]                      0.500000    1.274317   -0.774317 (VIOLATED)
gpio_ib_mode_sel[42]                    0.500000    1.274316   -0.774316 (VIOLATED)
gpio_loopback_zero[42]                  0.500000    1.274301   -0.774301 (VIOLATED)
gpio_slow_sel[0]                        0.500000    1.274164   -0.774164 (VIOLATED)
gpio_dm1[0]                             0.500000    1.274162   -0.774162 (VIOLATED)
gpio_analog_en[0]                       0.500000    1.274160   -0.774160 (VIOLATED)
gpio_analog_pol[0]                      0.500000    1.274157   -0.774157 (VIOLATED)
gpio_inp_dis[0]                         0.500000    1.274155   -0.774155 (VIOLATED)
gpio_analog_sel[0]                      0.500000    1.274127   -0.774127 (VIOLATED)
gpio_dm2[0]                             0.500000    1.274099   -0.774099 (VIOLATED)
gpio_holdover[0]                        0.500000    1.274083   -0.774083 (VIOLATED)
gpio_out[0]                             0.500000    1.274069   -0.774069 (VIOLATED)
gpio_vtrip_sel[0]                       0.500000    1.274014   -0.774014 (VIOLATED)
gpio_ib_mode_sel[0]                     0.500000    1.274011   -0.774011 (VIOLATED)
gpio_loopback_zero[0]                   0.500000    1.273990   -0.773989 (VIOLATED)
gpio_slow_sel[18]                       0.500000    1.273636   -0.773636 (VIOLATED)
gpio_dm1[18]                            0.500000    1.273634   -0.773634 (VIOLATED)
gpio_analog_en[18]                      0.500000    1.273619   -0.773619 (VIOLATED)
gpio_dm0[18]                            0.500000    1.273611   -0.773611 (VIOLATED)
gpio_analog_pol[18]                     0.500000    1.273601   -0.773601 (VIOLATED)
gpio_analog_sel[18]                     0.500000    1.273555   -0.773555 (VIOLATED)
gpio_dm2[18]                            0.500000    1.273541   -0.773541 (VIOLATED)
gpio_holdover[18]                       0.500000    1.273525   -0.773525 (VIOLATED)
gpio_out[18]                            0.500000    1.273514   -0.773514 (VIOLATED)
gpio_vtrip_sel[18]                      0.500000    1.273467   -0.773467 (VIOLATED)
gpio_ib_mode_sel[18]                    0.500000    1.273454   -0.773454 (VIOLATED)
gpio_loopback_zero[18]                  0.500000    1.273421   -0.773421 (VIOLATED)
gpio_slow_sel[38]                       0.500000    1.272926   -0.772926 (VIOLATED)
gpio_dm1[38]                            0.500000    1.272925   -0.772925 (VIOLATED)
gpio_analog_en[38]                      0.500000    1.272924   -0.772924 (VIOLATED)
gpio_dm0[38]                            0.500000    1.272923   -0.772922 (VIOLATED)
gpio_analog_pol[38]                     0.500000    1.272921   -0.772921 (VIOLATED)
gpio_analog_sel[38]                     0.500000    1.272899   -0.772899 (VIOLATED)
gpio_dm2[38]                            0.500000    1.272886   -0.772886 (VIOLATED)
gpio_holdover[38]                       0.500000    1.272868   -0.772868 (VIOLATED)
gpio_out[38]                            0.500000    1.272853   -0.772853 (VIOLATED)
gpio_vtrip_sel[38]                      0.500000    1.272838   -0.772838 (VIOLATED)
gpio_ib_mode_sel[38]                    0.500000    1.272836   -0.772836 (VIOLATED)
gpio_loopback_zero[38]                  0.500000    1.272824   -0.772824 (VIOLATED)
gpio_slow_sel[43]                       0.500000    1.271904   -0.771904 (VIOLATED)
gpio_dm1[43]                            0.500000    1.271903   -0.771903 (VIOLATED)
gpio_analog_en[43]                      0.500000    1.271901   -0.771901 (VIOLATED)
gpio_dm0[43]                            0.500000    1.271900   -0.771900 (VIOLATED)
gpio_analog_pol[43]                     0.500000    1.271899   -0.771899 (VIOLATED)
gpio_analog_sel[43]                     0.500000    1.271890   -0.771890 (VIOLATED)
gpio_dm2[43]                            0.500000    1.271888   -0.771888 (VIOLATED)
gpio_holdover[43]                       0.500000    1.271885   -0.771885 (VIOLATED)
gpio_out[43]                            0.500000    1.271882   -0.771882 (VIOLATED)
gpio_vtrip_sel[43]                      0.500000    1.271853   -0.771853 (VIOLATED)
gpio_ib_mode_sel[43]                    0.500000    1.271830   -0.771830 (VIOLATED)
gpio_loopback_zero[43]                  0.500000    1.271794   -0.771794 (VIOLATED)
gpio_slow_sel[17]                       0.500000    1.271776   -0.771776 (VIOLATED)
gpio_dm1[17]                            0.500000    1.271774   -0.771774 (VIOLATED)
gpio_analog_en[17]                      0.500000    1.271756   -0.771756 (VIOLATED)
gpio_dm0[17]                            0.500000    1.271747   -0.771747 (VIOLATED)
gpio_analog_pol[17]                     0.500000    1.271735   -0.771735 (VIOLATED)
gpio_analog_sel[17]                     0.500000    1.271680   -0.771680 (VIOLATED)
gpio_dm2[17]                            0.500000    1.271666   -0.771666 (VIOLATED)
gpio_holdover[17]                       0.500000    1.271650   -0.771650 (VIOLATED)
gpio_out[17]                            0.500000    1.271635   -0.771635 (VIOLATED)
gpio_vtrip_sel[17]                      0.500000    1.271578   -0.771578 (VIOLATED)
gpio_ib_mode_sel[17]                    0.500000    1.271566   -0.771566 (VIOLATED)
gpio_loopback_zero[17]                  0.500000    1.271537   -0.771537 (VIOLATED)
gpio_slow_sel[16]                       0.500000    1.271380   -0.771380 (VIOLATED)
gpio_dm1[16]                            0.500000    1.271377   -0.771378 (VIOLATED)
gpio_analog_en[16]                      0.500000    1.271363   -0.771363 (VIOLATED)
gpio_dm0[16]                            0.500000    1.271353   -0.771353 (VIOLATED)
gpio_analog_pol[16]                     0.500000    1.271342   -0.771342 (VIOLATED)
gpio_analog_sel[16]                     0.500000    1.271288   -0.771288 (VIOLATED)
gpio_dm2[16]                            0.500000    1.271274   -0.771274 (VIOLATED)
gpio_holdover[16]                       0.500000    1.271258   -0.771257 (VIOLATED)
gpio_out[16]                            0.500000    1.271243   -0.771243 (VIOLATED)
gpio_vtrip_sel[16]                      0.500000    1.271189   -0.771189 (VIOLATED)
gpio_ib_mode_sel[16]                    0.500000    1.271176   -0.771176 (VIOLATED)
gpio_loopback_zero[16]                  0.500000    1.271142   -0.771142 (VIOLATED)
gpio_slow_sel[14]                       0.500000    1.269655   -0.769655 (VIOLATED)
gpio_dm1[14]                            0.500000    1.269645   -0.769645 (VIOLATED)
gpio_analog_en[14]                      0.500000    1.269632   -0.769632 (VIOLATED)
gpio_dm0[14]                            0.500000    1.269622   -0.769622 (VIOLATED)
gpio_analog_pol[14]                     0.500000    1.269591   -0.769591 (VIOLATED)
gpio_analog_sel[14]                     0.500000    1.269529   -0.769529 (VIOLATED)
gpio_dm2[14]                            0.500000    1.269514   -0.769514 (VIOLATED)
gpio_holdover[14]                       0.500000    1.269497   -0.769497 (VIOLATED)
gpio_out[14]                            0.500000    1.269482   -0.769482 (VIOLATED)
gpio_vtrip_sel[14]                      0.500000    1.269439   -0.769439 (VIOLATED)
gpio_ib_mode_sel[14]                    0.500000    1.269410   -0.769410 (VIOLATED)
gpio_loopback_zero[14]                  0.500000    1.269391   -0.769391 (VIOLATED)
gpio_dm1[41]                            0.500000    1.269226   -0.769226 (VIOLATED)
gpio_slow_sel[41]                       0.500000    1.269227   -0.769227 (VIOLATED)
gpio_analog_en[41]                      0.500000    1.269226   -0.769226 (VIOLATED)
gpio_dm0[41]                            0.500000    1.269225   -0.769225 (VIOLATED)
gpio_analog_pol[41]                     0.500000    1.269224   -0.769224 (VIOLATED)
gpio_analog_sel[41]                     0.500000    1.269220   -0.769220 (VIOLATED)
gpio_dm2[41]                            0.500000    1.269219   -0.769219 (VIOLATED)
gpio_holdover[41]                       0.500000    1.269217   -0.769218 (VIOLATED)
gpio_out[41]                            0.500000    1.269216   -0.769216 (VIOLATED)
gpio_vtrip_sel[41]                      0.500000    1.269213   -0.769213 (VIOLATED)
gpio_ib_mode_sel[41]                    0.500000    1.269211   -0.769211 (VIOLATED)
gpio_loopback_zero[41]                  0.500000    1.269198   -0.769198 (VIOLATED)
gpio_slow_sel[13]                       0.500000    1.269067   -0.769067 (VIOLATED)
gpio_dm1[13]                            0.500000    1.269053   -0.769052 (VIOLATED)
gpio_analog_en[13]                      0.500000    1.269017   -0.769017 (VIOLATED)
gpio_dm0[13]                            0.500000    1.269012   -0.769012 (VIOLATED)
gpio_analog_pol[13]                     0.500000    1.268975   -0.768975 (VIOLATED)
gpio_dm1[40]                            0.500000    1.268960   -0.768960 (VIOLATED)
gpio_slow_sel[40]                       0.500000    1.268961   -0.768961 (VIOLATED)
gpio_analog_en[40]                      0.500000    1.268959   -0.768959 (VIOLATED)
gpio_dm0[40]                            0.500000    1.268959   -0.768959 (VIOLATED)
gpio_analog_pol[40]                     0.500000    1.268958   -0.768958 (VIOLATED)
gpio_analog_sel[40]                     0.500000    1.268954   -0.768954 (VIOLATED)
gpio_dm2[40]                            0.500000    1.268953   -0.768953 (VIOLATED)
gpio_holdover[40]                       0.500000    1.268951   -0.768951 (VIOLATED)
gpio_out[40]                            0.500000    1.268950   -0.768950 (VIOLATED)
gpio_vtrip_sel[40]                      0.500000    1.268946   -0.768946 (VIOLATED)
gpio_ib_mode_sel[40]                    0.500000    1.268945   -0.768945 (VIOLATED)
gpio_loopback_zero[40]                  0.500000    1.268932   -0.768932 (VIOLATED)
gpio_analog_sel[13]                     0.500000    1.268844   -0.768844 (VIOLATED)
gpio_dm2[13]                            0.500000    1.268783   -0.768783 (VIOLATED)
gpio_holdover[13]                       0.500000    1.268734   -0.768734 (VIOLATED)
gpio_out[13]                            0.500000    1.268711   -0.768711 (VIOLATED)
gpio_vtrip_sel[13]                      0.500000    1.268610   -0.768610 (VIOLATED)
gpio_ib_mode_sel[13]                    0.500000    1.268604   -0.768604 (VIOLATED)
gpio_loopback_zero[13]                  0.500000    1.268495   -0.768495 (VIOLATED)
gpio_out[32]                            0.500000    1.209231   -0.709231 (VIOLATED)
mprj2/output11/X                        0.500000    1.208432   -0.708432 (VIOLATED)
mprj2/ANTENNA_input1_A/DIODE            0.500000    1.172165   -0.672165 (VIOLATED)
mprj2/input1/A                          0.500000    1.172165   -0.672165 (VIOLATED)
mprj/ANTENNA_input1_A/DIODE             0.500000    1.171782   -0.671782 (VIOLATED)
mprj/input1/A                           0.500000    1.171782   -0.671782 (VIOLATED)
gpio_in[1]                              0.500000    1.171555   -0.671555 (VIOLATED)
gpio_out[29]                            0.500000    1.160625   -0.660625 (VIOLATED)
mprj2/output8/X                         0.500000    1.160170   -0.660170 (VIOLATED)
gpio_analog_en[31]                      0.500000    1.083206   -0.583206 (VIOLATED)
gpio_slow_sel[31]                       0.500000    1.083206   -0.583206 (VIOLATED)
gpio_dm0[31]                            0.500000    1.083190   -0.583190 (VIOLATED)
gpio_analog_pol[31]                     0.500000    1.083189   -0.583189 (VIOLATED)
gpio_analog_sel[31]                     0.500000    1.083183   -0.583183 (VIOLATED)
gpio_holdover[31]                       0.500000    1.083180   -0.583180 (VIOLATED)
gpio_vtrip_sel[31]                      0.500000    1.083162   -0.583162 (VIOLATED)
gpio_ib_mode_sel[31]                    0.500000    1.083161   -0.583161 (VIOLATED)
gpio_oeb[31]                            0.500000    1.083159   -0.583159 (VIOLATED)
gpio_loopback_zero[31]                  0.500000    1.083135   -0.583135 (VIOLATED)
gpio_analog_pol[26]                     0.500000    1.072817   -0.572817 (VIOLATED)
gpio_dm0[26]                            0.500000    1.072811   -0.572811 (VIOLATED)
gpio_slow_sel[26]                       0.500000    1.072811   -0.572811 (VIOLATED)
gpio_analog_en[26]                      0.500000    1.072809   -0.572809 (VIOLATED)
gpio_analog_sel[26]                     0.500000    1.072802   -0.572802 (VIOLATED)
gpio_holdover[26]                       0.500000    1.072798   -0.572799 (VIOLATED)
gpio_vtrip_sel[26]                      0.500000    1.072782   -0.572782 (VIOLATED)
gpio_ib_mode_sel[26]                    0.500000    1.072778   -0.572778 (VIOLATED)
gpio_oeb[26]                            0.500000    1.072776   -0.572776 (VIOLATED)
gpio_loopback_zero[26]                  0.500000    1.072749   -0.572749 (VIOLATED)
gpio_analog_pol[29]                     0.500000    1.071584   -0.571584 (VIOLATED)
gpio_dm0[29]                            0.500000    1.071578   -0.571578 (VIOLATED)
gpio_slow_sel[29]                       0.500000    1.071578   -0.571578 (VIOLATED)
gpio_analog_en[29]                      0.500000    1.071576   -0.571577 (VIOLATED)
gpio_analog_sel[29]                     0.500000    1.071568   -0.571568 (VIOLATED)
gpio_holdover[29]                       0.500000    1.071565   -0.571565 (VIOLATED)
gpio_vtrip_sel[29]                      0.500000    1.071550   -0.571550 (VIOLATED)
gpio_ib_mode_sel[29]                    0.500000    1.071546   -0.571546 (VIOLATED)
gpio_oeb[29]                            0.500000    1.071544   -0.571544 (VIOLATED)
gpio_slow_sel[25]                       0.500000    1.071526   -0.571526 (VIOLATED)
gpio_analog_en[25]                      0.500000    1.071523   -0.571523 (VIOLATED)
gpio_dm0[25]                            0.500000    1.071522   -0.571522 (VIOLATED)
gpio_analog_pol[25]                     0.500000    1.071520   -0.571520 (VIOLATED)
gpio_loopback_zero[29]                  0.500000    1.071519   -0.571519 (VIOLATED)
gpio_analog_sel[25]                     0.500000    1.071510   -0.571510 (VIOLATED)
gpio_holdover[25]                       0.500000    1.071484   -0.571484 (VIOLATED)
gpio_vtrip_sel[25]                      0.500000    1.071420   -0.571420 (VIOLATED)
gpio_ib_mode_sel[25]                    0.500000    1.071407   -0.571407 (VIOLATED)
gpio_oeb[25]                            0.500000    1.071381   -0.571381 (VIOLATED)
gpio_loopback_zero[25]                  0.500000    1.071355   -0.571355 (VIOLATED)
gpio_slow_sel[28]                       0.500000    1.068472   -0.568472 (VIOLATED)
gpio_analog_en[28]                      0.500000    1.068457   -0.568457 (VIOLATED)
gpio_dm0[28]                            0.500000    1.068451   -0.568451 (VIOLATED)
gpio_analog_pol[28]                     0.500000    1.068429   -0.568429 (VIOLATED)
gpio_analog_sel[28]                     0.500000    1.068410   -0.568410 (VIOLATED)
gpio_holdover[28]                       0.500000    1.068387   -0.568387 (VIOLATED)
gpio_oeb[28]                            0.500000    1.068325   -0.568325 (VIOLATED)
gpio_vtrip_sel[28]                      0.500000    1.068323   -0.568323 (VIOLATED)
gpio_ib_mode_sel[28]                    0.500000    1.068321   -0.568321 (VIOLATED)
gpio_loopback_zero[28]                  0.500000    1.068295   -0.568295 (VIOLATED)
gpio_analog_pol[33]                     0.500000    1.067588   -0.567588 (VIOLATED)
gpio_dm0[33]                            0.500000    1.067575   -0.567576 (VIOLATED)
gpio_analog_en[33]                      0.500000    1.067573   -0.567573 (VIOLATED)
gpio_slow_sel[33]                       0.500000    1.067567   -0.567568 (VIOLATED)
gpio_analog_sel[33]                     0.500000    1.067526   -0.567526 (VIOLATED)
gpio_holdover[33]                       0.500000    1.067480   -0.567480 (VIOLATED)
gpio_vtrip_sel[33]                      0.500000    1.067406   -0.567406 (VIOLATED)
gpio_ib_mode_sel[33]                    0.500000    1.067401   -0.567401 (VIOLATED)
gpio_oeb[33]                            0.500000    1.067359   -0.567359 (VIOLATED)
gpio_loopback_zero[33]                  0.500000    1.067332   -0.567332 (VIOLATED)
gpio_slow_sel[27]                       0.500000    1.065806   -0.565806 (VIOLATED)
gpio_analog_en[27]                      0.500000    1.065782   -0.565782 (VIOLATED)
gpio_dm0[27]                            0.500000    1.065777   -0.565777 (VIOLATED)
gpio_analog_pol[27]                     0.500000    1.065767   -0.565767 (VIOLATED)
gpio_analog_sel[27]                     0.500000    1.065714   -0.565714 (VIOLATED)
gpio_holdover[27]                       0.500000    1.065690   -0.565690 (VIOLATED)
gpio_vtrip_sel[27]                      0.500000    1.065646   -0.565646 (VIOLATED)
gpio_ib_mode_sel[27]                    0.500000    1.065635   -0.565635 (VIOLATED)
gpio_oeb[27]                            0.500000    1.065609   -0.565609 (VIOLATED)
gpio_loopback_zero[27]                  0.500000    1.065596   -0.565596 (VIOLATED)
gpio_slow_sel[32]                       0.500000    1.064706   -0.564706 (VIOLATED)
gpio_analog_en[32]                      0.500000    1.064681   -0.564681 (VIOLATED)
gpio_dm0[32]                            0.500000    1.064675   -0.564675 (VIOLATED)
gpio_analog_pol[32]                     0.500000    1.064667   -0.564667 (VIOLATED)
gpio_analog_sel[32]                     0.500000    1.064612   -0.564612 (VIOLATED)
gpio_holdover[32]                       0.500000    1.064600   -0.564600 (VIOLATED)
gpio_vtrip_sel[32]                      0.500000    1.064593   -0.564593 (VIOLATED)
gpio_ib_mode_sel[32]                    0.500000    1.064591   -0.564591 (VIOLATED)
gpio_oeb[32]                            0.500000    1.064573   -0.564573 (VIOLATED)
gpio_loopback_zero[32]                  0.500000    1.064546   -0.564546 (VIOLATED)
gpio_slow_sel[24]                       0.500000    1.059640   -0.559640 (VIOLATED)
gpio_analog_en[24]                      0.500000    1.059621   -0.559621 (VIOLATED)
gpio_dm0[24]                            0.500000    1.059614   -0.559614 (VIOLATED)
gpio_analog_pol[24]                     0.500000    1.059602   -0.559602 (VIOLATED)
gpio_analog_sel[24]                     0.500000    1.059525   -0.559525 (VIOLATED)
gpio_holdover[24]                       0.500000    1.059487   -0.559487 (VIOLATED)
gpio_vtrip_sel[24]                      0.500000    1.059429   -0.559429 (VIOLATED)
gpio_oeb[24]                            0.500000    1.059428   -0.559428 (VIOLATED)
gpio_ib_mode_sel[24]                    0.500000    1.059427   -0.559427 (VIOLATED)
gpio_loopback_zero[24]                  0.500000    1.059378   -0.559378 (VIOLATED)
gpio_slow_sel[34]                       0.500000    1.059240   -0.559240 (VIOLATED)
gpio_analog_en[34]                      0.500000    1.059219   -0.559219 (VIOLATED)
gpio_dm0[34]                            0.500000    1.059217   -0.559217 (VIOLATED)
gpio_analog_pol[34]                     0.500000    1.059214   -0.559214 (VIOLATED)
gpio_analog_sel[34]                     0.500000    1.059200   -0.559200 (VIOLATED)
gpio_holdover[34]                       0.500000    1.059191   -0.559191 (VIOLATED)
gpio_vtrip_sel[34]                      0.500000    1.059175   -0.559175 (VIOLATED)
gpio_ib_mode_sel[34]                    0.500000    1.059129   -0.559129 (VIOLATED)
gpio_oeb[34]                            0.500000    1.059075   -0.559075 (VIOLATED)
gpio_loopback_zero[34]                  0.500000    1.058857   -0.558857 (VIOLATED)
gpio_slow_sel[30]                       0.500000    1.057326   -0.557326 (VIOLATED)
gpio_analog_en[30]                      0.500000    1.057307   -0.557307 (VIOLATED)
gpio_dm0[30]                            0.500000    1.057299   -0.557299 (VIOLATED)
gpio_analog_pol[30]                     0.500000    1.057288   -0.557288 (VIOLATED)
gpio_analog_sel[30]                     0.500000    1.057222   -0.557222 (VIOLATED)
gpio_holdover[30]                       0.500000    1.057152   -0.557152 (VIOLATED)
gpio_vtrip_sel[30]                      0.500000    1.057091   -0.557091 (VIOLATED)
gpio_ib_mode_sel[30]                    0.500000    1.057079   -0.557079 (VIOLATED)
gpio_oeb[30]                            0.500000    1.057055   -0.557054 (VIOLATED)
gpio_loopback_zero[30]                  0.500000    1.057034   -0.557033 (VIOLATED)
gpio_analog_pol[2]                      0.500000    1.054672   -0.554672 (VIOLATED)
gpio_dm0[2]                             0.500000    1.054668   -0.554668 (VIOLATED)
gpio_slow_sel[2]                        0.500000    1.054668   -0.554668 (VIOLATED)
gpio_analog_en[2]                       0.500000    1.054667   -0.554667 (VIOLATED)
gpio_analog_sel[2]                      0.500000    1.054663   -0.554663 (VIOLATED)
gpio_holdover[2]                        0.500000    1.054661   -0.554661 (VIOLATED)
gpio_vtrip_sel[2]                       0.500000    1.054658   -0.554658 (VIOLATED)
gpio_ib_mode_sel[2]                     0.500000    1.054657   -0.554657 (VIOLATED)
gpio_oeb[2]                             0.500000    1.054656   -0.554656 (VIOLATED)
gpio_loopback_zero[2]                   0.500000    1.054648   -0.554648 (VIOLATED)
gpio_slow_sel[3]                        0.500000    1.052874   -0.552874 (VIOLATED)
gpio_analog_en[3]                       0.500000    1.052872   -0.552872 (VIOLATED)
gpio_dm0[3]                             0.500000    1.052871   -0.552871 (VIOLATED)
gpio_analog_pol[3]                      0.500000    1.052870   -0.552870 (VIOLATED)
gpio_analog_sel[3]                      0.500000    1.052852   -0.552852 (VIOLATED)
gpio_holdover[3]                        0.500000    1.052841   -0.552841 (VIOLATED)
gpio_vtrip_sel[3]                       0.500000    1.052836   -0.552836 (VIOLATED)
gpio_ib_mode_sel[3]                     0.500000    1.052834   -0.552834 (VIOLATED)
gpio_oeb[3]                             0.500000    1.052832   -0.552832 (VIOLATED)
gpio_loopback_zero[3]                   0.500000    1.052801   -0.552801 (VIOLATED)
gpio_slow_sel[9]                        0.500000    1.052452   -0.552452 (VIOLATED)
gpio_analog_en[9]                       0.500000    1.052448   -0.552448 (VIOLATED)
gpio_dm0[9]                             0.500000    1.052448   -0.552448 (VIOLATED)
gpio_analog_pol[9]                      0.500000    1.052447   -0.552447 (VIOLATED)
gpio_analog_sel[9]                      0.500000    1.052444   -0.552444 (VIOLATED)
gpio_holdover[9]                        0.500000    1.052442   -0.552442 (VIOLATED)
gpio_vtrip_sel[9]                       0.500000    1.052439   -0.552439 (VIOLATED)
gpio_ib_mode_sel[9]                     0.500000    1.052438   -0.552438 (VIOLATED)
gpio_oeb[9]                             0.500000    1.052438   -0.552437 (VIOLATED)
gpio_loopback_zero[9]                   0.500000    1.052431   -0.552431 (VIOLATED)
gpio_slow_sel[8]                        0.500000    1.051529   -0.551529 (VIOLATED)
gpio_analog_en[8]                       0.500000    1.051525   -0.551525 (VIOLATED)
gpio_dm0[8]                             0.500000    1.051510   -0.551510 (VIOLATED)
gpio_analog_pol[8]                      0.500000    1.051508   -0.551508 (VIOLATED)
gpio_analog_sel[8]                      0.500000    1.051461   -0.551462 (VIOLATED)
gpio_holdover[8]                        0.500000    1.051416   -0.551416 (VIOLATED)
gpio_vtrip_sel[8]                       0.500000    1.051358   -0.551358 (VIOLATED)
gpio_ib_mode_sel[8]                     0.500000    1.051343   -0.551343 (VIOLATED)
gpio_oeb[8]                             0.500000    1.051327   -0.551327 (VIOLATED)
gpio_loopback_zero[8]                   0.500000    1.051265   -0.551265 (VIOLATED)
gpio_slow_sel[4]                        0.500000    1.050714   -0.550714 (VIOLATED)
gpio_analog_en[4]                       0.500000    1.050712   -0.550712 (VIOLATED)
gpio_dm0[4]                             0.500000    1.050710   -0.550710 (VIOLATED)
gpio_analog_pol[4]                      0.500000    1.050708   -0.550708 (VIOLATED)
gpio_analog_sel[4]                      0.500000    1.050698   -0.550698 (VIOLATED)
gpio_holdover[4]                        0.500000    1.050692   -0.550692 (VIOLATED)
gpio_slow_sel[10]                       0.500000    1.050679   -0.550679 (VIOLATED)
gpio_analog_en[10]                      0.500000    1.050660   -0.550660 (VIOLATED)
gpio_dm0[10]                            0.500000    1.050656   -0.550656 (VIOLATED)
gpio_vtrip_sel[4]                       0.500000    1.050656   -0.550656 (VIOLATED)
gpio_analog_pol[10]                     0.500000    1.050655   -0.550655 (VIOLATED)
gpio_analog_sel[10]                     0.500000    1.050646   -0.550646 (VIOLATED)
gpio_holdover[10]                       0.500000    1.050624   -0.550624 (VIOLATED)
gpio_ib_mode_sel[4]                     0.500000    1.050620   -0.550620 (VIOLATED)
gpio_oeb[4]                             0.500000    1.050602   -0.550602 (VIOLATED)
gpio_vtrip_sel[10]                      0.500000    1.050574   -0.550574 (VIOLATED)
gpio_ib_mode_sel[10]                    0.500000    1.050554   -0.550554 (VIOLATED)
gpio_oeb[10]                            0.500000    1.050552   -0.550552 (VIOLATED)
gpio_loopback_zero[10]                  0.500000    1.050539   -0.550539 (VIOLATED)
gpio_loopback_zero[4]                   0.500000    1.050523   -0.550523 (VIOLATED)
gpio_analog_en[12]                      0.500000    1.050038   -0.550038 (VIOLATED)
gpio_slow_sel[12]                       0.500000    1.050034   -0.550034 (VIOLATED)
gpio_dm0[12]                            0.500000    1.050030   -0.550030 (VIOLATED)
gpio_analog_pol[12]                     0.500000    1.050029   -0.550029 (VIOLATED)
gpio_analog_sel[12]                     0.500000    1.050019   -0.550019 (VIOLATED)
gpio_holdover[12]                       0.500000    1.050014   -0.550014 (VIOLATED)
gpio_vtrip_sel[12]                      0.500000    1.050004   -0.550004 (VIOLATED)
gpio_ib_mode_sel[12]                    0.500000    1.049978   -0.549978 (VIOLATED)
gpio_oeb[12]                            0.500000    1.049945   -0.549945 (VIOLATED)
gpio_loopback_zero[12]                  0.500000    1.049887   -0.549887 (VIOLATED)
gpio_slow_sel[7]                        0.500000    1.049403   -0.549403 (VIOLATED)
gpio_analog_en[7]                       0.500000    1.049390   -0.549390 (VIOLATED)
gpio_dm0[7]                             0.500000    1.049383   -0.549383 (VIOLATED)
gpio_analog_pol[7]                      0.500000    1.049373   -0.549373 (VIOLATED)
gpio_analog_sel[7]                      0.500000    1.049319   -0.549319 (VIOLATED)
gpio_holdover[7]                        0.500000    1.049294   -0.549294 (VIOLATED)
gpio_vtrip_sel[7]                       0.500000    1.049248   -0.549248 (VIOLATED)
gpio_ib_mode_sel[7]                     0.500000    1.049237   -0.549237 (VIOLATED)
gpio_oeb[7]                             0.500000    1.049225   -0.549225 (VIOLATED)
gpio_loopback_zero[7]                   0.500000    1.049194   -0.549194 (VIOLATED)
gpio_slow_sel[5]                        0.500000    1.048624   -0.548624 (VIOLATED)
gpio_analog_en[5]                       0.500000    1.048601   -0.548601 (VIOLATED)
gpio_dm0[5]                             0.500000    1.048598   -0.548598 (VIOLATED)
gpio_analog_pol[5]                      0.500000    1.048562   -0.548562 (VIOLATED)
gpio_analog_sel[5]                      0.500000    1.048501   -0.548501 (VIOLATED)
gpio_holdover[5]                        0.500000    1.048465   -0.548465 (VIOLATED)
gpio_vtrip_sel[5]                       0.500000    1.048394   -0.548394 (VIOLATED)
gpio_ib_mode_sel[5]                     0.500000    1.048374   -0.548374 (VIOLATED)
gpio_oeb[5]                             0.500000    1.048353   -0.548353 (VIOLATED)
gpio_loopback_zero[5]                   0.500000    1.048247   -0.548247 (VIOLATED)
gpio_slow_sel[1]                        0.500000    1.047628   -0.547628 (VIOLATED)
gpio_analog_en[1]                       0.500000    1.047601   -0.547601 (VIOLATED)
gpio_analog_pol[1]                      0.500000    1.047578   -0.547578 (VIOLATED)
gpio_inp_dis[1]                         0.500000    1.047567   -0.547567 (VIOLATED)
gpio_analog_sel[1]                      0.500000    1.047505   -0.547505 (VIOLATED)
gpio_holdover[1]                        0.500000    1.047445   -0.547445 (VIOLATED)
gpio_vtrip_sel[1]                       0.500000    1.047369   -0.547369 (VIOLATED)
gpio_ib_mode_sel[1]                     0.500000    1.047351   -0.547351 (VIOLATED)
gpio_oeb[1]                             0.500000    1.047333   -0.547333 (VIOLATED)
gpio_loopback_zero[1]                   0.500000    1.047249   -0.547249 (VIOLATED)
gpio_slow_sel[6]                        0.500000    1.046956   -0.546956 (VIOLATED)
gpio_analog_en[6]                       0.500000    1.046940   -0.546940 (VIOLATED)
gpio_dm0[6]                             0.500000    1.046933   -0.546933 (VIOLATED)
gpio_analog_pol[6]                      0.500000    1.046922   -0.546922 (VIOLATED)
gpio_analog_sel[6]                      0.500000    1.046851   -0.546851 (VIOLATED)
gpio_holdover[6]                        0.500000    1.046826   -0.546826 (VIOLATED)
gpio_vtrip_sel[6]                       0.500000    1.046781   -0.546781 (VIOLATED)
gpio_ib_mode_sel[6]                     0.500000    1.046768   -0.546768 (VIOLATED)
gpio_oeb[6]                             0.500000    1.046757   -0.546757 (VIOLATED)
gpio_loopback_zero[6]                   0.500000    1.046726   -0.546726 (VIOLATED)
gpio_slow_sel[11]                       0.500000    1.043580   -0.543580 (VIOLATED)
gpio_analog_en[11]                      0.500000    1.043561   -0.543561 (VIOLATED)
gpio_dm0[11]                            0.500000    1.043553   -0.543553 (VIOLATED)
gpio_analog_pol[11]                     0.500000    1.043524   -0.543524 (VIOLATED)
gpio_analog_sel[11]                     0.500000    1.043464   -0.543464 (VIOLATED)
gpio_holdover[11]                       0.500000    1.043435   -0.543435 (VIOLATED)
gpio_vtrip_sel[11]                      0.500000    1.043378   -0.543378 (VIOLATED)
gpio_ib_mode_sel[11]                    0.500000    1.043363   -0.543363 (VIOLATED)
gpio_oeb[11]                            0.500000    1.043348   -0.543348 (VIOLATED)
gpio_loopback_zero[11]                  0.500000    1.043291   -0.543291 (VIOLATED)
gpio_out[31]                            0.500000    0.714724   -0.214724 (VIOLATED)
mprj2/output10/X                        0.500000    0.714580   -0.214580 (VIOLATED)
gpio_out[8]                             0.500000    0.615306   -0.115306 (VIOLATED)
mprj/output9/X                          0.500000    0.615202   -0.115202 (VIOLATED)
gpio_out[7]                             0.500000    0.595578   -0.095578 (VIOLATED)
mprj/output8/X                          0.500000    0.595475   -0.095475 (VIOLATED)
gpio_out[9]                             0.500000    0.556835   -0.056835 (VIOLATED)
mprj/output10/X                         0.500000    0.556756   -0.056756 (VIOLATED)
gpio_out[6]                             0.500000    0.550563   -0.050563 (VIOLATED)
mprj/output7/X                          0.500000    0.550478   -0.050478 (VIOLATED)
mprj/output2/A                          0.500000    0.537987   -0.037987 (VIOLATED)
mprj2/output2/A                         0.500000    0.537987   -0.037987 (VIOLATED)
mprj/ANTENNA_output2_A/DIODE            0.500000    0.537972   -0.037972 (VIOLATED)
mprj2/ANTENNA_output2_A/DIODE           0.500000    0.537972   -0.037972 (VIOLATED)
mprj/_578_/A2                           0.500000    0.528674   -0.028674 (VIOLATED)
mprj2/_578_/A2                          0.500000    0.528674   -0.028674 (VIOLATED)
mprj/ANTENNA__578__A2/DIODE             0.500000    0.528673   -0.028673 (VIOLATED)
mprj2/ANTENNA__578__A2/DIODE            0.500000    0.528673   -0.028673 (VIOLATED)
mprj/ANTENNA__571__A2/DIODE             0.500000    0.528672   -0.028672 (VIOLATED)
mprj2/ANTENNA__571__A2/DIODE            0.500000    0.528672   -0.028672 (VIOLATED)
mprj/_571_/A2                           0.500000    0.528672   -0.028672 (VIOLATED)
mprj2/_571_/A2                          0.500000    0.528672   -0.028672 (VIOLATED)
mprj/_575_/B1                           0.500000    0.528672   -0.028672 (VIOLATED)
mprj2/_575_/B1                          0.500000    0.528672   -0.028672 (VIOLATED)
mprj/ANTENNA__575__B1/DIODE             0.500000    0.528671   -0.028671 (VIOLATED)
mprj/_580_/B1                           0.500000    0.528671   -0.028671 (VIOLATED)
mprj2/ANTENNA__575__B1/DIODE            0.500000    0.528671   -0.028671 (VIOLATED)
mprj2/_580_/B1                          0.500000    0.528671   -0.028671 (VIOLATED)
mprj/ANTENNA__580__B1/DIODE             0.500000    0.528670   -0.028670 (VIOLATED)
mprj2/ANTENNA__580__B1/DIODE            0.500000    0.528670   -0.028670 (VIOLATED)
mprj/ANTENNA__564__X/DIODE              0.500000    0.528655   -0.028655 (VIOLATED)
mprj2/ANTENNA__564__X/DIODE             0.500000    0.528655   -0.028655 (VIOLATED)
mprj/_564_/X                            0.500000    0.528651   -0.028651 (VIOLATED)
mprj2/_564_/X                           0.500000    0.528651   -0.028651 (VIOLATED)
gpio_out[5]                             0.500000    0.526631   -0.026631 (VIOLATED)
mprj/output6/X                          0.500000    0.526555   -0.026555 (VIOLATED)
gpio_out[10]                            0.500000    0.507637   -0.007637 (VIOLATED)
mprj/output11/X                         0.500000    0.507574   -0.007574 (VIOLATED)
mprj/fanout25/A                         0.500000    0.503460   -0.003460 (VIOLATED)
mprj2/fanout25/A                        0.500000    0.503459   -0.003459 (VIOLATED)
mprj/ANTENNA_fanout25_A/DIODE           0.500000    0.503458   -0.003458 (VIOLATED)
mprj2/ANTENNA_fanout25_A/DIODE          0.500000    0.503457   -0.003457 (VIOLATED)
mprj/ANTENNA_fanout19_A/DIODE           0.500000    0.502147   -0.002147 (VIOLATED)
mprj2/ANTENNA_fanout19_A/DIODE          0.500000    0.502146   -0.002146 (VIOLATED)
mprj/fanout19/A                         0.500000    0.502039   -0.002039 (VIOLATED)
mprj2/fanout19/A                        0.500000    0.502038   -0.002038 (VIOLATED)

max fanout

Pin                                   Limit Fanout  Slack
---------------------------------------------------------
mprj/wire20/X                            10     19     -9 (VIOLATED)
mprj2/wire20/X                           10     19     -9 (VIOLATED)
mprj/clkbuf_0_wb_clk_i/X                 10     17     -7 (VIOLATED)
mprj2/clkbuf_0_wb_clk_i/X                10     17     -7 (VIOLATED)
mprj/load_slew26/X                       10     15     -5 (VIOLATED)
mprj2/load_slew26/X                      10     15     -5 (VIOLATED)
mprj/clkbuf_3_6_0_wb_clk_i/X             10     12     -2 (VIOLATED)
mprj/clkbuf_3_7_0_wb_clk_i/X             10     12     -2 (VIOLATED)
mprj2/clkbuf_3_6_0_wb_clk_i/X            10     12     -2 (VIOLATED)
mprj2/clkbuf_3_7_0_wb_clk_i/X            10     12     -2 (VIOLATED)
mprj/_384_/Y                             10     11        (VIOLATED)
mprj/_385_/Y                             10     11        (VIOLATED)
mprj/_564_/X                             10     11        (VIOLATED)
mprj/clkbuf_3_0_0_wb_clk_i/X             10     11        (VIOLATED)
mprj/clkbuf_3_1_0_wb_clk_i/X             10     11        (VIOLATED)
mprj/clkbuf_3_2_0_wb_clk_i/X             10     11        (VIOLATED)
mprj/clkbuf_3_3_0_wb_clk_i/X             10     11        (VIOLATED)
mprj/clkbuf_3_4_0_wb_clk_i/X             10     11        (VIOLATED)
mprj/clkbuf_3_5_0_wb_clk_i/X             10     11        (VIOLATED)
mprj2/_384_/Y                            10     11        (VIOLATED)
mprj2/_385_/Y                            10     11        (VIOLATED)
mprj2/_564_/X                            10     11        (VIOLATED)
mprj2/clkbuf_3_0_0_wb_clk_i/X            10     11        (VIOLATED)
mprj2/clkbuf_3_1_0_wb_clk_i/X            10     11        (VIOLATED)
mprj2/clkbuf_3_2_0_wb_clk_i/X            10     11        (VIOLATED)
mprj2/clkbuf_3_3_0_wb_clk_i/X            10     11        (VIOLATED)
mprj2/clkbuf_3_4_0_wb_clk_i/X            10     11        (VIOLATED)
mprj2/clkbuf_3_5_0_wb_clk_i/X            10     11        (VIOLATED)

max capacitance

Pin                                        Limit         Cap       Slack
------------------------------------------------------------------------
gpio_in[0]                              0.200000    0.643868   -0.443868 (VIOLATED)
mprj2/output2/X                         0.200000    0.496588   -0.296588 (VIOLATED)
mprj2/output4/X                         0.200000    0.455360   -0.255360 (VIOLATED)
gpio_loopback_zero[35]                  0.200000    0.382689   -0.182689 (VIOLATED)
gpio_loopback_zero[19]                  0.200000    0.381706   -0.181706 (VIOLATED)
gpio_loopback_zero[15]                  0.200000    0.381694   -0.181694 (VIOLATED)
gpio_loopback_zero[21]                  0.200000    0.381656   -0.181656 (VIOLATED)
gpio_loopback_zero[22]                  0.200000    0.381448   -0.181448 (VIOLATED)
gpio_loopback_zero[20]                  0.200000    0.381283   -0.181283 (VIOLATED)
gpio_loopback_zero[37]                  0.200000    0.381189   -0.181189 (VIOLATED)
gpio_loopback_zero[39]                  0.200000    0.380944   -0.180944 (VIOLATED)
gpio_loopback_zero[36]                  0.200000    0.380920   -0.180920 (VIOLATED)
gpio_loopback_zero[42]                  0.200000    0.380306   -0.180306 (VIOLATED)
gpio_loopback_zero[23]                  0.200000    0.380290   -0.180290 (VIOLATED)
gpio_loopback_zero[0]                   0.200000    0.379867   -0.179867 (VIOLATED)
gpio_loopback_zero[38]                  0.200000    0.379677   -0.179677 (VIOLATED)
gpio_loopback_zero[18]                  0.200000    0.379645   -0.179645 (VIOLATED)
gpio_loopback_zero[43]                  0.200000    0.379270   -0.179270 (VIOLATED)
gpio_loopback_zero[17]                  0.200000    0.379060   -0.179060 (VIOLATED)
mprj2/output5/X                         0.200000    0.379003   -0.179003 (VIOLATED)
gpio_loopback_zero[16]                  0.200000    0.378937   -0.178937 (VIOLATED)
gpio_loopback_zero[41]                  0.200000    0.378794   -0.178794 (VIOLATED)
gpio_loopback_zero[40]                  0.200000    0.378716   -0.178716 (VIOLATED)
gpio_loopback_zero[14]                  0.200000    0.378413   -0.178413 (VIOLATED)
gpio_loopback_zero[13]                  0.200000    0.377842   -0.177842 (VIOLATED)
gpio_in[1]                              0.200000    0.348809   -0.148809 (VIOLATED)
gpio_loopback_zero[31]                  0.200000    0.322913   -0.122913 (VIOLATED)
gpio_loopback_zero[26]                  0.200000    0.319790   -0.119790 (VIOLATED)
gpio_loopback_zero[29]                  0.200000    0.319433   -0.119433 (VIOLATED)
gpio_loopback_zero[25]                  0.200000    0.319178   -0.119178 (VIOLATED)
gpio_loopback_zero[28]                  0.200000    0.318314   -0.118314 (VIOLATED)
gpio_loopback_zero[33]                  0.200000    0.317896   -0.117896 (VIOLATED)
gpio_loopback_zero[27]                  0.200000    0.317475   -0.117475 (VIOLATED)
gpio_loopback_zero[32]                  0.200000    0.317222   -0.117222 (VIOLATED)
gpio_loopback_zero[24]                  0.200000    0.315538   -0.115538 (VIOLATED)
gpio_loopback_zero[34]                  0.200000    0.315122   -0.115122 (VIOLATED)
gpio_loopback_zero[30]                  0.200000    0.314820   -0.114820 (VIOLATED)
gpio_loopback_zero[2]                   0.200000    0.314549   -0.114549 (VIOLATED)
gpio_loopback_zero[9]                   0.200000    0.313906   -0.113906 (VIOLATED)
gpio_loopback_zero[3]                   0.200000    0.313798   -0.113798 (VIOLATED)
gpio_loopback_zero[8]                   0.200000    0.313051   -0.113051 (VIOLATED)
gpio_loopback_zero[10]                  0.200000    0.313043   -0.113043 (VIOLATED)
gpio_loopback_zero[4]                   0.200000    0.312854   -0.112854 (VIOLATED)
gpio_loopback_zero[12]                  0.200000    0.312726   -0.112726 (VIOLATED)
gpio_loopback_zero[7]                   0.200000    0.312538   -0.112538 (VIOLATED)
gpio_loopback_zero[5]                   0.200000    0.312042   -0.112042 (VIOLATED)
gpio_loopback_zero[6]                   0.200000    0.311785   -0.111785 (VIOLATED)
gpio_loopback_zero[1]                   0.200000    0.311766   -0.111766 (VIOLATED)
gpio_loopback_zero[11]                  0.200000    0.310668   -0.110668 (VIOLATED)
mprj2/output6/X                         0.200000    0.289499   -0.089499 (VIOLATED)
mprj2/output3/X                         0.200000    0.246632   -0.046632 (VIOLATED)
mprj2/output12/X                        0.200000    0.219838   -0.019838 (VIOLATED)
mprj2/output7/X                         0.200000    0.212550   -0.012550 (VIOLATED)



===========================================================================
report_parasitic_annotation -report_unannotated
============================================================================
Found 223 unannotated drivers.
 analog_io[0]
 analog_io[10]
 analog_io[11]
 analog_io[12]
 analog_io[13]
 analog_io[14]
 analog_io[15]
 analog_io[16]
 analog_io[17]
 analog_io[18]
 analog_io[19]
 analog_io[1]
 analog_io[20]
 analog_io[21]
 analog_io[22]
 analog_io[23]
 analog_io[24]
 analog_io[25]
 analog_io[26]
 analog_io[27]
 analog_io[28]
 analog_io[29]
 analog_io[2]
 analog_io[30]
 analog_io[31]
 analog_io[32]
 analog_io[33]
 analog_io[34]
 analog_io[35]
 analog_io[36]
 analog_io[37]
 analog_io[38]
 analog_io[39]
 analog_io[3]
 analog_io[40]
 analog_io[41]
 analog_io[42]
 analog_io[43]
 analog_io[4]
 analog_io[5]
 analog_io[6]
 analog_io[7]
 analog_io[8]
 analog_io[9]
 analog_noesd_io[0]
 analog_noesd_io[10]
 analog_noesd_io[11]
 analog_noesd_io[12]
 analog_noesd_io[13]
 analog_noesd_io[14]
 analog_noesd_io[15]
 analog_noesd_io[16]
 analog_noesd_io[17]
 analog_noesd_io[18]
 analog_noesd_io[19]
 analog_noesd_io[1]
 analog_noesd_io[20]
 analog_noesd_io[21]
 analog_noesd_io[22]
 analog_noesd_io[23]
 analog_noesd_io[24]
 analog_noesd_io[25]
 analog_noesd_io[26]
 analog_noesd_io[27]
 analog_noesd_io[28]
 analog_noesd_io[29]
 analog_noesd_io[2]
 analog_noesd_io[30]
 analog_noesd_io[31]
 analog_noesd_io[32]
 analog_noesd_io[33]
 analog_noesd_io[34]
 analog_noesd_io[35]
 analog_noesd_io[36]
 analog_noesd_io[37]
 analog_noesd_io[38]
 analog_noesd_io[39]
 analog_noesd_io[3]
 analog_noesd_io[40]
 analog_noesd_io[41]
 analog_noesd_io[42]
 analog_noesd_io[43]
 analog_noesd_io[4]
 analog_noesd_io[5]
 analog_noesd_io[6]
 analog_noesd_io[7]
 analog_noesd_io[8]
 analog_noesd_io[9]
 gpio_in[10]
 gpio_in[11]
 gpio_in[12]
 gpio_in[13]
 gpio_in[14]
 gpio_in[15]
 gpio_in[16]
 gpio_in[17]
 gpio_in[18]
 gpio_in[19]
 gpio_in[20]
 gpio_in[21]
 gpio_in[22]
 gpio_in[23]
 gpio_in[24]
 gpio_in[25]
 gpio_in[26]
 gpio_in[27]
 gpio_in[28]
 gpio_in[29]
 gpio_in[2]
 gpio_in[30]
 gpio_in[31]
 gpio_in[32]
 gpio_in[33]
 gpio_in[34]
 gpio_in[35]
 gpio_in[36]
 gpio_in[37]
 gpio_in[38]
 gpio_in[39]
 gpio_in[3]
 gpio_in[40]
 gpio_in[41]
 gpio_in[42]
 gpio_in[43]
 gpio_in[4]
 gpio_in[5]
 gpio_in[6]
 gpio_in[7]
 gpio_in[8]
 gpio_in[9]
 gpio_in_h[0]
 gpio_in_h[10]
 gpio_in_h[11]
 gpio_in_h[12]
 gpio_in_h[13]
 gpio_in_h[14]
 gpio_in_h[15]
 gpio_in_h[16]
 gpio_in_h[17]
 gpio_in_h[18]
 gpio_in_h[19]
 gpio_in_h[1]
 gpio_in_h[20]
 gpio_in_h[21]
 gpio_in_h[22]
 gpio_in_h[23]
 gpio_in_h[24]
 gpio_in_h[25]
 gpio_in_h[26]
 gpio_in_h[27]
 gpio_in_h[28]
 gpio_in_h[29]
 gpio_in_h[2]
 gpio_in_h[30]
 gpio_in_h[31]
 gpio_in_h[32]
 gpio_in_h[33]
 gpio_in_h[34]
 gpio_in_h[35]
 gpio_in_h[36]
 gpio_in_h[37]
 gpio_in_h[38]
 gpio_in_h[39]
 gpio_in_h[3]
 gpio_in_h[40]
 gpio_in_h[41]
 gpio_in_h[42]
 gpio_in_h[43]
 gpio_in_h[4]
 gpio_in_h[5]
 gpio_in_h[6]
 gpio_in_h[7]
 gpio_in_h[8]
 gpio_in_h[9]
 mask_rev[0]
 mask_rev[10]
 mask_rev[11]
 mask_rev[12]
 mask_rev[13]
 mask_rev[14]
 mask_rev[15]
 mask_rev[16]
 mask_rev[17]
 mask_rev[18]
 mask_rev[19]
 mask_rev[1]
 mask_rev[20]
 mask_rev[21]
 mask_rev[22]
 mask_rev[23]
 mask_rev[24]
 mask_rev[25]
 mask_rev[26]
 mask_rev[27]
 mask_rev[28]
 mask_rev[29]
 mask_rev[2]
 mask_rev[30]
 mask_rev[31]
 mask_rev[3]
 mask_rev[4]
 mask_rev[5]
 mask_rev[6]
 mask_rev[7]
 mask_rev[8]
 mask_rev[9]
 por_l
 porb_h
 porb_l
 resetb_h
 resetb_l
 mprj/clkload0/X
 mprj/clkload1/X
 mprj/clkload2/X
 mprj/clkload3/X
 mprj/clkload4/X
 mprj/clkload5/X
 mprj2/clkload0/X
 mprj2/clkload1/X
 mprj2/clkload2/X
 mprj2/clkload3/X
 mprj2/clkload4/X
 mprj2/clkload5/X
Found 0 partially unannotated drivers.

===========================================================================
max slew violation count 556
max fanout violation count 28
max cap violation count 53
============================================================================

===========================================================================
check_setup -verbose -unconstrained_endpoints -multiple_clock -no_clock -no_input_delay -loops -generated_clocks
===========================================================================
Warning: There are 168 unclocked register/latch pins.
  mprj/_675_/CLK
  mprj/_676_/CLK
  mprj/_677_/CLK
  mprj/_678_/CLK
  mprj/_679_/CLK
  mprj/_680_/CLK
  mprj/_681_/CLK
  mprj/_682_/CLK
  mprj/_683_/CLK
  mprj/_684_/CLK
  mprj/_685_/CLK
  mprj/_686_/CLK
  mprj/_687_/CLK
  mprj/_688_/CLK
  mprj/_689_/CLK
  mprj/_690_/CLK
  mprj/_691_/CLK
  mprj/_692_/CLK
  mprj/_693_/CLK
  mprj/_694_/CLK
  mprj/_695_/CLK
  mprj/_696_/CLK
  mprj/_697_/CLK
  mprj/_698_/CLK
  mprj/_699_/CLK
  mprj/_700_/CLK
  mprj/_701_/CLK
  mprj/_702_/CLK
  mprj/_703_/CLK
  mprj/_704_/CLK
  mprj/_705_/CLK
  mprj/_706_/CLK
  mprj/_707_/CLK
  mprj/_708_/CLK
  mprj/_709_/CLK
  mprj/_710_/CLK
  mprj/_711_/CLK
  mprj/_712_/CLK
  mprj/_713_/CLK
  mprj/_714_/CLK
  mprj/_715_/CLK
  mprj/_716_/CLK
  mprj/_717_/CLK
  mprj/_718_/CLK
  mprj/_719_/CLK
  mprj/_720_/CLK
  mprj/_721_/CLK
  mprj/_722_/CLK
  mprj/_723_/CLK
  mprj/_724_/CLK
  mprj/_725_/CLK
  mprj/_726_/CLK
  mprj/_727_/CLK
  mprj/_728_/CLK
  mprj/_729_/CLK
  mprj/_730_/CLK
  mprj/_731_/CLK
  mprj/_732_/CLK
  mprj/_733_/CLK
  mprj/_734_/CLK
  mprj/_735_/CLK
  mprj/_736_/CLK
  mprj/_737_/CLK
  mprj/_738_/CLK
  mprj/_739_/CLK
  mprj/_740_/CLK
  mprj/_741_/CLK
  mprj/_742_/CLK
  mprj/_743_/CLK
  mprj/_744_/CLK
  mprj/_745_/CLK
  mprj/_746_/CLK
  mprj/_747_/CLK
  mprj/_748_/CLK
  mprj/_749_/CLK
  mprj/_750_/CLK
  mprj/_751_/CLK
  mprj/_752_/CLK
  mprj/_753_/CLK
  mprj/_754_/CLK
  mprj/_755_/CLK
  mprj/_756_/CLK
  mprj/_757_/CLK
  mprj/_758_/CLK
  mprj2/_675_/CLK
  mprj2/_676_/CLK
  mprj2/_677_/CLK
  mprj2/_678_/CLK
  mprj2/_679_/CLK
  mprj2/_680_/CLK
  mprj2/_681_/CLK
  mprj2/_682_/CLK
  mprj2/_683_/CLK
  mprj2/_684_/CLK
  mprj2/_685_/CLK
  mprj2/_686_/CLK
  mprj2/_687_/CLK
  mprj2/_688_/CLK
  mprj2/_689_/CLK
  mprj2/_690_/CLK
  mprj2/_691_/CLK
  mprj2/_692_/CLK
  mprj2/_693_/CLK
  mprj2/_694_/CLK
  mprj2/_695_/CLK
  mprj2/_696_/CLK
  mprj2/_697_/CLK
  mprj2/_698_/CLK
  mprj2/_699_/CLK
  mprj2/_700_/CLK
  mprj2/_701_/CLK
  mprj2/_702_/CLK
  mprj2/_703_/CLK
  mprj2/_704_/CLK
  mprj2/_705_/CLK
  mprj2/_706_/CLK
  mprj2/_707_/CLK
  mprj2/_708_/CLK
  mprj2/_709_/CLK
  mprj2/_710_/CLK
  mprj2/_711_/CLK
  mprj2/_712_/CLK
  mprj2/_713_/CLK
  mprj2/_714_/CLK
  mprj2/_715_/CLK
  mprj2/_716_/CLK
  mprj2/_717_/CLK
  mprj2/_718_/CLK
  mprj2/_719_/CLK
  mprj2/_720_/CLK
  mprj2/_721_/CLK
  mprj2/_722_/CLK
  mprj2/_723_/CLK
  mprj2/_724_/CLK
  mprj2/_725_/CLK
  mprj2/_726_/CLK
  mprj2/_727_/CLK
  mprj2/_728_/CLK
  mprj2/_729_/CLK
  mprj2/_730_/CLK
  mprj2/_731_/CLK
  mprj2/_732_/CLK
  mprj2/_733_/CLK
  mprj2/_734_/CLK
  mprj2/_735_/CLK
  mprj2/_736_/CLK
  mprj2/_737_/CLK
  mprj2/_738_/CLK
  mprj2/_739_/CLK
  mprj2/_740_/CLK
  mprj2/_741_/CLK
  mprj2/_742_/CLK
  mprj2/_743_/CLK
  mprj2/_744_/CLK
  mprj2/_745_/CLK
  mprj2/_746_/CLK
  mprj2/_747_/CLK
  mprj2/_748_/CLK
  mprj2/_749_/CLK
  mprj2/_750_/CLK
  mprj2/_751_/CLK
  mprj2/_752_/CLK
  mprj2/_753_/CLK
  mprj2/_754_/CLK
  mprj2/_755_/CLK
  mprj2/_756_/CLK
  mprj2/_757_/CLK
  mprj2/_758_/CLK
Warning: There are 278 unconstrained endpoints.
  analog_io[0]
  analog_io[10]
  analog_io[11]
  analog_io[12]
  analog_io[13]
  analog_io[14]
  analog_io[15]
  analog_io[16]
  analog_io[17]
  analog_io[18]
  analog_io[19]
  analog_io[1]
  analog_io[20]
  analog_io[21]
  analog_io[22]
  analog_io[23]
  analog_io[24]
  analog_io[25]
  analog_io[26]
  analog_io[27]
  analog_io[28]
  analog_io[29]
  analog_io[2]
  analog_io[30]
  analog_io[31]
  analog_io[32]
  analog_io[33]
  analog_io[34]
  analog_io[35]
  analog_io[36]
  analog_io[37]
  analog_io[38]
  analog_io[39]
  analog_io[3]
  analog_io[40]
  analog_io[41]
  analog_io[42]
  analog_io[43]
  analog_io[4]
  analog_io[5]
  analog_io[6]
  analog_io[7]
  analog_io[8]
  analog_io[9]
  analog_noesd_io[0]
  analog_noesd_io[10]
  analog_noesd_io[11]
  analog_noesd_io[12]
  analog_noesd_io[13]
  analog_noesd_io[14]
  analog_noesd_io[15]
  analog_noesd_io[16]
  analog_noesd_io[17]
  analog_noesd_io[18]
  analog_noesd_io[19]
  analog_noesd_io[1]
  analog_noesd_io[20]
  analog_noesd_io[21]
  analog_noesd_io[22]
  analog_noesd_io[23]
  analog_noesd_io[24]
  analog_noesd_io[25]
  analog_noesd_io[26]
  analog_noesd_io[27]
  analog_noesd_io[28]
  analog_noesd_io[29]
  analog_noesd_io[2]
  analog_noesd_io[30]
  analog_noesd_io[31]
  analog_noesd_io[32]
  analog_noesd_io[33]
  analog_noesd_io[34]
  analog_noesd_io[35]
  analog_noesd_io[36]
  analog_noesd_io[37]
  analog_noesd_io[38]
  analog_noesd_io[39]
  analog_noesd_io[3]
  analog_noesd_io[40]
  analog_noesd_io[41]
  analog_noesd_io[42]
  analog_noesd_io[43]
  analog_noesd_io[4]
  analog_noesd_io[5]
  analog_noesd_io[6]
  analog_noesd_io[7]
  analog_noesd_io[8]
  analog_noesd_io[9]
  gpio_out[10]
  gpio_out[11]
  gpio_out[12]
  gpio_out[24]
  gpio_out[25]
  gpio_out[26]
  gpio_out[27]
  gpio_out[28]
  gpio_out[29]
  gpio_out[2]
  gpio_out[30]
  gpio_out[31]
  gpio_out[32]
  gpio_out[33]
  gpio_out[34]
  gpio_out[3]
  gpio_out[4]
  gpio_out[5]
  gpio_out[6]
  gpio_out[7]
  gpio_out[8]
  gpio_out[9]
  mprj/_675_/D
  mprj/_676_/D
  mprj/_677_/D
  mprj/_678_/D
  mprj/_679_/D
  mprj/_680_/D
  mprj/_681_/D
  mprj/_682_/D
  mprj/_683_/D
  mprj/_684_/D
  mprj/_685_/D
  mprj/_686_/D
  mprj/_687_/D
  mprj/_688_/D
  mprj/_689_/D
  mprj/_690_/D
  mprj/_691_/D
  mprj/_692_/D
  mprj/_693_/D
  mprj/_694_/D
  mprj/_695_/D
  mprj/_696_/D
  mprj/_697_/D
  mprj/_698_/D
  mprj/_699_/D
  mprj/_700_/D
  mprj/_701_/D
  mprj/_702_/D
  mprj/_703_/D
  mprj/_704_/D
  mprj/_705_/D
  mprj/_706_/D
  mprj/_707_/D
  mprj/_708_/D
  mprj/_709_/D
  mprj/_710_/D
  mprj/_711_/D
  mprj/_712_/D
  mprj/_713_/D
  mprj/_714_/D
  mprj/_715_/D
  mprj/_716_/D
  mprj/_717_/D
  mprj/_718_/D
  mprj/_719_/D
  mprj/_720_/D
  mprj/_721_/D
  mprj/_722_/D
  mprj/_723_/D
  mprj/_724_/D
  mprj/_725_/D
  mprj/_726_/D
  mprj/_727_/D
  mprj/_728_/D
  mprj/_729_/D
  mprj/_730_/D
  mprj/_731_/D
  mprj/_732_/D
  mprj/_733_/D
  mprj/_734_/D
  mprj/_735_/D
  mprj/_736_/D
  mprj/_737_/D
  mprj/_738_/D
  mprj/_739_/D
  mprj/_740_/D
  mprj/_741_/D
  mprj/_742_/D
  mprj/_743_/D
  mprj/_744_/D
  mprj/_745_/D
  mprj/_746_/D
  mprj/_747_/D
  mprj/_748_/D
  mprj/_749_/D
  mprj/_750_/D
  mprj/_751_/D
  mprj/_752_/D
  mprj/_753_/D
  mprj/_754_/D
  mprj/_755_/D
  mprj/_756_/D
  mprj/_757_/D
  mprj/_758_/D
  mprj2/_675_/D
  mprj2/_676_/D
  mprj2/_677_/D
  mprj2/_678_/D
  mprj2/_679_/D
  mprj2/_680_/D
  mprj2/_681_/D
  mprj2/_682_/D
  mprj2/_683_/D
  mprj2/_684_/D
  mprj2/_685_/D
  mprj2/_686_/D
  mprj2/_687_/D
  mprj2/_688_/D
  mprj2/_689_/D
  mprj2/_690_/D
  mprj2/_691_/D
  mprj2/_692_/D
  mprj2/_693_/D
  mprj2/_694_/D
  mprj2/_695_/D
  mprj2/_696_/D
  mprj2/_697_/D
  mprj2/_698_/D
  mprj2/_699_/D
  mprj2/_700_/D
  mprj2/_701_/D
  mprj2/_702_/D
  mprj2/_703_/D
  mprj2/_704_/D
  mprj2/_705_/D
  mprj2/_706_/D
  mprj2/_707_/D
  mprj2/_708_/D
  mprj2/_709_/D
  mprj2/_710_/D
  mprj2/_711_/D
  mprj2/_712_/D
  mprj2/_713_/D
  mprj2/_714_/D
  mprj2/_715_/D
  mprj2/_716_/D
  mprj2/_717_/D
  mprj2/_718_/D
  mprj2/_719_/D
  mprj2/_720_/D
  mprj2/_721_/D
  mprj2/_722_/D
  mprj2/_723_/D
  mprj2/_724_/D
  mprj2/_725_/D
  mprj2/_726_/D
  mprj2/_727_/D
  mprj2/_728_/D
  mprj2/_729_/D
  mprj2/_730_/D
  mprj2/_731_/D
  mprj2/_732_/D
  mprj2/_733_/D
  mprj2/_734_/D
  mprj2/_735_/D
  mprj2/_736_/D
  mprj2/_737_/D
  mprj2/_738_/D
  mprj2/_739_/D
  mprj2/_740_/D
  mprj2/_741_/D
  mprj2/_742_/D
  mprj2/_743_/D
  mprj2/_744_/D
  mprj2/_745_/D
  mprj2/_746_/D
  mprj2/_747_/D
  mprj2/_748_/D
  mprj2/_749_/D
  mprj2/_750_/D
  mprj2/_751_/D
  mprj2/_752_/D
  mprj2/_753_/D
  mprj2/_754_/D
  mprj2/_755_/D
  mprj2/_756_/D
  mprj2/_757_/D
  mprj2/_758_/D
