Clock: __VIRTUAL_CLK__
Sources: 
Generated: no
Virtual: yes
Propagated: no
Period: 10.000000

===========================================================================
report_clock_properties
============================================================================
Clock                   Period          Waveform
----------------------------------------------------
__VIRTUAL_CLK__      10.000000    0.000000  5.000000

===========================================================================
report_clock_latency
============================================================================
Clock __VIRTUAL_CLK__
rise -> rise
    min     max
0.000000 0.000000 source latency
3.762033         network latency mprj/_701_/CLK
        3.967585 network latency mprj2/_683_/CLK
---------------
3.762033 3.967585 latency
        0.205552 skew

rise -> fall
    min     max
0.000000 0.000000 source latency
3.245390         network latency mprj/_701_/CLK
        3.396914 network latency mprj2/_683_/CLK
---------------
3.245390 3.396914 latency
        0.151524 skew



===========================================================================
report_clock_min_period
============================================================================
__VIRTUAL_CLK__ period_min = 0.00 fmax = inf
