
===========================================================================
 report_power
============================================================================
======================= nom_ff_n40C_1v95 Corner ===================================

Group                    Internal    Switching      Leakage        Total
                            Power        Power        Power        Power (Watts)
------------------------------------------------------------------------
Sequential           3.870052e-05 0.000000e+00 3.739831e-09 3.870426e-05  29.8%
Combinational        3.502917e-05 5.617502e-05 1.682189e-08 9.122101e-05  70.2%
Clock                -1.916005e-09 0.000000e+00 1.939384e-08 1.747783e-08   0.0%
Macro                0.000000e+00 0.000000e+00 0.000000e+00 0.000000e+00   0.0%
Pad                  0.000000e+00 0.000000e+00 0.000000e+00 0.000000e+00   0.0%
------------------------------------------------------------------------
Total                7.372777e-05 5.617502e-05 3.995672e-08 1.299428e-04 100.0%
                            56.7%        43.2%         0.0%

