Clock: wb_clk_i
Sources: wb_clk_i 
Generated: no
Virtual: yes
Propagated: no
Period: 25.000000

===========================================================================
report_clock_properties
============================================================================
Clock                   Period          Waveform
----------------------------------------------------
wb_clk_i             25.000000    0.000000 12.500000

===========================================================================
report_clock_latency
============================================================================
Clock wb_clk_i
rise -> rise
    min     max
0.000000 0.000000 source latency
0.998793         network latency _713_/CLK
        1.107545 network latency _683_/CLK
---------------
0.998793 1.107545 latency
        0.108752 skew

fall -> fall
    min     max
0.000000 0.000000 source latency
0.766250         network latency _701_/CLK
        0.849807 network latency _683_/CLK
---------------
0.766250 0.849807 latency
        0.083557 skew



===========================================================================
report_clock_min_period
============================================================================
wb_clk_i period_min = 5.09 fmax = 196.35
