
===========================================================================
report_checks -unconstrained
===========================================================================
======================= max_tt_025C_1v80 Corner ===================================

Startpoint: gpio_loopback_zero[21] (input port clocked by __VIRTUAL_CLK__)
Endpoint: gpio_slow_sel[21] (output port clocked by __VIRTUAL_CLK__)
Path Group: __VIRTUAL_CLK__
Path Type: max

Fanout         Cap        Slew       Delay        Time   Description
---------------------------------------------------------------------------------------------
                      0.000000    0.000000    0.000000   clock __VIRTUAL_CLK__ (rise edge)
                                  0.000000    0.000000   clock network delay (ideal)
                                  2.000000    2.000000 ^ input external delay
    11    0.382522    1.705687    1.243026    3.243026 ^ gpio_loopback_zero[21] (in)
                                                         gpio_loopback_zero[21] (net)
                      1.706219    0.000000    3.243026 ^ gpio_slow_sel[21] (out)
                                              3.243026   data arrival time

                      0.000000   10.000000   10.000000   clock __VIRTUAL_CLK__ (rise edge)
                                  0.000000   10.000000   clock network delay (ideal)
                                 -0.250000    9.750000   clock uncertainty
                                  0.000000    9.750000   clock reconvergence pessimism
                                 -2.000000    7.750000   output external delay
                                              7.750000   data required time
---------------------------------------------------------------------------------------------
                                              7.750000   data required time
                                             -3.243026   data arrival time
---------------------------------------------------------------------------------------------
                                              4.506974   slack (MET)




===========================================================================
report_checks --slack_max -0.01
============================================================================
======================= max_tt_025C_1v80 Corner ===================================

No paths found.


===========================================================================
 report_check_types -max_slew -max_cap -max_fanout -violators
============================================================================
======================= max_tt_025C_1v80 Corner ===================================

max slew

Pin                                        Limit        Slew       Slack
------------------------------------------------------------------------
gpio_out[24]                            0.500000    5.650342   -5.150342 (VIOLATED)
gpio_out[25]                            0.500000    5.214711   -4.714711 (VIOLATED)
mprj2/output2/X                         0.500000    5.202441   -4.702441 (VIOLATED)
mprj2/output4/X                         0.500000    4.883786   -4.383786 (VIOLATED)
gpio_out[26]                            0.500000    4.232185   -3.732185 (VIOLATED)
mprj2/output5/X                         0.500000    4.070644   -3.570644 (VIOLATED)
mprj2/clkbuf_0_wb_clk_i/A               0.500000    3.196341   -2.696341 (VIOLATED)
mprj2/ANTENNA_clkbuf_0_wb_clk_i_A/DIODE    0.500000    3.196310   -2.696310 (VIOLATED)
mprj/clkbuf_0_wb_clk_i/A                0.500000    3.192119   -2.692119 (VIOLATED)
mprj/ANTENNA_clkbuf_0_wb_clk_i_A/DIODE    0.500000    3.192092   -2.692092 (VIOLATED)
gpio_in[0]                              0.500000    3.177922   -2.677922 (VIOLATED)
gpio_out[27]                            0.500000    3.167455   -2.667455 (VIOLATED)
mprj2/output6/X                         0.500000    3.105260   -2.605260 (VIOLATED)
gpio_out[34]                            0.500000    2.573213   -2.073213 (VIOLATED)
mprj2/output3/X                         0.500000    2.569518   -2.069518 (VIOLATED)
gpio_out[33]                            0.500000    2.292745   -1.792745 (VIOLATED)
mprj2/output12/X                        0.500000    2.289952   -1.789952 (VIOLATED)
gpio_out[28]                            0.500000    2.220076   -1.720076 (VIOLATED)
mprj2/output7/X                         0.500000    2.203634   -1.703634 (VIOLATED)
mprj2/ANTENNA_input1_A/DIODE            0.500000    1.744009   -1.244009 (VIOLATED)
mprj2/input1/A                          0.500000    1.744010   -1.244010 (VIOLATED)
mprj/ANTENNA_input1_A/DIODE             0.500000    1.743465   -1.243465 (VIOLATED)
mprj/input1/A                           0.500000    1.743466   -1.243466 (VIOLATED)
gpio_in[1]                              0.500000    1.743137   -1.243137 (VIOLATED)
gpio_slow_sel[35]                       0.500000    1.711141   -1.211141 (VIOLATED)
gpio_dm1[35]                            0.500000    1.711140   -1.211139 (VIOLATED)
gpio_analog_en[35]                      0.500000    1.711138   -1.211137 (VIOLATED)
gpio_dm0[35]                            0.500000    1.711105   -1.211105 (VIOLATED)
gpio_analog_pol[35]                     0.500000    1.711101   -1.211101 (VIOLATED)
gpio_analog_sel[35]                     0.500000    1.711060   -1.211060 (VIOLATED)
gpio_dm2[35]                            0.500000    1.711056   -1.211056 (VIOLATED)
gpio_holdover[35]                       0.500000    1.711053   -1.211053 (VIOLATED)
gpio_out[35]                            0.500000    1.711049   -1.211049 (VIOLATED)
gpio_vtrip_sel[35]                      0.500000    1.711037   -1.211037 (VIOLATED)
gpio_ib_mode_sel[35]                    0.500000    1.710974   -1.210974 (VIOLATED)
gpio_loopback_zero[35]                  0.500000    1.710897   -1.210897 (VIOLATED)
gpio_slow_sel[21]                       0.500000    1.706219   -1.206219 (VIOLATED)
gpio_dm1[21]                            0.500000    1.706215   -1.206215 (VIOLATED)
gpio_analog_en[21]                      0.500000    1.706176   -1.206176 (VIOLATED)
gpio_dm0[21]                            0.500000    1.706162   -1.206162 (VIOLATED)
gpio_analog_pol[21]                     0.500000    1.706144   -1.206144 (VIOLATED)
gpio_analog_sel[21]                     0.500000    1.706010   -1.206010 (VIOLATED)
gpio_dm2[21]                            0.500000    1.705988   -1.205988 (VIOLATED)
gpio_holdover[21]                       0.500000    1.705963   -1.205963 (VIOLATED)
gpio_out[21]                            0.500000    1.705941   -1.205941 (VIOLATED)
gpio_vtrip_sel[21]                      0.500000    1.705791   -1.205791 (VIOLATED)
gpio_ib_mode_sel[21]                    0.500000    1.705771   -1.205771 (VIOLATED)
gpio_loopback_zero[21]                  0.500000    1.705687   -1.205687 (VIOLATED)
gpio_slow_sel[22]                       0.500000    1.704964   -1.204964 (VIOLATED)
gpio_dm1[22]                            0.500000    1.704960   -1.204960 (VIOLATED)
gpio_analog_en[22]                      0.500000    1.704921   -1.204921 (VIOLATED)
gpio_dm0[22]                            0.500000    1.704908   -1.204908 (VIOLATED)
gpio_analog_pol[22]                     0.500000    1.704891   -1.204891 (VIOLATED)
gpio_analog_sel[22]                     0.500000    1.704770   -1.204770 (VIOLATED)
gpio_slow_sel[15]                       0.500000    1.704765   -1.204765 (VIOLATED)
gpio_slow_sel[37]                       0.500000    1.704765   -1.204765 (VIOLATED)
gpio_dm1[15]                            0.500000    1.704762   -1.204763 (VIOLATED)
gpio_dm1[37]                            0.500000    1.704763   -1.204763 (VIOLATED)
gpio_analog_en[37]                      0.500000    1.704760   -1.204760 (VIOLATED)
gpio_dm0[37]                            0.500000    1.704757   -1.204757 (VIOLATED)
gpio_analog_pol[37]                     0.500000    1.704754   -1.204753 (VIOLATED)
gpio_dm2[22]                            0.500000    1.704749   -1.204749 (VIOLATED)
gpio_analog_sel[37]                     0.500000    1.704735   -1.204735 (VIOLATED)
gpio_holdover[22]                       0.500000    1.704725   -1.204725 (VIOLATED)
gpio_analog_en[15]                      0.500000    1.704719   -1.204719 (VIOLATED)
gpio_dm0[15]                            0.500000    1.704705   -1.204705 (VIOLATED)
gpio_out[22]                            0.500000    1.704702   -1.204702 (VIOLATED)
gpio_analog_pol[15]                     0.500000    1.704687   -1.204687 (VIOLATED)
gpio_dm2[37]                            0.500000    1.704661   -1.204661 (VIOLATED)
gpio_slow_sel[19]                       0.500000    1.704646   -1.204646 (VIOLATED)
gpio_dm1[19]                            0.500000    1.704644   -1.204644 (VIOLATED)
gpio_analog_en[19]                      0.500000    1.704599   -1.204600 (VIOLATED)
gpio_dm0[19]                            0.500000    1.704586   -1.204586 (VIOLATED)
gpio_holdover[37]                       0.500000    1.704582   -1.204582 (VIOLATED)
gpio_analog_pol[19]                     0.500000    1.704568   -1.204568 (VIOLATED)
gpio_vtrip_sel[22]                      0.500000    1.704564   -1.204564 (VIOLATED)
gpio_out[37]                            0.500000    1.704558   -1.204558 (VIOLATED)
gpio_analog_sel[15]                     0.500000    1.704556   -1.204556 (VIOLATED)
gpio_ib_mode_sel[22]                    0.500000    1.704547   -1.204547 (VIOLATED)
gpio_dm2[15]                            0.500000    1.704534   -1.204534 (VIOLATED)
gpio_holdover[15]                       0.500000    1.704510   -1.204510 (VIOLATED)
gpio_out[15]                            0.500000    1.704487   -1.204487 (VIOLATED)
gpio_vtrip_sel[37]                      0.500000    1.704482   -1.204482 (VIOLATED)
gpio_loopback_zero[22]                  0.500000    1.704470   -1.204470 (VIOLATED)
gpio_analog_sel[19]                     0.500000    1.704449   -1.204449 (VIOLATED)
gpio_dm2[19]                            0.500000    1.704428   -1.204428 (VIOLATED)
gpio_holdover[19]                       0.500000    1.704403   -1.204404 (VIOLATED)
gpio_ib_mode_sel[37]                    0.500000    1.704395   -1.204396 (VIOLATED)
gpio_out[19]                            0.500000    1.704380   -1.204380 (VIOLATED)
gpio_vtrip_sel[15]                      0.500000    1.704352   -1.204352 (VIOLATED)
gpio_ib_mode_sel[15]                    0.500000    1.704332   -1.204332 (VIOLATED)
gpio_loopback_zero[37]                  0.500000    1.704327   -1.204327 (VIOLATED)
gpio_loopback_zero[15]                  0.500000    1.704247   -1.204247 (VIOLATED)
gpio_vtrip_sel[19]                      0.500000    1.704234   -1.204233 (VIOLATED)
gpio_ib_mode_sel[19]                    0.500000    1.704213   -1.204213 (VIOLATED)
gpio_loopback_zero[19]                  0.500000    1.704130   -1.204130 (VIOLATED)
gpio_slow_sel[20]                       0.500000    1.702907   -1.202907 (VIOLATED)
gpio_dm1[20]                            0.500000    1.702904   -1.202904 (VIOLATED)
gpio_analog_en[20]                      0.500000    1.702864   -1.202864 (VIOLATED)
gpio_dm0[20]                            0.500000    1.702850   -1.202850 (VIOLATED)
gpio_analog_pol[20]                     0.500000    1.702832   -1.202832 (VIOLATED)
gpio_analog_sel[20]                     0.500000    1.702702   -1.202702 (VIOLATED)
gpio_dm2[20]                            0.500000    1.702680   -1.202680 (VIOLATED)
gpio_holdover[20]                       0.500000    1.702656   -1.202656 (VIOLATED)
gpio_out[20]                            0.500000    1.702633   -1.202633 (VIOLATED)
gpio_vtrip_sel[20]                      0.500000    1.702501   -1.202501 (VIOLATED)
gpio_ib_mode_sel[20]                    0.500000    1.702481   -1.202481 (VIOLATED)
gpio_loopback_zero[20]                  0.500000    1.702395   -1.202396 (VIOLATED)
gpio_out[32]                            0.500000    1.701296   -1.201296 (VIOLATED)
gpio_slow_sel[36]                       0.500000    1.701178   -1.201178 (VIOLATED)
gpio_dm1[36]                            0.500000    1.701164   -1.201164 (VIOLATED)
gpio_analog_en[36]                      0.500000    1.701077   -1.201077 (VIOLATED)
gpio_dm0[36]                            0.500000    1.701072   -1.201072 (VIOLATED)
gpio_analog_pol[36]                     0.500000    1.701023   -1.201022 (VIOLATED)
gpio_analog_sel[36]                     0.500000    1.700928   -1.200928 (VIOLATED)
gpio_dm2[36]                            0.500000    1.700905   -1.200905 (VIOLATED)
gpio_holdover[36]                       0.500000    1.700879   -1.200879 (VIOLATED)
gpio_out[36]                            0.500000    1.700855   -1.200855 (VIOLATED)
gpio_vtrip_sel[36]                      0.500000    1.700778   -1.200778 (VIOLATED)
gpio_ib_mode_sel[36]                    0.500000    1.700697   -1.200697 (VIOLATED)
gpio_loopback_zero[36]                  0.500000    1.700620   -1.200620 (VIOLATED)
mprj2/output11/X                        0.500000    1.700104   -1.200104 (VIOLATED)
gpio_analog_en[39]                      0.500000    1.699649   -1.199649 (VIOLATED)
gpio_dm1[39]                            0.500000    1.699650   -1.199650 (VIOLATED)
gpio_slow_sel[39]                       0.500000    1.699651   -1.199651 (VIOLATED)
gpio_analog_pol[39]                     0.500000    1.699647   -1.199647 (VIOLATED)
gpio_dm0[39]                            0.500000    1.699648   -1.199648 (VIOLATED)
gpio_analog_sel[39]                     0.500000    1.699641   -1.199641 (VIOLATED)
gpio_dm2[39]                            0.500000    1.699639   -1.199639 (VIOLATED)
gpio_holdover[39]                       0.500000    1.699638   -1.199638 (VIOLATED)
gpio_out[39]                            0.500000    1.699636   -1.199636 (VIOLATED)
gpio_vtrip_sel[39]                      0.500000    1.699630   -1.199630 (VIOLATED)
gpio_ib_mode_sel[39]                    0.500000    1.699627   -1.199627 (VIOLATED)
gpio_loopback_zero[39]                  0.500000    1.699598   -1.199598 (VIOLATED)
gpio_slow_sel[23]                       0.500000    1.698136   -1.198136 (VIOLATED)
gpio_dm1[23]                            0.500000    1.698134   -1.198134 (VIOLATED)
gpio_analog_en[23]                      0.500000    1.698091   -1.198091 (VIOLATED)
gpio_dm0[23]                            0.500000    1.698077   -1.198077 (VIOLATED)
gpio_analog_pol[23]                     0.500000    1.698059   -1.198059 (VIOLATED)
gpio_analog_sel[23]                     0.500000    1.697942   -1.197942 (VIOLATED)
gpio_dm2[23]                            0.500000    1.697921   -1.197921 (VIOLATED)
gpio_holdover[23]                       0.500000    1.697896   -1.197896 (VIOLATED)
gpio_out[23]                            0.500000    1.697873   -1.197873 (VIOLATED)
gpio_vtrip_sel[23]                      0.500000    1.697723   -1.197723 (VIOLATED)
gpio_ib_mode_sel[23]                    0.500000    1.697704   -1.197704 (VIOLATED)
gpio_slow_sel[0]                        0.500000    1.697681   -1.197681 (VIOLATED)
gpio_dm1[0]                             0.500000    1.697678   -1.197678 (VIOLATED)
gpio_analog_en[0]                       0.500000    1.697675   -1.197676 (VIOLATED)
gpio_analog_pol[0]                      0.500000    1.697671   -1.197671 (VIOLATED)
gpio_inp_dis[0]                         0.500000    1.697668   -1.197668 (VIOLATED)
gpio_loopback_zero[23]                  0.500000    1.697627   -1.197626 (VIOLATED)
gpio_analog_sel[0]                      0.500000    1.697599   -1.197599 (VIOLATED)
gpio_dm2[0]                             0.500000    1.697538   -1.197538 (VIOLATED)
gpio_holdover[0]                        0.500000    1.697515   -1.197515 (VIOLATED)
gpio_out[0]                             0.500000    1.697495   -1.197495 (VIOLATED)
gpio_vtrip_sel[0]                       0.500000    1.697384   -1.197384 (VIOLATED)
gpio_ib_mode_sel[0]                     0.500000    1.697378   -1.197378 (VIOLATED)
gpio_loopback_zero[0]                   0.500000    1.697321   -1.197321 (VIOLATED)
gpio_analog_en[42]                      0.500000    1.696815   -1.196815 (VIOLATED)
gpio_dm1[42]                            0.500000    1.696816   -1.196816 (VIOLATED)
gpio_slow_sel[42]                       0.500000    1.696817   -1.196817 (VIOLATED)
gpio_analog_pol[42]                     0.500000    1.696813   -1.196813 (VIOLATED)
gpio_dm0[42]                            0.500000    1.696814   -1.196814 (VIOLATED)
gpio_analog_sel[42]                     0.500000    1.696806   -1.196806 (VIOLATED)
gpio_dm2[42]                            0.500000    1.696805   -1.196805 (VIOLATED)
gpio_holdover[42]                       0.500000    1.696803   -1.196803 (VIOLATED)
gpio_out[42]                            0.500000    1.696801   -1.196801 (VIOLATED)
gpio_vtrip_sel[42]                      0.500000    1.696795   -1.196795 (VIOLATED)
gpio_ib_mode_sel[42]                    0.500000    1.696793   -1.196793 (VIOLATED)
gpio_loopback_zero[42]                  0.500000    1.696763   -1.196763 (VIOLATED)
gpio_slow_sel[18]                       0.500000    1.695419   -1.195419 (VIOLATED)
gpio_dm1[18]                            0.500000    1.695415   -1.195415 (VIOLATED)
gpio_analog_en[18]                      0.500000    1.695378   -1.195378 (VIOLATED)
gpio_dm0[18]                            0.500000    1.695365   -1.195365 (VIOLATED)
gpio_analog_pol[18]                     0.500000    1.695350   -1.195350 (VIOLATED)
gpio_analog_sel[18]                     0.500000    1.695233   -1.195233 (VIOLATED)
gpio_dm2[18]                            0.500000    1.695212   -1.195212 (VIOLATED)
gpio_holdover[18]                       0.500000    1.695189   -1.195188 (VIOLATED)
gpio_out[18]                            0.500000    1.695170   -1.195170 (VIOLATED)
gpio_vtrip_sel[18]                      0.500000    1.695041   -1.195041 (VIOLATED)
gpio_ib_mode_sel[18]                    0.500000    1.695022   -1.195022 (VIOLATED)
gpio_loopback_zero[18]                  0.500000    1.694948   -1.194948 (VIOLATED)
gpio_slow_sel[38]                       0.500000    1.694498   -1.194499 (VIOLATED)
gpio_dm1[38]                            0.500000    1.694497   -1.194497 (VIOLATED)
gpio_analog_en[38]                      0.500000    1.694495   -1.194495 (VIOLATED)
gpio_dm0[38]                            0.500000    1.694493   -1.194493 (VIOLATED)
gpio_analog_pol[38]                     0.500000    1.694491   -1.194491 (VIOLATED)
gpio_analog_sel[38]                     0.500000    1.694442   -1.194442 (VIOLATED)
gpio_dm2[38]                            0.500000    1.694424   -1.194424 (VIOLATED)
gpio_holdover[38]                       0.500000    1.694400   -1.194400 (VIOLATED)
gpio_out[38]                            0.500000    1.694378   -1.194378 (VIOLATED)
gpio_vtrip_sel[38]                      0.500000    1.694341   -1.194341 (VIOLATED)
gpio_ib_mode_sel[38]                    0.500000    1.694338   -1.194338 (VIOLATED)
gpio_loopback_zero[38]                  0.500000    1.694312   -1.194312 (VIOLATED)
gpio_slow_sel[43]                       0.500000    1.692905   -1.192905 (VIOLATED)
gpio_dm1[43]                            0.500000    1.692904   -1.192904 (VIOLATED)
gpio_analog_en[43]                      0.500000    1.692901   -1.192901 (VIOLATED)
gpio_dm0[43]                            0.500000    1.692900   -1.192900 (VIOLATED)
gpio_analog_pol[43]                     0.500000    1.692897   -1.192897 (VIOLATED)
gpio_analog_sel[43]                     0.500000    1.692884   -1.192884 (VIOLATED)
gpio_dm2[43]                            0.500000    1.692881   -1.192881 (VIOLATED)
gpio_holdover[43]                       0.500000    1.692876   -1.192876 (VIOLATED)
gpio_out[43]                            0.500000    1.692872   -1.192873 (VIOLATED)
gpio_vtrip_sel[43]                      0.500000    1.692799   -1.192799 (VIOLATED)
gpio_ib_mode_sel[43]                    0.500000    1.692765   -1.192765 (VIOLATED)
gpio_loopback_zero[43]                  0.500000    1.692686   -1.192686 (VIOLATED)
gpio_slow_sel[17]                       0.500000    1.692600   -1.192600 (VIOLATED)
gpio_dm1[17]                            0.500000    1.692597   -1.192597 (VIOLATED)
gpio_analog_en[17]                      0.500000    1.692553   -1.192553 (VIOLATED)
gpio_dm0[17]                            0.500000    1.692540   -1.192540 (VIOLATED)
gpio_analog_pol[17]                     0.500000    1.692522   -1.192522 (VIOLATED)
gpio_analog_sel[17]                     0.500000    1.692392   -1.192392 (VIOLATED)
gpio_dm2[17]                            0.500000    1.692371   -1.192371 (VIOLATED)
gpio_holdover[17]                       0.500000    1.692347   -1.192347 (VIOLATED)
gpio_out[17]                            0.500000    1.692324   -1.192324 (VIOLATED)
gpio_vtrip_sel[17]                      0.500000    1.692180   -1.192180 (VIOLATED)
gpio_ib_mode_sel[17]                    0.500000    1.692162   -1.192162 (VIOLATED)
gpio_loopback_zero[17]                  0.500000    1.692094   -1.192094 (VIOLATED)
gpio_slow_sel[16]                       0.500000    1.691957   -1.191957 (VIOLATED)
gpio_dm1[16]                            0.500000    1.691954   -1.191954 (VIOLATED)
gpio_analog_en[16]                      0.500000    1.691915   -1.191915 (VIOLATED)
gpio_dm0[16]                            0.500000    1.691902   -1.191901 (VIOLATED)
gpio_analog_pol[16]                     0.500000    1.691884   -1.191884 (VIOLATED)
gpio_analog_sel[16]                     0.500000    1.691756   -1.191756 (VIOLATED)
gpio_dm2[16]                            0.500000    1.691734   -1.191734 (VIOLATED)
gpio_holdover[16]                       0.500000    1.691710   -1.191710 (VIOLATED)
gpio_out[16]                            0.500000    1.691687   -1.191687 (VIOLATED)
gpio_vtrip_sel[16]                      0.500000    1.691548   -1.191548 (VIOLATED)
gpio_ib_mode_sel[16]                    0.500000    1.691529   -1.191529 (VIOLATED)
gpio_loopback_zero[16]                  0.500000    1.691453   -1.191453 (VIOLATED)
gpio_slow_sel[14]                       0.500000    1.691345   -1.191345 (VIOLATED)
gpio_dm1[14]                            0.500000    1.691331   -1.191331 (VIOLATED)
gpio_analog_en[14]                      0.500000    1.691312   -1.191312 (VIOLATED)
gpio_dm0[14]                            0.500000    1.691298   -1.191298 (VIOLATED)
gpio_analog_pol[14]                     0.500000    1.691225   -1.191225 (VIOLATED)
gpio_analog_sel[14]                     0.500000    1.691068   -1.191068 (VIOLATED)
gpio_dm2[14]                            0.500000    1.691047   -1.191047 (VIOLATED)
gpio_holdover[14]                       0.500000    1.691024   -1.191024 (VIOLATED)
gpio_out[14]                            0.500000    1.691002   -1.191002 (VIOLATED)
gpio_vtrip_sel[14]                      0.500000    1.690935   -1.190935 (VIOLATED)
gpio_ib_mode_sel[14]                    0.500000    1.690861   -1.190861 (VIOLATED)
gpio_loopback_zero[14]                  0.500000    1.690808   -1.190808 (VIOLATED)
gpio_analog_en[41]                      0.500000    1.689302   -1.189302 (VIOLATED)
gpio_dm1[41]                            0.500000    1.689303   -1.189303 (VIOLATED)
gpio_slow_sel[41]                       0.500000    1.689304   -1.189304 (VIOLATED)
gpio_analog_pol[41]                     0.500000    1.689300   -1.189300 (VIOLATED)
gpio_dm0[41]                            0.500000    1.689301   -1.189301 (VIOLATED)
gpio_analog_sel[41]                     0.500000    1.689294   -1.189294 (VIOLATED)
gpio_dm2[41]                            0.500000    1.689292   -1.189292 (VIOLATED)
gpio_holdover[41]                       0.500000    1.689291   -1.189291 (VIOLATED)
gpio_out[41]                            0.500000    1.689289   -1.189289 (VIOLATED)
gpio_vtrip_sel[41]                      0.500000    1.689283   -1.189283 (VIOLATED)
gpio_ib_mode_sel[41]                    0.500000    1.689281   -1.189281 (VIOLATED)
gpio_loopback_zero[41]                  0.500000    1.689254   -1.189254 (VIOLATED)
gpio_analog_en[40]                      0.500000    1.688845   -1.188845 (VIOLATED)
gpio_dm1[40]                            0.500000    1.688846   -1.188846 (VIOLATED)
gpio_slow_sel[40]                       0.500000    1.688847   -1.188847 (VIOLATED)
gpio_analog_pol[40]                     0.500000    1.688843   -1.188843 (VIOLATED)
gpio_dm0[40]                            0.500000    1.688844   -1.188844 (VIOLATED)
gpio_analog_sel[40]                     0.500000    1.688837   -1.188837 (VIOLATED)
gpio_dm2[40]                            0.500000    1.688835   -1.188835 (VIOLATED)
gpio_holdover[40]                       0.500000    1.688833   -1.188833 (VIOLATED)
gpio_out[40]                            0.500000    1.688832   -1.188832 (VIOLATED)
gpio_vtrip_sel[40]                      0.500000    1.688826   -1.188826 (VIOLATED)
gpio_ib_mode_sel[40]                    0.500000    1.688824   -1.188824 (VIOLATED)
gpio_loopback_zero[40]                  0.500000    1.688797   -1.188797 (VIOLATED)
gpio_slow_sel[13]                       0.500000    1.682266   -1.182266 (VIOLATED)
gpio_dm1[13]                            0.500000    1.682246   -1.182246 (VIOLATED)
gpio_analog_en[13]                      0.500000    1.682172   -1.182172 (VIOLATED)
gpio_dm0[13]                            0.500000    1.682165   -1.182165 (VIOLATED)
gpio_analog_pol[13]                     0.500000    1.682089   -1.182089 (VIOLATED)
gpio_analog_sel[13]                     0.500000    1.681866   -1.181866 (VIOLATED)
gpio_dm2[13]                            0.500000    1.681710   -1.181709 (VIOLATED)
gpio_holdover[13]                       0.500000    1.681613   -1.181613 (VIOLATED)
gpio_out[13]                            0.500000    1.681583   -1.181583 (VIOLATED)
gpio_vtrip_sel[13]                      0.500000    1.681410   -1.181410 (VIOLATED)
gpio_ib_mode_sel[13]                    0.500000    1.681403   -1.181403 (VIOLATED)
gpio_loopback_zero[13]                  0.500000    1.681224   -1.181224 (VIOLATED)
gpio_out[29]                            0.500000    1.554333   -1.054333 (VIOLATED)
mprj2/output8/X                         0.500000    1.553656   -1.053656 (VIOLATED)
gpio_analog_en[31]                      0.500000    1.441407   -0.941407 (VIOLATED)
gpio_slow_sel[31]                       0.500000    1.441407   -0.941407 (VIOLATED)
gpio_dm0[31]                            0.500000    1.441369   -0.941369 (VIOLATED)
gpio_analog_pol[31]                     0.500000    1.441367   -0.941367 (VIOLATED)
gpio_analog_sel[31]                     0.500000    1.441358   -0.941358 (VIOLATED)
gpio_holdover[31]                       0.500000    1.441353   -0.941353 (VIOLATED)
gpio_vtrip_sel[31]                      0.500000    1.441307   -0.941307 (VIOLATED)
gpio_ib_mode_sel[31]                    0.500000    1.441304   -0.941304 (VIOLATED)
gpio_oeb[31]                            0.500000    1.441301   -0.941301 (VIOLATED)
gpio_loopback_zero[31]                  0.500000    1.441243   -0.941243 (VIOLATED)
gpio_analog_pol[26]                     0.500000    1.434029   -0.934029 (VIOLATED)
gpio_dm0[26]                            0.500000    1.434013   -0.934013 (VIOLATED)
gpio_slow_sel[26]                       0.500000    1.434010   -0.934010 (VIOLATED)
gpio_analog_en[26]                      0.500000    1.434007   -0.934007 (VIOLATED)
gpio_analog_sel[26]                     0.500000    1.433995   -0.933995 (VIOLATED)
gpio_holdover[26]                       0.500000    1.433990   -0.933990 (VIOLATED)
gpio_vtrip_sel[26]                      0.500000    1.433950   -0.933950 (VIOLATED)
gpio_ib_mode_sel[26]                    0.500000    1.433939   -0.933939 (VIOLATED)
gpio_oeb[26]                            0.500000    1.433936   -0.933936 (VIOLATED)
gpio_loopback_zero[26]                  0.500000    1.433873   -0.933873 (VIOLATED)
gpio_analog_pol[29]                     0.500000    1.432061   -0.932061 (VIOLATED)
gpio_dm0[29]                            0.500000    1.432045   -0.932045 (VIOLATED)
gpio_slow_sel[29]                       0.500000    1.432043   -0.932043 (VIOLATED)
gpio_analog_en[29]                      0.500000    1.432040   -0.932040 (VIOLATED)
gpio_analog_sel[29]                     0.500000    1.432027   -0.932027 (VIOLATED)
gpio_holdover[29]                       0.500000    1.432022   -0.932022 (VIOLATED)
gpio_vtrip_sel[29]                      0.500000    1.431984   -0.931984 (VIOLATED)
gpio_ib_mode_sel[29]                    0.500000    1.431973   -0.931973 (VIOLATED)
gpio_oeb[29]                            0.500000    1.431970   -0.931970 (VIOLATED)
gpio_loopback_zero[29]                  0.500000    1.431911   -0.931911 (VIOLATED)
gpio_slow_sel[25]                       0.500000    1.431583   -0.931583 (VIOLATED)
gpio_analog_en[25]                      0.500000    1.431578   -0.931578 (VIOLATED)
gpio_dm0[25]                            0.500000    1.431576   -0.931576 (VIOLATED)
gpio_analog_pol[25]                     0.500000    1.431574   -0.931574 (VIOLATED)
gpio_analog_sel[25]                     0.500000    1.431559   -0.931559 (VIOLATED)
gpio_holdover[25]                       0.500000    1.431491   -0.931491 (VIOLATED)
gpio_vtrip_sel[25]                      0.500000    1.431376   -0.931375 (VIOLATED)
gpio_ib_mode_sel[25]                    0.500000    1.431355   -0.931355 (VIOLATED)
gpio_oeb[25]                            0.500000    1.431290   -0.931290 (VIOLATED)
gpio_loopback_zero[25]                  0.500000    1.431230   -0.931230 (VIOLATED)
gpio_slow_sel[28]                       0.500000    1.426243   -0.926243 (VIOLATED)
gpio_analog_en[28]                      0.500000    1.426220   -0.926220 (VIOLATED)
gpio_dm0[28]                            0.500000    1.426211   -0.926211 (VIOLATED)
gpio_analog_pol[28]                     0.500000    1.426157   -0.926157 (VIOLATED)
gpio_analog_sel[28]                     0.500000    1.426113   -0.926113 (VIOLATED)
gpio_holdover[28]                       0.500000    1.426052   -0.926052 (VIOLATED)
gpio_oeb[28]                            0.500000    1.425926   -0.925926 (VIOLATED)
gpio_vtrip_sel[28]                      0.500000    1.425918   -0.925918 (VIOLATED)
gpio_ib_mode_sel[28]                    0.500000    1.425915   -0.925915 (VIOLATED)
gpio_loopback_zero[28]                  0.500000    1.425853   -0.925853 (VIOLATED)
gpio_analog_pol[33]                     0.500000    1.423489   -0.923489 (VIOLATED)
gpio_dm0[33]                            0.500000    1.423457   -0.923457 (VIOLATED)
gpio_analog_en[33]                      0.500000    1.423454   -0.923454 (VIOLATED)
gpio_slow_sel[33]                       0.500000    1.423433   -0.923433 (VIOLATED)
gpio_analog_sel[33]                     0.500000    1.423338   -0.923338 (VIOLATED)
gpio_holdover[33]                       0.500000    1.423246   -0.923246 (VIOLATED)
gpio_vtrip_sel[33]                      0.500000    1.423098   -0.923098 (VIOLATED)
gpio_ib_mode_sel[33]                    0.500000    1.423090   -0.923090 (VIOLATED)
gpio_oeb[33]                            0.500000    1.422975   -0.922975 (VIOLATED)
gpio_loopback_zero[33]                  0.500000    1.422913   -0.922913 (VIOLATED)
gpio_slow_sel[27]                       0.500000    1.422009   -0.922009 (VIOLATED)
gpio_analog_en[27]                      0.500000    1.421956   -0.921956 (VIOLATED)
gpio_dm0[27]                            0.500000    1.421949   -0.921949 (VIOLATED)
gpio_analog_pol[27]                     0.500000    1.421936   -0.921936 (VIOLATED)
gpio_analog_sel[27]                     0.500000    1.421865   -0.921865 (VIOLATED)
gpio_holdover[27]                       0.500000    1.421831   -0.921831 (VIOLATED)
gpio_vtrip_sel[27]                      0.500000    1.421767   -0.921767 (VIOLATED)
gpio_ib_mode_sel[27]                    0.500000    1.421749   -0.921749 (VIOLATED)
gpio_oeb[27]                            0.500000    1.421674   -0.921674 (VIOLATED)
gpio_loopback_zero[27]                  0.500000    1.421647   -0.921647 (VIOLATED)
gpio_slow_sel[32]                       0.500000    1.420813   -0.920813 (VIOLATED)
gpio_analog_en[32]                      0.500000    1.420755   -0.920755 (VIOLATED)
gpio_dm0[32]                            0.500000    1.420747   -0.920747 (VIOLATED)
gpio_analog_pol[32]                     0.500000    1.420735   -0.920735 (VIOLATED)
gpio_analog_sel[32]                     0.500000    1.420629   -0.920629 (VIOLATED)
gpio_holdover[32]                       0.500000    1.420595   -0.920595 (VIOLATED)
gpio_vtrip_sel[32]                      0.500000    1.420584   -0.920584 (VIOLATED)
gpio_ib_mode_sel[32]                    0.500000    1.420581   -0.920581 (VIOLATED)
gpio_oeb[32]                            0.500000    1.420529   -0.920529 (VIOLATED)
gpio_loopback_zero[32]                  0.500000    1.420466   -0.920466 (VIOLATED)
gpio_slow_sel[24]                       0.500000    1.413837   -0.913837 (VIOLATED)
gpio_analog_en[24]                      0.500000    1.413809   -0.913809 (VIOLATED)
gpio_dm0[24]                            0.500000    1.413799   -0.913799 (VIOLATED)
gpio_analog_pol[24]                     0.500000    1.413782   -0.913782 (VIOLATED)
gpio_analog_sel[24]                     0.500000    1.413636   -0.913636 (VIOLATED)
gpio_holdover[24]                       0.500000    1.413530   -0.913530 (VIOLATED)
gpio_vtrip_sel[24]                      0.500000    1.413422   -0.913422 (VIOLATED)
gpio_oeb[24]                            0.500000    1.413420   -0.913420 (VIOLATED)
gpio_ib_mode_sel[24]                    0.500000    1.413418   -0.913418 (VIOLATED)
gpio_loopback_zero[24]                  0.500000    1.413294   -0.913294 (VIOLATED)
gpio_slow_sel[30]                       0.500000    1.409825   -0.909825 (VIOLATED)
gpio_analog_en[30]                      0.500000    1.409798   -0.909798 (VIOLATED)
gpio_dm0[30]                            0.500000    1.409787   -0.909787 (VIOLATED)
gpio_analog_pol[30]                     0.500000    1.409769   -0.909769 (VIOLATED)
gpio_analog_sel[30]                     0.500000    1.409671   -0.909671 (VIOLATED)
gpio_holdover[30]                       0.500000    1.409483   -0.909483 (VIOLATED)
gpio_vtrip_sel[30]                      0.500000    1.409372   -0.909372 (VIOLATED)
gpio_ib_mode_sel[30]                    0.500000    1.409353   -0.909353 (VIOLATED)
gpio_oeb[30]                            0.500000    1.409291   -0.909291 (VIOLATED)
gpio_loopback_zero[30]                  0.500000    1.409239   -0.909239 (VIOLATED)
gpio_analog_pol[2]                      0.500000    1.407902   -0.907902 (VIOLATED)
gpio_dm0[2]                             0.500000    1.407894   -0.907893 (VIOLATED)
gpio_slow_sel[2]                        0.500000    1.407892   -0.907892 (VIOLATED)
gpio_analog_en[2]                       0.500000    1.407891   -0.907891 (VIOLATED)
gpio_analog_sel[2]                      0.500000    1.407884   -0.907884 (VIOLATED)
gpio_holdover[2]                        0.500000    1.407882   -0.907882 (VIOLATED)
gpio_vtrip_sel[2]                       0.500000    1.407877   -0.907877 (VIOLATED)
gpio_ib_mode_sel[2]                     0.500000    1.407875   -0.907875 (VIOLATED)
gpio_oeb[2]                             0.500000    1.407874   -0.907874 (VIOLATED)
gpio_loopback_zero[2]                   0.500000    1.407855   -0.907855 (VIOLATED)
gpio_slow_sel[34]                       0.500000    1.405377   -0.905377 (VIOLATED)
gpio_analog_en[34]                      0.500000    1.405337   -0.905337 (VIOLATED)
gpio_dm0[34]                            0.500000    1.405335   -0.905335 (VIOLATED)
gpio_analog_pol[34]                     0.500000    1.405332   -0.905332 (VIOLATED)
gpio_analog_sel[34]                     0.500000    1.405313   -0.905313 (VIOLATED)
gpio_holdover[34]                       0.500000    1.405303   -0.905303 (VIOLATED)
gpio_slow_sel[3]                        0.500000    1.405292   -0.905292 (VIOLATED)
gpio_analog_en[3]                       0.500000    1.405288   -0.905288 (VIOLATED)
gpio_dm0[3]                             0.500000    1.405287   -0.905287 (VIOLATED)
gpio_analog_pol[3]                      0.500000    1.405285   -0.905285 (VIOLATED)
gpio_vtrip_sel[34]                      0.500000    1.405282   -0.905282 (VIOLATED)
gpio_analog_sel[3]                      0.500000    1.405236   -0.905236 (VIOLATED)
gpio_holdover[3]                        0.500000    1.405205   -0.905205 (VIOLATED)
gpio_vtrip_sel[3]                       0.500000    1.405195   -0.905195 (VIOLATED)
gpio_ib_mode_sel[3]                     0.500000    1.405192   -0.905192 (VIOLATED)
gpio_oeb[3]                             0.500000    1.405188   -0.905188 (VIOLATED)
gpio_ib_mode_sel[34]                    0.500000    1.405180   -0.905180 (VIOLATED)
gpio_loopback_zero[3]                   0.500000    1.405095   -0.905095 (VIOLATED)
gpio_oeb[34]                            0.500000    1.405081   -0.905081 (VIOLATED)
gpio_loopback_zero[34]                  0.500000    1.404813   -0.904813 (VIOLATED)
gpio_slow_sel[9]                        0.500000    1.404647   -0.904647 (VIOLATED)
gpio_analog_en[9]                       0.500000    1.404639   -0.904639 (VIOLATED)
gpio_analog_pol[9]                      0.500000    1.404637   -0.904637 (VIOLATED)
gpio_dm0[9]                             0.500000    1.404638   -0.904638 (VIOLATED)
gpio_analog_sel[9]                      0.500000    1.404633   -0.904633 (VIOLATED)
gpio_holdover[9]                        0.500000    1.404630   -0.904630 (VIOLATED)
gpio_vtrip_sel[9]                       0.500000    1.404626   -0.904626 (VIOLATED)
gpio_ib_mode_sel[9]                     0.500000    1.404624   -0.904624 (VIOLATED)
gpio_oeb[9]                             0.500000    1.404623   -0.904623 (VIOLATED)
gpio_loopback_zero[9]                   0.500000    1.404606   -0.904606 (VIOLATED)
gpio_slow_sel[10]                       0.500000    1.400979   -0.900979 (VIOLATED)
gpio_analog_en[10]                      0.500000    1.400941   -0.900941 (VIOLATED)
gpio_dm0[10]                            0.500000    1.400929   -0.900929 (VIOLATED)
gpio_analog_pol[10]                     0.500000    1.400927   -0.900927 (VIOLATED)
gpio_analog_sel[10]                     0.500000    1.400913   -0.900913 (VIOLATED)
gpio_holdover[10]                       0.500000    1.400854   -0.900854 (VIOLATED)
gpio_slow_sel[8]                        0.500000    1.400759   -0.900759 (VIOLATED)
gpio_vtrip_sel[10]                      0.500000    1.400757   -0.900757 (VIOLATED)
gpio_analog_en[8]                       0.500000    1.400754   -0.900754 (VIOLATED)
gpio_dm0[8]                             0.500000    1.400718   -0.900718 (VIOLATED)
gpio_analog_pol[8]                      0.500000    1.400715   -0.900715 (VIOLATED)
gpio_ib_mode_sel[10]                    0.500000    1.400707   -0.900706 (VIOLATED)
gpio_oeb[10]                            0.500000    1.400702   -0.900702 (VIOLATED)
gpio_loopback_zero[10]                  0.500000    1.400663   -0.900663 (VIOLATED)
gpio_analog_sel[8]                      0.500000    1.400619   -0.900619 (VIOLATED)
gpio_holdover[8]                        0.500000    1.400549   -0.900549 (VIOLATED)
gpio_vtrip_sel[8]                       0.500000    1.400482   -0.900482 (VIOLATED)
gpio_ib_mode_sel[8]                     0.500000    1.400463   -0.900463 (VIOLATED)
gpio_oeb[8]                             0.500000    1.400444   -0.900444 (VIOLATED)
gpio_loopback_zero[8]                   0.500000    1.400357   -0.900357 (VIOLATED)
gpio_slow_sel[4]                        0.500000    1.400254   -0.900254 (VIOLATED)
gpio_analog_en[4]                       0.500000    1.400250   -0.900250 (VIOLATED)
gpio_dm0[4]                             0.500000    1.400248   -0.900248 (VIOLATED)
gpio_analog_pol[4]                      0.500000    1.400246   -0.900246 (VIOLATED)
gpio_analog_sel[4]                      0.500000    1.400232   -0.900232 (VIOLATED)
gpio_holdover[4]                        0.500000    1.400224   -0.900224 (VIOLATED)
gpio_vtrip_sel[4]                       0.500000    1.400149   -0.900149 (VIOLATED)
gpio_ib_mode_sel[4]                     0.500000    1.400083   -0.900083 (VIOLATED)
gpio_oeb[4]                             0.500000    1.400062   -0.900062 (VIOLATED)
gpio_loopback_zero[4]                   0.500000    1.399954   -0.899954 (VIOLATED)
gpio_analog_en[12]                      0.500000    1.399706   -0.899706 (VIOLATED)
gpio_slow_sel[7]                        0.500000    1.399704   -0.899704 (VIOLATED)
gpio_slow_sel[12]                       0.500000    1.399692   -0.899692 (VIOLATED)
gpio_dm0[12]                            0.500000    1.399686   -0.899686 (VIOLATED)
gpio_analog_pol[12]                     0.500000    1.399684   -0.899684 (VIOLATED)
gpio_analog_en[7]                       0.500000    1.399675   -0.899675 (VIOLATED)
gpio_analog_sel[12]                     0.500000    1.399671   -0.899671 (VIOLATED)
gpio_dm0[7]                             0.500000    1.399666   -0.899666 (VIOLATED)
gpio_holdover[12]                       0.500000    1.399665   -0.899665 (VIOLATED)
gpio_analog_pol[7]                      0.500000    1.399653   -0.899653 (VIOLATED)
gpio_vtrip_sel[12]                      0.500000    1.399650   -0.899650 (VIOLATED)
gpio_ib_mode_sel[12]                    0.500000    1.399585   -0.899585 (VIOLATED)
gpio_analog_sel[7]                      0.500000    1.399579   -0.899579 (VIOLATED)
gpio_holdover[7]                        0.500000    1.399544   -0.899544 (VIOLATED)
gpio_oeb[12]                            0.500000    1.399522   -0.899522 (VIOLATED)
gpio_vtrip_sel[7]                       0.500000    1.399476   -0.899476 (VIOLATED)
gpio_ib_mode_sel[7]                     0.500000    1.399457   -0.899457 (VIOLATED)
gpio_loopback_zero[12]                  0.500000    1.399439   -0.899440 (VIOLATED)
gpio_oeb[7]                             0.500000    1.399437   -0.899437 (VIOLATED)
gpio_loopback_zero[7]                   0.500000    1.399344   -0.899344 (VIOLATED)
gpio_slow_sel[6]                        0.500000    1.395551   -0.895551 (VIOLATED)
gpio_analog_en[6]                       0.500000    1.395527   -0.895527 (VIOLATED)
gpio_dm0[6]                             0.500000    1.395516   -0.895516 (VIOLATED)
gpio_analog_pol[6]                      0.500000    1.395501   -0.895501 (VIOLATED)
gpio_analog_sel[6]                      0.500000    1.395315   -0.895315 (VIOLATED)
gpio_holdover[6]                        0.500000    1.395280   -0.895280 (VIOLATED)
gpio_vtrip_sel[6]                       0.500000    1.395213   -0.895214 (VIOLATED)
gpio_ib_mode_sel[6]                     0.500000    1.395193   -0.895193 (VIOLATED)
gpio_oeb[6]                             0.500000    1.395174   -0.895174 (VIOLATED)
gpio_loopback_zero[6]                   0.500000    1.395081   -0.895081 (VIOLATED)
gpio_slow_sel[1]                        0.500000    1.395069   -0.895069 (VIOLATED)
gpio_analog_en[1]                       0.500000    1.395006   -0.895006 (VIOLATED)
gpio_analog_pol[1]                      0.500000    1.394969   -0.894969 (VIOLATED)
gpio_inp_dis[1]                         0.500000    1.394954   -0.894954 (VIOLATED)
gpio_analog_sel[1]                      0.500000    1.394873   -0.894873 (VIOLATED)
gpio_holdover[1]                        0.500000    1.394760   -0.894760 (VIOLATED)
gpio_vtrip_sel[1]                       0.500000    1.394592   -0.894592 (VIOLATED)
gpio_ib_mode_sel[1]                     0.500000    1.394571   -0.894571 (VIOLATED)
gpio_oeb[1]                             0.500000    1.394549   -0.894549 (VIOLATED)
gpio_loopback_zero[1]                   0.500000    1.394435   -0.894435 (VIOLATED)
gpio_slow_sel[5]                        0.500000    1.392334   -0.892334 (VIOLATED)
gpio_analog_en[5]                       0.500000    1.392299   -0.892299 (VIOLATED)
gpio_dm0[5]                             0.500000    1.392294   -0.892294 (VIOLATED)
gpio_analog_pol[5]                      0.500000    1.392195   -0.892195 (VIOLATED)
gpio_analog_sel[5]                      0.500000    1.392049   -0.892049 (VIOLATED)
gpio_holdover[5]                        0.500000    1.391995   -0.891995 (VIOLATED)
gpio_vtrip_sel[5]                       0.500000    1.391887   -0.891887 (VIOLATED)
gpio_ib_mode_sel[5]                     0.500000    1.391855   -0.891855 (VIOLATED)
gpio_oeb[5]                             0.500000    1.391821   -0.891821 (VIOLATED)
gpio_loopback_zero[5]                   0.500000    1.391533   -0.891533 (VIOLATED)
gpio_slow_sel[11]                       0.500000    1.389503   -0.889503 (VIOLATED)
gpio_analog_en[11]                      0.500000    1.389480   -0.889480 (VIOLATED)
gpio_dm0[11]                            0.500000    1.389470   -0.889470 (VIOLATED)
gpio_analog_pol[11]                     0.500000    1.389413   -0.889413 (VIOLATED)
gpio_analog_sel[11]                     0.500000    1.389289   -0.889289 (VIOLATED)
gpio_holdover[11]                       0.500000    1.389255   -0.889255 (VIOLATED)
gpio_vtrip_sel[11]                      0.500000    1.389190   -0.889190 (VIOLATED)
gpio_ib_mode_sel[11]                    0.500000    1.389172   -0.889172 (VIOLATED)
gpio_oeb[11]                            0.500000    1.389154   -0.889154 (VIOLATED)
gpio_loopback_zero[11]                  0.500000    1.389072   -0.889072 (VIOLATED)
gpio_out[31]                            0.500000    0.998019   -0.498019 (VIOLATED)
mprj2/output10/X                        0.500000    0.997754   -0.497754 (VIOLATED)
gpio_out[8]                             0.500000    0.855700   -0.355700 (VIOLATED)
mprj/output9/X                          0.500000    0.855509   -0.355509 (VIOLATED)
gpio_out[7]                             0.500000    0.828270   -0.328270 (VIOLATED)
mprj/output8/X                          0.500000    0.828077   -0.328077 (VIOLATED)
gpio_out[9]                             0.500000    0.767585   -0.267585 (VIOLATED)
mprj/output10/X                         0.500000    0.767225   -0.267225 (VIOLATED)
gpio_out[6]                             0.500000    0.763217   -0.263217 (VIOLATED)
mprj/output7/X                          0.500000    0.763049   -0.263049 (VIOLATED)
mprj/output2/A                          0.500000    0.761933   -0.261933 (VIOLATED)
mprj2/output2/A                         0.500000    0.761933   -0.261933 (VIOLATED)
mprj/ANTENNA_output2_A/DIODE            0.500000    0.761899   -0.261899 (VIOLATED)
mprj2/ANTENNA_output2_A/DIODE           0.500000    0.761899   -0.261899 (VIOLATED)
mprj/_578_/A2                           0.500000    0.750517   -0.250517 (VIOLATED)
mprj2/_578_/A2                          0.500000    0.750517   -0.250517 (VIOLATED)
mprj/ANTENNA__578__A2/DIODE             0.500000    0.750516   -0.250516 (VIOLATED)
mprj2/ANTENNA__578__A2/DIODE            0.500000    0.750516   -0.250516 (VIOLATED)
mprj/ANTENNA__571__A2/DIODE             0.500000    0.750509   -0.250509 (VIOLATED)
mprj2/ANTENNA__571__A2/DIODE            0.500000    0.750509   -0.250509 (VIOLATED)
mprj/_571_/A2                           0.500000    0.750507   -0.250507 (VIOLATED)
mprj2/_571_/A2                          0.500000    0.750507   -0.250507 (VIOLATED)
mprj/_575_/B1                           0.500000    0.750507   -0.250507 (VIOLATED)
mprj2/_575_/B1                          0.500000    0.750507   -0.250507 (VIOLATED)
mprj/ANTENNA__575__B1/DIODE             0.500000    0.750504   -0.250504 (VIOLATED)
mprj2/ANTENNA__575__B1/DIODE            0.500000    0.750504   -0.250504 (VIOLATED)
mprj/_580_/B1                           0.500000    0.750503   -0.250503 (VIOLATED)
mprj2/_580_/B1                          0.500000    0.750503   -0.250503 (VIOLATED)
mprj/ANTENNA__580__B1/DIODE             0.500000    0.750498   -0.250498 (VIOLATED)
mprj2/ANTENNA__580__B1/DIODE            0.500000    0.750498   -0.250498 (VIOLATED)
mprj/ANTENNA__564__X/DIODE              0.500000    0.750418   -0.250418 (VIOLATED)
mprj2/ANTENNA__564__X/DIODE             0.500000    0.750418   -0.250418 (VIOLATED)
mprj/_564_/X                            0.500000    0.750398   -0.250398 (VIOLATED)
mprj2/_564_/X                           0.500000    0.750398   -0.250398 (VIOLATED)
gpio_out[5]                             0.500000    0.733212   -0.233212 (VIOLATED)
mprj/output6/X                          0.500000    0.733060   -0.233060 (VIOLATED)
mprj2/fanout25/A                        0.500000    0.723090   -0.223090 (VIOLATED)
mprj/fanout25/A                         0.500000    0.723089   -0.223089 (VIOLATED)
mprj2/ANTENNA_fanout25_A/DIODE          0.500000    0.723084   -0.223084 (VIOLATED)
mprj/ANTENNA_fanout25_A/DIODE           0.500000    0.723082   -0.223082 (VIOLATED)
mprj2/ANTENNA_fanout19_A/DIODE          0.500000    0.721216   -0.221216 (VIOLATED)
mprj/ANTENNA_fanout19_A/DIODE           0.500000    0.721215   -0.221215 (VIOLATED)
mprj2/fanout19/A                        0.500000    0.720942   -0.220942 (VIOLATED)
mprj/fanout19/A                         0.500000    0.720940   -0.220940 (VIOLATED)
gpio_out[10]                            0.500000    0.701965   -0.201965 (VIOLATED)
mprj/output11/X                         0.500000    0.701645   -0.201645 (VIOLATED)
mprj2/ANTENNA_input1_X/DIODE            0.500000    0.693109   -0.193109 (VIOLATED)
mprj/ANTENNA_input1_X/DIODE             0.500000    0.693107   -0.193107 (VIOLATED)
mprj2/input1/X                          0.500000    0.693088   -0.193088 (VIOLATED)
mprj/input1/X                           0.500000    0.693086   -0.193086 (VIOLATED)
mprj/output11/A                         0.500000    0.673936   -0.173936 (VIOLATED)
mprj2/output11/A                        0.500000    0.673936   -0.173936 (VIOLATED)
mprj/ANTENNA_output11_A/DIODE           0.500000    0.673899   -0.173899 (VIOLATED)
mprj2/ANTENNA_output11_A/DIODE          0.500000    0.673899   -0.173899 (VIOLATED)
gpio_out[4]                             0.500000    0.670738   -0.170738 (VIOLATED)
mprj/output5/X                          0.500000    0.670438   -0.170438 (VIOLATED)
gpio_out[30]                            0.500000    0.664922   -0.164922 (VIOLATED)
mprj2/output9/X                         0.500000    0.664645   -0.164645 (VIOLATED)
mprj/ANTENNA__590__X/DIODE              0.500000    0.661862   -0.161862 (VIOLATED)
mprj2/ANTENNA__590__X/DIODE             0.500000    0.661862   -0.161862 (VIOLATED)
mprj/_590_/X                            0.500000    0.661843   -0.161843 (VIOLATED)
mprj2/_590_/X                           0.500000    0.661843   -0.161843 (VIOLATED)
gpio_dm1[1]                             0.500000    0.645581   -0.145581 (VIOLATED)
gpio_dm0[1]                             0.500000    0.645580   -0.145580 (VIOLATED)
gpio_dm2[1]                             0.500000    0.645577   -0.145577 (VIOLATED)
gpio_out[1]                             0.500000    0.645575   -0.145575 (VIOLATED)
gpio_loopback_one[1]                    0.500000    0.645564   -0.145564 (VIOLATED)
gpio_out[11]                            0.500000    0.635686   -0.135686 (VIOLATED)
mprj/output12/X                         0.500000    0.635412   -0.135412 (VIOLATED)
gpio_out[3]                             0.500000    0.626541   -0.126541 (VIOLATED)
mprj/output4/X                          0.500000    0.626271   -0.126271 (VIOLATED)
mprj/_650_/A                            0.500000    0.616188   -0.116188 (VIOLATED)
mprj2/_650_/A                           0.500000    0.616188   -0.116188 (VIOLATED)
mprj/_339_/A                            0.500000    0.616184   -0.116184 (VIOLATED)
mprj2/_339_/A                           0.500000    0.616184   -0.116184 (VIOLATED)
mprj/_592_/A                            0.500000    0.616174   -0.116174 (VIOLATED)
mprj2/_592_/A                           0.500000    0.616174   -0.116174 (VIOLATED)
mprj/_642_/A                            0.500000    0.616145   -0.116145 (VIOLATED)
mprj2/_642_/A                           0.500000    0.616145   -0.116145 (VIOLATED)
mprj/_660_/A                            0.500000    0.615934   -0.115934 (VIOLATED)
mprj2/_660_/A                           0.500000    0.615934   -0.115934 (VIOLATED)
mprj/_669_/A                            0.500000    0.615931   -0.115931 (VIOLATED)
mprj2/_669_/A                           0.500000    0.615931   -0.115931 (VIOLATED)
mprj/_670_/A                            0.500000    0.615928   -0.115928 (VIOLATED)
mprj2/_670_/A                           0.500000    0.615928   -0.115928 (VIOLATED)
mprj/load_slew22/A                      0.500000    0.615927   -0.115927 (VIOLATED)
mprj2/load_slew22/A                     0.500000    0.615927   -0.115927 (VIOLATED)
mprj/_662_/A                            0.500000    0.615925   -0.115925 (VIOLATED)
mprj2/_662_/A                           0.500000    0.615925   -0.115925 (VIOLATED)
mprj/fanout21/X                         0.500000    0.615919   -0.115919 (VIOLATED)
mprj2/fanout21/X                        0.500000    0.615919   -0.115919 (VIOLATED)
mprj/output4/A                          0.500000    0.612640   -0.112640 (VIOLATED)
mprj2/output4/A                         0.500000    0.612640   -0.112640 (VIOLATED)
mprj/ANTENNA_output4_A/DIODE            0.500000    0.612608   -0.112608 (VIOLATED)
mprj2/ANTENNA_output4_A/DIODE           0.500000    0.612608   -0.112608 (VIOLATED)
gpio_out[2]                             0.500000    0.607380   -0.107380 (VIOLATED)
mprj/output2/X                          0.500000    0.607322   -0.107322 (VIOLATED)
mprj/_386_/A                            0.500000    0.604841   -0.104841 (VIOLATED)
mprj2/_386_/A                           0.500000    0.604841   -0.104841 (VIOLATED)
mprj/ANTENNA__386__A/DIODE              0.500000    0.604564   -0.104564 (VIOLATED)
mprj2/ANTENNA__386__A/DIODE             0.500000    0.604564   -0.104564 (VIOLATED)
mprj/_572_/B                            0.500000    0.604477   -0.104477 (VIOLATED)
mprj2/_572_/B                           0.500000    0.604477   -0.104477 (VIOLATED)
mprj/_568_/B                            0.500000    0.604476   -0.104476 (VIOLATED)
mprj2/_568_/B                           0.500000    0.604476   -0.104476 (VIOLATED)
mprj/ANTENNA__572__B/DIODE              0.500000    0.604472   -0.104472 (VIOLATED)
mprj2/ANTENNA__572__B/DIODE             0.500000    0.604472   -0.104472 (VIOLATED)
mprj/ANTENNA__568__B/DIODE              0.500000    0.604470   -0.104470 (VIOLATED)
mprj2/ANTENNA__568__B/DIODE             0.500000    0.604470   -0.104470 (VIOLATED)
mprj/ANTENNA__579__A2/DIODE             0.500000    0.604448   -0.104448 (VIOLATED)
mprj2/ANTENNA__579__A2/DIODE            0.500000    0.604448   -0.104448 (VIOLATED)
mprj/_579_/A2                           0.500000    0.604443   -0.104443 (VIOLATED)
mprj2/_579_/A2                          0.500000    0.604443   -0.104443 (VIOLATED)
mprj/ANTENNA__384__Y/DIODE              0.500000    0.604409   -0.104409 (VIOLATED)
mprj2/ANTENNA__384__Y/DIODE             0.500000    0.604409   -0.104409 (VIOLATED)
mprj/_384_/Y                            0.500000    0.604393   -0.104393 (VIOLATED)
mprj2/_384_/Y                           0.500000    0.604393   -0.104393 (VIOLATED)
gpio_out[12]                            0.500000    0.602962   -0.102962 (VIOLATED)
mprj/output3/X                          0.500000    0.602709   -0.102709 (VIOLATED)
mprj/_665_/A                            0.500000    0.556995   -0.056995 (VIOLATED)
mprj2/_665_/A                           0.500000    0.556995   -0.056995 (VIOLATED)
mprj/_615_/A                            0.500000    0.556989   -0.056989 (VIOLATED)
mprj2/_615_/A                           0.500000    0.556989   -0.056989 (VIOLATED)
mprj/_663_/A                            0.500000    0.556986   -0.056986 (VIOLATED)
mprj2/_663_/A                           0.500000    0.556986   -0.056986 (VIOLATED)
mprj/_614_/A                            0.500000    0.556985   -0.056985 (VIOLATED)
mprj2/_614_/A                           0.500000    0.556985   -0.056985 (VIOLATED)
mprj/_664_/A                            0.500000    0.556981   -0.056981 (VIOLATED)
mprj2/_664_/A                           0.500000    0.556981   -0.056981 (VIOLATED)
mprj/_610_/A                            0.500000    0.556971   -0.056971 (VIOLATED)
mprj2/_610_/A                           0.500000    0.556971   -0.056971 (VIOLATED)
mprj/_611_/A                            0.500000    0.556952   -0.056952 (VIOLATED)
mprj2/_611_/A                           0.500000    0.556952   -0.056952 (VIOLATED)
mprj/max_cap18/A                        0.500000    0.556913   -0.056913 (VIOLATED)
mprj2/max_cap18/A                       0.500000    0.556913   -0.056913 (VIOLATED)
mprj/_612_/A                            0.500000    0.556750   -0.056750 (VIOLATED)
mprj/fanout17/X                         0.500000    0.556750   -0.056750 (VIOLATED)
mprj2/_612_/A                           0.500000    0.556750   -0.056750 (VIOLATED)
mprj2/fanout17/X                        0.500000    0.556750   -0.056750 (VIOLATED)
mprj/output10/A                         0.500000    0.546373   -0.046373 (VIOLATED)
mprj2/output10/A                        0.500000    0.546373   -0.046373 (VIOLATED)
mprj/ANTENNA_output10_A/DIODE           0.500000    0.546327   -0.046326 (VIOLATED)
mprj2/ANTENNA_output10_A/DIODE          0.500000    0.546327   -0.046326 (VIOLATED)
gpio_dm1[29]                            0.500000    0.533228   -0.033228 (VIOLATED)
gpio_inp_dis[29]                        0.500000    0.533226   -0.033226 (VIOLATED)
gpio_dm2[29]                            0.500000    0.533223   -0.033223 (VIOLATED)
gpio_loopback_one[29]                   0.500000    0.533208   -0.033208 (VIOLATED)
mprj/ANTENNA__589__X/DIODE              0.500000    0.531309   -0.031309 (VIOLATED)
mprj2/ANTENNA__589__X/DIODE             0.500000    0.531309   -0.031309 (VIOLATED)
mprj/_589_/X                            0.500000    0.531292   -0.031292 (VIOLATED)
mprj2/_589_/X                           0.500000    0.531292   -0.031292 (VIOLATED)
gpio_dm1[27]                            0.500000    0.522701   -0.022701 (VIOLATED)
gpio_inp_dis[27]                        0.500000    0.522699   -0.022699 (VIOLATED)
gpio_dm2[27]                            0.500000    0.522696   -0.022696 (VIOLATED)
gpio_loopback_one[27]                   0.500000    0.522681   -0.022681 (VIOLATED)
gpio_dm1[28]                            0.500000    0.519839   -0.019839 (VIOLATED)
gpio_inp_dis[28]                        0.500000    0.519818   -0.019818 (VIOLATED)
gpio_dm2[28]                            0.500000    0.519810   -0.019810 (VIOLATED)
gpio_loopback_one[28]                   0.500000    0.519795   -0.019795 (VIOLATED)
gpio_dm1[24]                            0.500000    0.516633   -0.016633 (VIOLATED)
gpio_dm2[24]                            0.500000    0.516611   -0.016611 (VIOLATED)
gpio_inp_dis[24]                        0.500000    0.516611   -0.016611 (VIOLATED)
gpio_loopback_one[24]                   0.500000    0.516587   -0.016587 (VIOLATED)
gpio_dm1[33]                            0.500000    0.515086   -0.015086 (VIOLATED)
gpio_inp_dis[33]                        0.500000    0.515085   -0.015085 (VIOLATED)
gpio_dm2[33]                            0.500000    0.515081   -0.015081 (VIOLATED)
gpio_loopback_one[33]                   0.500000    0.515066   -0.015066 (VIOLATED)
gpio_dm1[25]                            0.500000    0.514744   -0.014744 (VIOLATED)
gpio_inp_dis[25]                        0.500000    0.514720   -0.014720 (VIOLATED)
gpio_dm2[25]                            0.500000    0.514678   -0.014678 (VIOLATED)
gpio_loopback_one[25]                   0.500000    0.514627   -0.014627 (VIOLATED)
gpio_dm1[26]                            0.500000    0.514257   -0.014257 (VIOLATED)
gpio_inp_dis[26]                        0.500000    0.514255   -0.014255 (VIOLATED)
gpio_dm2[26]                            0.500000    0.514252   -0.014252 (VIOLATED)
gpio_loopback_one[26]                   0.500000    0.514237   -0.014237 (VIOLATED)
gpio_dm1[34]                            0.500000    0.512500   -0.012500 (VIOLATED)
gpio_inp_dis[34]                        0.500000    0.512478   -0.012478 (VIOLATED)
gpio_dm2[34]                            0.500000    0.512424   -0.012424 (VIOLATED)
gpio_loopback_one[34]                   0.500000    0.512400   -0.012400 (VIOLATED)
gpio_dm1[7]                             0.500000    0.509600   -0.009600 (VIOLATED)
gpio_inp_dis[7]                         0.500000    0.509599   -0.009599 (VIOLATED)
gpio_dm2[7]                             0.500000    0.509596   -0.009596 (VIOLATED)
gpio_loopback_one[7]                    0.500000    0.509587   -0.009586 (VIOLATED)
gpio_dm1[32]                            0.500000    0.508846   -0.008846 (VIOLATED)
gpio_inp_dis[32]                        0.500000    0.508828   -0.008828 (VIOLATED)
gpio_dm2[32]                            0.500000    0.508783   -0.008783 (VIOLATED)
gpio_loopback_one[32]                   0.500000    0.508758   -0.008758 (VIOLATED)
gpio_dm1[2]                             0.500000    0.507150   -0.007150 (VIOLATED)
gpio_inp_dis[2]                         0.500000    0.507113   -0.007113 (VIOLATED)
gpio_dm1[30]                            0.500000    0.507102   -0.007102 (VIOLATED)
gpio_inp_dis[30]                        0.500000    0.507100   -0.007100 (VIOLATED)
gpio_dm2[30]                            0.500000    0.507097   -0.007097 (VIOLATED)
gpio_dm2[2]                             0.500000    0.507087   -0.007087 (VIOLATED)
gpio_loopback_one[30]                   0.500000    0.507082   -0.007082 (VIOLATED)
gpio_loopback_one[2]                    0.500000    0.507068   -0.007068 (VIOLATED)
gpio_dm1[31]                            0.500000    0.506202   -0.006202 (VIOLATED)
gpio_inp_dis[31]                        0.500000    0.506189   -0.006189 (VIOLATED)
gpio_dm2[31]                            0.500000    0.506186   -0.006186 (VIOLATED)
gpio_loopback_one[31]                   0.500000    0.506173   -0.006173 (VIOLATED)
gpio_dm1[3]                             0.500000    0.502184   -0.002184 (VIOLATED)
gpio_inp_dis[3]                         0.500000    0.502183   -0.002183 (VIOLATED)
gpio_dm2[3]                             0.500000    0.502180   -0.002180 (VIOLATED)
gpio_loopback_one[3]                    0.500000    0.502170   -0.002170 (VIOLATED)
gpio_dm1[8]                             0.500000    0.502155   -0.002155 (VIOLATED)
gpio_inp_dis[8]                         0.500000    0.502154   -0.002154 (VIOLATED)
gpio_dm2[8]                             0.500000    0.502151   -0.002151 (VIOLATED)
gpio_loopback_one[8]                    0.500000    0.502142   -0.002142 (VIOLATED)

max fanout

Pin                                   Limit Fanout  Slack
---------------------------------------------------------
mprj/wire20/X                            10     19     -9 (VIOLATED)
mprj2/wire20/X                           10     19     -9 (VIOLATED)
mprj/clkbuf_0_wb_clk_i/X                 10     17     -7 (VIOLATED)
mprj2/clkbuf_0_wb_clk_i/X                10     17     -7 (VIOLATED)
mprj/load_slew26/X                       10     15     -5 (VIOLATED)
mprj2/load_slew26/X                      10     15     -5 (VIOLATED)
mprj/clkbuf_3_6_0_wb_clk_i/X             10     12     -2 (VIOLATED)
mprj/clkbuf_3_7_0_wb_clk_i/X             10     12     -2 (VIOLATED)
mprj2/clkbuf_3_6_0_wb_clk_i/X            10     12     -2 (VIOLATED)
mprj2/clkbuf_3_7_0_wb_clk_i/X            10     12     -2 (VIOLATED)
mprj/_384_/Y                             10     11        (VIOLATED)
mprj/_385_/Y                             10     11        (VIOLATED)
mprj/_564_/X                             10     11        (VIOLATED)
mprj/clkbuf_3_0_0_wb_clk_i/X             10     11        (VIOLATED)
mprj/clkbuf_3_1_0_wb_clk_i/X             10     11        (VIOLATED)
mprj/clkbuf_3_2_0_wb_clk_i/X             10     11        (VIOLATED)
mprj/clkbuf_3_3_0_wb_clk_i/X             10     11        (VIOLATED)
mprj/clkbuf_3_4_0_wb_clk_i/X             10     11        (VIOLATED)
mprj/clkbuf_3_5_0_wb_clk_i/X             10     11        (VIOLATED)
mprj2/_384_/Y                            10     11        (VIOLATED)
mprj2/_385_/Y                            10     11        (VIOLATED)
mprj2/_564_/X                            10     11        (VIOLATED)
mprj2/clkbuf_3_0_0_wb_clk_i/X            10     11        (VIOLATED)
mprj2/clkbuf_3_1_0_wb_clk_i/X            10     11        (VIOLATED)
mprj2/clkbuf_3_2_0_wb_clk_i/X            10     11        (VIOLATED)
mprj2/clkbuf_3_3_0_wb_clk_i/X            10     11        (VIOLATED)
mprj2/clkbuf_3_4_0_wb_clk_i/X            10     11        (VIOLATED)
mprj2/clkbuf_3_5_0_wb_clk_i/X            10     11        (VIOLATED)

max capacitance

Pin                                        Limit         Cap       Slack
------------------------------------------------------------------------
gpio_in[0]                              0.200000    0.713970   -0.513970 (VIOLATED)
mprj2/output2/X                         0.151987    0.529090   -0.377103 (VIOLATED)
mprj2/output4/X                         0.151987    0.493530   -0.341543 (VIOLATED)
mprj2/output5/X                         0.151987    0.407499   -0.255512 (VIOLATED)
gpio_in[1]                              0.200000    0.392517   -0.192517 (VIOLATED)
gpio_loopback_zero[35]                  0.200000    0.383851   -0.183851 (VIOLATED)
gpio_loopback_zero[21]                  0.200000    0.382522   -0.182522 (VIOLATED)
gpio_loopback_zero[22]                  0.200000    0.382266   -0.182266 (VIOLATED)
gpio_loopback_zero[37]                  0.200000    0.382222   -0.182222 (VIOLATED)
gpio_loopback_zero[15]                  0.200000    0.382203   -0.182203 (VIOLATED)
gpio_loopback_zero[19]                  0.200000    0.382177   -0.182177 (VIOLATED)
gpio_loopback_zero[20]                  0.200000    0.381787   -0.181787 (VIOLATED)
gpio_loopback_zero[39]                  0.200000    0.381578   -0.181578 (VIOLATED)
gpio_loopback_zero[36]                  0.200000    0.381380   -0.181380 (VIOLATED)
gpio_loopback_zero[42]                  0.200000    0.380941   -0.180941 (VIOLATED)
gpio_loopback_zero[0]                   0.200000    0.380718   -0.180718 (VIOLATED)
gpio_loopback_zero[23]                  0.200000    0.380712   -0.180712 (VIOLATED)
gpio_loopback_zero[38]                  0.200000    0.380209   -0.180209 (VIOLATED)
gpio_loopback_zero[18]                  0.200000    0.380128   -0.180128 (VIOLATED)
gpio_loopback_zero[43]                  0.200000    0.379736   -0.179736 (VIOLATED)
gpio_loopback_zero[17]                  0.200000    0.379476   -0.179476 (VIOLATED)
gpio_loopback_zero[16]                  0.200000    0.379326   -0.179326 (VIOLATED)
gpio_loopback_zero[41]                  0.200000    0.379256   -0.179256 (VIOLATED)
gpio_loopback_zero[14]                  0.200000    0.379185   -0.179185 (VIOLATED)
gpio_loopback_zero[40]                  0.200000    0.379153   -0.179153 (VIOLATED)
gpio_loopback_zero[13]                  0.200000    0.378530   -0.178530 (VIOLATED)
mprj2/output6/X                         0.151987    0.311493   -0.159506 (VIOLATED)
gpio_loopback_zero[31]                  0.200000    0.323106   -0.123106 (VIOLATED)
gpio_loopback_zero[26]                  0.200000    0.321436   -0.121436 (VIOLATED)
gpio_loopback_zero[29]                  0.200000    0.321000   -0.121000 (VIOLATED)
gpio_loopback_zero[25]                  0.200000    0.320681   -0.120681 (VIOLATED)
gpio_loopback_zero[28]                  0.200000    0.319499   -0.119499 (VIOLATED)
gpio_loopback_zero[33]                  0.200000    0.318724   -0.118724 (VIOLATED)
gpio_loopback_zero[27]                  0.200000    0.318569   -0.118569 (VIOLATED)
gpio_loopback_zero[32]                  0.200000    0.318308   -0.118308 (VIOLATED)
gpio_loopback_zero[24]                  0.200000    0.316579   -0.116579 (VIOLATED)
gpio_loopback_zero[34]                  0.200000    0.315952   -0.115952 (VIOLATED)
gpio_loopback_zero[2]                   0.200000    0.315761   -0.115761 (VIOLATED)
gpio_loopback_zero[30]                  0.200000    0.315660   -0.115660 (VIOLATED)
gpio_loopback_zero[9]                   0.200000    0.315042   -0.115042 (VIOLATED)
gpio_loopback_zero[3]                   0.200000    0.314889   -0.114889 (VIOLATED)
gpio_loopback_zero[10]                  0.200000    0.313848   -0.113848 (VIOLATED)
gpio_loopback_zero[8]                   0.200000    0.313716   -0.113716 (VIOLATED)
gpio_loopback_zero[4]                   0.200000    0.313625   -0.113625 (VIOLATED)
gpio_loopback_zero[12]                  0.200000    0.313535   -0.113535 (VIOLATED)
gpio_loopback_zero[7]                   0.200000    0.313502   -0.113502 (VIOLATED)
gpio_loopback_zero[5]                   0.200000    0.312970   -0.112970 (VIOLATED)
gpio_loopback_zero[6]                   0.200000    0.312506   -0.112506 (VIOLATED)
gpio_loopback_zero[1]                   0.200000    0.312293   -0.112293 (VIOLATED)
gpio_loopback_zero[11]                  0.200000    0.311175   -0.111175 (VIOLATED)
mprj2/output3/X                         0.151987    0.261957   -0.109970 (VIOLATED)
mprj2/output12/X                        0.151987    0.233123   -0.081136 (VIOLATED)
mprj2/output7/X                         0.151987    0.222857   -0.070870 (VIOLATED)
mprj2/output11/X                        0.151987    0.173390   -0.021403 (VIOLATED)
mprj2/output8/X                         0.151987    0.156936   -0.004949 (VIOLATED)
mprj/wire14/X                           0.200000    0.201555   -0.001555 (VIOLATED)
mprj2/wire14/X                          0.200000    0.201555   -0.001555 (VIOLATED)



===========================================================================
report_parasitic_annotation -report_unannotated
============================================================================
Found 223 unannotated drivers.
 analog_io[0]
 analog_io[10]
 analog_io[11]
 analog_io[12]
 analog_io[13]
 analog_io[14]
 analog_io[15]
 analog_io[16]
 analog_io[17]
 analog_io[18]
 analog_io[19]
 analog_io[1]
 analog_io[20]
 analog_io[21]
 analog_io[22]
 analog_io[23]
 analog_io[24]
 analog_io[25]
 analog_io[26]
 analog_io[27]
 analog_io[28]
 analog_io[29]
 analog_io[2]
 analog_io[30]
 analog_io[31]
 analog_io[32]
 analog_io[33]
 analog_io[34]
 analog_io[35]
 analog_io[36]
 analog_io[37]
 analog_io[38]
 analog_io[39]
 analog_io[3]
 analog_io[40]
 analog_io[41]
 analog_io[42]
 analog_io[43]
 analog_io[4]
 analog_io[5]
 analog_io[6]
 analog_io[7]
 analog_io[8]
 analog_io[9]
 analog_noesd_io[0]
 analog_noesd_io[10]
 analog_noesd_io[11]
 analog_noesd_io[12]
 analog_noesd_io[13]
 analog_noesd_io[14]
 analog_noesd_io[15]
 analog_noesd_io[16]
 analog_noesd_io[17]
 analog_noesd_io[18]
 analog_noesd_io[19]
 analog_noesd_io[1]
 analog_noesd_io[20]
 analog_noesd_io[21]
 analog_noesd_io[22]
 analog_noesd_io[23]
 analog_noesd_io[24]
 analog_noesd_io[25]
 analog_noesd_io[26]
 analog_noesd_io[27]
 analog_noesd_io[28]
 analog_noesd_io[29]
 analog_noesd_io[2]
 analog_noesd_io[30]
 analog_noesd_io[31]
 analog_noesd_io[32]
 analog_noesd_io[33]
 analog_noesd_io[34]
 analog_noesd_io[35]
 analog_noesd_io[36]
 analog_noesd_io[37]
 analog_noesd_io[38]
 analog_noesd_io[39]
 analog_noesd_io[3]
 analog_noesd_io[40]
 analog_noesd_io[41]
 analog_noesd_io[42]
 analog_noesd_io[43]
 analog_noesd_io[4]
 analog_noesd_io[5]
 analog_noesd_io[6]
 analog_noesd_io[7]
 analog_noesd_io[8]
 analog_noesd_io[9]
 gpio_in[10]
 gpio_in[11]
 gpio_in[12]
 gpio_in[13]
 gpio_in[14]
 gpio_in[15]
 gpio_in[16]
 gpio_in[17]
 gpio_in[18]
 gpio_in[19]
 gpio_in[20]
 gpio_in[21]
 gpio_in[22]
 gpio_in[23]
 gpio_in[24]
 gpio_in[25]
 gpio_in[26]
 gpio_in[27]
 gpio_in[28]
 gpio_in[29]
 gpio_in[2]
 gpio_in[30]
 gpio_in[31]
 gpio_in[32]
 gpio_in[33]
 gpio_in[34]
 gpio_in[35]
 gpio_in[36]
 gpio_in[37]
 gpio_in[38]
 gpio_in[39]
 gpio_in[3]
 gpio_in[40]
 gpio_in[41]
 gpio_in[42]
 gpio_in[43]
 gpio_in[4]
 gpio_in[5]
 gpio_in[6]
 gpio_in[7]
 gpio_in[8]
 gpio_in[9]
 gpio_in_h[0]
 gpio_in_h[10]
 gpio_in_h[11]
 gpio_in_h[12]
 gpio_in_h[13]
 gpio_in_h[14]
 gpio_in_h[15]
 gpio_in_h[16]
 gpio_in_h[17]
 gpio_in_h[18]
 gpio_in_h[19]
 gpio_in_h[1]
 gpio_in_h[20]
 gpio_in_h[21]
 gpio_in_h[22]
 gpio_in_h[23]
 gpio_in_h[24]
 gpio_in_h[25]
 gpio_in_h[26]
 gpio_in_h[27]
 gpio_in_h[28]
 gpio_in_h[29]
 gpio_in_h[2]
 gpio_in_h[30]
 gpio_in_h[31]
 gpio_in_h[32]
 gpio_in_h[33]
 gpio_in_h[34]
 gpio_in_h[35]
 gpio_in_h[36]
 gpio_in_h[37]
 gpio_in_h[38]
 gpio_in_h[39]
 gpio_in_h[3]
 gpio_in_h[40]
 gpio_in_h[41]
 gpio_in_h[42]
 gpio_in_h[43]
 gpio_in_h[4]
 gpio_in_h[5]
 gpio_in_h[6]
 gpio_in_h[7]
 gpio_in_h[8]
 gpio_in_h[9]
 mask_rev[0]
 mask_rev[10]
 mask_rev[11]
 mask_rev[12]
 mask_rev[13]
 mask_rev[14]
 mask_rev[15]
 mask_rev[16]
 mask_rev[17]
 mask_rev[18]
 mask_rev[19]
 mask_rev[1]
 mask_rev[20]
 mask_rev[21]
 mask_rev[22]
 mask_rev[23]
 mask_rev[24]
 mask_rev[25]
 mask_rev[26]
 mask_rev[27]
 mask_rev[28]
 mask_rev[29]
 mask_rev[2]
 mask_rev[30]
 mask_rev[31]
 mask_rev[3]
 mask_rev[4]
 mask_rev[5]
 mask_rev[6]
 mask_rev[7]
 mask_rev[8]
 mask_rev[9]
 por_l
 porb_h
 porb_l
 resetb_h
 resetb_l
 mprj/clkload0/X
 mprj/clkload1/X
 mprj/clkload2/X
 mprj/clkload3/X
 mprj/clkload4/X
 mprj/clkload5/X
 mprj2/clkload0/X
 mprj2/clkload1/X
 mprj2/clkload2/X
 mprj2/clkload3/X
 mprj2/clkload4/X
 mprj2/clkload5/X
Found 0 partially unannotated drivers.

===========================================================================
max slew violation count 717
max fanout violation count 28
max cap violation count 57
============================================================================

===========================================================================
check_setup -verbose -unconstrained_endpoints -multiple_clock -no_clock -no_input_delay -loops -generated_clocks
===========================================================================
Warning: There are 168 unclocked register/latch pins.
  mprj/_675_/CLK
  mprj/_676_/CLK
  mprj/_677_/CLK
  mprj/_678_/CLK
  mprj/_679_/CLK
  mprj/_680_/CLK
  mprj/_681_/CLK
  mprj/_682_/CLK
  mprj/_683_/CLK
  mprj/_684_/CLK
  mprj/_685_/CLK
  mprj/_686_/CLK
  mprj/_687_/CLK
  mprj/_688_/CLK
  mprj/_689_/CLK
  mprj/_690_/CLK
  mprj/_691_/CLK
  mprj/_692_/CLK
  mprj/_693_/CLK
  mprj/_694_/CLK
  mprj/_695_/CLK
  mprj/_696_/CLK
  mprj/_697_/CLK
  mprj/_698_/CLK
  mprj/_699_/CLK
  mprj/_700_/CLK
  mprj/_701_/CLK
  mprj/_702_/CLK
  mprj/_703_/CLK
  mprj/_704_/CLK
  mprj/_705_/CLK
  mprj/_706_/CLK
  mprj/_707_/CLK
  mprj/_708_/CLK
  mprj/_709_/CLK
  mprj/_710_/CLK
  mprj/_711_/CLK
  mprj/_712_/CLK
  mprj/_713_/CLK
  mprj/_714_/CLK
  mprj/_715_/CLK
  mprj/_716_/CLK
  mprj/_717_/CLK
  mprj/_718_/CLK
  mprj/_719_/CLK
  mprj/_720_/CLK
  mprj/_721_/CLK
  mprj/_722_/CLK
  mprj/_723_/CLK
  mprj/_724_/CLK
  mprj/_725_/CLK
  mprj/_726_/CLK
  mprj/_727_/CLK
  mprj/_728_/CLK
  mprj/_729_/CLK
  mprj/_730_/CLK
  mprj/_731_/CLK
  mprj/_732_/CLK
  mprj/_733_/CLK
  mprj/_734_/CLK
  mprj/_735_/CLK
  mprj/_736_/CLK
  mprj/_737_/CLK
  mprj/_738_/CLK
  mprj/_739_/CLK
  mprj/_740_/CLK
  mprj/_741_/CLK
  mprj/_742_/CLK
  mprj/_743_/CLK
  mprj/_744_/CLK
  mprj/_745_/CLK
  mprj/_746_/CLK
  mprj/_747_/CLK
  mprj/_748_/CLK
  mprj/_749_/CLK
  mprj/_750_/CLK
  mprj/_751_/CLK
  mprj/_752_/CLK
  mprj/_753_/CLK
  mprj/_754_/CLK
  mprj/_755_/CLK
  mprj/_756_/CLK
  mprj/_757_/CLK
  mprj/_758_/CLK
  mprj2/_675_/CLK
  mprj2/_676_/CLK
  mprj2/_677_/CLK
  mprj2/_678_/CLK
  mprj2/_679_/CLK
  mprj2/_680_/CLK
  mprj2/_681_/CLK
  mprj2/_682_/CLK
  mprj2/_683_/CLK
  mprj2/_684_/CLK
  mprj2/_685_/CLK
  mprj2/_686_/CLK
  mprj2/_687_/CLK
  mprj2/_688_/CLK
  mprj2/_689_/CLK
  mprj2/_690_/CLK
  mprj2/_691_/CLK
  mprj2/_692_/CLK
  mprj2/_693_/CLK
  mprj2/_694_/CLK
  mprj2/_695_/CLK
  mprj2/_696_/CLK
  mprj2/_697_/CLK
  mprj2/_698_/CLK
  mprj2/_699_/CLK
  mprj2/_700_/CLK
  mprj2/_701_/CLK
  mprj2/_702_/CLK
  mprj2/_703_/CLK
  mprj2/_704_/CLK
  mprj2/_705_/CLK
  mprj2/_706_/CLK
  mprj2/_707_/CLK
  mprj2/_708_/CLK
  mprj2/_709_/CLK
  mprj2/_710_/CLK
  mprj2/_711_/CLK
  mprj2/_712_/CLK
  mprj2/_713_/CLK
  mprj2/_714_/CLK
  mprj2/_715_/CLK
  mprj2/_716_/CLK
  mprj2/_717_/CLK
  mprj2/_718_/CLK
  mprj2/_719_/CLK
  mprj2/_720_/CLK
  mprj2/_721_/CLK
  mprj2/_722_/CLK
  mprj2/_723_/CLK
  mprj2/_724_/CLK
  mprj2/_725_/CLK
  mprj2/_726_/CLK
  mprj2/_727_/CLK
  mprj2/_728_/CLK
  mprj2/_729_/CLK
  mprj2/_730_/CLK
  mprj2/_731_/CLK
  mprj2/_732_/CLK
  mprj2/_733_/CLK
  mprj2/_734_/CLK
  mprj2/_735_/CLK
  mprj2/_736_/CLK
  mprj2/_737_/CLK
  mprj2/_738_/CLK
  mprj2/_739_/CLK
  mprj2/_740_/CLK
  mprj2/_741_/CLK
  mprj2/_742_/CLK
  mprj2/_743_/CLK
  mprj2/_744_/CLK
  mprj2/_745_/CLK
  mprj2/_746_/CLK
  mprj2/_747_/CLK
  mprj2/_748_/CLK
  mprj2/_749_/CLK
  mprj2/_750_/CLK
  mprj2/_751_/CLK
  mprj2/_752_/CLK
  mprj2/_753_/CLK
  mprj2/_754_/CLK
  mprj2/_755_/CLK
  mprj2/_756_/CLK
  mprj2/_757_/CLK
  mprj2/_758_/CLK
Warning: There are 278 unconstrained endpoints.
  analog_io[0]
  analog_io[10]
  analog_io[11]
  analog_io[12]
  analog_io[13]
  analog_io[14]
  analog_io[15]
  analog_io[16]
  analog_io[17]
  analog_io[18]
  analog_io[19]
  analog_io[1]
  analog_io[20]
  analog_io[21]
  analog_io[22]
  analog_io[23]
  analog_io[24]
  analog_io[25]
  analog_io[26]
  analog_io[27]
  analog_io[28]
  analog_io[29]
  analog_io[2]
  analog_io[30]
  analog_io[31]
  analog_io[32]
  analog_io[33]
  analog_io[34]
  analog_io[35]
  analog_io[36]
  analog_io[37]
  analog_io[38]
  analog_io[39]
  analog_io[3]
  analog_io[40]
  analog_io[41]
  analog_io[42]
  analog_io[43]
  analog_io[4]
  analog_io[5]
  analog_io[6]
  analog_io[7]
  analog_io[8]
  analog_io[9]
  analog_noesd_io[0]
  analog_noesd_io[10]
  analog_noesd_io[11]
  analog_noesd_io[12]
  analog_noesd_io[13]
  analog_noesd_io[14]
  analog_noesd_io[15]
  analog_noesd_io[16]
  analog_noesd_io[17]
  analog_noesd_io[18]
  analog_noesd_io[19]
  analog_noesd_io[1]
  analog_noesd_io[20]
  analog_noesd_io[21]
  analog_noesd_io[22]
  analog_noesd_io[23]
  analog_noesd_io[24]
  analog_noesd_io[25]
  analog_noesd_io[26]
  analog_noesd_io[27]
  analog_noesd_io[28]
  analog_noesd_io[29]
  analog_noesd_io[2]
  analog_noesd_io[30]
  analog_noesd_io[31]
  analog_noesd_io[32]
  analog_noesd_io[33]
  analog_noesd_io[34]
  analog_noesd_io[35]
  analog_noesd_io[36]
  analog_noesd_io[37]
  analog_noesd_io[38]
  analog_noesd_io[39]
  analog_noesd_io[3]
  analog_noesd_io[40]
  analog_noesd_io[41]
  analog_noesd_io[42]
  analog_noesd_io[43]
  analog_noesd_io[4]
  analog_noesd_io[5]
  analog_noesd_io[6]
  analog_noesd_io[7]
  analog_noesd_io[8]
  analog_noesd_io[9]
  gpio_out[10]
  gpio_out[11]
  gpio_out[12]
  gpio_out[24]
  gpio_out[25]
  gpio_out[26]
  gpio_out[27]
  gpio_out[28]
  gpio_out[29]
  gpio_out[2]
  gpio_out[30]
  gpio_out[31]
  gpio_out[32]
  gpio_out[33]
  gpio_out[34]
  gpio_out[3]
  gpio_out[4]
  gpio_out[5]
  gpio_out[6]
  gpio_out[7]
  gpio_out[8]
  gpio_out[9]
  mprj/_675_/D
  mprj/_676_/D
  mprj/_677_/D
  mprj/_678_/D
  mprj/_679_/D
  mprj/_680_/D
  mprj/_681_/D
  mprj/_682_/D
  mprj/_683_/D
  mprj/_684_/D
  mprj/_685_/D
  mprj/_686_/D
  mprj/_687_/D
  mprj/_688_/D
  mprj/_689_/D
  mprj/_690_/D
  mprj/_691_/D
  mprj/_692_/D
  mprj/_693_/D
  mprj/_694_/D
  mprj/_695_/D
  mprj/_696_/D
  mprj/_697_/D
  mprj/_698_/D
  mprj/_699_/D
  mprj/_700_/D
  mprj/_701_/D
  mprj/_702_/D
  mprj/_703_/D
  mprj/_704_/D
  mprj/_705_/D
  mprj/_706_/D
  mprj/_707_/D
  mprj/_708_/D
  mprj/_709_/D
  mprj/_710_/D
  mprj/_711_/D
  mprj/_712_/D
  mprj/_713_/D
  mprj/_714_/D
  mprj/_715_/D
  mprj/_716_/D
  mprj/_717_/D
  mprj/_718_/D
  mprj/_719_/D
  mprj/_720_/D
  mprj/_721_/D
  mprj/_722_/D
  mprj/_723_/D
  mprj/_724_/D
  mprj/_725_/D
  mprj/_726_/D
  mprj/_727_/D
  mprj/_728_/D
  mprj/_729_/D
  mprj/_730_/D
  mprj/_731_/D
  mprj/_732_/D
  mprj/_733_/D
  mprj/_734_/D
  mprj/_735_/D
  mprj/_736_/D
  mprj/_737_/D
  mprj/_738_/D
  mprj/_739_/D
  mprj/_740_/D
  mprj/_741_/D
  mprj/_742_/D
  mprj/_743_/D
  mprj/_744_/D
  mprj/_745_/D
  mprj/_746_/D
  mprj/_747_/D
  mprj/_748_/D
  mprj/_749_/D
  mprj/_750_/D
  mprj/_751_/D
  mprj/_752_/D
  mprj/_753_/D
  mprj/_754_/D
  mprj/_755_/D
  mprj/_756_/D
  mprj/_757_/D
  mprj/_758_/D
  mprj2/_675_/D
  mprj2/_676_/D
  mprj2/_677_/D
  mprj2/_678_/D
  mprj2/_679_/D
  mprj2/_680_/D
  mprj2/_681_/D
  mprj2/_682_/D
  mprj2/_683_/D
  mprj2/_684_/D
  mprj2/_685_/D
  mprj2/_686_/D
  mprj2/_687_/D
  mprj2/_688_/D
  mprj2/_689_/D
  mprj2/_690_/D
  mprj2/_691_/D
  mprj2/_692_/D
  mprj2/_693_/D
  mprj2/_694_/D
  mprj2/_695_/D
  mprj2/_696_/D
  mprj2/_697_/D
  mprj2/_698_/D
  mprj2/_699_/D
  mprj2/_700_/D
  mprj2/_701_/D
  mprj2/_702_/D
  mprj2/_703_/D
  mprj2/_704_/D
  mprj2/_705_/D
  mprj2/_706_/D
  mprj2/_707_/D
  mprj2/_708_/D
  mprj2/_709_/D
  mprj2/_710_/D
  mprj2/_711_/D
  mprj2/_712_/D
  mprj2/_713_/D
  mprj2/_714_/D
  mprj2/_715_/D
  mprj2/_716_/D
  mprj2/_717_/D
  mprj2/_718_/D
  mprj2/_719_/D
  mprj2/_720_/D
  mprj2/_721_/D
  mprj2/_722_/D
  mprj2/_723_/D
  mprj2/_724_/D
  mprj2/_725_/D
  mprj2/_726_/D
  mprj2/_727_/D
  mprj2/_728_/D
  mprj2/_729_/D
  mprj2/_730_/D
  mprj2/_731_/D
  mprj2/_732_/D
  mprj2/_733_/D
  mprj2/_734_/D
  mprj2/_735_/D
  mprj2/_736_/D
  mprj2/_737_/D
  mprj2/_738_/D
  mprj2/_739_/D
  mprj2/_740_/D
  mprj2/_741_/D
  mprj2/_742_/D
  mprj2/_743_/D
  mprj2/_744_/D
  mprj2/_745_/D
  mprj2/_746_/D
  mprj2/_747_/D
  mprj2/_748_/D
  mprj2/_749_/D
  mprj2/_750_/D
  mprj2/_751_/D
  mprj2/_752_/D
  mprj2/_753_/D
  mprj2/_754_/D
  mprj2/_755_/D
  mprj2/_756_/D
  mprj2/_757_/D
  mprj2/_758_/D
