Clock: __VIRTUAL_CLK__
Sources: 
Generated: no
Virtual: yes
Propagated: no
Period: 10.000000

===========================================================================
report_clock_properties
============================================================================
Clock                   Period          Waveform
----------------------------------------------------
__VIRTUAL_CLK__      10.000000    0.000000  5.000000

===========================================================================
report_clock_latency
============================================================================
Clock __VIRTUAL_CLK__
rise -> rise
    min     max
0.000000 0.000000 source latency
3.141577         network latency mprj/_701_/CLK
        3.267187 network latency mprj/_683_/CLK
---------------
3.141577 3.267187 latency
        0.125610 skew

rise -> fall
    min     max
0.000000 0.000000 source latency
2.879592         network latency mprj/_701_/CLK
        2.976832 network latency mprj/_683_/CLK
---------------
2.879592 2.976832 latency
        0.097240 skew



===========================================================================
report_clock_min_period
============================================================================
__VIRTUAL_CLK__ period_min = 0.00 fmax = inf
