
===========================================================================
report_checks -unconstrained
===========================================================================
======================= max_ff_n40C_1v95 Corner ===================================

Startpoint: gpio_loopback_zero[25] (input port clocked by __VIRTUAL_CLK__)
Endpoint: gpio_slow_sel[25] (output port clocked by __VIRTUAL_CLK__)
Path Group: __VIRTUAL_CLK__
Path Type: max

Fanout         Cap        Slew       Delay        Time   Description
---------------------------------------------------------------------------------------------
                      0.000000    0.000000    0.000000   clock __VIRTUAL_CLK__ (rise edge)
                                  0.000000    0.000000   clock network delay (ideal)
                                  2.000000    2.000000 ^ input external delay
    11    0.381498    1.283115    0.951037    2.951037 ^ gpio_loopback_zero[25] (in)
                                                         gpio_loopback_zero[25] (net)
                      1.285172    0.000000    2.951037 ^ gpio_slow_sel[25] (out)
                                              2.951037   data arrival time

                      0.000000   10.000000   10.000000   clock __VIRTUAL_CLK__ (rise edge)
                                  0.000000   10.000000   clock network delay (ideal)
                                 -0.250000    9.750000   clock uncertainty
                                  0.000000    9.750000   clock reconvergence pessimism
                                 -2.000000    7.750000   output external delay
                                              7.750000   data required time
---------------------------------------------------------------------------------------------
                                              7.750000   data required time
                                             -2.951037   data arrival time
---------------------------------------------------------------------------------------------
                                              4.798963   slack (MET)




===========================================================================
report_checks --slack_max -0.01
============================================================================
======================= max_ff_n40C_1v95 Corner ===================================

No paths found.


===========================================================================
 report_check_types -max_slew -max_cap -max_fanout -violators
============================================================================
======================= max_ff_n40C_1v95 Corner ===================================

max slew

Pin                                        Limit        Slew       Slack
------------------------------------------------------------------------
gpio_slow_sel[35]                       0.500000    1.286088   -0.786088 (VIOLATED)
gpio_dm1[35]                            0.500000    1.286086   -0.786086 (VIOLATED)
gpio_analog_en[35]                      0.500000    1.286083   -0.786083 (VIOLATED)
gpio_dm0[35]                            0.500000    1.286040   -0.786040 (VIOLATED)
gpio_analog_pol[35]                     0.500000    1.286034   -0.786034 (VIOLATED)
gpio_analog_sel[35]                     0.500000    1.285980   -0.785980 (VIOLATED)
gpio_dm2[35]                            0.500000    1.285976   -0.785976 (VIOLATED)
gpio_holdover[35]                       0.500000    1.285971   -0.785971 (VIOLATED)
gpio_out[35]                            0.500000    1.285967   -0.785966 (VIOLATED)
gpio_vtrip_sel[35]                      0.500000    1.285950   -0.785950 (VIOLATED)
gpio_ib_mode_sel[35]                    0.500000    1.285867   -0.785867 (VIOLATED)
gpio_loopback_zero[35]                  0.500000    1.285766   -0.785766 (VIOLATED)
gpio_slow_sel[25]                       0.500000    1.285172   -0.785172 (VIOLATED)
gpio_dm1[25]                            0.500000    1.285166   -0.785166 (VIOLATED)
gpio_analog_en[25]                      0.500000    1.285155   -0.785155 (VIOLATED)
gpio_dm0[25]                            0.500000    1.285149   -0.785149 (VIOLATED)
gpio_slow_sel[21]                       0.500000    1.285132   -0.785132 (VIOLATED)
gpio_dm1[21]                            0.500000    1.285127   -0.785127 (VIOLATED)
gpio_analog_en[21]                      0.500000    1.285075   -0.785075 (VIOLATED)
gpio_dm0[21]                            0.500000    1.285057   -0.785057 (VIOLATED)
gpio_analog_pol[21]                     0.500000    1.285033   -0.785033 (VIOLATED)
gpio_analog_pol[25]                     0.500000    1.285009   -0.785009 (VIOLATED)
gpio_analog_sel[21]                     0.500000    1.284857   -0.784857 (VIOLATED)
gpio_dm2[21]                            0.500000    1.284827   -0.784827 (VIOLATED)
gpio_holdover[21]                       0.500000    1.284794   -0.784794 (VIOLATED)
gpio_out[21]                            0.500000    1.284765   -0.784765 (VIOLATED)
gpio_analog_sel[25]                     0.500000    1.284664   -0.784663 (VIOLATED)
gpio_dm2[25]                            0.500000    1.284603   -0.784603 (VIOLATED)
gpio_vtrip_sel[21]                      0.500000    1.284568   -0.784568 (VIOLATED)
gpio_ib_mode_sel[21]                    0.500000    1.284541   -0.784541 (VIOLATED)
gpio_holdover[25]                       0.500000    1.284535   -0.784535 (VIOLATED)
gpio_out[25]                            0.500000    1.284469   -0.784469 (VIOLATED)
gpio_loopback_zero[21]                  0.500000    1.284430   -0.784430 (VIOLATED)
gpio_slow_sel[22]                       0.500000    1.284124   -0.784124 (VIOLATED)
gpio_dm1[22]                            0.500000    1.284119   -0.784119 (VIOLATED)
gpio_analog_en[22]                      0.500000    1.284068   -0.784068 (VIOLATED)
gpio_vtrip_sel[25]                      0.500000    1.284056   -0.784056 (VIOLATED)
gpio_dm0[22]                            0.500000    1.284051   -0.784051 (VIOLATED)
gpio_analog_pol[22]                     0.500000    1.284027   -0.784027 (VIOLATED)
gpio_slow_sel[15]                       0.500000    1.284012   -0.784012 (VIOLATED)
gpio_dm1[15]                            0.500000    1.284009   -0.784009 (VIOLATED)
gpio_slow_sel[37]                       0.500000    1.283960   -0.783960 (VIOLATED)
gpio_dm1[37]                            0.500000    1.283956   -0.783956 (VIOLATED)
gpio_analog_en[15]                      0.500000    1.283951   -0.783951 (VIOLATED)
gpio_analog_en[37]                      0.500000    1.283952   -0.783952 (VIOLATED)
gpio_dm0[37]                            0.500000    1.283949   -0.783949 (VIOLATED)
gpio_analog_pol[37]                     0.500000    1.283944   -0.783944 (VIOLATED)
gpio_slow_sel[19]                       0.500000    1.283937   -0.783937 (VIOLATED)
gpio_dm0[15]                            0.500000    1.283933   -0.783933 (VIOLATED)
gpio_dm1[19]                            0.500000    1.283934   -0.783934 (VIOLATED)
gpio_analog_sel[37]                     0.500000    1.283919   -0.783919 (VIOLATED)
gpio_analog_pol[15]                     0.500000    1.283910   -0.783910 (VIOLATED)
gpio_analog_en[19]                      0.500000    1.283875   -0.783875 (VIOLATED)
gpio_analog_sel[22]                     0.500000    1.283868   -0.783868 (VIOLATED)
gpio_dm0[19]                            0.500000    1.283857   -0.783857 (VIOLATED)
gpio_dm2[22]                            0.500000    1.283840   -0.783840 (VIOLATED)
gpio_analog_pol[19]                     0.500000    1.283833   -0.783833 (VIOLATED)
gpio_dm2[37]                            0.500000    1.283822   -0.783822 (VIOLATED)
gpio_holdover[22]                       0.500000    1.283808   -0.783808 (VIOLATED)
gpio_out[22]                            0.500000    1.283778   -0.783778 (VIOLATED)
gpio_analog_sel[15]                     0.500000    1.283737   -0.783737 (VIOLATED)
gpio_holdover[37]                       0.500000    1.283718   -0.783718 (VIOLATED)
gpio_dm2[15]                            0.500000    1.283708   -0.783708 (VIOLATED)
gpio_out[37]                            0.500000    1.283687   -0.783687 (VIOLATED)
gpio_analog_sel[19]                     0.500000    1.283675   -0.783675 (VIOLATED)
gpio_holdover[15]                       0.500000    1.283675   -0.783675 (VIOLATED)
gpio_dm2[19]                            0.500000    1.283649   -0.783649 (VIOLATED)
gpio_out[15]                            0.500000    1.283645   -0.783645 (VIOLATED)
gpio_holdover[19]                       0.500000    1.283616   -0.783616 (VIOLATED)
gpio_vtrip_sel[22]                      0.500000    1.283596   -0.783596 (VIOLATED)
gpio_ib_mode_sel[25]                    0.500000    1.283593   -0.783593 (VIOLATED)
gpio_vtrip_sel[37]                      0.500000    1.283586   -0.783586 (VIOLATED)
gpio_out[19]                            0.500000    1.283585   -0.783585 (VIOLATED)
gpio_ib_mode_sel[22]                    0.500000    1.283574   -0.783574 (VIOLATED)
gpio_loopback_zero[22]                  0.500000    1.283473   -0.783473 (VIOLATED)
gpio_ib_mode_sel[37]                    0.500000    1.283472   -0.783472 (VIOLATED)
gpio_vtrip_sel[15]                      0.500000    1.283468   -0.783468 (VIOLATED)
gpio_ib_mode_sel[15]                    0.500000    1.283441   -0.783441 (VIOLATED)
gpio_vtrip_sel[19]                      0.500000    1.283391   -0.783391 (VIOLATED)
gpio_loopback_zero[37]                  0.500000    1.283381   -0.783381 (VIOLATED)
gpio_ib_mode_sel[19]                    0.500000    1.283365   -0.783365 (VIOLATED)
gpio_loopback_zero[15]                  0.500000    1.283329   -0.783329 (VIOLATED)
gpio_loopback_zero[19]                  0.500000    1.283255   -0.783255 (VIOLATED)
gpio_loopback_zero[25]                  0.500000    1.283115   -0.783115 (VIOLATED)
gpio_slow_sel[20]                       0.500000    1.282606   -0.782606 (VIOLATED)
gpio_dm1[20]                            0.500000    1.282602   -0.782602 (VIOLATED)
gpio_analog_en[20]                      0.500000    1.282549   -0.782549 (VIOLATED)
gpio_dm0[20]                            0.500000    1.282531   -0.782531 (VIOLATED)
gpio_analog_pol[20]                     0.500000    1.282507   -0.782507 (VIOLATED)
gpio_slow_sel[27]                       0.500000    1.282505   -0.782505 (VIOLATED)
gpio_dm1[27]                            0.500000    1.282502   -0.782502 (VIOLATED)
gpio_analog_en[27]                      0.500000    1.282434   -0.782434 (VIOLATED)
gpio_dm0[27]                            0.500000    1.282415   -0.782415 (VIOLATED)
gpio_analog_pol[27]                     0.500000    1.282391   -0.782391 (VIOLATED)
gpio_analog_sel[20]                     0.500000    1.282335   -0.782335 (VIOLATED)
gpio_dm2[20]                            0.500000    1.282306   -0.782306 (VIOLATED)
gpio_holdover[20]                       0.500000    1.282274   -0.782274 (VIOLATED)
gpio_analog_sel[27]                     0.500000    1.282265   -0.782265 (VIOLATED)
gpio_out[20]                            0.500000    1.282244   -0.782244 (VIOLATED)
gpio_dm2[27]                            0.500000    1.282234   -0.782234 (VIOLATED)
gpio_holdover[27]                       0.500000    1.282200   -0.782200 (VIOLATED)
gpio_out[27]                            0.500000    1.282168   -0.782168 (VIOLATED)
gpio_vtrip_sel[20]                      0.500000    1.282070   -0.782070 (VIOLATED)
gpio_vtrip_sel[27]                      0.500000    1.282065   -0.782065 (VIOLATED)
gpio_ib_mode_sel[20]                    0.500000    1.282043   -0.782043 (VIOLATED)
gpio_ib_mode_sel[27]                    0.500000    1.282030   -0.782030 (VIOLATED)
gpio_loopback_zero[20]                  0.500000    1.281931   -0.781931 (VIOLATED)
gpio_loopback_zero[27]                  0.500000    1.281848   -0.781848 (VIOLATED)
gpio_slow_sel[36]                       0.500000    1.280992   -0.780992 (VIOLATED)
gpio_dm1[36]                            0.500000    1.280973   -0.780973 (VIOLATED)
gpio_analog_en[36]                      0.500000    1.280856   -0.780856 (VIOLATED)
gpio_dm0[36]                            0.500000    1.280850   -0.780850 (VIOLATED)
gpio_analog_pol[36]                     0.500000    1.280784   -0.780784 (VIOLATED)
gpio_analog_sel[36]                     0.500000    1.280658   -0.780658 (VIOLATED)
gpio_dm2[36]                            0.500000    1.280628   -0.780628 (VIOLATED)
gpio_holdover[36]                       0.500000    1.280595   -0.780595 (VIOLATED)
gpio_out[36]                            0.500000    1.280563   -0.780563 (VIOLATED)
gpio_vtrip_sel[36]                      0.500000    1.280462   -0.780462 (VIOLATED)
gpio_ib_mode_sel[36]                    0.500000    1.280354   -0.780354 (VIOLATED)
gpio_slow_sel[34]                       0.500000    1.280336   -0.780336 (VIOLATED)
gpio_dm1[34]                            0.500000    1.280332   -0.780332 (VIOLATED)
gpio_analog_en[34]                      0.500000    1.280283   -0.780283 (VIOLATED)
gpio_loopback_zero[36]                  0.500000    1.280252   -0.780252 (VIOLATED)
gpio_dm0[34]                            0.500000    1.280234   -0.780234 (VIOLATED)
gpio_analog_pol[34]                     0.500000    1.280212   -0.780212 (VIOLATED)
gpio_analog_sel[34]                     0.500000    1.280085   -0.780085 (VIOLATED)
gpio_dm2[34]                            0.500000    1.280055   -0.780055 (VIOLATED)
gpio_holdover[34]                       0.500000    1.280021   -0.780021 (VIOLATED)
gpio_out[34]                            0.500000    1.279990   -0.779990 (VIOLATED)
gpio_vtrip_sel[34]                      0.500000    1.279888   -0.779888 (VIOLATED)
gpio_ib_mode_sel[34]                    0.500000    1.279780   -0.779780 (VIOLATED)
gpio_loopback_zero[34]                  0.500000    1.279679   -0.779679 (VIOLATED)
gpio_slow_sel[39]                       0.500000    1.279204   -0.779204 (VIOLATED)
gpio_dm1[39]                            0.500000    1.279203   -0.779203 (VIOLATED)
gpio_analog_en[39]                      0.500000    1.279201   -0.779201 (VIOLATED)
gpio_dm0[39]                            0.500000    1.279200   -0.779200 (VIOLATED)
gpio_analog_pol[39]                     0.500000    1.279199   -0.779199 (VIOLATED)
gpio_analog_sel[39]                     0.500000    1.279190   -0.779190 (VIOLATED)
gpio_dm2[39]                            0.500000    1.279188   -0.779188 (VIOLATED)
gpio_holdover[39]                       0.500000    1.279186   -0.779186 (VIOLATED)
gpio_out[39]                            0.500000    1.279183   -0.779183 (VIOLATED)
gpio_vtrip_sel[39]                      0.500000    1.279176   -0.779175 (VIOLATED)
gpio_ib_mode_sel[39]                    0.500000    1.279172   -0.779172 (VIOLATED)
gpio_loopback_zero[39]                  0.500000    1.279133   -0.779133 (VIOLATED)
gpio_slow_sel[23]                       0.500000    1.279007   -0.779007 (VIOLATED)
gpio_dm1[23]                            0.500000    1.279004   -0.779004 (VIOLATED)
gpio_analog_en[23]                      0.500000    1.278947   -0.778947 (VIOLATED)
gpio_dm0[23]                            0.500000    1.278929   -0.778929 (VIOLATED)
gpio_analog_pol[23]                     0.500000    1.278905   -0.778905 (VIOLATED)
gpio_analog_sel[23]                     0.500000    1.278750   -0.778750 (VIOLATED)
gpio_dm2[23]                            0.500000    1.278723   -0.778723 (VIOLATED)
gpio_holdover[23]                       0.500000    1.278690   -0.778690 (VIOLATED)
gpio_out[23]                            0.500000    1.278659   -0.778659 (VIOLATED)
gpio_slow_sel[0]                        0.500000    1.278463   -0.778463 (VIOLATED)
gpio_vtrip_sel[23]                      0.500000    1.278462   -0.778462 (VIOLATED)
gpio_dm1[0]                             0.500000    1.278460   -0.778460 (VIOLATED)
gpio_analog_en[0]                       0.500000    1.278457   -0.778457 (VIOLATED)
gpio_analog_pol[0]                      0.500000    1.278451   -0.778451 (VIOLATED)
gpio_inp_dis[0]                         0.500000    1.278447   -0.778447 (VIOLATED)
gpio_ib_mode_sel[23]                    0.500000    1.278436   -0.778436 (VIOLATED)
gpio_analog_sel[0]                      0.500000    1.278356   -0.778356 (VIOLATED)
gpio_loopback_zero[23]                  0.500000    1.278334   -0.778334 (VIOLATED)
gpio_dm2[0]                             0.500000    1.278275   -0.778275 (VIOLATED)
gpio_holdover[0]                        0.500000    1.278245   -0.778245 (VIOLATED)
gpio_out[0]                             0.500000    1.278218   -0.778218 (VIOLATED)
gpio_slow_sel[32]                       0.500000    1.278167   -0.778166 (VIOLATED)
gpio_dm1[32]                            0.500000    1.278088   -0.778088 (VIOLATED)
gpio_vtrip_sel[0]                       0.500000    1.278071   -0.778071 (VIOLATED)
gpio_ib_mode_sel[0]                     0.500000    1.278063   -0.778063 (VIOLATED)
gpio_analog_en[32]                      0.500000    1.278048   -0.778048 (VIOLATED)
gpio_slow_sel[26]                       0.500000    1.278049   -0.778049 (VIOLATED)
gpio_dm1[26]                            0.500000    1.278046   -0.778045 (VIOLATED)
gpio_analog_en[26]                      0.500000    1.278041   -0.778041 (VIOLATED)
gpio_dm0[26]                            0.500000    1.278038   -0.778038 (VIOLATED)
gpio_analog_pol[26]                     0.500000    1.278033   -0.778033 (VIOLATED)
gpio_dm0[32]                            0.500000    1.278029   -0.778029 (VIOLATED)
gpio_analog_sel[26]                     0.500000    1.278008   -0.778008 (VIOLATED)
gpio_analog_pol[32]                     0.500000    1.278000   -0.778001 (VIOLATED)
gpio_dm2[26]                            0.500000    1.278001   -0.778001 (VIOLATED)
gpio_loopback_zero[0]                   0.500000    1.277989   -0.777989 (VIOLATED)
gpio_holdover[26]                       0.500000    1.277888   -0.777888 (VIOLATED)
gpio_analog_sel[32]                     0.500000    1.277865   -0.777865 (VIOLATED)
gpio_dm2[32]                            0.500000    1.277832   -0.777832 (VIOLATED)
gpio_holdover[32]                       0.500000    1.277796   -0.777796 (VIOLATED)
gpio_out[26]                            0.500000    1.277775   -0.777775 (VIOLATED)
gpio_vtrip_sel[26]                      0.500000    1.277673   -0.777673 (VIOLATED)
gpio_out[32]                            0.500000    1.277666   -0.777666 (VIOLATED)
gpio_ib_mode_sel[26]                    0.500000    1.277646   -0.777646 (VIOLATED)
gpio_vtrip_sel[32]                      0.500000    1.277575   -0.777575 (VIOLATED)
gpio_ib_mode_sel[32]                    0.500000    1.277490   -0.777490 (VIOLATED)
gpio_loopback_zero[26]                  0.500000    1.277460   -0.777460 (VIOLATED)
gpio_loopback_zero[32]                  0.500000    1.277385   -0.777385 (VIOLATED)
gpio_slow_sel[42]                       0.500000    1.277077   -0.777077 (VIOLATED)
gpio_dm1[42]                            0.500000    1.277076   -0.777076 (VIOLATED)
gpio_analog_en[42]                      0.500000    1.277075   -0.777075 (VIOLATED)
gpio_dm0[42]                            0.500000    1.277074   -0.777074 (VIOLATED)
gpio_analog_pol[42]                     0.500000    1.277072   -0.777072 (VIOLATED)
gpio_analog_sel[42]                     0.500000    1.277064   -0.777064 (VIOLATED)
gpio_dm2[42]                            0.500000    1.277061   -0.777062 (VIOLATED)
gpio_holdover[42]                       0.500000    1.277059   -0.777059 (VIOLATED)
gpio_out[42]                            0.500000    1.277057   -0.777057 (VIOLATED)
gpio_slow_sel[29]                       0.500000    1.277057   -0.777057 (VIOLATED)
gpio_dm1[29]                            0.500000    1.277053   -0.777053 (VIOLATED)
gpio_analog_en[29]                      0.500000    1.277049   -0.777049 (VIOLATED)
gpio_vtrip_sel[42]                      0.500000    1.277049   -0.777049 (VIOLATED)
gpio_ib_mode_sel[42]                    0.500000    1.277046   -0.777046 (VIOLATED)
gpio_loopback_zero[42]                  0.500000    1.277006   -0.777006 (VIOLATED)
gpio_dm0[29]                            0.500000    1.276980   -0.776980 (VIOLATED)
gpio_analog_pol[29]                     0.500000    1.276912   -0.776912 (VIOLATED)
gpio_slow_sel[18]                       0.500000    1.276901   -0.776901 (VIOLATED)
gpio_dm1[18]                            0.500000    1.276896   -0.776896 (VIOLATED)
gpio_analog_en[18]                      0.500000    1.276846   -0.776846 (VIOLATED)
gpio_dm0[18]                            0.500000    1.276829   -0.776829 (VIOLATED)
gpio_analog_pol[18]                     0.500000    1.276810   -0.776810 (VIOLATED)
gpio_analog_sel[29]                     0.500000    1.276777   -0.776777 (VIOLATED)
gpio_dm2[29]                            0.500000    1.276745   -0.776745 (VIOLATED)
gpio_holdover[29]                       0.500000    1.276710   -0.776710 (VIOLATED)
gpio_out[29]                            0.500000    1.276678   -0.776678 (VIOLATED)
gpio_analog_sel[18]                     0.500000    1.276655   -0.776655 (VIOLATED)
gpio_dm2[18]                            0.500000    1.276627   -0.776627 (VIOLATED)
gpio_holdover[18]                       0.500000    1.276596   -0.776596 (VIOLATED)
gpio_out[18]                            0.500000    1.276572   -0.776572 (VIOLATED)
gpio_vtrip_sel[29]                      0.500000    1.276572   -0.776572 (VIOLATED)
gpio_ib_mode_sel[29]                    0.500000    1.276535   -0.776535 (VIOLATED)
gpio_vtrip_sel[18]                      0.500000    1.276402   -0.776402 (VIOLATED)
gpio_ib_mode_sel[18]                    0.500000    1.276377   -0.776377 (VIOLATED)
gpio_loopback_zero[29]                  0.500000    1.276344   -0.776344 (VIOLATED)
gpio_loopback_zero[18]                  0.500000    1.276279   -0.776279 (VIOLATED)
gpio_slow_sel[38]                       0.500000    1.275699   -0.775699 (VIOLATED)
gpio_dm1[38]                            0.500000    1.275697   -0.775697 (VIOLATED)
gpio_analog_en[38]                      0.500000    1.275695   -0.775695 (VIOLATED)
gpio_dm0[38]                            0.500000    1.275692   -0.775692 (VIOLATED)
gpio_analog_pol[38]                     0.500000    1.275689   -0.775689 (VIOLATED)
gpio_analog_sel[38]                     0.500000    1.275624   -0.775624 (VIOLATED)
gpio_dm2[38]                            0.500000    1.275601   -0.775601 (VIOLATED)
gpio_holdover[38]                       0.500000    1.275569   -0.775569 (VIOLATED)
gpio_out[38]                            0.500000    1.275540   -0.775540 (VIOLATED)
gpio_vtrip_sel[38]                      0.500000    1.275491   -0.775491 (VIOLATED)
gpio_ib_mode_sel[38]                    0.500000    1.275488   -0.775488 (VIOLATED)
gpio_loopback_zero[38]                  0.500000    1.275453   -0.775453 (VIOLATED)
gpio_slow_sel[17]                       0.500000    1.274821   -0.774821 (VIOLATED)
gpio_dm1[17]                            0.500000    1.274817   -0.774818 (VIOLATED)
gpio_analog_en[17]                      0.500000    1.274759   -0.774759 (VIOLATED)
gpio_dm0[17]                            0.500000    1.274741   -0.774741 (VIOLATED)
gpio_analog_pol[17]                     0.500000    1.274718   -0.774718 (VIOLATED)
gpio_slow_sel[43]                       0.500000    1.274702   -0.774702 (VIOLATED)
gpio_dm1[43]                            0.500000    1.274700   -0.774700 (VIOLATED)
gpio_analog_en[43]                      0.500000    1.274697   -0.774697 (VIOLATED)
gpio_dm0[43]                            0.500000    1.274694   -0.774695 (VIOLATED)
gpio_analog_pol[43]                     0.500000    1.274691   -0.774691 (VIOLATED)
gpio_analog_sel[43]                     0.500000    1.274674   -0.774674 (VIOLATED)
gpio_dm2[43]                            0.500000    1.274669   -0.774669 (VIOLATED)
gpio_holdover[43]                       0.500000    1.274664   -0.774664 (VIOLATED)
gpio_out[43]                            0.500000    1.274659   -0.774659 (VIOLATED)
gpio_vtrip_sel[43]                      0.500000    1.274562   -0.774562 (VIOLATED)
gpio_analog_sel[17]                     0.500000    1.274547   -0.774547 (VIOLATED)
gpio_dm2[17]                            0.500000    1.274518   -0.774518 (VIOLATED)
gpio_ib_mode_sel[43]                    0.500000    1.274517   -0.774517 (VIOLATED)
gpio_holdover[17]                       0.500000    1.274486   -0.774486 (VIOLATED)
gpio_out[17]                            0.500000    1.274457   -0.774457 (VIOLATED)
gpio_loopback_zero[43]                  0.500000    1.274413   -0.774413 (VIOLATED)
gpio_slow_sel[16]                       0.500000    1.274349   -0.774349 (VIOLATED)
gpio_dm1[16]                            0.500000    1.274345   -0.774345 (VIOLATED)
gpio_analog_en[16]                      0.500000    1.274293   -0.774293 (VIOLATED)
gpio_dm0[16]                            0.500000    1.274275   -0.774275 (VIOLATED)
gpio_vtrip_sel[17]                      0.500000    1.274267   -0.774267 (VIOLATED)
gpio_analog_pol[16]                     0.500000    1.274252   -0.774252 (VIOLATED)
gpio_ib_mode_sel[17]                    0.500000    1.274243   -0.774243 (VIOLATED)
gpio_slow_sel[30]                       0.500000    1.274214   -0.774214 (VIOLATED)
gpio_dm1[30]                            0.500000    1.274192   -0.774192 (VIOLATED)
gpio_slow_sel[31]                       0.500000    1.274171   -0.774171 (VIOLATED)
gpio_dm1[31]                            0.500000    1.274167   -0.774167 (VIOLATED)
gpio_analog_en[30]                      0.500000    1.274163   -0.774163 (VIOLATED)
gpio_analog_en[31]                      0.500000    1.274163   -0.774163 (VIOLATED)
gpio_loopback_zero[17]                  0.500000    1.274152   -0.774152 (VIOLATED)
gpio_dm0[30]                            0.500000    1.274140   -0.774140 (VIOLATED)
gpio_analog_pol[30]                     0.500000    1.274110   -0.774110 (VIOLATED)
gpio_dm0[31]                            0.500000    1.274096   -0.774096 (VIOLATED)
gpio_analog_sel[16]                     0.500000    1.274083   -0.774083 (VIOLATED)
gpio_dm2[16]                            0.500000    1.274054   -0.774054 (VIOLATED)
gpio_analog_pol[31]                     0.500000    1.274029   -0.774029 (VIOLATED)
gpio_holdover[16]                       0.500000    1.274022   -0.774022 (VIOLATED)
gpio_out[16]                            0.500000    1.273992   -0.773992 (VIOLATED)
gpio_analog_sel[30]                     0.500000    1.273943   -0.773943 (VIOLATED)
gpio_analog_sel[31]                     0.500000    1.273903   -0.773903 (VIOLATED)
gpio_slow_sel[14]                       0.500000    1.273881   -0.773881 (VIOLATED)
gpio_dm2[31]                            0.500000    1.273873   -0.773873 (VIOLATED)
gpio_dm1[14]                            0.500000    1.273862   -0.773862 (VIOLATED)
gpio_holdover[31]                       0.500000    1.273839   -0.773839 (VIOLATED)
gpio_analog_en[14]                      0.500000    1.273835   -0.773835 (VIOLATED)
gpio_dm0[14]                            0.500000    1.273816   -0.773816 (VIOLATED)
gpio_vtrip_sel[16]                      0.500000    1.273809   -0.773809 (VIOLATED)
gpio_out[31]                            0.500000    1.273807   -0.773807 (VIOLATED)
gpio_dm2[30]                            0.500000    1.273801   -0.773801 (VIOLATED)
gpio_ib_mode_sel[16]                    0.500000    1.273783   -0.773783 (VIOLATED)
gpio_analog_pol[14]                     0.500000    1.273720   -0.773720 (VIOLATED)
gpio_vtrip_sel[31]                      0.500000    1.273705   -0.773705 (VIOLATED)
gpio_loopback_zero[16]                  0.500000    1.273683   -0.773683 (VIOLATED)
gpio_ib_mode_sel[31]                    0.500000    1.273670   -0.773670 (VIOLATED)
gpio_holdover[30]                       0.500000    1.273611   -0.773611 (VIOLATED)
gpio_analog_sel[14]                     0.500000    1.273513   -0.773513 (VIOLATED)
gpio_out[30]                            0.500000    1.273506   -0.773506 (VIOLATED)
gpio_loopback_zero[31]                  0.500000    1.273494   -0.773494 (VIOLATED)
gpio_dm2[14]                            0.500000    1.273485   -0.773485 (VIOLATED)
gpio_holdover[14]                       0.500000    1.273454   -0.773454 (VIOLATED)
gpio_out[14]                            0.500000    1.273425   -0.773426 (VIOLATED)
gpio_vtrip_sel[30]                      0.500000    1.273411   -0.773411 (VIOLATED)
gpio_ib_mode_sel[30]                    0.500000    1.273406   -0.773406 (VIOLATED)
gpio_vtrip_sel[14]                      0.500000    1.273337   -0.773337 (VIOLATED)
gpio_ib_mode_sel[14]                    0.500000    1.273240   -0.773240 (VIOLATED)
gpio_loopback_zero[30]                  0.500000    1.273232   -0.773232 (VIOLATED)
gpio_loopback_zero[14]                  0.500000    1.273169   -0.773169 (VIOLATED)
gpio_slow_sel[28]                       0.500000    1.272706   -0.772706 (VIOLATED)
gpio_dm1[28]                            0.500000    1.272684   -0.772684 (VIOLATED)
gpio_analog_en[28]                      0.500000    1.272656   -0.772656 (VIOLATED)
gpio_dm0[28]                            0.500000    1.272633   -0.772633 (VIOLATED)
gpio_analog_pol[28]                     0.500000    1.272604   -0.772604 (VIOLATED)
gpio_analog_sel[28]                     0.500000    1.272442   -0.772442 (VIOLATED)
gpio_dm2[28]                            0.500000    1.272168   -0.772168 (VIOLATED)
gpio_holdover[28]                       0.500000    1.272070   -0.772070 (VIOLATED)
gpio_slow_sel[33]                       0.500000    1.272061   -0.772061 (VIOLATED)
gpio_dm1[33]                            0.500000    1.272041   -0.772041 (VIOLATED)
gpio_out[28]                            0.500000    1.272040   -0.772040 (VIOLATED)
gpio_analog_en[33]                      0.500000    1.272015   -0.772015 (VIOLATED)
gpio_dm0[33]                            0.500000    1.271994   -0.771994 (VIOLATED)
gpio_ib_mode_sel[28]                    0.500000    1.271950   -0.771950 (VIOLATED)
gpio_analog_pol[33]                     0.500000    1.271889   -0.771889 (VIOLATED)
gpio_vtrip_sel[28]                      0.500000    1.271872   -0.771872 (VIOLATED)
gpio_loopback_zero[28]                  0.500000    1.271770   -0.771770 (VIOLATED)
gpio_slow_sel[24]                       0.500000    1.271728   -0.771728 (VIOLATED)
gpio_dm1[24]                            0.500000    1.271706   -0.771706 (VIOLATED)
gpio_analog_en[24]                      0.500000    1.271676   -0.771676 (VIOLATED)
gpio_analog_sel[33]                     0.500000    1.271666   -0.771666 (VIOLATED)
gpio_dm0[24]                            0.500000    1.271653   -0.771653 (VIOLATED)
gpio_dm2[33]                            0.500000    1.271636   -0.771636 (VIOLATED)
gpio_analog_pol[24]                     0.500000    1.271621   -0.771622 (VIOLATED)
gpio_holdover[33]                       0.500000    1.271602   -0.771602 (VIOLATED)
gpio_out[33]                            0.500000    1.271570   -0.771570 (VIOLATED)
gpio_vtrip_sel[33]                      0.500000    1.271469   -0.771469 (VIOLATED)
gpio_slow_sel[41]                       0.500000    1.271386   -0.771386 (VIOLATED)
gpio_dm1[41]                            0.500000    1.271385   -0.771385 (VIOLATED)
gpio_analog_en[41]                      0.500000    1.271383   -0.771383 (VIOLATED)
gpio_dm0[41]                            0.500000    1.271382   -0.771382 (VIOLATED)
gpio_analog_pol[41]                     0.500000    1.271381   -0.771381 (VIOLATED)
gpio_analog_sel[41]                     0.500000    1.271373   -0.771373 (VIOLATED)
gpio_dm2[41]                            0.500000    1.271371   -0.771371 (VIOLATED)
gpio_holdover[41]                       0.500000    1.271369   -0.771369 (VIOLATED)
gpio_out[41]                            0.500000    1.271366   -0.771366 (VIOLATED)
gpio_ib_mode_sel[33]                    0.500000    1.271362   -0.771362 (VIOLATED)
gpio_analog_sel[24]                     0.500000    1.271359   -0.771359 (VIOLATED)
gpio_vtrip_sel[41]                      0.500000    1.271359   -0.771359 (VIOLATED)
gpio_ib_mode_sel[41]                    0.500000    1.271356   -0.771356 (VIOLATED)
gpio_loopback_zero[41]                  0.500000    1.271320   -0.771320 (VIOLATED)
gpio_loopback_zero[33]                  0.500000    1.271260   -0.771260 (VIOLATED)
gpio_dm2[24]                            0.500000    1.271106   -0.771106 (VIOLATED)
gpio_holdover[24]                       0.500000    1.271070   -0.771070 (VIOLATED)
gpio_out[24]                            0.500000    1.271038   -0.771038 (VIOLATED)
gpio_slow_sel[40]                       0.500000    1.271036   -0.771036 (VIOLATED)
gpio_dm1[40]                            0.500000    1.271034   -0.771034 (VIOLATED)
gpio_analog_en[40]                      0.500000    1.271033   -0.771033 (VIOLATED)
gpio_dm0[40]                            0.500000    1.271032   -0.771032 (VIOLATED)
gpio_analog_pol[40]                     0.500000    1.271030   -0.771030 (VIOLATED)
gpio_analog_sel[40]                     0.500000    1.271023   -0.771023 (VIOLATED)
gpio_dm2[40]                            0.500000    1.271020   -0.771020 (VIOLATED)
gpio_holdover[40]                       0.500000    1.271018   -0.771018 (VIOLATED)
gpio_out[40]                            0.500000    1.271016   -0.771016 (VIOLATED)
gpio_vtrip_sel[40]                      0.500000    1.271008   -0.771008 (VIOLATED)
gpio_ib_mode_sel[40]                    0.500000    1.271005   -0.771005 (VIOLATED)
gpio_loopback_zero[40]                  0.500000    1.270970   -0.770970 (VIOLATED)
gpio_vtrip_sel[24]                      0.500000    1.270933   -0.770933 (VIOLATED)
gpio_ib_mode_sel[24]                    0.500000    1.270897   -0.770897 (VIOLATED)
gpio_loopback_zero[24]                  0.500000    1.270707   -0.770707 (VIOLATED)
gpio_slow_sel[13]                       0.500000    1.266350   -0.766350 (VIOLATED)
gpio_dm1[13]                            0.500000    1.266323   -0.766323 (VIOLATED)
gpio_analog_en[13]                      0.500000    1.266226   -0.766226 (VIOLATED)
gpio_dm0[13]                            0.500000    1.266217   -0.766217 (VIOLATED)
gpio_analog_pol[13]                     0.500000    1.266120   -0.766120 (VIOLATED)
gpio_analog_sel[13]                     0.500000    1.265822   -0.765822 (VIOLATED)
gpio_dm2[13]                            0.500000    1.265615   -0.765615 (VIOLATED)
gpio_holdover[13]                       0.500000    1.265487   -0.765487 (VIOLATED)
gpio_out[13]                            0.500000    1.265448   -0.765448 (VIOLATED)
gpio_vtrip_sel[13]                      0.500000    1.265220   -0.765220 (VIOLATED)
gpio_ib_mode_sel[13]                    0.500000    1.265209   -0.765209 (VIOLATED)
gpio_loopback_zero[13]                  0.500000    1.264974   -0.764974 (VIOLATED)
gpio_analog_en[12]                      0.500000    1.061495   -0.561495 (VIOLATED)
gpio_slow_sel[12]                       0.500000    1.061476   -0.561476 (VIOLATED)
gpio_dm0[12]                            0.500000    1.061469   -0.561469 (VIOLATED)
gpio_analog_pol[12]                     0.500000    1.061466   -0.561466 (VIOLATED)
gpio_analog_sel[12]                     0.500000    1.061449   -0.561449 (VIOLATED)
gpio_holdover[12]                       0.500000    1.061440   -0.561440 (VIOLATED)
gpio_vtrip_sel[12]                      0.500000    1.061420   -0.561420 (VIOLATED)
gpio_ib_mode_sel[12]                    0.500000    1.061334   -0.561333 (VIOLATED)
gpio_oeb[12]                            0.500000    1.061250   -0.561250 (VIOLATED)
gpio_loopback_zero[12]                  0.500000    1.061140   -0.561140 (VIOLATED)
gpio_slow_sel[11]                       0.500000    1.060434   -0.560434 (VIOLATED)
gpio_analog_en[11]                      0.500000    1.060432   -0.560432 (VIOLATED)
gpio_dm0[11]                            0.500000    1.060431   -0.560431 (VIOLATED)
gpio_analog_pol[11]                     0.500000    1.060430   -0.560430 (VIOLATED)
gpio_analog_sel[11]                     0.500000    1.060425   -0.560425 (VIOLATED)
gpio_holdover[11]                       0.500000    1.060422   -0.560422 (VIOLATED)
gpio_vtrip_sel[11]                      0.500000    1.060416   -0.560416 (VIOLATED)
gpio_ib_mode_sel[11]                    0.500000    1.060414   -0.560414 (VIOLATED)
gpio_oeb[11]                            0.500000    1.060412   -0.560412 (VIOLATED)
gpio_loopback_zero[11]                  0.500000    1.060391   -0.560391 (VIOLATED)
gpio_slow_sel[3]                        0.500000    1.057780   -0.557780 (VIOLATED)
gpio_analog_en[3]                       0.500000    1.057776   -0.557776 (VIOLATED)
gpio_dm0[3]                             0.500000    1.057774   -0.557774 (VIOLATED)
gpio_analog_pol[3]                      0.500000    1.057772   -0.557772 (VIOLATED)
gpio_analog_sel[3]                      0.500000    1.057707   -0.557707 (VIOLATED)
gpio_holdover[3]                        0.500000    1.057665   -0.557665 (VIOLATED)
gpio_vtrip_sel[3]                       0.500000    1.057652   -0.557652 (VIOLATED)
gpio_ib_mode_sel[3]                     0.500000    1.057648   -0.557648 (VIOLATED)
gpio_oeb[3]                             0.500000    1.057643   -0.557643 (VIOLATED)
gpio_loopback_zero[3]                   0.500000    1.057520   -0.557520 (VIOLATED)
gpio_slow_sel[9]                        0.500000    1.056759   -0.556759 (VIOLATED)
gpio_analog_en[9]                       0.500000    1.056748   -0.556748 (VIOLATED)
gpio_dm0[9]                             0.500000    1.056747   -0.556747 (VIOLATED)
gpio_analog_pol[9]                      0.500000    1.056746   -0.556746 (VIOLATED)
gpio_analog_sel[9]                      0.500000    1.056740   -0.556740 (VIOLATED)
gpio_holdover[9]                        0.500000    1.056736   -0.556736 (VIOLATED)
gpio_vtrip_sel[9]                       0.500000    1.056730   -0.556730 (VIOLATED)
gpio_ib_mode_sel[9]                     0.500000    1.056728   -0.556728 (VIOLATED)
gpio_oeb[9]                             0.500000    1.056726   -0.556726 (VIOLATED)
gpio_loopback_zero[9]                   0.500000    1.056705   -0.556705 (VIOLATED)
gpio_slow_sel[10]                       0.500000    1.055189   -0.555189 (VIOLATED)
gpio_analog_en[10]                      0.500000    1.055138   -0.555138 (VIOLATED)
gpio_dm0[10]                            0.500000    1.055123   -0.555123 (VIOLATED)
gpio_analog_pol[10]                     0.500000    1.055120   -0.555120 (VIOLATED)
gpio_analog_sel[10]                     0.500000    1.055102   -0.555102 (VIOLATED)
gpio_holdover[10]                       0.500000    1.055024   -0.555024 (VIOLATED)
gpio_vtrip_sel[10]                      0.500000    1.054896   -0.554896 (VIOLATED)
gpio_ib_mode_sel[10]                    0.500000    1.054829   -0.554829 (VIOLATED)
gpio_oeb[10]                            0.500000    1.054824   -0.554824 (VIOLATED)
gpio_loopback_zero[10]                  0.500000    1.054771   -0.554771 (VIOLATED)
gpio_slow_sel[8]                        0.500000    1.054647   -0.554647 (VIOLATED)
gpio_analog_en[8]                       0.500000    1.054640   -0.554640 (VIOLATED)
gpio_dm0[8]                             0.500000    1.054593   -0.554593 (VIOLATED)
gpio_analog_pol[8]                      0.500000    1.054589   -0.554589 (VIOLATED)
gpio_analog_sel[8]                      0.500000    1.054461   -0.554461 (VIOLATED)
gpio_holdover[8]                        0.500000    1.054368   -0.554368 (VIOLATED)
gpio_vtrip_sel[8]                       0.500000    1.054280   -0.554280 (VIOLATED)
gpio_ib_mode_sel[8]                     0.500000    1.054256   -0.554256 (VIOLATED)
gpio_oeb[8]                             0.500000    1.054230   -0.554230 (VIOLATED)
gpio_slow_sel[4]                        0.500000    1.054202   -0.554202 (VIOLATED)
gpio_analog_en[4]                       0.500000    1.054197   -0.554197 (VIOLATED)
gpio_dm0[4]                             0.500000    1.054195   -0.554195 (VIOLATED)
gpio_analog_pol[4]                      0.500000    1.054192   -0.554192 (VIOLATED)
gpio_analog_sel[4]                      0.500000    1.054174   -0.554174 (VIOLATED)
gpio_holdover[4]                        0.500000    1.054163   -0.554163 (VIOLATED)
gpio_loopback_zero[8]                   0.500000    1.054115   -0.554115 (VIOLATED)
gpio_vtrip_sel[4]                       0.500000    1.054063   -0.554063 (VIOLATED)
gpio_ib_mode_sel[4]                     0.500000    1.053977   -0.553977 (VIOLATED)
gpio_oeb[4]                             0.500000    1.053949   -0.553949 (VIOLATED)
gpio_loopback_zero[4]                   0.500000    1.053806   -0.553806 (VIOLATED)
gpio_slow_sel[7]                        0.500000    1.053801   -0.553801 (VIOLATED)
gpio_analog_en[7]                       0.500000    1.053763   -0.553763 (VIOLATED)
gpio_dm0[7]                             0.500000    1.053751   -0.553751 (VIOLATED)
gpio_analog_pol[7]                      0.500000    1.053734   -0.553734 (VIOLATED)
gpio_analog_sel[7]                      0.500000    1.053636   -0.553636 (VIOLATED)
gpio_holdover[7]                        0.500000    1.053589   -0.553589 (VIOLATED)
gpio_vtrip_sel[7]                       0.500000    1.053500   -0.553500 (VIOLATED)
gpio_ib_mode_sel[7]                     0.500000    1.053475   -0.553475 (VIOLATED)
gpio_oeb[7]                             0.500000    1.053449   -0.553449 (VIOLATED)
gpio_loopback_zero[7]                   0.500000    1.053326   -0.553326 (VIOLATED)
gpio_slow_sel[6]                        0.500000    1.050776   -0.550776 (VIOLATED)
gpio_analog_en[6]                       0.500000    1.050742   -0.550742 (VIOLATED)
gpio_dm0[6]                             0.500000    1.050728   -0.550728 (VIOLATED)
gpio_analog_pol[6]                      0.500000    1.050708   -0.550708 (VIOLATED)
gpio_analog_sel[6]                      0.500000    1.050462   -0.550462 (VIOLATED)
gpio_holdover[6]                        0.500000    1.050416   -0.550416 (VIOLATED)
gpio_vtrip_sel[6]                       0.500000    1.050328   -0.550328 (VIOLATED)
gpio_ib_mode_sel[6]                     0.500000    1.050301   -0.550301 (VIOLATED)
gpio_oeb[6]                             0.500000    1.050276   -0.550276 (VIOLATED)
gpio_loopback_zero[6]                   0.500000    1.050153   -0.550153 (VIOLATED)
gpio_slow_sel[2]                        0.500000    1.048842   -0.548842 (VIOLATED)
gpio_analog_en[2]                       0.500000    1.048799   -0.548799 (VIOLATED)
gpio_dm0[2]                             0.500000    1.048727   -0.548727 (VIOLATED)
gpio_analog_pol[2]                      0.500000    1.048600   -0.548600 (VIOLATED)
gpio_analog_sel[2]                      0.500000    1.048404   -0.548404 (VIOLATED)
gpio_holdover[2]                        0.500000    1.048335   -0.548335 (VIOLATED)
gpio_vtrip_sel[2]                       0.500000    1.048196   -0.548196 (VIOLATED)
gpio_ib_mode_sel[2]                     0.500000    1.048155   -0.548155 (VIOLATED)
gpio_oeb[2]                             0.500000    1.048012   -0.548012 (VIOLATED)
gpio_loopback_zero[2]                   0.500000    1.047755   -0.547755 (VIOLATED)
gpio_slow_sel[5]                        0.500000    1.047739   -0.547739 (VIOLATED)
gpio_analog_en[5]                       0.500000    1.047693   -0.547693 (VIOLATED)
gpio_dm0[5]                             0.500000    1.047686   -0.547686 (VIOLATED)
gpio_analog_pol[5]                      0.500000    1.047555   -0.547555 (VIOLATED)
gpio_analog_sel[5]                      0.500000    1.047360   -0.547360 (VIOLATED)
gpio_holdover[5]                        0.500000    1.047288   -0.547288 (VIOLATED)
gpio_vtrip_sel[5]                       0.500000    1.047146   -0.547146 (VIOLATED)
gpio_ib_mode_sel[5]                     0.500000    1.047104   -0.547104 (VIOLATED)
gpio_oeb[5]                             0.500000    1.047058   -0.547058 (VIOLATED)
gpio_loopback_zero[5]                   0.500000    1.046678   -0.546678 (VIOLATED)
gpio_slow_sel[1]                        0.500000    1.045352   -0.545352 (VIOLATED)
gpio_analog_en[1]                       0.500000    1.045268   -0.545268 (VIOLATED)
gpio_analog_pol[1]                      0.500000    1.045219   -0.545219 (VIOLATED)
gpio_inp_dis[1]                         0.500000    1.045200   -0.545200 (VIOLATED)
gpio_analog_sel[1]                      0.500000    1.045090   -0.545090 (VIOLATED)
gpio_holdover[1]                        0.500000    1.044940   -0.544940 (VIOLATED)
gpio_vtrip_sel[1]                       0.500000    1.044718   -0.544718 (VIOLATED)
gpio_ib_mode_sel[1]                     0.500000    1.044690   -0.544690 (VIOLATED)
gpio_oeb[1]                             0.500000    1.044661   -0.544661 (VIOLATED)
gpio_loopback_zero[1]                   0.500000    1.044510   -0.544510 (VIOLATED)
mprj/clkbuf_0_wb_clk_i/A                0.500000    0.700788   -0.200788 (VIOLATED)
mprj/ANTENNA_clkbuf_0_wb_clk_i_A/DIODE    0.500000    0.700680   -0.200680 (VIOLATED)
gpio_in[0]                              0.500000    0.646413   -0.146413 (VIOLATED)
gpio_out[8]                             0.500000    0.635272   -0.135272 (VIOLATED)
mprj/output9/X                          0.500000    0.635014   -0.135014 (VIOLATED)
gpio_out[7]                             0.500000    0.611583   -0.111583 (VIOLATED)
mprj/output8/X                          0.500000    0.611323   -0.111323 (VIOLATED)
mprj/output2/A                          0.500000    0.585739   -0.085739 (VIOLATED)
mprj/ANTENNA_output2_A/DIODE            0.500000    0.585694   -0.085694 (VIOLATED)
mprj/_578_/A2                           0.500000    0.570639   -0.070639 (VIOLATED)
mprj/ANTENNA__578__A2/DIODE             0.500000    0.570637   -0.070637 (VIOLATED)
mprj/ANTENNA__571__A2/DIODE             0.500000    0.570628   -0.070628 (VIOLATED)
mprj/_571_/A2                           0.500000    0.570626   -0.070626 (VIOLATED)
mprj/_575_/B1                           0.500000    0.570626   -0.070626 (VIOLATED)
mprj/ANTENNA__575__B1/DIODE             0.500000    0.570622   -0.070622 (VIOLATED)
mprj/_580_/B1                           0.500000    0.570621   -0.070621 (VIOLATED)
mprj/ANTENNA__580__B1/DIODE             0.500000    0.570615   -0.070615 (VIOLATED)
mprj/ANTENNA__564__X/DIODE              0.500000    0.570512   -0.070512 (VIOLATED)
mprj/_564_/X                            0.500000    0.570486   -0.070486 (VIOLATED)
gpio_out[9]                             0.500000    0.570162   -0.070162 (VIOLATED)
mprj/output10/X                         0.500000    0.569954   -0.069954 (VIOLATED)
gpio_out[6]                             0.500000    0.564988   -0.064988 (VIOLATED)
mprj/output7/X                          0.500000    0.564764   -0.064764 (VIOLATED)
mprj/fanout25/A                         0.500000    0.561226   -0.061226 (VIOLATED)
mprj/ANTENNA_fanout25_A/DIODE           0.500000    0.561216   -0.061216 (VIOLATED)
mprj/ANTENNA_fanout19_A/DIODE           0.500000    0.558844   -0.058844 (VIOLATED)
mprj/fanout19/A                         0.500000    0.558495   -0.058495 (VIOLATED)
gpio_out[5]                             0.500000    0.542910   -0.042910 (VIOLATED)
mprj/output6/X                          0.500000    0.542709   -0.042709 (VIOLATED)
mprj/output11/A                         0.500000    0.525374   -0.025374 (VIOLATED)
mprj/ANTENNA_output11_A/DIODE           0.500000    0.525325   -0.025325 (VIOLATED)
mprj/ANTENNA_input1_X/DIODE             0.500000    0.521125   -0.021125 (VIOLATED)
mprj/input1/X                           0.500000    0.521101   -0.021101 (VIOLATED)
gpio_out[10]                            0.500000    0.519777   -0.019777 (VIOLATED)
mprj/output11/X                         0.500000    0.519601   -0.019601 (VIOLATED)
mprj/ANTENNA__590__X/DIODE              0.500000    0.509353   -0.009353 (VIOLATED)
mprj/_590_/X                            0.500000    0.509333   -0.009333 (VIOLATED)

max fanout

Pin                                   Limit Fanout  Slack
---------------------------------------------------------
mprj/wire20/X                            10     19     -9 (VIOLATED)
mprj/clkbuf_0_wb_clk_i/X                 10     17     -7 (VIOLATED)
mprj/load_slew26/X                       10     15     -5 (VIOLATED)
mprj/clkbuf_3_6_0_wb_clk_i/X             10     12     -2 (VIOLATED)
mprj/clkbuf_3_7_0_wb_clk_i/X             10     12     -2 (VIOLATED)
mprj/_384_/Y                             10     11        (VIOLATED)
mprj/_385_/Y                             10     11        (VIOLATED)
mprj/_564_/X                             10     11        (VIOLATED)
mprj/clkbuf_3_0_0_wb_clk_i/X             10     11        (VIOLATED)
mprj/clkbuf_3_1_0_wb_clk_i/X             10     11        (VIOLATED)
mprj/clkbuf_3_2_0_wb_clk_i/X             10     11        (VIOLATED)
mprj/clkbuf_3_3_0_wb_clk_i/X             10     11        (VIOLATED)
mprj/clkbuf_3_4_0_wb_clk_i/X             10     11        (VIOLATED)
mprj/clkbuf_3_5_0_wb_clk_i/X             10     11        (VIOLATED)

max capacitance

Pin                                        Limit         Cap       Slack
------------------------------------------------------------------------
gpio_loopback_zero[35]                  0.200000    0.383147   -0.183147 (VIOLATED)
gpio_loopback_zero[21]                  0.200000    0.382522   -0.182522 (VIOLATED)
gpio_loopback_zero[22]                  0.200000    0.382266   -0.182266 (VIOLATED)
gpio_loopback_zero[26]                  0.200000    0.382226   -0.182226 (VIOLATED)
gpio_loopback_zero[37]                  0.200000    0.382222   -0.182222 (VIOLATED)
gpio_loopback_zero[32]                  0.200000    0.382208   -0.182208 (VIOLATED)
gpio_loopback_zero[15]                  0.200000    0.382203   -0.182203 (VIOLATED)
gpio_loopback_zero[19]                  0.200000    0.382177   -0.182177 (VIOLATED)
gpio_loopback_zero[29]                  0.200000    0.381895   -0.181895 (VIOLATED)
gpio_loopback_zero[20]                  0.200000    0.381787   -0.181787 (VIOLATED)
gpio_loopback_zero[27]                  0.200000    0.381747   -0.181747 (VIOLATED)
gpio_loopback_zero[39]                  0.200000    0.381578   -0.181578 (VIOLATED)
gpio_loopback_zero[25]                  0.200000    0.381498   -0.181498 (VIOLATED)
gpio_loopback_zero[36]                  0.200000    0.381278   -0.181278 (VIOLATED)
gpio_loopback_zero[34]                  0.200000    0.381117   -0.181117 (VIOLATED)
gpio_loopback_zero[31]                  0.200000    0.381034   -0.181034 (VIOLATED)
gpio_loopback_zero[30]                  0.200000    0.380982   -0.180982 (VIOLATED)
gpio_loopback_zero[42]                  0.200000    0.380941   -0.180941 (VIOLATED)
gpio_loopback_zero[0]                   0.200000    0.380718   -0.180718 (VIOLATED)
gpio_loopback_zero[23]                  0.200000    0.380712   -0.180712 (VIOLATED)
gpio_loopback_zero[28]                  0.200000    0.380535   -0.180535 (VIOLATED)
gpio_loopback_zero[33]                  0.200000    0.380369   -0.180369 (VIOLATED)
gpio_loopback_zero[24]                  0.200000    0.380227   -0.180227 (VIOLATED)
gpio_loopback_zero[38]                  0.200000    0.380209   -0.180209 (VIOLATED)
gpio_loopback_zero[18]                  0.200000    0.380128   -0.180128 (VIOLATED)
gpio_loopback_zero[43]                  0.200000    0.379736   -0.179736 (VIOLATED)
gpio_loopback_zero[17]                  0.200000    0.379476   -0.179476 (VIOLATED)
gpio_loopback_zero[16]                  0.200000    0.379326   -0.179326 (VIOLATED)
gpio_loopback_zero[41]                  0.200000    0.379256   -0.179256 (VIOLATED)
gpio_loopback_zero[14]                  0.200000    0.379185   -0.179185 (VIOLATED)
gpio_loopback_zero[40]                  0.200000    0.379153   -0.179153 (VIOLATED)
gpio_loopback_zero[13]                  0.200000    0.378530   -0.178530 (VIOLATED)
gpio_loopback_zero[11]                  0.200000    0.316158   -0.116158 (VIOLATED)
gpio_loopback_zero[12]                  0.200000    0.315856   -0.115856 (VIOLATED)
gpio_loopback_zero[9]                   0.200000    0.315043   -0.115043 (VIOLATED)
gpio_loopback_zero[3]                   0.200000    0.314889   -0.114889 (VIOLATED)
gpio_loopback_zero[10]                  0.200000    0.314007   -0.114007 (VIOLATED)
gpio_loopback_zero[8]                   0.200000    0.313716   -0.113716 (VIOLATED)
gpio_loopback_zero[4]                   0.200000    0.313625   -0.113625 (VIOLATED)
gpio_loopback_zero[7]                   0.200000    0.313502   -0.113502 (VIOLATED)
gpio_loopback_zero[2]                   0.200000    0.313291   -0.113291 (VIOLATED)
gpio_loopback_zero[5]                   0.200000    0.312970   -0.112970 (VIOLATED)
gpio_loopback_zero[6]                   0.200000    0.312506   -0.112506 (VIOLATED)
gpio_loopback_zero[1]                   0.200000    0.312293   -0.112293 (VIOLATED)
mprj/wire14/X                           0.200000    0.201405   -0.001405 (VIOLATED)



===========================================================================
report_parasitic_annotation -report_unannotated
============================================================================
Found 217 unannotated drivers.
 analog_io[0]
 analog_io[10]
 analog_io[11]
 analog_io[12]
 analog_io[13]
 analog_io[14]
 analog_io[15]
 analog_io[16]
 analog_io[17]
 analog_io[18]
 analog_io[19]
 analog_io[1]
 analog_io[20]
 analog_io[21]
 analog_io[22]
 analog_io[23]
 analog_io[24]
 analog_io[25]
 analog_io[26]
 analog_io[27]
 analog_io[28]
 analog_io[29]
 analog_io[2]
 analog_io[30]
 analog_io[31]
 analog_io[32]
 analog_io[33]
 analog_io[34]
 analog_io[35]
 analog_io[36]
 analog_io[37]
 analog_io[38]
 analog_io[39]
 analog_io[3]
 analog_io[40]
 analog_io[41]
 analog_io[42]
 analog_io[43]
 analog_io[4]
 analog_io[5]
 analog_io[6]
 analog_io[7]
 analog_io[8]
 analog_io[9]
 analog_noesd_io[0]
 analog_noesd_io[10]
 analog_noesd_io[11]
 analog_noesd_io[12]
 analog_noesd_io[13]
 analog_noesd_io[14]
 analog_noesd_io[15]
 analog_noesd_io[16]
 analog_noesd_io[17]
 analog_noesd_io[18]
 analog_noesd_io[19]
 analog_noesd_io[1]
 analog_noesd_io[20]
 analog_noesd_io[21]
 analog_noesd_io[22]
 analog_noesd_io[23]
 analog_noesd_io[24]
 analog_noesd_io[25]
 analog_noesd_io[26]
 analog_noesd_io[27]
 analog_noesd_io[28]
 analog_noesd_io[29]
 analog_noesd_io[2]
 analog_noesd_io[30]
 analog_noesd_io[31]
 analog_noesd_io[32]
 analog_noesd_io[33]
 analog_noesd_io[34]
 analog_noesd_io[35]
 analog_noesd_io[36]
 analog_noesd_io[37]
 analog_noesd_io[38]
 analog_noesd_io[39]
 analog_noesd_io[3]
 analog_noesd_io[40]
 analog_noesd_io[41]
 analog_noesd_io[42]
 analog_noesd_io[43]
 analog_noesd_io[4]
 analog_noesd_io[5]
 analog_noesd_io[6]
 analog_noesd_io[7]
 analog_noesd_io[8]
 analog_noesd_io[9]
 gpio_in[10]
 gpio_in[11]
 gpio_in[12]
 gpio_in[13]
 gpio_in[14]
 gpio_in[15]
 gpio_in[16]
 gpio_in[17]
 gpio_in[18]
 gpio_in[19]
 gpio_in[20]
 gpio_in[21]
 gpio_in[22]
 gpio_in[23]
 gpio_in[24]
 gpio_in[25]
 gpio_in[26]
 gpio_in[27]
 gpio_in[28]
 gpio_in[29]
 gpio_in[2]
 gpio_in[30]
 gpio_in[31]
 gpio_in[32]
 gpio_in[33]
 gpio_in[34]
 gpio_in[35]
 gpio_in[36]
 gpio_in[37]
 gpio_in[38]
 gpio_in[39]
 gpio_in[3]
 gpio_in[40]
 gpio_in[41]
 gpio_in[42]
 gpio_in[43]
 gpio_in[4]
 gpio_in[5]
 gpio_in[6]
 gpio_in[7]
 gpio_in[8]
 gpio_in[9]
 gpio_in_h[0]
 gpio_in_h[10]
 gpio_in_h[11]
 gpio_in_h[12]
 gpio_in_h[13]
 gpio_in_h[14]
 gpio_in_h[15]
 gpio_in_h[16]
 gpio_in_h[17]
 gpio_in_h[18]
 gpio_in_h[19]
 gpio_in_h[1]
 gpio_in_h[20]
 gpio_in_h[21]
 gpio_in_h[22]
 gpio_in_h[23]
 gpio_in_h[24]
 gpio_in_h[25]
 gpio_in_h[26]
 gpio_in_h[27]
 gpio_in_h[28]
 gpio_in_h[29]
 gpio_in_h[2]
 gpio_in_h[30]
 gpio_in_h[31]
 gpio_in_h[32]
 gpio_in_h[33]
 gpio_in_h[34]
 gpio_in_h[35]
 gpio_in_h[36]
 gpio_in_h[37]
 gpio_in_h[38]
 gpio_in_h[39]
 gpio_in_h[3]
 gpio_in_h[40]
 gpio_in_h[41]
 gpio_in_h[42]
 gpio_in_h[43]
 gpio_in_h[4]
 gpio_in_h[5]
 gpio_in_h[6]
 gpio_in_h[7]
 gpio_in_h[8]
 gpio_in_h[9]
 mask_rev[0]
 mask_rev[10]
 mask_rev[11]
 mask_rev[12]
 mask_rev[13]
 mask_rev[14]
 mask_rev[15]
 mask_rev[16]
 mask_rev[17]
 mask_rev[18]
 mask_rev[19]
 mask_rev[1]
 mask_rev[20]
 mask_rev[21]
 mask_rev[22]
 mask_rev[23]
 mask_rev[24]
 mask_rev[25]
 mask_rev[26]
 mask_rev[27]
 mask_rev[28]
 mask_rev[29]
 mask_rev[2]
 mask_rev[30]
 mask_rev[31]
 mask_rev[3]
 mask_rev[4]
 mask_rev[5]
 mask_rev[6]
 mask_rev[7]
 mask_rev[8]
 mask_rev[9]
 por_l
 porb_h
 porb_l
 resetb_h
 resetb_l
 mprj/clkload0/X
 mprj/clkload1/X
 mprj/clkload2/X
 mprj/clkload3/X
 mprj/clkload4/X
 mprj/clkload5/X
Found 0 partially unannotated drivers.

===========================================================================
max slew violation count 541
max fanout violation count 14
max cap violation count 45
============================================================================

===========================================================================
check_setup -verbose -unconstrained_endpoints -multiple_clock -no_clock -no_input_delay -loops -generated_clocks
===========================================================================
Warning: There are 84 unclocked register/latch pins.
  mprj/_675_/CLK
  mprj/_676_/CLK
  mprj/_677_/CLK
  mprj/_678_/CLK
  mprj/_679_/CLK
  mprj/_680_/CLK
  mprj/_681_/CLK
  mprj/_682_/CLK
  mprj/_683_/CLK
  mprj/_684_/CLK
  mprj/_685_/CLK
  mprj/_686_/CLK
  mprj/_687_/CLK
  mprj/_688_/CLK
  mprj/_689_/CLK
  mprj/_690_/CLK
  mprj/_691_/CLK
  mprj/_692_/CLK
  mprj/_693_/CLK
  mprj/_694_/CLK
  mprj/_695_/CLK
  mprj/_696_/CLK
  mprj/_697_/CLK
  mprj/_698_/CLK
  mprj/_699_/CLK
  mprj/_700_/CLK
  mprj/_701_/CLK
  mprj/_702_/CLK
  mprj/_703_/CLK
  mprj/_704_/CLK
  mprj/_705_/CLK
  mprj/_706_/CLK
  mprj/_707_/CLK
  mprj/_708_/CLK
  mprj/_709_/CLK
  mprj/_710_/CLK
  mprj/_711_/CLK
  mprj/_712_/CLK
  mprj/_713_/CLK
  mprj/_714_/CLK
  mprj/_715_/CLK
  mprj/_716_/CLK
  mprj/_717_/CLK
  mprj/_718_/CLK
  mprj/_719_/CLK
  mprj/_720_/CLK
  mprj/_721_/CLK
  mprj/_722_/CLK
  mprj/_723_/CLK
  mprj/_724_/CLK
  mprj/_725_/CLK
  mprj/_726_/CLK
  mprj/_727_/CLK
  mprj/_728_/CLK
  mprj/_729_/CLK
  mprj/_730_/CLK
  mprj/_731_/CLK
  mprj/_732_/CLK
  mprj/_733_/CLK
  mprj/_734_/CLK
  mprj/_735_/CLK
  mprj/_736_/CLK
  mprj/_737_/CLK
  mprj/_738_/CLK
  mprj/_739_/CLK
  mprj/_740_/CLK
  mprj/_741_/CLK
  mprj/_742_/CLK
  mprj/_743_/CLK
  mprj/_744_/CLK
  mprj/_745_/CLK
  mprj/_746_/CLK
  mprj/_747_/CLK
  mprj/_748_/CLK
  mprj/_749_/CLK
  mprj/_750_/CLK
  mprj/_751_/CLK
  mprj/_752_/CLK
  mprj/_753_/CLK
  mprj/_754_/CLK
  mprj/_755_/CLK
  mprj/_756_/CLK
  mprj/_757_/CLK
  mprj/_758_/CLK
Warning: There are 183 unconstrained endpoints.
  analog_io[0]
  analog_io[10]
  analog_io[11]
  analog_io[12]
  analog_io[13]
  analog_io[14]
  analog_io[15]
  analog_io[16]
  analog_io[17]
  analog_io[18]
  analog_io[19]
  analog_io[1]
  analog_io[20]
  analog_io[21]
  analog_io[22]
  analog_io[23]
  analog_io[24]
  analog_io[25]
  analog_io[26]
  analog_io[27]
  analog_io[28]
  analog_io[29]
  analog_io[2]
  analog_io[30]
  analog_io[31]
  analog_io[32]
  analog_io[33]
  analog_io[34]
  analog_io[35]
  analog_io[36]
  analog_io[37]
  analog_io[38]
  analog_io[39]
  analog_io[3]
  analog_io[40]
  analog_io[41]
  analog_io[42]
  analog_io[43]
  analog_io[4]
  analog_io[5]
  analog_io[6]
  analog_io[7]
  analog_io[8]
  analog_io[9]
  analog_noesd_io[0]
  analog_noesd_io[10]
  analog_noesd_io[11]
  analog_noesd_io[12]
  analog_noesd_io[13]
  analog_noesd_io[14]
  analog_noesd_io[15]
  analog_noesd_io[16]
  analog_noesd_io[17]
  analog_noesd_io[18]
  analog_noesd_io[19]
  analog_noesd_io[1]
  analog_noesd_io[20]
  analog_noesd_io[21]
  analog_noesd_io[22]
  analog_noesd_io[23]
  analog_noesd_io[24]
  analog_noesd_io[25]
  analog_noesd_io[26]
  analog_noesd_io[27]
  analog_noesd_io[28]
  analog_noesd_io[29]
  analog_noesd_io[2]
  analog_noesd_io[30]
  analog_noesd_io[31]
  analog_noesd_io[32]
  analog_noesd_io[33]
  analog_noesd_io[34]
  analog_noesd_io[35]
  analog_noesd_io[36]
  analog_noesd_io[37]
  analog_noesd_io[38]
  analog_noesd_io[39]
  analog_noesd_io[3]
  analog_noesd_io[40]
  analog_noesd_io[41]
  analog_noesd_io[42]
  analog_noesd_io[43]
  analog_noesd_io[4]
  analog_noesd_io[5]
  analog_noesd_io[6]
  analog_noesd_io[7]
  analog_noesd_io[8]
  analog_noesd_io[9]
  gpio_out[10]
  gpio_out[11]
  gpio_out[12]
  gpio_out[2]
  gpio_out[3]
  gpio_out[4]
  gpio_out[5]
  gpio_out[6]
  gpio_out[7]
  gpio_out[8]
  gpio_out[9]
  mprj/_675_/D
  mprj/_676_/D
  mprj/_677_/D
  mprj/_678_/D
  mprj/_679_/D
  mprj/_680_/D
  mprj/_681_/D
  mprj/_682_/D
  mprj/_683_/D
  mprj/_684_/D
  mprj/_685_/D
  mprj/_686_/D
  mprj/_687_/D
  mprj/_688_/D
  mprj/_689_/D
  mprj/_690_/D
  mprj/_691_/D
  mprj/_692_/D
  mprj/_693_/D
  mprj/_694_/D
  mprj/_695_/D
  mprj/_696_/D
  mprj/_697_/D
  mprj/_698_/D
  mprj/_699_/D
  mprj/_700_/D
  mprj/_701_/D
  mprj/_702_/D
  mprj/_703_/D
  mprj/_704_/D
  mprj/_705_/D
  mprj/_706_/D
  mprj/_707_/D
  mprj/_708_/D
  mprj/_709_/D
  mprj/_710_/D
  mprj/_711_/D
  mprj/_712_/D
  mprj/_713_/D
  mprj/_714_/D
  mprj/_715_/D
  mprj/_716_/D
  mprj/_717_/D
  mprj/_718_/D
  mprj/_719_/D
  mprj/_720_/D
  mprj/_721_/D
  mprj/_722_/D
  mprj/_723_/D
  mprj/_724_/D
  mprj/_725_/D
  mprj/_726_/D
  mprj/_727_/D
  mprj/_728_/D
  mprj/_729_/D
  mprj/_730_/D
  mprj/_731_/D
  mprj/_732_/D
  mprj/_733_/D
  mprj/_734_/D
  mprj/_735_/D
  mprj/_736_/D
  mprj/_737_/D
  mprj/_738_/D
  mprj/_739_/D
  mprj/_740_/D
  mprj/_741_/D
  mprj/_742_/D
  mprj/_743_/D
  mprj/_744_/D
  mprj/_745_/D
  mprj/_746_/D
  mprj/_747_/D
  mprj/_748_/D
  mprj/_749_/D
  mprj/_750_/D
  mprj/_751_/D
  mprj/_752_/D
  mprj/_753_/D
  mprj/_754_/D
  mprj/_755_/D
  mprj/_756_/D
  mprj/_757_/D
  mprj/_758_/D
