Clock: __VIRTUAL_CLK__
Sources: 
Generated: no
Virtual: yes
Propagated: no
Period: 10.000000

===========================================================================
report_clock_properties
============================================================================
Clock                   Period          Waveform
----------------------------------------------------
__VIRTUAL_CLK__      10.000000    0.000000  5.000000

===========================================================================
report_clock_latency
============================================================================
Clock __VIRTUAL_CLK__
rise -> rise
    min     max
0.000000 0.000000 source latency
2.788972         network latency mprj/_701_/CLK
        2.876813 network latency mprj/_683_/CLK
---------------
2.788972 2.876813 latency
        0.087842 skew

rise -> fall
    min     max
0.000000 0.000000 source latency
2.630409         network latency mprj/_701_/CLK
        2.701011 network latency mprj/_683_/CLK
---------------
2.630409 2.701011 latency
        0.070602 skew



===========================================================================
report_clock_min_period
============================================================================
__VIRTUAL_CLK__ period_min = 0.00 fmax = inf
