
===========================================================================
report_checks -unconstrained
===========================================================================
======================= min_ff_n40C_1v95 Corner ===================================

Startpoint: gpio_loopback_zero[25] (input port clocked by __VIRTUAL_CLK__)
Endpoint: gpio_slow_sel[25] (output port clocked by __VIRTUAL_CLK__)
Path Group: __VIRTUAL_CLK__
Path Type: max

Fanout         Cap        Slew       Delay        Time   Description
---------------------------------------------------------------------------------------------
                      0.000000    0.000000    0.000000   clock __VIRTUAL_CLK__ (rise edge)
                                  0.000000    0.000000   clock network delay (ideal)
                                  2.000000    2.000000 ^ input external delay
    11    0.380276    1.276662    0.940080    2.940080 ^ gpio_loopback_zero[25] (in)
                                                         gpio_loopback_zero[25] (net)
                      1.277107    0.000000    2.940080 ^ gpio_slow_sel[25] (out)
                                              2.940080   data arrival time

                      0.000000   10.000000   10.000000   clock __VIRTUAL_CLK__ (rise edge)
                                  0.000000   10.000000   clock network delay (ideal)
                                 -0.250000    9.750000   clock uncertainty
                                  0.000000    9.750000   clock reconvergence pessimism
                                 -2.000000    7.750000   output external delay
                                              7.750000   data required time
---------------------------------------------------------------------------------------------
                                              7.750000   data required time
                                             -2.940080   data arrival time
---------------------------------------------------------------------------------------------
                                              4.809921   slack (MET)




===========================================================================
report_checks --slack_max -0.01
============================================================================
======================= min_ff_n40C_1v95 Corner ===================================

No paths found.


===========================================================================
 report_check_types -max_slew -max_cap -max_fanout -violators
============================================================================
======================= min_ff_n40C_1v95 Corner ===================================

max slew

Pin                                        Limit        Slew       Slack
------------------------------------------------------------------------
gpio_slow_sel[25]                       0.500000    1.277107   -0.777107 (VIOLATED)
gpio_dm1[25]                            0.500000    1.277105   -0.777105 (VIOLATED)
gpio_analog_en[25]                      0.500000    1.277102   -0.777102 (VIOLATED)
gpio_dm0[25]                            0.500000    1.277100   -0.777100 (VIOLATED)
gpio_analog_pol[25]                     0.500000    1.277094   -0.777094 (VIOLATED)
gpio_analog_sel[25]                     0.500000    1.277008   -0.777008 (VIOLATED)
gpio_dm2[25]                            0.500000    1.276988   -0.776988 (VIOLATED)
gpio_holdover[25]                       0.500000    1.276965   -0.776965 (VIOLATED)
gpio_out[25]                            0.500000    1.276944   -0.776944 (VIOLATED)
gpio_vtrip_sel[25]                      0.500000    1.276867   -0.776867 (VIOLATED)
gpio_ib_mode_sel[25]                    0.500000    1.276846   -0.776846 (VIOLATED)
gpio_loopback_zero[25]                  0.500000    1.276662   -0.776662 (VIOLATED)
gpio_analog_en[35]                      0.500000    1.276208   -0.776208 (VIOLATED)
gpio_dm1[35]                            0.500000    1.276209   -0.776209 (VIOLATED)
gpio_slow_sel[35]                       0.500000    1.276209   -0.776209 (VIOLATED)
gpio_dm0[35]                            0.500000    1.276207   -0.776207 (VIOLATED)
gpio_analog_pol[35]                     0.500000    1.276206   -0.776206 (VIOLATED)
gpio_analog_sel[35]                     0.500000    1.276202   -0.776202 (VIOLATED)
gpio_dm2[35]                            0.500000    1.276201   -0.776201 (VIOLATED)
gpio_holdover[35]                       0.500000    1.276201   -0.776201 (VIOLATED)
gpio_out[35]                            0.500000    1.276200   -0.776200 (VIOLATED)
gpio_vtrip_sel[35]                      0.500000    1.276197   -0.776197 (VIOLATED)
gpio_ib_mode_sel[35]                    0.500000    1.276194   -0.776194 (VIOLATED)
gpio_loopback_zero[35]                  0.500000    1.276186   -0.776186 (VIOLATED)
gpio_slow_sel[32]                       0.500000    1.275167   -0.775167 (VIOLATED)
gpio_dm1[32]                            0.500000    1.275163   -0.775163 (VIOLATED)
gpio_analog_en[32]                      0.500000    1.275156   -0.775156 (VIOLATED)
gpio_dm0[32]                            0.500000    1.275152   -0.775152 (VIOLATED)
gpio_analog_pol[32]                     0.500000    1.275146   -0.775146 (VIOLATED)
gpio_analog_sel[32]                     0.500000    1.275117   -0.775117 (VIOLATED)
gpio_dm2[32]                            0.500000    1.275110   -0.775110 (VIOLATED)
gpio_holdover[32]                       0.500000    1.275104   -0.775104 (VIOLATED)
gpio_out[32]                            0.500000    1.275097   -0.775097 (VIOLATED)
gpio_vtrip_sel[32]                      0.500000    1.275092   -0.775092 (VIOLATED)
gpio_ib_mode_sel[32]                    0.500000    1.275090   -0.775090 (VIOLATED)
gpio_loopback_zero[32]                  0.500000    1.275081   -0.775081 (VIOLATED)
gpio_dm1[19]                            0.500000    1.275067   -0.775067 (VIOLATED)
gpio_slow_sel[19]                       0.500000    1.275068   -0.775068 (VIOLATED)
gpio_analog_en[19]                      0.500000    1.275063   -0.775063 (VIOLATED)
gpio_dm0[19]                            0.500000    1.275059   -0.775059 (VIOLATED)
gpio_analog_pol[19]                     0.500000    1.275053   -0.775053 (VIOLATED)
gpio_analog_sel[19]                     0.500000    1.275045   -0.775045 (VIOLATED)
gpio_dm2[19]                            0.500000    1.275038   -0.775038 (VIOLATED)
gpio_holdover[19]                       0.500000    1.275031   -0.775031 (VIOLATED)
gpio_out[19]                            0.500000    1.275024   -0.775024 (VIOLATED)
gpio_vtrip_sel[19]                      0.500000    1.275013   -0.775013 (VIOLATED)
gpio_dm1[15]                            0.500000    1.275010   -0.775010 (VIOLATED)
gpio_slow_sel[15]                       0.500000    1.275010   -0.775010 (VIOLATED)
gpio_ib_mode_sel[19]                    0.500000    1.275007   -0.775007 (VIOLATED)
gpio_analog_en[15]                      0.500000    1.275006   -0.775006 (VIOLATED)
gpio_dm0[15]                            0.500000    1.275001   -0.775001 (VIOLATED)
gpio_analog_pol[15]                     0.500000    1.274996   -0.774996 (VIOLATED)
gpio_loopback_zero[19]                  0.500000    1.274996   -0.774996 (VIOLATED)
gpio_analog_sel[15]                     0.500000    1.274984   -0.774984 (VIOLATED)
gpio_dm2[15]                            0.500000    1.274977   -0.774977 (VIOLATED)
gpio_holdover[15]                       0.500000    1.274970   -0.774970 (VIOLATED)
gpio_out[15]                            0.500000    1.274963   -0.774963 (VIOLATED)
gpio_vtrip_sel[15]                      0.500000    1.274956   -0.774956 (VIOLATED)
gpio_ib_mode_sel[15]                    0.500000    1.274949   -0.774949 (VIOLATED)
gpio_loopback_zero[15]                  0.500000    1.274939   -0.774939 (VIOLATED)
gpio_dm1[37]                            0.500000    1.274912   -0.774912 (VIOLATED)
gpio_slow_sel[37]                       0.500000    1.274912   -0.774912 (VIOLATED)
gpio_analog_en[37]                      0.500000    1.274911   -0.774911 (VIOLATED)
gpio_dm0[37]                            0.500000    1.274910   -0.774910 (VIOLATED)
gpio_analog_pol[37]                     0.500000    1.274909   -0.774909 (VIOLATED)
gpio_analog_sel[37]                     0.500000    1.274903   -0.774903 (VIOLATED)
gpio_dm2[37]                            0.500000    1.274900   -0.774900 (VIOLATED)
gpio_holdover[37]                       0.500000    1.274889   -0.774889 (VIOLATED)
gpio_out[37]                            0.500000    1.274881   -0.774881 (VIOLATED)
gpio_vtrip_sel[37]                      0.500000    1.274858   -0.774858 (VIOLATED)
gpio_ib_mode_sel[37]                    0.500000    1.274850   -0.774850 (VIOLATED)
gpio_loopback_zero[37]                  0.500000    1.274843   -0.774844 (VIOLATED)
gpio_slow_sel[26]                       0.500000    1.274827   -0.774827 (VIOLATED)
gpio_dm1[26]                            0.500000    1.274826   -0.774826 (VIOLATED)
gpio_analog_en[26]                      0.500000    1.274825   -0.774825 (VIOLATED)
gpio_dm0[26]                            0.500000    1.274825   -0.774825 (VIOLATED)
gpio_analog_pol[26]                     0.500000    1.274824   -0.774824 (VIOLATED)
gpio_analog_sel[26]                     0.500000    1.274818   -0.774818 (VIOLATED)
gpio_dm2[26]                            0.500000    1.274817   -0.774817 (VIOLATED)
gpio_holdover[26]                       0.500000    1.274813   -0.774813 (VIOLATED)
gpio_out[26]                            0.500000    1.274803   -0.774803 (VIOLATED)
gpio_vtrip_sel[26]                      0.500000    1.274780   -0.774780 (VIOLATED)
gpio_ib_mode_sel[26]                    0.500000    1.274776   -0.774776 (VIOLATED)
gpio_loopback_zero[26]                  0.500000    1.274766   -0.774766 (VIOLATED)
gpio_slow_sel[27]                       0.500000    1.274304   -0.774304 (VIOLATED)
gpio_slow_sel[36]                       0.500000    1.274305   -0.774305 (VIOLATED)
gpio_dm1[27]                            0.500000    1.274303   -0.774303 (VIOLATED)
gpio_analog_en[27]                      0.500000    1.274299   -0.774299 (VIOLATED)
gpio_dm1[36]                            0.500000    1.274299   -0.774299 (VIOLATED)
gpio_analog_en[36]                      0.500000    1.274294   -0.774294 (VIOLATED)
gpio_dm0[27]                            0.500000    1.274293   -0.774293 (VIOLATED)
gpio_dm0[36]                            0.500000    1.274292   -0.774292 (VIOLATED)
gpio_analog_pol[27]                     0.500000    1.274286   -0.774286 (VIOLATED)
gpio_analog_pol[36]                     0.500000    1.274284   -0.774283 (VIOLATED)
gpio_analog_sel[27]                     0.500000    1.274248   -0.774248 (VIOLATED)
gpio_analog_sel[36]                     0.500000    1.274246   -0.774246 (VIOLATED)
gpio_dm2[27]                            0.500000    1.274239   -0.774239 (VIOLATED)
gpio_dm2[36]                            0.500000    1.274237   -0.774237 (VIOLATED)
gpio_holdover[27]                       0.500000    1.274230   -0.774230 (VIOLATED)
gpio_holdover[36]                       0.500000    1.274228   -0.774228 (VIOLATED)
gpio_out[27]                            0.500000    1.274222   -0.774222 (VIOLATED)
gpio_out[36]                            0.500000    1.274220   -0.774220 (VIOLATED)
gpio_vtrip_sel[27]                      0.500000    1.274199   -0.774199 (VIOLATED)
gpio_vtrip_sel[36]                      0.500000    1.274197   -0.774197 (VIOLATED)
gpio_ib_mode_sel[27]                    0.500000    1.274193   -0.774193 (VIOLATED)
gpio_ib_mode_sel[36]                    0.500000    1.274189   -0.774189 (VIOLATED)
gpio_loopback_zero[27]                  0.500000    1.274183   -0.774183 (VIOLATED)
gpio_loopback_zero[36]                  0.500000    1.274181   -0.774181 (VIOLATED)
gpio_slow_sel[29]                       0.500000    1.273987   -0.773987 (VIOLATED)
gpio_dm1[29]                            0.500000    1.273986   -0.773986 (VIOLATED)
gpio_analog_en[29]                      0.500000    1.273985   -0.773984 (VIOLATED)
gpio_dm0[29]                            0.500000    1.273981   -0.773981 (VIOLATED)
gpio_analog_pol[29]                     0.500000    1.273972   -0.773972 (VIOLATED)
gpio_analog_sel[29]                     0.500000    1.273932   -0.773932 (VIOLATED)
gpio_dm2[29]                            0.500000    1.273923   -0.773923 (VIOLATED)
gpio_holdover[29]                       0.500000    1.273914   -0.773913 (VIOLATED)
gpio_out[29]                            0.500000    1.273905   -0.773905 (VIOLATED)
gpio_vtrip_sel[29]                      0.500000    1.273881   -0.773881 (VIOLATED)
gpio_ib_mode_sel[29]                    0.500000    1.273874   -0.773874 (VIOLATED)
gpio_loopback_zero[29]                  0.500000    1.273863   -0.773863 (VIOLATED)
gpio_slow_sel[20]                       0.500000    1.273803   -0.773803 (VIOLATED)
gpio_dm1[20]                            0.500000    1.273803   -0.773803 (VIOLATED)
gpio_analog_en[20]                      0.500000    1.273800   -0.773800 (VIOLATED)
gpio_dm0[20]                            0.500000    1.273795   -0.773795 (VIOLATED)
gpio_analog_pol[20]                     0.500000    1.273790   -0.773790 (VIOLATED)
gpio_analog_sel[20]                     0.500000    1.273778   -0.773778 (VIOLATED)
gpio_dm2[20]                            0.500000    1.273771   -0.773771 (VIOLATED)
gpio_holdover[20]                       0.500000    1.273764   -0.773764 (VIOLATED)
gpio_out[20]                            0.500000    1.273758   -0.773758 (VIOLATED)
gpio_vtrip_sel[20]                      0.500000    1.273751   -0.773751 (VIOLATED)
gpio_ib_mode_sel[20]                    0.500000    1.273744   -0.773744 (VIOLATED)
gpio_loopback_zero[20]                  0.500000    1.273733   -0.773733 (VIOLATED)
gpio_slow_sel[21]                       0.500000    1.272977   -0.772977 (VIOLATED)
gpio_dm1[21]                            0.500000    1.272976   -0.772976 (VIOLATED)
gpio_analog_en[21]                      0.500000    1.272974   -0.772974 (VIOLATED)
gpio_dm0[21]                            0.500000    1.272969   -0.772969 (VIOLATED)
gpio_analog_pol[21]                     0.500000    1.272964   -0.772964 (VIOLATED)
gpio_analog_sel[21]                     0.500000    1.272951   -0.772951 (VIOLATED)
gpio_dm2[21]                            0.500000    1.272944   -0.772944 (VIOLATED)
gpio_holdover[21]                       0.500000    1.272936   -0.772936 (VIOLATED)
gpio_out[21]                            0.500000    1.272930   -0.772930 (VIOLATED)
gpio_slow_sel[34]                       0.500000    1.272924   -0.772924 (VIOLATED)
gpio_dm1[34]                            0.500000    1.272923   -0.772923 (VIOLATED)
gpio_analog_en[34]                      0.500000    1.272920   -0.772920 (VIOLATED)
gpio_vtrip_sel[21]                      0.500000    1.272918   -0.772918 (VIOLATED)
gpio_dm0[34]                            0.500000    1.272913   -0.772913 (VIOLATED)
gpio_ib_mode_sel[21]                    0.500000    1.272911   -0.772911 (VIOLATED)
gpio_analog_pol[34]                     0.500000    1.272906   -0.772906 (VIOLATED)
gpio_loopback_zero[21]                  0.500000    1.272901   -0.772901 (VIOLATED)
gpio_slow_sel[22]                       0.500000    1.272875   -0.772875 (VIOLATED)
gpio_dm1[22]                            0.500000    1.272874   -0.772874 (VIOLATED)
gpio_analog_en[22]                      0.500000    1.272871   -0.772871 (VIOLATED)
gpio_analog_sel[34]                     0.500000    1.272868   -0.772868 (VIOLATED)
gpio_dm0[22]                            0.500000    1.272867   -0.772867 (VIOLATED)
gpio_analog_pol[22]                     0.500000    1.272862   -0.772862 (VIOLATED)
gpio_dm2[34]                            0.500000    1.272859   -0.772859 (VIOLATED)
gpio_analog_sel[22]                     0.500000    1.272853   -0.772853 (VIOLATED)
gpio_holdover[34]                       0.500000    1.272850   -0.772850 (VIOLATED)
gpio_dm2[22]                            0.500000    1.272846   -0.772846 (VIOLATED)
gpio_out[34]                            0.500000    1.272842   -0.772842 (VIOLATED)
gpio_holdover[22]                       0.500000    1.272839   -0.772839 (VIOLATED)
gpio_out[22]                            0.500000    1.272833   -0.772833 (VIOLATED)
gpio_vtrip_sel[22]                      0.500000    1.272824   -0.772824 (VIOLATED)
gpio_ib_mode_sel[22]                    0.500000    1.272819   -0.772819 (VIOLATED)
gpio_vtrip_sel[34]                      0.500000    1.272819   -0.772819 (VIOLATED)
gpio_ib_mode_sel[34]                    0.500000    1.272811   -0.772811 (VIOLATED)
gpio_loopback_zero[22]                  0.500000    1.272810   -0.772810 (VIOLATED)
gpio_loopback_zero[34]                  0.500000    1.272803   -0.772803 (VIOLATED)
gpio_slow_sel[31]                       0.500000    1.272324   -0.772324 (VIOLATED)
gpio_dm1[31]                            0.500000    1.272323   -0.772323 (VIOLATED)
gpio_analog_en[31]                      0.500000    1.272322   -0.772322 (VIOLATED)
gpio_dm0[31]                            0.500000    1.272319   -0.772319 (VIOLATED)
gpio_analog_pol[31]                     0.500000    1.272310   -0.772310 (VIOLATED)
gpio_analog_sel[31]                     0.500000    1.272273   -0.772273 (VIOLATED)
gpio_dm2[31]                            0.500000    1.272265   -0.772265 (VIOLATED)
gpio_holdover[31]                       0.500000    1.272256   -0.772256 (VIOLATED)
gpio_out[31]                            0.500000    1.272247   -0.772247 (VIOLATED)
gpio_vtrip_sel[31]                      0.500000    1.272225   -0.772225 (VIOLATED)
gpio_ib_mode_sel[31]                    0.500000    1.272219   -0.772219 (VIOLATED)
gpio_loopback_zero[31]                  0.500000    1.272210   -0.772210 (VIOLATED)
gpio_slow_sel[30]                       0.500000    1.271922   -0.771922 (VIOLATED)
gpio_dm1[30]                            0.500000    1.271917   -0.771917 (VIOLATED)
gpio_analog_en[30]                      0.500000    1.271910   -0.771910 (VIOLATED)
gpio_dm0[30]                            0.500000    1.271905   -0.771905 (VIOLATED)
gpio_analog_en[39]                      0.500000    1.271902   -0.771902 (VIOLATED)
gpio_analog_pol[39]                     0.500000    1.271901   -0.771901 (VIOLATED)
gpio_dm0[39]                            0.500000    1.271901   -0.771901 (VIOLATED)
gpio_dm1[39]                            0.500000    1.271902   -0.771902 (VIOLATED)
gpio_slow_sel[39]                       0.500000    1.271903   -0.771903 (VIOLATED)
gpio_analog_sel[39]                     0.500000    1.271899   -0.771899 (VIOLATED)
gpio_analog_pol[30]                     0.500000    1.271898   -0.771898 (VIOLATED)
gpio_dm2[39]                            0.500000    1.271898   -0.771898 (VIOLATED)
gpio_holdover[39]                       0.500000    1.271898   -0.771898 (VIOLATED)
gpio_out[39]                            0.500000    1.271897   -0.771897 (VIOLATED)
gpio_ib_mode_sel[39]                    0.500000    1.271894   -0.771894 (VIOLATED)
gpio_vtrip_sel[39]                      0.500000    1.271895   -0.771895 (VIOLATED)
gpio_loopback_zero[39]                  0.500000    1.271890   -0.771890 (VIOLATED)
gpio_analog_sel[30]                     0.500000    1.271864   -0.771864 (VIOLATED)
gpio_dm2[30]                            0.500000    1.271855   -0.771855 (VIOLATED)
gpio_holdover[30]                       0.500000    1.271849   -0.771849 (VIOLATED)
gpio_out[30]                            0.500000    1.271840   -0.771840 (VIOLATED)
gpio_vtrip_sel[30]                      0.500000    1.271822   -0.771822 (VIOLATED)
gpio_ib_mode_sel[30]                    0.500000    1.271821   -0.771821 (VIOLATED)
gpio_loopback_zero[30]                  0.500000    1.271813   -0.771813 (VIOLATED)
gpio_slow_sel[28]                       0.500000    1.271389   -0.771389 (VIOLATED)
gpio_dm1[28]                            0.500000    1.271384   -0.771384 (VIOLATED)
gpio_analog_en[28]                      0.500000    1.271377   -0.771377 (VIOLATED)
gpio_dm0[28]                            0.500000    1.271372   -0.771372 (VIOLATED)
gpio_analog_pol[28]                     0.500000    1.271365   -0.771365 (VIOLATED)
gpio_analog_sel[28]                     0.500000    1.271330   -0.771330 (VIOLATED)
gpio_dm2[28]                            0.500000    1.271321   -0.771321 (VIOLATED)
gpio_holdover[28]                       0.500000    1.271312   -0.771312 (VIOLATED)
gpio_out[28]                            0.500000    1.271304   -0.771304 (VIOLATED)
gpio_ib_mode_sel[28]                    0.500000    1.271286   -0.771286 (VIOLATED)
gpio_vtrip_sel[28]                      0.500000    1.271284   -0.771284 (VIOLATED)
gpio_loopback_zero[28]                  0.500000    1.271276   -0.771276 (VIOLATED)
gpio_slow_sel[23]                       0.500000    1.271057   -0.771058 (VIOLATED)
gpio_dm1[23]                            0.500000    1.271057   -0.771057 (VIOLATED)
gpio_analog_en[23]                      0.500000    1.271053   -0.771053 (VIOLATED)
gpio_dm0[23]                            0.500000    1.271049   -0.771049 (VIOLATED)
gpio_analog_pol[23]                     0.500000    1.271043   -0.771043 (VIOLATED)
gpio_analog_sel[23]                     0.500000    1.271035   -0.771035 (VIOLATED)
gpio_dm2[23]                            0.500000    1.271029   -0.771029 (VIOLATED)
gpio_holdover[23]                       0.500000    1.271021   -0.771021 (VIOLATED)
gpio_out[23]                            0.500000    1.271015   -0.771015 (VIOLATED)
gpio_vtrip_sel[23]                      0.500000    1.271002   -0.771002 (VIOLATED)
gpio_ib_mode_sel[23]                    0.500000    1.270996   -0.770996 (VIOLATED)
gpio_loopback_zero[23]                  0.500000    1.270988   -0.770988 (VIOLATED)
gpio_dm1[0]                             0.500000    1.270450   -0.770450 (VIOLATED)
gpio_slow_sel[0]                        0.500000    1.270451   -0.770451 (VIOLATED)
gpio_analog_en[0]                       0.500000    1.270449   -0.770449 (VIOLATED)
gpio_analog_pol[0]                      0.500000    1.270448   -0.770448 (VIOLATED)
gpio_inp_dis[0]                         0.500000    1.270447   -0.770447 (VIOLATED)
gpio_analog_sel[0]                      0.500000    1.270441   -0.770441 (VIOLATED)
gpio_dm2[0]                             0.500000    1.270433   -0.770433 (VIOLATED)
gpio_holdover[0]                        0.500000    1.270426   -0.770426 (VIOLATED)
gpio_out[0]                             0.500000    1.270420   -0.770420 (VIOLATED)
gpio_vtrip_sel[0]                       0.500000    1.270403   -0.770403 (VIOLATED)
gpio_ib_mode_sel[0]                     0.500000    1.270402   -0.770402 (VIOLATED)
gpio_loopback_zero[0]                   0.500000    1.270398   -0.770398 (VIOLATED)
gpio_analog_en[42]                      0.500000    1.270301   -0.770301 (VIOLATED)
gpio_analog_pol[42]                     0.500000    1.270300   -0.770300 (VIOLATED)
gpio_dm0[42]                            0.500000    1.270301   -0.770301 (VIOLATED)
gpio_dm1[42]                            0.500000    1.270301   -0.770301 (VIOLATED)
gpio_slow_sel[42]                       0.500000    1.270302   -0.770302 (VIOLATED)
gpio_analog_sel[42]                     0.500000    1.270298   -0.770298 (VIOLATED)
gpio_dm2[42]                            0.500000    1.270297   -0.770297 (VIOLATED)
gpio_holdover[42]                       0.500000    1.270297   -0.770297 (VIOLATED)
gpio_out[42]                            0.500000    1.270296   -0.770296 (VIOLATED)
gpio_ib_mode_sel[42]                    0.500000    1.270294   -0.770294 (VIOLATED)
gpio_vtrip_sel[42]                      0.500000    1.270294   -0.770294 (VIOLATED)
gpio_loopback_zero[42]                  0.500000    1.270289   -0.770289 (VIOLATED)
gpio_slow_sel[24]                       0.500000    1.270278   -0.770278 (VIOLATED)
gpio_dm1[24]                            0.500000    1.270272   -0.770272 (VIOLATED)
gpio_analog_en[24]                      0.500000    1.270264   -0.770264 (VIOLATED)
gpio_dm0[24]                            0.500000    1.270258   -0.770258 (VIOLATED)
gpio_analog_pol[24]                     0.500000    1.270250   -0.770250 (VIOLATED)
gpio_analog_sel[24]                     0.500000    1.270209   -0.770209 (VIOLATED)
gpio_dm2[24]                            0.500000    1.270197   -0.770197 (VIOLATED)
gpio_slow_sel[33]                       0.500000    1.270195   -0.770195 (VIOLATED)
gpio_dm1[33]                            0.500000    1.270190   -0.770190 (VIOLATED)
gpio_holdover[24]                       0.500000    1.270187   -0.770187 (VIOLATED)
gpio_analog_en[33]                      0.500000    1.270183   -0.770183 (VIOLATED)
gpio_dm0[33]                            0.500000    1.270178   -0.770178 (VIOLATED)
gpio_out[24]                            0.500000    1.270179   -0.770179 (VIOLATED)
gpio_analog_pol[33]                     0.500000    1.270170   -0.770170 (VIOLATED)
gpio_analog_sel[33]                     0.500000    1.270156   -0.770156 (VIOLATED)
gpio_vtrip_sel[24]                      0.500000    1.270155   -0.770155 (VIOLATED)
gpio_dm2[33]                            0.500000    1.270148   -0.770148 (VIOLATED)
gpio_ib_mode_sel[24]                    0.500000    1.270148   -0.770148 (VIOLATED)
gpio_holdover[33]                       0.500000    1.270139   -0.770139 (VIOLATED)
gpio_loopback_zero[24]                  0.500000    1.270138   -0.770138 (VIOLATED)
gpio_out[33]                            0.500000    1.270131   -0.770130 (VIOLATED)
gpio_vtrip_sel[33]                      0.500000    1.270107   -0.770107 (VIOLATED)
gpio_ib_mode_sel[33]                    0.500000    1.270100   -0.770100 (VIOLATED)
gpio_loopback_zero[33]                  0.500000    1.270092   -0.770092 (VIOLATED)
gpio_slow_sel[18]                       0.500000    1.268856   -0.768856 (VIOLATED)
gpio_dm1[18]                            0.500000    1.268855   -0.768855 (VIOLATED)
gpio_analog_en[18]                      0.500000    1.268852   -0.768852 (VIOLATED)
gpio_dm0[18]                            0.500000    1.268849   -0.768849 (VIOLATED)
gpio_analog_pol[18]                     0.500000    1.268844   -0.768844 (VIOLATED)
gpio_analog_sel[18]                     0.500000    1.268836   -0.768836 (VIOLATED)
gpio_dm2[18]                            0.500000    1.268829   -0.768829 (VIOLATED)
gpio_holdover[18]                       0.500000    1.268823   -0.768823 (VIOLATED)
gpio_out[18]                            0.500000    1.268818   -0.768818 (VIOLATED)
gpio_vtrip_sel[18]                      0.500000    1.268811   -0.768811 (VIOLATED)
gpio_ib_mode_sel[18]                    0.500000    1.268805   -0.768805 (VIOLATED)
gpio_loopback_zero[18]                  0.500000    1.268797   -0.768797 (VIOLATED)
gpio_dm1[38]                            0.500000    1.268646   -0.768646 (VIOLATED)
gpio_slow_sel[38]                       0.500000    1.268647   -0.768647 (VIOLATED)
gpio_analog_en[38]                      0.500000    1.268645   -0.768645 (VIOLATED)
gpio_dm0[38]                            0.500000    1.268645   -0.768645 (VIOLATED)
gpio_analog_pol[38]                     0.500000    1.268644   -0.768644 (VIOLATED)
gpio_analog_sel[38]                     0.500000    1.268639   -0.768639 (VIOLATED)
gpio_dm2[38]                            0.500000    1.268632   -0.768632 (VIOLATED)
gpio_holdover[38]                       0.500000    1.268623   -0.768623 (VIOLATED)
gpio_out[38]                            0.500000    1.268616   -0.768616 (VIOLATED)
gpio_ib_mode_sel[38]                    0.500000    1.268612   -0.768612 (VIOLATED)
gpio_vtrip_sel[38]                      0.500000    1.268613   -0.768613 (VIOLATED)
gpio_loopback_zero[38]                  0.500000    1.268609   -0.768609 (VIOLATED)
gpio_analog_en[43]                      0.500000    1.267859   -0.767859 (VIOLATED)
gpio_dm1[43]                            0.500000    1.267859   -0.767859 (VIOLATED)
gpio_slow_sel[43]                       0.500000    1.267860   -0.767860 (VIOLATED)
gpio_dm0[43]                            0.500000    1.267858   -0.767858 (VIOLATED)
gpio_analog_pol[43]                     0.500000    1.267857   -0.767857 (VIOLATED)
gpio_analog_sel[43]                     0.500000    1.267853   -0.767853 (VIOLATED)
gpio_dm2[43]                            0.500000    1.267852   -0.767852 (VIOLATED)
gpio_holdover[43]                       0.500000    1.267851   -0.767851 (VIOLATED)
gpio_out[43]                            0.500000    1.267850   -0.767850 (VIOLATED)
gpio_vtrip_sel[43]                      0.500000    1.267845   -0.767845 (VIOLATED)
gpio_ib_mode_sel[43]                    0.500000    1.267834   -0.767834 (VIOLATED)
gpio_loopback_zero[43]                  0.500000    1.267825   -0.767825 (VIOLATED)
gpio_dm1[17]                            0.500000    1.267320   -0.767320 (VIOLATED)
gpio_slow_sel[17]                       0.500000    1.267321   -0.767321 (VIOLATED)
gpio_analog_en[17]                      0.500000    1.267316   -0.767316 (VIOLATED)
gpio_dm0[17]                            0.500000    1.267312   -0.767312 (VIOLATED)
gpio_analog_pol[17]                     0.500000    1.267307   -0.767307 (VIOLATED)
gpio_analog_sel[17]                     0.500000    1.267295   -0.767295 (VIOLATED)
gpio_dm2[17]                            0.500000    1.267288   -0.767288 (VIOLATED)
gpio_holdover[17]                       0.500000    1.267281   -0.767281 (VIOLATED)
gpio_out[17]                            0.500000    1.267275   -0.767275 (VIOLATED)
gpio_vtrip_sel[17]                      0.500000    1.267263   -0.767263 (VIOLATED)
gpio_ib_mode_sel[17]                    0.500000    1.267258   -0.767258 (VIOLATED)
gpio_loopback_zero[17]                  0.500000    1.267252   -0.767252 (VIOLATED)
gpio_slow_sel[16]                       0.500000    1.267022   -0.767022 (VIOLATED)
gpio_dm1[16]                            0.500000    1.267021   -0.767021 (VIOLATED)
gpio_analog_en[16]                      0.500000    1.267019   -0.767018 (VIOLATED)
gpio_dm0[16]                            0.500000    1.267014   -0.767014 (VIOLATED)
gpio_analog_pol[16]                     0.500000    1.267009   -0.767009 (VIOLATED)
gpio_analog_sel[16]                     0.500000    1.266997   -0.766997 (VIOLATED)
gpio_dm2[16]                            0.500000    1.266991   -0.766991 (VIOLATED)
gpio_holdover[16]                       0.500000    1.266984   -0.766984 (VIOLATED)
gpio_out[16]                            0.500000    1.266977   -0.766977 (VIOLATED)
gpio_vtrip_sel[16]                      0.500000    1.266968   -0.766968 (VIOLATED)
gpio_ib_mode_sel[16]                    0.500000    1.266962   -0.766962 (VIOLATED)
gpio_loopback_zero[16]                  0.500000    1.266954   -0.766954 (VIOLATED)
gpio_slow_sel[14]                       0.500000    1.266131   -0.766131 (VIOLATED)
gpio_dm1[14]                            0.500000    1.266126   -0.766126 (VIOLATED)
gpio_analog_en[14]                      0.500000    1.266120   -0.766120 (VIOLATED)
gpio_dm0[14]                            0.500000    1.266116   -0.766116 (VIOLATED)
gpio_analog_pol[14]                     0.500000    1.266109   -0.766108 (VIOLATED)
gpio_analog_sel[14]                     0.500000    1.266097   -0.766097 (VIOLATED)
gpio_dm2[14]                            0.500000    1.266089   -0.766089 (VIOLATED)
gpio_holdover[14]                       0.500000    1.266081   -0.766082 (VIOLATED)
gpio_out[14]                            0.500000    1.266075   -0.766075 (VIOLATED)
gpio_vtrip_sel[14]                      0.500000    1.266057   -0.766057 (VIOLATED)
gpio_ib_mode_sel[14]                    0.500000    1.266051   -0.766051 (VIOLATED)
gpio_loopback_zero[14]                  0.500000    1.266048   -0.766048 (VIOLATED)
gpio_analog_en[41]                      0.500000    1.265782   -0.765782 (VIOLATED)
gpio_analog_pol[41]                     0.500000    1.265781   -0.765781 (VIOLATED)
gpio_dm0[41]                            0.500000    1.265781   -0.765781 (VIOLATED)
gpio_dm1[41]                            0.500000    1.265782   -0.765782 (VIOLATED)
gpio_slow_sel[41]                       0.500000    1.265782   -0.765782 (VIOLATED)
gpio_analog_sel[41]                     0.500000    1.265779   -0.765779 (VIOLATED)
gpio_dm2[41]                            0.500000    1.265778   -0.765778 (VIOLATED)
gpio_holdover[41]                       0.500000    1.265778   -0.765778 (VIOLATED)
gpio_out[41]                            0.500000    1.265777   -0.765777 (VIOLATED)
gpio_ib_mode_sel[41]                    0.500000    1.265775   -0.765775 (VIOLATED)
gpio_vtrip_sel[41]                      0.500000    1.265775   -0.765775 (VIOLATED)
gpio_loopback_zero[41]                  0.500000    1.265771   -0.765771 (VIOLATED)
gpio_analog_en[40]                      0.500000    1.265545   -0.765545 (VIOLATED)
gpio_analog_pol[40]                     0.500000    1.265545   -0.765545 (VIOLATED)
gpio_dm0[40]                            0.500000    1.265545   -0.765545 (VIOLATED)
gpio_dm1[40]                            0.500000    1.265546   -0.765546 (VIOLATED)
gpio_slow_sel[40]                       0.500000    1.265546   -0.765546 (VIOLATED)
gpio_analog_sel[40]                     0.500000    1.265543   -0.765543 (VIOLATED)
gpio_dm2[40]                            0.500000    1.265542   -0.765542 (VIOLATED)
gpio_holdover[40]                       0.500000    1.265541   -0.765541 (VIOLATED)
gpio_out[40]                            0.500000    1.265541   -0.765541 (VIOLATED)
gpio_ib_mode_sel[40]                    0.500000    1.265538   -0.765539 (VIOLATED)
gpio_vtrip_sel[40]                      0.500000    1.265539   -0.765539 (VIOLATED)
gpio_loopback_zero[40]                  0.500000    1.265535   -0.765535 (VIOLATED)
gpio_slow_sel[13]                       0.500000    1.265417   -0.765417 (VIOLATED)
gpio_dm1[13]                            0.500000    1.265409   -0.765409 (VIOLATED)
gpio_analog_en[13]                      0.500000    1.265399   -0.765399 (VIOLATED)
gpio_dm0[13]                            0.500000    1.265396   -0.765396 (VIOLATED)
gpio_analog_pol[13]                     0.500000    1.265385   -0.765384 (VIOLATED)
gpio_analog_sel[13]                     0.500000    1.265330   -0.765330 (VIOLATED)
gpio_dm2[13]                            0.500000    1.265321   -0.765321 (VIOLATED)
gpio_holdover[13]                       0.500000    1.265305   -0.765305 (VIOLATED)
gpio_out[13]                            0.500000    1.265293   -0.765293 (VIOLATED)
gpio_vtrip_sel[13]                      0.500000    1.265252   -0.765252 (VIOLATED)
gpio_ib_mode_sel[13]                    0.500000    1.265249   -0.765249 (VIOLATED)
gpio_loopback_zero[13]                  0.500000    1.265202   -0.765202 (VIOLATED)
gpio_analog_en[12]                      0.500000    1.052992   -0.552992 (VIOLATED)
gpio_slow_sel[12]                       0.500000    1.052993   -0.552993 (VIOLATED)
gpio_dm0[12]                            0.500000    1.052991   -0.552991 (VIOLATED)
gpio_analog_pol[12]                     0.500000    1.052990   -0.552990 (VIOLATED)
gpio_analog_sel[12]                     0.500000    1.052985   -0.552985 (VIOLATED)
gpio_holdover[12]                       0.500000    1.052983   -0.552983 (VIOLATED)
gpio_vtrip_sel[12]                      0.500000    1.052978   -0.552978 (VIOLATED)
gpio_ib_mode_sel[12]                    0.500000    1.052974   -0.552974 (VIOLATED)
gpio_oeb[12]                            0.500000    1.052962   -0.552962 (VIOLATED)
gpio_loopback_zero[12]                  0.500000    1.052933   -0.552933 (VIOLATED)
gpio_analog_en[11]                      0.500000    1.052395   -0.552395 (VIOLATED)
gpio_slow_sel[11]                       0.500000    1.052395   -0.552395 (VIOLATED)
gpio_analog_pol[11]                     0.500000    1.052394   -0.552394 (VIOLATED)
gpio_dm0[11]                            0.500000    1.052394   -0.552394 (VIOLATED)
gpio_analog_sel[11]                     0.500000    1.052393   -0.552393 (VIOLATED)
gpio_holdover[11]                       0.500000    1.052392   -0.552392 (VIOLATED)
gpio_ib_mode_sel[11]                    0.500000    1.052391   -0.552391 (VIOLATED)
gpio_vtrip_sel[11]                      0.500000    1.052391   -0.552391 (VIOLATED)
gpio_loopback_zero[11]                  0.500000    1.052389   -0.552389 (VIOLATED)
gpio_oeb[11]                            0.500000    1.052389   -0.552389 (VIOLATED)
gpio_slow_sel[9]                        0.500000    1.049339   -0.549339 (VIOLATED)
gpio_analog_en[9]                       0.500000    1.049339   -0.549339 (VIOLATED)
gpio_analog_pol[9]                      0.500000    1.049338   -0.549338 (VIOLATED)
gpio_dm0[9]                             0.500000    1.049339   -0.549339 (VIOLATED)
gpio_analog_sel[9]                      0.500000    1.049337   -0.549337 (VIOLATED)
gpio_holdover[9]                        0.500000    1.049336   -0.549336 (VIOLATED)
gpio_ib_mode_sel[9]                     0.500000    1.049334   -0.549334 (VIOLATED)
gpio_vtrip_sel[9]                       0.500000    1.049335   -0.549335 (VIOLATED)
gpio_oeb[9]                             0.500000    1.049334   -0.549334 (VIOLATED)
gpio_loopback_zero[9]                   0.500000    1.049333   -0.549333 (VIOLATED)
gpio_slow_sel[3]                        0.500000    1.049050   -0.549050 (VIOLATED)
gpio_analog_en[3]                       0.500000    1.049050   -0.549050 (VIOLATED)
gpio_analog_pol[3]                      0.500000    1.049049   -0.549049 (VIOLATED)
gpio_dm0[3]                             0.500000    1.049049   -0.549050 (VIOLATED)
gpio_analog_sel[3]                      0.500000    1.049046   -0.549046 (VIOLATED)
gpio_holdover[3]                        0.500000    1.049045   -0.549045 (VIOLATED)
gpio_vtrip_sel[3]                       0.500000    1.049043   -0.549043 (VIOLATED)
gpio_ib_mode_sel[3]                     0.500000    1.049042   -0.549042 (VIOLATED)
gpio_oeb[3]                             0.500000    1.049042   -0.549042 (VIOLATED)
gpio_loopback_zero[3]                   0.500000    1.049038   -0.549038 (VIOLATED)
gpio_slow_sel[8]                        0.500000    1.048016   -0.548016 (VIOLATED)
gpio_analog_en[8]                       0.500000    1.048014   -0.548014 (VIOLATED)
gpio_dm0[8]                             0.500000    1.048012   -0.548011 (VIOLATED)
gpio_analog_pol[8]                      0.500000    1.048010   -0.548010 (VIOLATED)
gpio_analog_sel[8]                      0.500000    1.047999   -0.547999 (VIOLATED)
gpio_holdover[8]                        0.500000    1.047978   -0.547978 (VIOLATED)
gpio_vtrip_sel[8]                       0.500000    1.047942   -0.547942 (VIOLATED)
gpio_ib_mode_sel[8]                     0.500000    1.047932   -0.547932 (VIOLATED)
gpio_oeb[8]                             0.500000    1.047923   -0.547923 (VIOLATED)
gpio_loopback_zero[8]                   0.500000    1.047891   -0.547891 (VIOLATED)
gpio_slow_sel[10]                       0.500000    1.047645   -0.547645 (VIOLATED)
gpio_analog_en[10]                      0.500000    1.047639   -0.547639 (VIOLATED)
gpio_dm0[10]                            0.500000    1.047638   -0.547638 (VIOLATED)
gpio_analog_pol[10]                     0.500000    1.047638   -0.547638 (VIOLATED)
gpio_analog_sel[10]                     0.500000    1.047634   -0.547634 (VIOLATED)
gpio_holdover[10]                       0.500000    1.047631   -0.547631 (VIOLATED)
gpio_vtrip_sel[10]                      0.500000    1.047614   -0.547614 (VIOLATED)
gpio_ib_mode_sel[10]                    0.500000    1.047611   -0.547611 (VIOLATED)
gpio_oeb[10]                            0.500000    1.047610   -0.547610 (VIOLATED)
gpio_loopback_zero[10]                  0.500000    1.047608   -0.547608 (VIOLATED)
gpio_slow_sel[4]                        0.500000    1.047242   -0.547242 (VIOLATED)
gpio_analog_en[4]                       0.500000    1.047240   -0.547240 (VIOLATED)
gpio_dm0[4]                             0.500000    1.047240   -0.547240 (VIOLATED)
gpio_analog_pol[4]                      0.500000    1.047239   -0.547239 (VIOLATED)
gpio_analog_sel[4]                      0.500000    1.047233   -0.547233 (VIOLATED)
gpio_holdover[4]                        0.500000    1.047230   -0.547230 (VIOLATED)
gpio_vtrip_sel[4]                       0.500000    1.047221   -0.547221 (VIOLATED)
gpio_ib_mode_sel[4]                     0.500000    1.047208   -0.547208 (VIOLATED)
gpio_oeb[4]                             0.500000    1.047197   -0.547197 (VIOLATED)
gpio_loopback_zero[4]                   0.500000    1.047155   -0.547155 (VIOLATED)
gpio_slow_sel[2]                        0.500000    1.046220   -0.546220 (VIOLATED)
gpio_analog_en[2]                       0.500000    1.046209   -0.546209 (VIOLATED)
gpio_dm0[2]                             0.500000    1.046206   -0.546206 (VIOLATED)
gpio_analog_pol[2]                      0.500000    1.046201   -0.546201 (VIOLATED)
gpio_analog_sel[2]                      0.500000    1.046165   -0.546165 (VIOLATED)
gpio_holdover[2]                        0.500000    1.046148   -0.546148 (VIOLATED)
gpio_vtrip_sel[2]                       0.500000    1.046119   -0.546119 (VIOLATED)
gpio_ib_mode_sel[2]                     0.500000    1.046112   -0.546112 (VIOLATED)
gpio_oeb[2]                             0.500000    1.046104   -0.546104 (VIOLATED)
gpio_loopback_zero[2]                   0.500000    1.046089   -0.546089 (VIOLATED)
gpio_slow_sel[7]                        0.500000    1.045858   -0.545858 (VIOLATED)
gpio_analog_en[7]                       0.500000    1.045855   -0.545855 (VIOLATED)
gpio_dm0[7]                             0.500000    1.045851   -0.545851 (VIOLATED)
gpio_analog_pol[7]                      0.500000    1.045846   -0.545846 (VIOLATED)
gpio_analog_sel[7]                      0.500000    1.045818   -0.545818 (VIOLATED)
gpio_holdover[7]                        0.500000    1.045805   -0.545805 (VIOLATED)
gpio_vtrip_sel[7]                       0.500000    1.045786   -0.545785 (VIOLATED)
gpio_ib_mode_sel[7]                     0.500000    1.045781   -0.545781 (VIOLATED)
gpio_oeb[7]                             0.500000    1.045777   -0.545777 (VIOLATED)
gpio_loopback_zero[7]                   0.500000    1.045774   -0.545774 (VIOLATED)
gpio_slow_sel[5]                        0.500000    1.044612   -0.544612 (VIOLATED)
gpio_analog_en[5]                       0.500000    1.044602   -0.544602 (VIOLATED)
gpio_dm0[5]                             0.500000    1.044600   -0.544600 (VIOLATED)
gpio_analog_pol[5]                      0.500000    1.044596   -0.544596 (VIOLATED)
gpio_analog_sel[5]                      0.500000    1.044582   -0.544582 (VIOLATED)
gpio_holdover[5]                        0.500000    1.044565   -0.544565 (VIOLATED)
gpio_vtrip_sel[5]                       0.500000    1.044535   -0.544535 (VIOLATED)
gpio_ib_mode_sel[5]                     0.500000    1.044527   -0.544527 (VIOLATED)
gpio_oeb[5]                             0.500000    1.044520   -0.544520 (VIOLATED)
gpio_loopback_zero[5]                   0.500000    1.044502   -0.544502 (VIOLATED)
gpio_slow_sel[1]                        0.500000    1.044372   -0.544372 (VIOLATED)
gpio_analog_en[1]                       0.500000    1.044367   -0.544367 (VIOLATED)
gpio_analog_pol[1]                      0.500000    1.044357   -0.544357 (VIOLATED)
gpio_inp_dis[1]                         0.500000    1.044350   -0.544350 (VIOLATED)
gpio_analog_sel[1]                      0.500000    1.044317   -0.544317 (VIOLATED)
gpio_holdover[1]                        0.500000    1.044295   -0.544295 (VIOLATED)
gpio_vtrip_sel[1]                       0.500000    1.044280   -0.544280 (VIOLATED)
gpio_ib_mode_sel[1]                     0.500000    1.044268   -0.544268 (VIOLATED)
gpio_oeb[1]                             0.500000    1.044257   -0.544257 (VIOLATED)
gpio_loopback_zero[1]                   0.500000    1.044211   -0.544211 (VIOLATED)
gpio_slow_sel[6]                        0.500000    1.043551   -0.543551 (VIOLATED)
gpio_analog_en[6]                       0.500000    1.043543   -0.543543 (VIOLATED)
gpio_dm0[6]                             0.500000    1.043540   -0.543540 (VIOLATED)
gpio_analog_pol[6]                      0.500000    1.043535   -0.543535 (VIOLATED)
gpio_analog_sel[6]                      0.500000    1.043523   -0.543523 (VIOLATED)
gpio_holdover[6]                        0.500000    1.043511   -0.543511 (VIOLATED)
gpio_vtrip_sel[6]                       0.500000    1.043492   -0.543492 (VIOLATED)
gpio_ib_mode_sel[6]                     0.500000    1.043487   -0.543487 (VIOLATED)
gpio_oeb[6]                             0.500000    1.043483   -0.543483 (VIOLATED)
gpio_loopback_zero[6]                   0.500000    1.043479   -0.543479 (VIOLATED)
gpio_out[8]                             0.500000    0.590419   -0.090419 (VIOLATED)
mprj/output9/X                          0.500000    0.590377   -0.090377 (VIOLATED)
mprj/clkbuf_0_wb_clk_i/A                0.500000    0.578722   -0.078722 (VIOLATED)
mprj/ANTENNA_clkbuf_0_wb_clk_i_A/DIODE    0.500000    0.578717   -0.078717 (VIOLATED)
gpio_out[7]                             0.500000    0.573124   -0.073124 (VIOLATED)
mprj/output8/X                          0.500000    0.573079   -0.073079 (VIOLATED)
gpio_in[0]                              0.500000    0.556112   -0.056112 (VIOLATED)
gpio_out[9]                             0.500000    0.535744   -0.035744 (VIOLATED)
mprj/output10/X                         0.500000    0.535711   -0.035711 (VIOLATED)
gpio_out[6]                             0.500000    0.530425   -0.030425 (VIOLATED)
mprj/output7/X                          0.500000    0.530391   -0.030391 (VIOLATED)
gpio_out[5]                             0.500000    0.506950   -0.006950 (VIOLATED)
mprj/output6/X                          0.500000    0.506920   -0.006920 (VIOLATED)
mprj/output2/A                          0.500000    0.502309   -0.002309 (VIOLATED)
mprj/ANTENNA_output2_A/DIODE            0.500000    0.502307   -0.002307 (VIOLATED)

max fanout

Pin                                   Limit Fanout  Slack
---------------------------------------------------------
mprj/wire20/X                            10     19     -9 (VIOLATED)
mprj/clkbuf_0_wb_clk_i/X                 10     17     -7 (VIOLATED)
mprj/load_slew26/X                       10     15     -5 (VIOLATED)
mprj/clkbuf_3_6_0_wb_clk_i/X             10     12     -2 (VIOLATED)
mprj/clkbuf_3_7_0_wb_clk_i/X             10     12     -2 (VIOLATED)
mprj/_384_/Y                             10     11        (VIOLATED)
mprj/_385_/Y                             10     11        (VIOLATED)
mprj/_564_/X                             10     11        (VIOLATED)
mprj/clkbuf_3_0_0_wb_clk_i/X             10     11        (VIOLATED)
mprj/clkbuf_3_1_0_wb_clk_i/X             10     11        (VIOLATED)
mprj/clkbuf_3_2_0_wb_clk_i/X             10     11        (VIOLATED)
mprj/clkbuf_3_3_0_wb_clk_i/X             10     11        (VIOLATED)
mprj/clkbuf_3_4_0_wb_clk_i/X             10     11        (VIOLATED)
mprj/clkbuf_3_5_0_wb_clk_i/X             10     11        (VIOLATED)

max capacitance

Pin                                        Limit         Cap       Slack
------------------------------------------------------------------------
gpio_loopback_zero[35]                  0.200000    0.380934   -0.180934 (VIOLATED)
gpio_loopback_zero[32]                  0.200000    0.380445   -0.180445 (VIOLATED)
gpio_loopback_zero[19]                  0.200000    0.380407   -0.180407 (VIOLATED)
gpio_loopback_zero[15]                  0.200000    0.380394   -0.180394 (VIOLATED)
gpio_loopback_zero[37]                  0.200000    0.380343   -0.180343 (VIOLATED)
gpio_loopback_zero[26]                  0.200000    0.380334   -0.180334 (VIOLATED)
gpio_loopback_zero[25]                  0.200000    0.380276   -0.180276 (VIOLATED)
gpio_loopback_zero[36]                  0.200000    0.380070   -0.180070 (VIOLATED)
gpio_loopback_zero[27]                  0.200000    0.380069   -0.180069 (VIOLATED)
gpio_loopback_zero[20]                  0.200000    0.380034   -0.180034 (VIOLATED)
gpio_loopback_zero[29]                  0.200000    0.379958   -0.179958 (VIOLATED)
gpio_loopback_zero[22]                  0.200000    0.379779   -0.179779 (VIOLATED)
gpio_loopback_zero[21]                  0.200000    0.379767   -0.179767 (VIOLATED)
gpio_loopback_zero[39]                  0.200000    0.379719   -0.179719 (VIOLATED)
gpio_loopback_zero[34]                  0.200000    0.379654   -0.179654 (VIOLATED)
gpio_loopback_zero[31]                  0.200000    0.379488   -0.179488 (VIOLATED)
gpio_loopback_zero[30]                  0.200000    0.379409   -0.179409 (VIOLATED)
gpio_loopback_zero[42]                  0.200000    0.379241   -0.179241 (VIOLATED)
gpio_loopback_zero[28]                  0.200000    0.379237   -0.179237 (VIOLATED)
gpio_loopback_zero[23]                  0.200000    0.379213   -0.179213 (VIOLATED)
gpio_loopback_zero[0]                   0.200000    0.379088   -0.179088 (VIOLATED)
gpio_loopback_zero[33]                  0.200000    0.378875   -0.178875 (VIOLATED)
gpio_loopback_zero[24]                  0.200000    0.378833   -0.178833 (VIOLATED)
gpio_loopback_zero[38]                  0.200000    0.378622   -0.178622 (VIOLATED)
gpio_loopback_zero[18]                  0.200000    0.378593   -0.178593 (VIOLATED)
gpio_loopback_zero[43]                  0.200000    0.378344   -0.178344 (VIOLATED)
gpio_loopback_zero[17]                  0.200000    0.378108   -0.178108 (VIOLATED)
gpio_loopback_zero[16]                  0.200000    0.378010   -0.178010 (VIOLATED)
gpio_loopback_zero[41]                  0.200000    0.377904   -0.177904 (VIOLATED)
gpio_loopback_zero[40]                  0.200000    0.377832   -0.177832 (VIOLATED)
gpio_loopback_zero[14]                  0.200000    0.377729   -0.177729 (VIOLATED)
gpio_loopback_zero[13]                  0.200000    0.377175   -0.177175 (VIOLATED)
gpio_loopback_zero[11]                  0.200000    0.314006   -0.114006 (VIOLATED)
gpio_loopback_zero[12]                  0.200000    0.313844   -0.113844 (VIOLATED)
gpio_loopback_zero[9]                   0.200000    0.313087   -0.113087 (VIOLATED)
gpio_loopback_zero[3]                   0.200000    0.312938   -0.112938 (VIOLATED)
gpio_loopback_zero[10]                  0.200000    0.312422   -0.112422 (VIOLATED)
gpio_loopback_zero[8]                   0.200000    0.312219   -0.112219 (VIOLATED)
gpio_loopback_zero[4]                   0.200000    0.312034   -0.112034 (VIOLATED)
gpio_loopback_zero[7]                   0.200000    0.311750   -0.111750 (VIOLATED)
gpio_loopback_zero[2]                   0.200000    0.311731   -0.111731 (VIOLATED)
gpio_loopback_zero[5]                   0.200000    0.311267   -0.111267 (VIOLATED)
gpio_loopback_zero[6]                   0.200000    0.311086   -0.111086 (VIOLATED)
gpio_loopback_zero[1]                   0.200000    0.311072   -0.111072 (VIOLATED)



===========================================================================
report_parasitic_annotation -report_unannotated
============================================================================
Found 217 unannotated drivers.
 analog_io[0]
 analog_io[10]
 analog_io[11]
 analog_io[12]
 analog_io[13]
 analog_io[14]
 analog_io[15]
 analog_io[16]
 analog_io[17]
 analog_io[18]
 analog_io[19]
 analog_io[1]
 analog_io[20]
 analog_io[21]
 analog_io[22]
 analog_io[23]
 analog_io[24]
 analog_io[25]
 analog_io[26]
 analog_io[27]
 analog_io[28]
 analog_io[29]
 analog_io[2]
 analog_io[30]
 analog_io[31]
 analog_io[32]
 analog_io[33]
 analog_io[34]
 analog_io[35]
 analog_io[36]
 analog_io[37]
 analog_io[38]
 analog_io[39]
 analog_io[3]
 analog_io[40]
 analog_io[41]
 analog_io[42]
 analog_io[43]
 analog_io[4]
 analog_io[5]
 analog_io[6]
 analog_io[7]
 analog_io[8]
 analog_io[9]
 analog_noesd_io[0]
 analog_noesd_io[10]
 analog_noesd_io[11]
 analog_noesd_io[12]
 analog_noesd_io[13]
 analog_noesd_io[14]
 analog_noesd_io[15]
 analog_noesd_io[16]
 analog_noesd_io[17]
 analog_noesd_io[18]
 analog_noesd_io[19]
 analog_noesd_io[1]
 analog_noesd_io[20]
 analog_noesd_io[21]
 analog_noesd_io[22]
 analog_noesd_io[23]
 analog_noesd_io[24]
 analog_noesd_io[25]
 analog_noesd_io[26]
 analog_noesd_io[27]
 analog_noesd_io[28]
 analog_noesd_io[29]
 analog_noesd_io[2]
 analog_noesd_io[30]
 analog_noesd_io[31]
 analog_noesd_io[32]
 analog_noesd_io[33]
 analog_noesd_io[34]
 analog_noesd_io[35]
 analog_noesd_io[36]
 analog_noesd_io[37]
 analog_noesd_io[38]
 analog_noesd_io[39]
 analog_noesd_io[3]
 analog_noesd_io[40]
 analog_noesd_io[41]
 analog_noesd_io[42]
 analog_noesd_io[43]
 analog_noesd_io[4]
 analog_noesd_io[5]
 analog_noesd_io[6]
 analog_noesd_io[7]
 analog_noesd_io[8]
 analog_noesd_io[9]
 gpio_in[10]
 gpio_in[11]
 gpio_in[12]
 gpio_in[13]
 gpio_in[14]
 gpio_in[15]
 gpio_in[16]
 gpio_in[17]
 gpio_in[18]
 gpio_in[19]
 gpio_in[20]
 gpio_in[21]
 gpio_in[22]
 gpio_in[23]
 gpio_in[24]
 gpio_in[25]
 gpio_in[26]
 gpio_in[27]
 gpio_in[28]
 gpio_in[29]
 gpio_in[2]
 gpio_in[30]
 gpio_in[31]
 gpio_in[32]
 gpio_in[33]
 gpio_in[34]
 gpio_in[35]
 gpio_in[36]
 gpio_in[37]
 gpio_in[38]
 gpio_in[39]
 gpio_in[3]
 gpio_in[40]
 gpio_in[41]
 gpio_in[42]
 gpio_in[43]
 gpio_in[4]
 gpio_in[5]
 gpio_in[6]
 gpio_in[7]
 gpio_in[8]
 gpio_in[9]
 gpio_in_h[0]
 gpio_in_h[10]
 gpio_in_h[11]
 gpio_in_h[12]
 gpio_in_h[13]
 gpio_in_h[14]
 gpio_in_h[15]
 gpio_in_h[16]
 gpio_in_h[17]
 gpio_in_h[18]
 gpio_in_h[19]
 gpio_in_h[1]
 gpio_in_h[20]
 gpio_in_h[21]
 gpio_in_h[22]
 gpio_in_h[23]
 gpio_in_h[24]
 gpio_in_h[25]
 gpio_in_h[26]
 gpio_in_h[27]
 gpio_in_h[28]
 gpio_in_h[29]
 gpio_in_h[2]
 gpio_in_h[30]
 gpio_in_h[31]
 gpio_in_h[32]
 gpio_in_h[33]
 gpio_in_h[34]
 gpio_in_h[35]
 gpio_in_h[36]
 gpio_in_h[37]
 gpio_in_h[38]
 gpio_in_h[39]
 gpio_in_h[3]
 gpio_in_h[40]
 gpio_in_h[41]
 gpio_in_h[42]
 gpio_in_h[43]
 gpio_in_h[4]
 gpio_in_h[5]
 gpio_in_h[6]
 gpio_in_h[7]
 gpio_in_h[8]
 gpio_in_h[9]
 mask_rev[0]
 mask_rev[10]
 mask_rev[11]
 mask_rev[12]
 mask_rev[13]
 mask_rev[14]
 mask_rev[15]
 mask_rev[16]
 mask_rev[17]
 mask_rev[18]
 mask_rev[19]
 mask_rev[1]
 mask_rev[20]
 mask_rev[21]
 mask_rev[22]
 mask_rev[23]
 mask_rev[24]
 mask_rev[25]
 mask_rev[26]
 mask_rev[27]
 mask_rev[28]
 mask_rev[29]
 mask_rev[2]
 mask_rev[30]
 mask_rev[31]
 mask_rev[3]
 mask_rev[4]
 mask_rev[5]
 mask_rev[6]
 mask_rev[7]
 mask_rev[8]
 mask_rev[9]
 por_l
 porb_h
 porb_l
 resetb_h
 resetb_l
 mprj/clkload0/X
 mprj/clkload1/X
 mprj/clkload2/X
 mprj/clkload3/X
 mprj/clkload4/X
 mprj/clkload5/X
Found 0 partially unannotated drivers.

===========================================================================
max slew violation count 519
max fanout violation count 14
max cap violation count 44
============================================================================

===========================================================================
check_setup -verbose -unconstrained_endpoints -multiple_clock -no_clock -no_input_delay -loops -generated_clocks
===========================================================================
Warning: There are 84 unclocked register/latch pins.
  mprj/_675_/CLK
  mprj/_676_/CLK
  mprj/_677_/CLK
  mprj/_678_/CLK
  mprj/_679_/CLK
  mprj/_680_/CLK
  mprj/_681_/CLK
  mprj/_682_/CLK
  mprj/_683_/CLK
  mprj/_684_/CLK
  mprj/_685_/CLK
  mprj/_686_/CLK
  mprj/_687_/CLK
  mprj/_688_/CLK
  mprj/_689_/CLK
  mprj/_690_/CLK
  mprj/_691_/CLK
  mprj/_692_/CLK
  mprj/_693_/CLK
  mprj/_694_/CLK
  mprj/_695_/CLK
  mprj/_696_/CLK
  mprj/_697_/CLK
  mprj/_698_/CLK
  mprj/_699_/CLK
  mprj/_700_/CLK
  mprj/_701_/CLK
  mprj/_702_/CLK
  mprj/_703_/CLK
  mprj/_704_/CLK
  mprj/_705_/CLK
  mprj/_706_/CLK
  mprj/_707_/CLK
  mprj/_708_/CLK
  mprj/_709_/CLK
  mprj/_710_/CLK
  mprj/_711_/CLK
  mprj/_712_/CLK
  mprj/_713_/CLK
  mprj/_714_/CLK
  mprj/_715_/CLK
  mprj/_716_/CLK
  mprj/_717_/CLK
  mprj/_718_/CLK
  mprj/_719_/CLK
  mprj/_720_/CLK
  mprj/_721_/CLK
  mprj/_722_/CLK
  mprj/_723_/CLK
  mprj/_724_/CLK
  mprj/_725_/CLK
  mprj/_726_/CLK
  mprj/_727_/CLK
  mprj/_728_/CLK
  mprj/_729_/CLK
  mprj/_730_/CLK
  mprj/_731_/CLK
  mprj/_732_/CLK
  mprj/_733_/CLK
  mprj/_734_/CLK
  mprj/_735_/CLK
  mprj/_736_/CLK
  mprj/_737_/CLK
  mprj/_738_/CLK
  mprj/_739_/CLK
  mprj/_740_/CLK
  mprj/_741_/CLK
  mprj/_742_/CLK
  mprj/_743_/CLK
  mprj/_744_/CLK
  mprj/_745_/CLK
  mprj/_746_/CLK
  mprj/_747_/CLK
  mprj/_748_/CLK
  mprj/_749_/CLK
  mprj/_750_/CLK
  mprj/_751_/CLK
  mprj/_752_/CLK
  mprj/_753_/CLK
  mprj/_754_/CLK
  mprj/_755_/CLK
  mprj/_756_/CLK
  mprj/_757_/CLK
  mprj/_758_/CLK
Warning: There are 183 unconstrained endpoints.
  analog_io[0]
  analog_io[10]
  analog_io[11]
  analog_io[12]
  analog_io[13]
  analog_io[14]
  analog_io[15]
  analog_io[16]
  analog_io[17]
  analog_io[18]
  analog_io[19]
  analog_io[1]
  analog_io[20]
  analog_io[21]
  analog_io[22]
  analog_io[23]
  analog_io[24]
  analog_io[25]
  analog_io[26]
  analog_io[27]
  analog_io[28]
  analog_io[29]
  analog_io[2]
  analog_io[30]
  analog_io[31]
  analog_io[32]
  analog_io[33]
  analog_io[34]
  analog_io[35]
  analog_io[36]
  analog_io[37]
  analog_io[38]
  analog_io[39]
  analog_io[3]
  analog_io[40]
  analog_io[41]
  analog_io[42]
  analog_io[43]
  analog_io[4]
  analog_io[5]
  analog_io[6]
  analog_io[7]
  analog_io[8]
  analog_io[9]
  analog_noesd_io[0]
  analog_noesd_io[10]
  analog_noesd_io[11]
  analog_noesd_io[12]
  analog_noesd_io[13]
  analog_noesd_io[14]
  analog_noesd_io[15]
  analog_noesd_io[16]
  analog_noesd_io[17]
  analog_noesd_io[18]
  analog_noesd_io[19]
  analog_noesd_io[1]
  analog_noesd_io[20]
  analog_noesd_io[21]
  analog_noesd_io[22]
  analog_noesd_io[23]
  analog_noesd_io[24]
  analog_noesd_io[25]
  analog_noesd_io[26]
  analog_noesd_io[27]
  analog_noesd_io[28]
  analog_noesd_io[29]
  analog_noesd_io[2]
  analog_noesd_io[30]
  analog_noesd_io[31]
  analog_noesd_io[32]
  analog_noesd_io[33]
  analog_noesd_io[34]
  analog_noesd_io[35]
  analog_noesd_io[36]
  analog_noesd_io[37]
  analog_noesd_io[38]
  analog_noesd_io[39]
  analog_noesd_io[3]
  analog_noesd_io[40]
  analog_noesd_io[41]
  analog_noesd_io[42]
  analog_noesd_io[43]
  analog_noesd_io[4]
  analog_noesd_io[5]
  analog_noesd_io[6]
  analog_noesd_io[7]
  analog_noesd_io[8]
  analog_noesd_io[9]
  gpio_out[10]
  gpio_out[11]
  gpio_out[12]
  gpio_out[2]
  gpio_out[3]
  gpio_out[4]
  gpio_out[5]
  gpio_out[6]
  gpio_out[7]
  gpio_out[8]
  gpio_out[9]
  mprj/_675_/D
  mprj/_676_/D
  mprj/_677_/D
  mprj/_678_/D
  mprj/_679_/D
  mprj/_680_/D
  mprj/_681_/D
  mprj/_682_/D
  mprj/_683_/D
  mprj/_684_/D
  mprj/_685_/D
  mprj/_686_/D
  mprj/_687_/D
  mprj/_688_/D
  mprj/_689_/D
  mprj/_690_/D
  mprj/_691_/D
  mprj/_692_/D
  mprj/_693_/D
  mprj/_694_/D
  mprj/_695_/D
  mprj/_696_/D
  mprj/_697_/D
  mprj/_698_/D
  mprj/_699_/D
  mprj/_700_/D
  mprj/_701_/D
  mprj/_702_/D
  mprj/_703_/D
  mprj/_704_/D
  mprj/_705_/D
  mprj/_706_/D
  mprj/_707_/D
  mprj/_708_/D
  mprj/_709_/D
  mprj/_710_/D
  mprj/_711_/D
  mprj/_712_/D
  mprj/_713_/D
  mprj/_714_/D
  mprj/_715_/D
  mprj/_716_/D
  mprj/_717_/D
  mprj/_718_/D
  mprj/_719_/D
  mprj/_720_/D
  mprj/_721_/D
  mprj/_722_/D
  mprj/_723_/D
  mprj/_724_/D
  mprj/_725_/D
  mprj/_726_/D
  mprj/_727_/D
  mprj/_728_/D
  mprj/_729_/D
  mprj/_730_/D
  mprj/_731_/D
  mprj/_732_/D
  mprj/_733_/D
  mprj/_734_/D
  mprj/_735_/D
  mprj/_736_/D
  mprj/_737_/D
  mprj/_738_/D
  mprj/_739_/D
  mprj/_740_/D
  mprj/_741_/D
  mprj/_742_/D
  mprj/_743_/D
  mprj/_744_/D
  mprj/_745_/D
  mprj/_746_/D
  mprj/_747_/D
  mprj/_748_/D
  mprj/_749_/D
  mprj/_750_/D
  mprj/_751_/D
  mprj/_752_/D
  mprj/_753_/D
  mprj/_754_/D
  mprj/_755_/D
  mprj/_756_/D
  mprj/_757_/D
  mprj/_758_/D
