Clock: __VIRTUAL_CLK__
Sources: 
Generated: no
Virtual: yes
Propagated: no
Period: 10.000000

===========================================================================
report_clock_properties
============================================================================
Clock                   Period          Waveform
----------------------------------------------------
__VIRTUAL_CLK__      10.000000    0.000000  5.000000

===========================================================================
report_clock_latency
============================================================================
Clock __VIRTUAL_CLK__
rise -> rise
    min     max
0.000000 0.000000 source latency
3.640097         network latency mprj/_713_/CLK
        3.826726 network latency mprj2/_683_/CLK
---------------
3.640097 3.826726 latency
        0.186629 skew

rise -> fall
    min     max
0.000000 0.000000 source latency
3.160946         network latency mprj/_701_/CLK
        3.297232 network latency mprj2/_683_/CLK
---------------
3.160946 3.297232 latency
        0.136286 skew



===========================================================================
report_clock_min_period
============================================================================
__VIRTUAL_CLK__ period_min = 0.00 fmax = inf
