
===========================================================================
report_checks -unconstrained
===========================================================================
======================= nom_ss_100C_1v60 Corner ===================================

Startpoint: wb_rst_i (input port clocked by wb_clk_i)
Endpoint: _691_ (recovery check against rising-edge clock wb_clk_i)
Path Group: asynchronous
Path Type: max

Fanout         Cap        Slew       Delay        Time   Description
---------------------------------------------------------------------------------------------
                                  0.000000    0.000000   clock wb_clk_i (rise edge)
                                  0.000000    0.000000   clock network delay (propagated)
                                  5.000000    5.000000 v input external delay
     2    0.004931    0.026843    0.016748    5.016748 v wb_rst_i (in)
                                                         wb_rst_i (net)
                      0.026844    0.000000    5.016748 v input1/A (sky130_fd_sc_hd__buf_2)
     5    0.132238    0.566957    0.605502    5.622251 v input1/X (sky130_fd_sc_hd__buf_2)
                                                         net1 (net)
                      0.588134    0.090429    5.712679 v fanout25/A (sky130_fd_sc_hd__clkdlybuf4s25_1)
     8    0.041147    0.553266    1.079025    6.791704 v fanout25/X (sky130_fd_sc_hd__clkdlybuf4s25_1)
                                                         net25 (net)
                      0.553270    0.002454    6.794158 v load_slew26/A (sky130_fd_sc_hd__buf_4)
    15    0.060282    0.157498    0.603355    7.397512 v load_slew26/X (sky130_fd_sc_hd__buf_4)
                                                         net26 (net)
                      0.157549    0.002964    7.400476 v fanout23/A (sky130_fd_sc_hd__clkdlybuf4s25_1)
     7    0.044405    0.594263    0.948574    8.349051 v fanout23/X (sky130_fd_sc_hd__clkdlybuf4s25_1)
                                                         net23 (net)
                      0.594263    0.001050    8.350101 v wire24/A (sky130_fd_sc_hd__buf_4)
    10    0.053709    0.143567    0.614582    8.964683 v wire24/X (sky130_fd_sc_hd__buf_4)
                                                         net24 (net)
                      0.143585    0.001761    8.966444 v _607_/A (sky130_fd_sc_hd__inv_2)
     1    0.004482    0.058869    0.109736    9.076180 ^ _607_/Y (sky130_fd_sc_hd__inv_2)
                                                         _082_ (net)
                      0.058869    0.000106    9.076285 ^ _691_/RESET_B (sky130_fd_sc_hd__dfrtp_2)
                                              9.076285   data arrival time

                                 25.000000   25.000000   clock wb_clk_i (rise edge)
                                  0.000000   25.000000   clock source latency
     2    0.159143    1.147617    0.814596   25.814596 ^ wb_clk_i (in)
                                                         wb_clk_i (net)
                      1.163864    0.000000   25.814596 ^ clkbuf_0_wb_clk_i/A (sky130_fd_sc_hd__clkbuf_16)
    17    0.076908    0.159663    0.638245   26.452841 ^ clkbuf_0_wb_clk_i/X (sky130_fd_sc_hd__clkbuf_16)
                                                         clknet_0_wb_clk_i (net)
                      0.159758    0.003336   26.456177 ^ clkbuf_3_7_0_wb_clk_i/A (sky130_fd_sc_hd__clkbuf_8)
    12    0.036113    0.120353    0.295904   26.752081 ^ clkbuf_3_7_0_wb_clk_i/X (sky130_fd_sc_hd__clkbuf_8)
                                                         clknet_3_7_0_wb_clk_i (net)
                      0.120355    0.000648   26.752729 ^ _691_/CLK (sky130_fd_sc_hd__dfrtp_2)
                                 -0.250000   26.502729   clock uncertainty
                                  0.000000   26.502729   clock reconvergence pessimism
                                  0.466119   26.968849   library recovery time
                                             26.968849   data required time
---------------------------------------------------------------------------------------------
                                             26.968849   data required time
                                             -9.076285   data arrival time
---------------------------------------------------------------------------------------------
                                             17.892565   slack (MET)


Startpoint: _676_ (rising edge-triggered flip-flop clocked by wb_clk_i)
Endpoint: io_out[10] (output port clocked by wb_clk_i)
Path Group: wb_clk_i
Path Type: max

Fanout         Cap        Slew       Delay        Time   Description
---------------------------------------------------------------------------------------------
                                  0.000000    0.000000   clock wb_clk_i (rise edge)
                                  0.000000    0.000000   clock source latency
     2    0.159143    1.147617    0.900344    0.900344 ^ wb_clk_i (in)
                                                         wb_clk_i (net)
                      1.163864    0.000000    0.900344 ^ clkbuf_0_wb_clk_i/A (sky130_fd_sc_hd__clkbuf_16)
    17    0.076908    0.159663    0.705429    1.605772 ^ clkbuf_0_wb_clk_i/X (sky130_fd_sc_hd__clkbuf_16)
                                                         clknet_0_wb_clk_i (net)
                      0.159726    0.003113    1.608886 ^ clkbuf_3_4_0_wb_clk_i/A (sky130_fd_sc_hd__clkbuf_8)
    11    0.036746    0.121863    0.328256    1.937142 ^ clkbuf_3_4_0_wb_clk_i/X (sky130_fd_sc_hd__clkbuf_8)
                                                         clknet_3_4_0_wb_clk_i (net)
                      0.121867    0.000933    1.938075 ^ _676_/CLK (sky130_fd_sc_hd__dfrtp_2)
     9    0.036094    0.294698    0.951581    2.889656 ^ _676_/Q (sky130_fd_sc_hd__dfrtp_2)
                                                         timer.dig_cnt[1] (net)
                      0.294698    0.000609    2.890265 ^ hold150/A (sky130_fd_sc_hd__dlygate4sd3_1)
     2    0.009585    0.183421    1.271735    4.162000 ^ hold150/X (sky130_fd_sc_hd__dlygate4sd3_1)
                                                         net150 (net)
                      0.183421    0.000310    4.162310 ^ _385_/B (sky130_fd_sc_hd__nand2b_2)
    11    0.079552    0.619354    0.587604    4.749914 v _385_/Y (sky130_fd_sc_hd__nand2b_2)
                                                         net5 (net)
                      0.619361    0.001831    4.751745 v _572_/C (sky130_fd_sc_hd__and3_2)
     1    0.003365    0.074879    0.748559    5.500303 v _572_/X (sky130_fd_sc_hd__and3_2)
                                                         _319_ (net)
                      0.074879    0.000104    5.500407 v _575_/A1 (sky130_fd_sc_hd__o32a_2)
     5    0.023170    0.211229    0.897396    6.397804 v _575_/X (sky130_fd_sc_hd__o32a_2)
                                                         _322_ (net)
                      0.211234    0.001503    6.399307 v _583_/B (sky130_fd_sc_hd__or2_2)
     4    0.013695    0.167117    0.801405    7.200712 v _583_/X (sky130_fd_sc_hd__or2_2)
                                                         _329_ (net)
                      0.167117    0.000360    7.201071 v _588_/A2 (sky130_fd_sc_hd__a211o_2)
     3    0.056613    0.316242    0.951450    8.152521 v _588_/X (sky130_fd_sc_hd__a211o_2)
                                                         net3 (net)
                      0.317125    0.015396    8.167917 v wire14/A (sky130_fd_sc_hd__buf_12)
     3    0.180926    0.129535    0.410895    8.578813 v wire14/X (sky130_fd_sc_hd__buf_12)
                                                         net14 (net)
                      0.321528    0.148157    8.726970 v output3/A (sky130_fd_sc_hd__clkdlybuf4s25_1)
     1    0.035363    0.478043    0.925909    9.652879 v output3/X (sky130_fd_sc_hd__clkdlybuf4s25_1)
                                                         io_out[10] (net)
                      0.478043    0.000999    9.653878 v io_out[10] (out)
                                              9.653878   data arrival time

                                 25.000000   25.000000   clock wb_clk_i (rise edge)
                                  0.000000   25.000000   clock network delay (propagated)
                                 -0.250000   24.750000   clock uncertainty
                                  0.000000   24.750000   clock reconvergence pessimism
                                 -5.000000   19.750000   output external delay
                                             19.750000   data required time
---------------------------------------------------------------------------------------------
                                             19.750000   data required time
                                             -9.653878   data arrival time
---------------------------------------------------------------------------------------------
                                             10.096122   slack (MET)




===========================================================================
report_checks --slack_max -0.01
============================================================================
======================= nom_ss_100C_1v60 Corner ===================================

No paths found.


===========================================================================
 report_check_types -max_slew -max_cap -max_fanout -violators
============================================================================
======================= nom_ss_100C_1v60 Corner ===================================

max slew

Pin                                        Limit        Slew       Slack
------------------------------------------------------------------------
clkbuf_0_wb_clk_i/A                     1.000000    1.163864   -0.163864 (VIOLATED)
ANTENNA_clkbuf_0_wb_clk_i_A/DIODE       1.000000    1.163845   -0.163845 (VIOLATED)
wb_clk_i                                1.000000    1.147617   -0.147617 (VIOLATED)
output2/A                               1.000000    1.095801   -0.095801 (VIOLATED)
ANTENNA_output2_A/DIODE                 1.000000    1.095794   -0.095794 (VIOLATED)
_578_/A2                                1.000000    1.091411   -0.091411 (VIOLATED)
ANTENNA__578__A2/DIODE                  1.000000    1.091411   -0.091411 (VIOLATED)
ANTENNA__571__A2/DIODE                  1.000000    1.091411   -0.091411 (VIOLATED)
_571_/A2                                1.000000    1.091410   -0.091410 (VIOLATED)
_575_/B1                                1.000000    1.091410   -0.091410 (VIOLATED)
ANTENNA__575__B1/DIODE                  1.000000    1.091410   -0.091410 (VIOLATED)
_580_/B1                                1.000000    1.091410   -0.091410 (VIOLATED)
ANTENNA__580__B1/DIODE                  1.000000    1.091409   -0.091409 (VIOLATED)
ANTENNA__564__X/DIODE                   1.000000    1.091402   -0.091402 (VIOLATED)
_564_/X                                 1.000000    1.091400   -0.091400 (VIOLATED)
ANTENNA_fanout25_A/DIODE                1.000000    1.024814   -0.024814 (VIOLATED)
fanout25/A                              1.000000    1.024814   -0.024814 (VIOLATED)
ANTENNA_fanout19_A/DIODE                1.000000    1.024172   -0.024172 (VIOLATED)
fanout19/A                              1.000000    1.024118   -0.024118 (VIOLATED)
ANTENNA_input1_X/DIODE                  1.000000    1.013077   -0.013077 (VIOLATED)
input1/X                                1.000000    1.013075   -0.013075 (VIOLATED)

max fanout

Pin                                   Limit Fanout  Slack
---------------------------------------------------------
wire20/X                                 16     19     -3 (VIOLATED)
clkbuf_0_wb_clk_i/X                      16     17        (VIOLATED)



===========================================================================
report_parasitic_annotation -report_unannotated
============================================================================
Found 6 unannotated drivers.
 clkload0/X
 clkload1/X
 clkload2/X
 clkload3/X
 clkload4/X
 clkload5/X
Found 0 partially unannotated drivers.

===========================================================================
max slew violation count 21
max fanout violation count 2
max cap violation count 0
============================================================================

===========================================================================
check_setup -verbose -unconstrained_endpoints -multiple_clock -no_clock -no_input_delay -loops -generated_clocks
===========================================================================
