Clock: wb_clk_i
Sources: wb_clk_i 
Generated: no
Virtual: yes
Propagated: no
Period: 25.000000

===========================================================================
report_clock_properties
============================================================================
Clock                   Period          Waveform
----------------------------------------------------
wb_clk_i             25.000000    0.000000 12.500000

===========================================================================
report_clock_latency
============================================================================
Clock wb_clk_i
rise -> rise
    min     max
0.000000 0.000000 source latency
1.751510         network latency _713_/CLK
        1.941349 network latency _683_/CLK
---------------
1.751510 1.941349 latency
        0.189839 skew

fall -> fall
    min     max
0.000000 0.000000 source latency
1.370836         network latency _713_/CLK
        1.519105 network latency _683_/CLK
---------------
1.370836 1.519105 latency
        0.148269 skew



===========================================================================
report_clock_min_period
============================================================================
wb_clk_i period_min = 11.25 fmax = 88.90
