Clock: wb_clk_i
Sources: wb_clk_i 
Generated: no
Virtual: yes
Propagated: no
Period: 25.000000

===========================================================================
report_clock_properties
============================================================================
Clock                   Period          Waveform
----------------------------------------------------
wb_clk_i             25.000000    0.000000 12.500000

===========================================================================
report_clock_latency
============================================================================
Clock wb_clk_i
rise -> rise
    min     max
0.000000 0.000000 source latency
0.685221         network latency _701_/CLK
        0.760378 network latency _683_/CLK
---------------
0.685221 0.760378 latency
        0.075157 skew

fall -> fall
    min     max
0.000000 0.000000 source latency
0.546166         network latency _701_/CLK
        0.606146 network latency _683_/CLK
---------------
0.546166 0.606146 latency
        0.059980 skew



===========================================================================
report_clock_min_period
============================================================================
wb_clk_i period_min = 3.15 fmax = 317.43
