
===========================================================================
report_checks -unconstrained
===========================================================================
======================= nom_tt_025C_1v80 Corner ===================================

Startpoint: gpio_loopback_zero[35] (input port clocked by __VIRTUAL_CLK__)
Endpoint: gpio_slow_sel[35] (output port clocked by __VIRTUAL_CLK__)
Path Group: __VIRTUAL_CLK__
Path Type: max

Fanout         Cap        Slew       Delay        Time   Description
---------------------------------------------------------------------------------------------
                      0.000000    0.000000    0.000000   clock __VIRTUAL_CLK__ (rise edge)
                                  0.000000    0.000000   clock network delay (ideal)
                                  2.000000    2.000000 ^ input external delay
    11    0.382689    1.704689    1.236146    3.236146 ^ gpio_loopback_zero[35] (in)
                                                         gpio_loopback_zero[35] (net)
                      1.704766    0.000000    3.236146 ^ gpio_slow_sel[35] (out)
                                              3.236146   data arrival time

                      0.000000   10.000000   10.000000   clock __VIRTUAL_CLK__ (rise edge)
                                  0.000000   10.000000   clock network delay (ideal)
                                 -0.250000    9.750000   clock uncertainty
                                  0.000000    9.750000   clock reconvergence pessimism
                                 -2.000000    7.750000   output external delay
                                              7.750000   data required time
---------------------------------------------------------------------------------------------
                                              7.750000   data required time
                                             -3.236146   data arrival time
---------------------------------------------------------------------------------------------
                                              4.513854   slack (MET)




===========================================================================
report_checks --slack_max -0.01
============================================================================
======================= nom_tt_025C_1v80 Corner ===================================

No paths found.


===========================================================================
 report_check_types -max_slew -max_cap -max_fanout -violators
============================================================================
======================= nom_tt_025C_1v80 Corner ===================================

max slew

Pin                                        Limit        Slew       Slack
------------------------------------------------------------------------
gpio_out[24]                            0.500000    5.196639   -4.696639 (VIOLATED)
mprj2/output2/X                         0.500000    4.896616   -4.396616 (VIOLATED)
gpio_out[25]                            0.500000    4.733016   -4.233016 (VIOLATED)
mprj2/output4/X                         0.500000    4.515533   -4.015533 (VIOLATED)
gpio_out[26]                            0.500000    3.885165   -3.385165 (VIOLATED)
mprj2/output5/X                         0.500000    3.778543   -3.278543 (VIOLATED)
gpio_out[27]                            0.500000    2.926300   -2.426300 (VIOLATED)
mprj2/output6/X                         0.500000    2.885996   -2.385996 (VIOLATED)
mprj2/clkbuf_0_wb_clk_i/A               0.500000    2.863703   -2.363703 (VIOLATED)
mprj2/ANTENNA_clkbuf_0_wb_clk_i_A/DIODE    0.500000    2.863693   -2.363693 (VIOLATED)
mprj/clkbuf_0_wb_clk_i/A                0.500000    2.861175   -2.361175 (VIOLATED)
mprj/ANTENNA_clkbuf_0_wb_clk_i_A/DIODE    0.500000    2.861166   -2.361166 (VIOLATED)
gpio_in[0]                              0.500000    2.851949   -2.351949 (VIOLATED)
gpio_out[34]                            0.500000    2.435942   -1.935942 (VIOLATED)
mprj2/output3/X                         0.500000    2.433924   -1.933924 (VIOLATED)
gpio_out[33]                            0.500000    2.163287   -1.663287 (VIOLATED)
mprj2/output12/X                        0.500000    2.161792   -1.661792 (VIOLATED)
gpio_out[28]                            0.500000    2.110356   -1.610356 (VIOLATED)
mprj2/output7/X                         0.500000    2.099792   -1.599792 (VIOLATED)
gpio_analog_en[35]                      0.500000    1.704765   -1.204764 (VIOLATED)
gpio_dm1[35]                            0.500000    1.704766   -1.204766 (VIOLATED)
gpio_slow_sel[35]                       0.500000    1.704766   -1.204766 (VIOLATED)
gpio_dm0[35]                            0.500000    1.704756   -1.204756 (VIOLATED)
gpio_analog_pol[35]                     0.500000    1.704754   -1.204754 (VIOLATED)
gpio_analog_sel[35]                     0.500000    1.704741   -1.204741 (VIOLATED)
gpio_dm2[35]                            0.500000    1.704740   -1.204740 (VIOLATED)
gpio_holdover[35]                       0.500000    1.704738   -1.204738 (VIOLATED)
gpio_out[35]                            0.500000    1.704736   -1.204736 (VIOLATED)
gpio_vtrip_sel[35]                      0.500000    1.704731   -1.204731 (VIOLATED)
gpio_ib_mode_sel[35]                    0.500000    1.704714   -1.204714 (VIOLATED)
gpio_loopback_zero[35]                  0.500000    1.704689   -1.204690 (VIOLATED)
gpio_dm1[19]                            0.500000    1.701106   -1.201106 (VIOLATED)
gpio_slow_sel[19]                       0.500000    1.701107   -1.201107 (VIOLATED)
gpio_analog_en[19]                      0.500000    1.701092   -1.201092 (VIOLATED)
gpio_dm0[19]                            0.500000    1.701085   -1.201085 (VIOLATED)
gpio_analog_pol[19]                     0.500000    1.701076   -1.201076 (VIOLATED)
gpio_dm1[15]                            0.500000    1.701055   -1.201055 (VIOLATED)
gpio_slow_sel[15]                       0.500000    1.701056   -1.201056 (VIOLATED)
gpio_analog_en[15]                      0.500000    1.701041   -1.201041 (VIOLATED)
gpio_analog_sel[19]                     0.500000    1.701040   -1.201040 (VIOLATED)
gpio_dm0[15]                            0.500000    1.701034   -1.201034 (VIOLATED)
gpio_dm2[19]                            0.500000    1.701030   -1.201030 (VIOLATED)
gpio_analog_pol[15]                     0.500000    1.701025   -1.201025 (VIOLATED)
gpio_holdover[19]                       0.500000    1.701017   -1.201017 (VIOLATED)
gpio_out[19]                            0.500000    1.701005   -1.201005 (VIOLATED)
gpio_analog_sel[15]                     0.500000    1.700983   -1.200983 (VIOLATED)
gpio_dm2[15]                            0.500000    1.700972   -1.200972 (VIOLATED)
gpio_vtrip_sel[19]                      0.500000    1.700961   -1.200961 (VIOLATED)
gpio_holdover[15]                       0.500000    1.700959   -1.200959 (VIOLATED)
gpio_ib_mode_sel[19]                    0.500000    1.700951   -1.200951 (VIOLATED)
gpio_out[15]                            0.500000    1.700948   -1.200948 (VIOLATED)
gpio_slow_sel[21]                       0.500000    1.700940   -1.200940 (VIOLATED)
gpio_dm1[21]                            0.500000    1.700938   -1.200938 (VIOLATED)
gpio_analog_en[21]                      0.500000    1.700927   -1.200927 (VIOLATED)
gpio_loopback_zero[19]                  0.500000    1.700922   -1.200922 (VIOLATED)
gpio_dm0[21]                            0.500000    1.700920   -1.200920 (VIOLATED)
gpio_analog_pol[21]                     0.500000    1.700911   -1.200911 (VIOLATED)
gpio_vtrip_sel[15]                      0.500000    1.700910   -1.200910 (VIOLATED)
gpio_ib_mode_sel[15]                    0.500000    1.700899   -1.200899 (VIOLATED)
gpio_loopback_zero[15]                  0.500000    1.700870   -1.200870 (VIOLATED)
gpio_analog_sel[21]                     0.500000    1.700868   -1.200868 (VIOLATED)
gpio_dm2[21]                            0.500000    1.700856   -1.200856 (VIOLATED)
gpio_holdover[21]                       0.500000    1.700843   -1.200843 (VIOLATED)
gpio_out[21]                            0.500000    1.700832   -1.200832 (VIOLATED)
gpio_vtrip_sel[21]                      0.500000    1.700787   -1.200787 (VIOLATED)
gpio_ib_mode_sel[21]                    0.500000    1.700776   -1.200776 (VIOLATED)
gpio_loopback_zero[21]                  0.500000    1.700747   -1.200747 (VIOLATED)
gpio_slow_sel[22]                       0.500000    1.699887   -1.199887 (VIOLATED)
gpio_dm1[22]                            0.500000    1.699885   -1.199885 (VIOLATED)
gpio_analog_en[22]                      0.500000    1.699874   -1.199874 (VIOLATED)
gpio_dm0[22]                            0.500000    1.699867   -1.199867 (VIOLATED)
gpio_analog_pol[22]                     0.500000    1.699858   -1.199858 (VIOLATED)
gpio_analog_sel[22]                     0.500000    1.699822   -1.199822 (VIOLATED)
gpio_dm2[22]                            0.500000    1.699811   -1.199811 (VIOLATED)
gpio_holdover[22]                       0.500000    1.699798   -1.199798 (VIOLATED)
gpio_out[22]                            0.500000    1.699787   -1.199787 (VIOLATED)
gpio_vtrip_sel[22]                      0.500000    1.699747   -1.199747 (VIOLATED)
gpio_ib_mode_sel[22]                    0.500000    1.699739   -1.199739 (VIOLATED)
gpio_loopback_zero[22]                  0.500000    1.699713   -1.199713 (VIOLATED)
gpio_slow_sel[20]                       0.500000    1.699222   -1.199222 (VIOLATED)
gpio_dm1[20]                            0.500000    1.699221   -1.199221 (VIOLATED)
gpio_analog_en[20]                      0.500000    1.699209   -1.199208 (VIOLATED)
gpio_dm0[20]                            0.500000    1.699202   -1.199202 (VIOLATED)
gpio_analog_pol[20]                     0.500000    1.699193   -1.199193 (VIOLATED)
gpio_analog_sel[20]                     0.500000    1.699151   -1.199151 (VIOLATED)
gpio_dm2[20]                            0.500000    1.699140   -1.199140 (VIOLATED)
gpio_holdover[20]                       0.500000    1.699127   -1.199128 (VIOLATED)
gpio_out[20]                            0.500000    1.699116   -1.199116 (VIOLATED)
gpio_vtrip_sel[20]                      0.500000    1.699080   -1.199080 (VIOLATED)
gpio_ib_mode_sel[20]                    0.500000    1.699069   -1.199069 (VIOLATED)
gpio_loopback_zero[20]                  0.500000    1.699039   -1.199039 (VIOLATED)
gpio_slow_sel[37]                       0.500000    1.698827   -1.198827 (VIOLATED)
gpio_dm1[37]                            0.500000    1.698826   -1.198826 (VIOLATED)
gpio_analog_en[37]                      0.500000    1.698824   -1.198824 (VIOLATED)
gpio_dm0[37]                            0.500000    1.698823   -1.198823 (VIOLATED)
gpio_analog_pol[37]                     0.500000    1.698821   -1.198821 (VIOLATED)
gpio_analog_sel[37]                     0.500000    1.698812   -1.198812 (VIOLATED)
gpio_dm2[37]                            0.500000    1.698792   -1.198792 (VIOLATED)
gpio_holdover[37]                       0.500000    1.698763   -1.198763 (VIOLATED)
gpio_out[37]                            0.500000    1.698751   -1.198751 (VIOLATED)
gpio_vtrip_sel[37]                      0.500000    1.698712   -1.198712 (VIOLATED)
gpio_ib_mode_sel[37]                    0.500000    1.698684   -1.198684 (VIOLATED)
gpio_loopback_zero[37]                  0.500000    1.698663   -1.198663 (VIOLATED)
gpio_slow_sel[36]                       0.500000    1.697849   -1.197849 (VIOLATED)
gpio_dm1[36]                            0.500000    1.697841   -1.197841 (VIOLATED)
gpio_analog_en[36]                      0.500000    1.697815   -1.197815 (VIOLATED)
gpio_dm0[36]                            0.500000    1.697812   -1.197812 (VIOLATED)
gpio_analog_pol[36]                     0.500000    1.697793   -1.197793 (VIOLATED)
gpio_analog_sel[36]                     0.500000    1.697738   -1.197738 (VIOLATED)
gpio_dm2[36]                            0.500000    1.697726   -1.197726 (VIOLATED)
gpio_holdover[36]                       0.500000    1.697712   -1.197712 (VIOLATED)
gpio_out[36]                            0.500000    1.697699   -1.197699 (VIOLATED)
gpio_vtrip_sel[36]                      0.500000    1.697660   -1.197660 (VIOLATED)
gpio_ib_mode_sel[36]                    0.500000    1.697634   -1.197634 (VIOLATED)
gpio_loopback_zero[36]                  0.500000    1.697609   -1.197609 (VIOLATED)
gpio_analog_en[39]                      0.500000    1.696296   -1.196296 (VIOLATED)
gpio_analog_pol[39]                     0.500000    1.696295   -1.196295 (VIOLATED)
gpio_dm0[39]                            0.500000    1.696296   -1.196296 (VIOLATED)
gpio_dm1[39]                            0.500000    1.696297   -1.196297 (VIOLATED)
gpio_slow_sel[39]                       0.500000    1.696297   -1.196297 (VIOLATED)
gpio_analog_sel[39]                     0.500000    1.696292   -1.196292 (VIOLATED)
gpio_dm2[39]                            0.500000    1.696291   -1.196291 (VIOLATED)
gpio_holdover[39]                       0.500000    1.696290   -1.196290 (VIOLATED)
gpio_out[39]                            0.500000    1.696289   -1.196289 (VIOLATED)
gpio_ib_mode_sel[39]                    0.500000    1.696285   -1.196285 (VIOLATED)
gpio_vtrip_sel[39]                      0.500000    1.696286   -1.196286 (VIOLATED)
gpio_loopback_zero[39]                  0.500000    1.696274   -1.196274 (VIOLATED)
gpio_slow_sel[23]                       0.500000    1.694821   -1.194821 (VIOLATED)
gpio_dm1[23]                            0.500000    1.694820   -1.194820 (VIOLATED)
gpio_analog_en[23]                      0.500000    1.694806   -1.194806 (VIOLATED)
gpio_dm0[23]                            0.500000    1.694799   -1.194799 (VIOLATED)
gpio_analog_pol[23]                     0.500000    1.694790   -1.194790 (VIOLATED)
gpio_analog_sel[23]                     0.500000    1.694756   -1.194756 (VIOLATED)
gpio_dm2[23]                            0.500000    1.694745   -1.194745 (VIOLATED)
gpio_holdover[23]                       0.500000    1.694732   -1.194732 (VIOLATED)
gpio_out[23]                            0.500000    1.694720   -1.194720 (VIOLATED)
gpio_vtrip_sel[23]                      0.500000    1.694674   -1.194674 (VIOLATED)
gpio_ib_mode_sel[23]                    0.500000    1.694664   -1.194664 (VIOLATED)
gpio_loopback_zero[23]                  0.500000    1.694639   -1.194639 (VIOLATED)
gpio_analog_en[42]                      0.500000    1.693484   -1.193484 (VIOLATED)
gpio_analog_pol[42]                     0.500000    1.693482   -1.193482 (VIOLATED)
gpio_dm0[42]                            0.500000    1.693483   -1.193483 (VIOLATED)
gpio_dm1[42]                            0.500000    1.693484   -1.193484 (VIOLATED)
gpio_slow_sel[42]                       0.500000    1.693485   -1.193485 (VIOLATED)
gpio_analog_sel[42]                     0.500000    1.693479   -1.193479 (VIOLATED)
gpio_dm2[42]                            0.500000    1.693478   -1.193478 (VIOLATED)
gpio_holdover[42]                       0.500000    1.693477   -1.193477 (VIOLATED)
gpio_out[42]                            0.500000    1.693476   -1.193476 (VIOLATED)
gpio_vtrip_sel[42]                      0.500000    1.693473   -1.193473 (VIOLATED)
gpio_ib_mode_sel[42]                    0.500000    1.693472   -1.193472 (VIOLATED)
gpio_loopback_zero[42]                  0.500000    1.693461   -1.193461 (VIOLATED)
gpio_dm1[0]                             0.500000    1.692644   -1.192644 (VIOLATED)
gpio_slow_sel[0]                        0.500000    1.692645   -1.192645 (VIOLATED)
gpio_analog_en[0]                       0.500000    1.692642   -1.192642 (VIOLATED)
gpio_analog_pol[0]                      0.500000    1.692640   -1.192640 (VIOLATED)
gpio_inp_dis[0]                         0.500000    1.692639   -1.192639 (VIOLATED)
gpio_analog_sel[0]                      0.500000    1.692617   -1.192617 (VIOLATED)
gpio_dm2[0]                             0.500000    1.692595   -1.192595 (VIOLATED)
gpio_holdover[0]                        0.500000    1.692584   -1.192584 (VIOLATED)
gpio_out[0]                             0.500000    1.692573   -1.192573 (VIOLATED)
gpio_vtrip_sel[0]                       0.500000    1.692532   -1.192532 (VIOLATED)
gpio_ib_mode_sel[0]                     0.500000    1.692529   -1.192529 (VIOLATED)
gpio_loopback_zero[0]                   0.500000    1.692513   -1.192513 (VIOLATED)
gpio_slow_sel[18]                       0.500000    1.691826   -1.191826 (VIOLATED)
gpio_dm1[18]                            0.500000    1.691824   -1.191824 (VIOLATED)
gpio_analog_en[18]                      0.500000    1.691813   -1.191813 (VIOLATED)
gpio_dm0[18]                            0.500000    1.691807   -1.191807 (VIOLATED)
gpio_analog_pol[18]                     0.500000    1.691800   -1.191800 (VIOLATED)
gpio_analog_sel[18]                     0.500000    1.691765   -1.191764 (VIOLATED)
gpio_dm2[18]                            0.500000    1.691754   -1.191754 (VIOLATED)
gpio_holdover[18]                       0.500000    1.691742   -1.191742 (VIOLATED)
gpio_out[18]                            0.500000    1.691733   -1.191733 (VIOLATED)
gpio_vtrip_sel[18]                      0.500000    1.691697   -1.191697 (VIOLATED)
gpio_ib_mode_sel[18]                    0.500000    1.691688   -1.191688 (VIOLATED)
gpio_loopback_zero[18]                  0.500000    1.691663   -1.191663 (VIOLATED)
gpio_analog_en[38]                      0.500000    1.691272   -1.191272 (VIOLATED)
gpio_dm1[38]                            0.500000    1.691274   -1.191274 (VIOLATED)
gpio_slow_sel[38]                       0.500000    1.691274   -1.191274 (VIOLATED)
gpio_analog_pol[38]                     0.500000    1.691270   -1.191270 (VIOLATED)
gpio_dm0[38]                            0.500000    1.691272   -1.191272 (VIOLATED)
gpio_analog_sel[38]                     0.500000    1.691254   -1.191254 (VIOLATED)
gpio_dm2[38]                            0.500000    1.691244   -1.191244 (VIOLATED)
gpio_holdover[38]                       0.500000    1.691231   -1.191231 (VIOLATED)
gpio_out[38]                            0.500000    1.691219   -1.191219 (VIOLATED)
gpio_ib_mode_sel[38]                    0.500000    1.691206   -1.191206 (VIOLATED)
gpio_vtrip_sel[38]                      0.500000    1.691207   -1.191207 (VIOLATED)
gpio_loopback_zero[38]                  0.500000    1.691197   -1.191197 (VIOLATED)
gpio_analog_en[43]                      0.500000    1.689760   -1.189760 (VIOLATED)
gpio_dm1[43]                            0.500000    1.689761   -1.189761 (VIOLATED)
gpio_slow_sel[43]                       0.500000    1.689762   -1.189762 (VIOLATED)
gpio_analog_pol[43]                     0.500000    1.689758   -1.189758 (VIOLATED)
gpio_dm0[43]                            0.500000    1.689759   -1.189759 (VIOLATED)
gpio_analog_sel[43]                     0.500000    1.689751   -1.189751 (VIOLATED)
gpio_dm2[43]                            0.500000    1.689749   -1.189749 (VIOLATED)
gpio_holdover[43]                       0.500000    1.689747   -1.189747 (VIOLATED)
gpio_out[43]                            0.500000    1.689745   -1.189745 (VIOLATED)
gpio_vtrip_sel[43]                      0.500000    1.689723   -1.189723 (VIOLATED)
gpio_ib_mode_sel[43]                    0.500000    1.689705   -1.189705 (VIOLATED)
gpio_loopback_zero[43]                  0.500000    1.689679   -1.189679 (VIOLATED)
gpio_dm1[17]                            0.500000    1.689325   -1.189325 (VIOLATED)
gpio_slow_sel[17]                       0.500000    1.689326   -1.189326 (VIOLATED)
gpio_analog_en[17]                      0.500000    1.689311   -1.189311 (VIOLATED)
gpio_dm0[17]                            0.500000    1.689304   -1.189304 (VIOLATED)
gpio_analog_pol[17]                     0.500000    1.689295   -1.189295 (VIOLATED)
gpio_analog_sel[17]                     0.500000    1.689254   -1.189254 (VIOLATED)
gpio_dm2[17]                            0.500000    1.689243   -1.189243 (VIOLATED)
gpio_holdover[17]                       0.500000    1.689231   -1.189231 (VIOLATED)
gpio_out[17]                            0.500000    1.689220   -1.189220 (VIOLATED)
gpio_vtrip_sel[17]                      0.500000    1.689176   -1.189176 (VIOLATED)
gpio_ib_mode_sel[17]                    0.500000    1.689167   -1.189167 (VIOLATED)
gpio_loopback_zero[17]                  0.500000    1.689146   -1.189145 (VIOLATED)
gpio_slow_sel[16]                       0.500000    1.688800   -1.188800 (VIOLATED)
gpio_dm1[16]                            0.500000    1.688798   -1.188798 (VIOLATED)
gpio_analog_en[16]                      0.500000    1.688787   -1.188787 (VIOLATED)
gpio_dm0[16]                            0.500000    1.688780   -1.188780 (VIOLATED)
gpio_analog_pol[16]                     0.500000    1.688771   -1.188771 (VIOLATED)
gpio_analog_sel[16]                     0.500000    1.688731   -1.188731 (VIOLATED)
gpio_dm2[16]                            0.500000    1.688720   -1.188720 (VIOLATED)
gpio_holdover[16]                       0.500000    1.688708   -1.188708 (VIOLATED)
gpio_out[16]                            0.500000    1.688696   -1.188696 (VIOLATED)
gpio_vtrip_sel[16]                      0.500000    1.688656   -1.188656 (VIOLATED)
gpio_ib_mode_sel[16]                    0.500000    1.688646   -1.188646 (VIOLATED)
gpio_loopback_zero[16]                  0.500000    1.688621   -1.188621 (VIOLATED)
gpio_analog_en[41]                      0.500000    1.686732   -1.186732 (VIOLATED)
gpio_analog_pol[41]                     0.500000    1.686731   -1.186731 (VIOLATED)
gpio_dm0[41]                            0.500000    1.686731   -1.186731 (VIOLATED)
gpio_dm1[41]                            0.500000    1.686732   -1.186732 (VIOLATED)
gpio_slow_sel[41]                       0.500000    1.686733   -1.186733 (VIOLATED)
gpio_analog_sel[41]                     0.500000    1.686728   -1.186727 (VIOLATED)
gpio_dm2[41]                            0.500000    1.686727   -1.186727 (VIOLATED)
gpio_holdover[41]                       0.500000    1.686726   -1.186726 (VIOLATED)
gpio_out[41]                            0.500000    1.686725   -1.186725 (VIOLATED)
gpio_ib_mode_sel[41]                    0.500000    1.686721   -1.186721 (VIOLATED)
gpio_vtrip_sel[41]                      0.500000    1.686722   -1.186722 (VIOLATED)
gpio_loopback_zero[41]                  0.500000    1.686711   -1.186711 (VIOLATED)
gpio_slow_sel[14]                       0.500000    1.686497   -1.186497 (VIOLATED)
gpio_dm1[14]                            0.500000    1.686490   -1.186490 (VIOLATED)
gpio_analog_en[14]                      0.500000    1.686480   -1.186480 (VIOLATED)
gpio_dm0[14]                            0.500000    1.686473   -1.186473 (VIOLATED)
gpio_analog_pol[14]                     0.500000    1.686449   -1.186449 (VIOLATED)
gpio_analog_sel[14]                     0.500000    1.686402   -1.186402 (VIOLATED)
gpio_dm2[14]                            0.500000    1.686390   -1.186390 (VIOLATED)
gpio_analog_en[40]                      0.500000    1.686386   -1.186387 (VIOLATED)
gpio_analog_pol[40]                     0.500000    1.686386   -1.186386 (VIOLATED)
gpio_dm0[40]                            0.500000    1.686386   -1.186386 (VIOLATED)
gpio_dm1[40]                            0.500000    1.686387   -1.186387 (VIOLATED)
gpio_slow_sel[40]                       0.500000    1.686388   -1.186387 (VIOLATED)
gpio_analog_sel[40]                     0.500000    1.686382   -1.186382 (VIOLATED)
gpio_dm2[40]                            0.500000    1.686381   -1.186381 (VIOLATED)
gpio_holdover[40]                       0.500000    1.686380   -1.186380 (VIOLATED)
gpio_out[40]                            0.500000    1.686380   -1.186379 (VIOLATED)
gpio_holdover[14]                       0.500000    1.686378   -1.186378 (VIOLATED)
gpio_ib_mode_sel[40]                    0.500000    1.686375   -1.186375 (VIOLATED)
gpio_vtrip_sel[40]                      0.500000    1.686377   -1.186377 (VIOLATED)
gpio_loopback_zero[40]                  0.500000    1.686366   -1.186366 (VIOLATED)
gpio_out[14]                            0.500000    1.686367   -1.186367 (VIOLATED)
gpio_vtrip_sel[14]                      0.500000    1.686334   -1.186334 (VIOLATED)
gpio_ib_mode_sel[14]                    0.500000    1.686312   -1.186312 (VIOLATED)
gpio_loopback_zero[14]                  0.500000    1.686297   -1.186297 (VIOLATED)
gpio_slow_sel[13]                       0.500000    1.685114   -1.185114 (VIOLATED)
gpio_dm1[13]                            0.500000    1.685103   -1.185103 (VIOLATED)
gpio_analog_en[13]                      0.500000    1.685076   -1.185076 (VIOLATED)
gpio_dm0[13]                            0.500000    1.685072   -1.185072 (VIOLATED)
gpio_analog_pol[13]                     0.500000    1.685045   -1.185045 (VIOLATED)
gpio_analog_sel[13]                     0.500000    1.684945   -1.184945 (VIOLATED)
gpio_dm2[13]                            0.500000    1.684899   -1.184899 (VIOLATED)
gpio_holdover[13]                       0.500000    1.684861   -1.184861 (VIOLATED)
gpio_out[13]                            0.500000    1.684844   -1.184844 (VIOLATED)
gpio_vtrip_sel[13]                      0.500000    1.684768   -1.184768 (VIOLATED)
gpio_ib_mode_sel[13]                    0.500000    1.684763   -1.184763 (VIOLATED)
gpio_loopback_zero[13]                  0.500000    1.684681   -1.184681 (VIOLATED)
gpio_out[32]                            0.500000    1.606141   -1.106141 (VIOLATED)
mprj2/output11/X                        0.500000    1.605546   -1.105546 (VIOLATED)
mprj2/ANTENNA_input1_A/DIODE            0.500000    1.556734   -1.056734 (VIOLATED)
mprj2/input1/A                          0.500000    1.556734   -1.056734 (VIOLATED)
mprj/ANTENNA_input1_A/DIODE             0.500000    1.556444   -1.056444 (VIOLATED)
mprj/input1/A                           0.500000    1.556444   -1.056444 (VIOLATED)
gpio_in[1]                              0.500000    1.556271   -1.056272 (VIOLATED)
gpio_out[29]                            0.500000    1.552290   -1.052290 (VIOLATED)
mprj2/output8/X                         0.500000    1.551953   -1.051953 (VIOLATED)
gpio_analog_en[31]                      0.500000    1.439661   -0.939661 (VIOLATED)
gpio_slow_sel[31]                       0.500000    1.439661   -0.939661 (VIOLATED)
gpio_analog_pol[31]                     0.500000    1.439648   -0.939648 (VIOLATED)
gpio_dm0[31]                            0.500000    1.439649   -0.939649 (VIOLATED)
gpio_analog_sel[31]                     0.500000    1.439644   -0.939644 (VIOLATED)
gpio_holdover[31]                       0.500000    1.439642   -0.939642 (VIOLATED)
gpio_vtrip_sel[31]                      0.500000    1.439628   -0.939628 (VIOLATED)
gpio_ib_mode_sel[31]                    0.500000    1.439627   -0.939627 (VIOLATED)
gpio_oeb[31]                            0.500000    1.439626   -0.939626 (VIOLATED)
gpio_loopback_zero[31]                  0.500000    1.439607   -0.939607 (VIOLATED)
gpio_analog_pol[26]                     0.500000    1.425850   -0.925850 (VIOLATED)
gpio_dm0[26]                            0.500000    1.425846   -0.925846 (VIOLATED)
gpio_slow_sel[26]                       0.500000    1.425846   -0.925846 (VIOLATED)
gpio_analog_en[26]                      0.500000    1.425844   -0.925844 (VIOLATED)
gpio_analog_sel[26]                     0.500000    1.425838   -0.925838 (VIOLATED)
gpio_holdover[26]                       0.500000    1.425836   -0.925836 (VIOLATED)
gpio_vtrip_sel[26]                      0.500000    1.425824   -0.925824 (VIOLATED)
gpio_ib_mode_sel[26]                    0.500000    1.425820   -0.925821 (VIOLATED)
gpio_oeb[26]                            0.500000    1.425819   -0.925819 (VIOLATED)
gpio_loopback_zero[26]                  0.500000    1.425799   -0.925799 (VIOLATED)
gpio_analog_pol[29]                     0.500000    1.424244   -0.924244 (VIOLATED)
gpio_dm0[29]                            0.500000    1.424240   -0.924240 (VIOLATED)
gpio_slow_sel[29]                       0.500000    1.424240   -0.924240 (VIOLATED)
gpio_analog_en[29]                      0.500000    1.424239   -0.924239 (VIOLATED)
gpio_analog_sel[29]                     0.500000    1.424232   -0.924232 (VIOLATED)
gpio_holdover[29]                       0.500000    1.424230   -0.924230 (VIOLATED)
gpio_vtrip_sel[29]                      0.500000    1.424219   -0.924219 (VIOLATED)
gpio_ib_mode_sel[29]                    0.500000    1.424216   -0.924216 (VIOLATED)
gpio_oeb[29]                            0.500000    1.424214   -0.924214 (VIOLATED)
gpio_loopback_zero[29]                  0.500000    1.424195   -0.924195 (VIOLATED)
gpio_slow_sel[25]                       0.500000    1.423793   -0.923793 (VIOLATED)
gpio_analog_en[25]                      0.500000    1.423791   -0.923791 (VIOLATED)
gpio_dm0[25]                            0.500000    1.423790   -0.923790 (VIOLATED)
gpio_analog_pol[25]                     0.500000    1.423789   -0.923789 (VIOLATED)
gpio_analog_sel[25]                     0.500000    1.423781   -0.923781 (VIOLATED)
gpio_holdover[25]                       0.500000    1.423762   -0.923762 (VIOLATED)
gpio_vtrip_sel[25]                      0.500000    1.423713   -0.923713 (VIOLATED)
gpio_ib_mode_sel[25]                    0.500000    1.423703   -0.923703 (VIOLATED)
gpio_oeb[25]                            0.500000    1.423683   -0.923683 (VIOLATED)
gpio_loopback_zero[25]                  0.500000    1.423664   -0.923664 (VIOLATED)
gpio_slow_sel[28]                       0.500000    1.419816   -0.919816 (VIOLATED)
gpio_analog_en[28]                      0.500000    1.419804   -0.919804 (VIOLATED)
gpio_dm0[28]                            0.500000    1.419800   -0.919800 (VIOLATED)
gpio_analog_pol[28]                     0.500000    1.419783   -0.919783 (VIOLATED)
gpio_analog_sel[28]                     0.500000    1.419769   -0.919769 (VIOLATED)
gpio_holdover[28]                       0.500000    1.419751   -0.919751 (VIOLATED)
gpio_oeb[28]                            0.500000    1.419704   -0.919704 (VIOLATED)
gpio_vtrip_sel[28]                      0.500000    1.419703   -0.919703 (VIOLATED)
gpio_ib_mode_sel[28]                    0.500000    1.419701   -0.919701 (VIOLATED)
gpio_loopback_zero[28]                  0.500000    1.419681   -0.919681 (VIOLATED)
gpio_analog_pol[33]                     0.500000    1.418396   -0.918396 (VIOLATED)
gpio_dm0[33]                            0.500000    1.418386   -0.918386 (VIOLATED)
gpio_analog_en[33]                      0.500000    1.418385   -0.918385 (VIOLATED)
gpio_slow_sel[33]                       0.500000    1.418380   -0.918380 (VIOLATED)
gpio_analog_sel[33]                     0.500000    1.418349   -0.918349 (VIOLATED)
gpio_holdover[33]                       0.500000    1.418314   -0.918314 (VIOLATED)
gpio_vtrip_sel[33]                      0.500000    1.418258   -0.918258 (VIOLATED)
gpio_ib_mode_sel[33]                    0.500000    1.418254   -0.918254 (VIOLATED)
gpio_oeb[33]                            0.500000    1.418222   -0.918222 (VIOLATED)
gpio_loopback_zero[33]                  0.500000    1.418202   -0.918202 (VIOLATED)
gpio_slow_sel[27]                       0.500000    1.416208   -0.916208 (VIOLATED)
gpio_analog_en[27]                      0.500000    1.416190   -0.916190 (VIOLATED)
gpio_dm0[27]                            0.500000    1.416186   -0.916186 (VIOLATED)
gpio_analog_pol[27]                     0.500000    1.416179   -0.916179 (VIOLATED)
gpio_analog_sel[27]                     0.500000    1.416139   -0.916139 (VIOLATED)
gpio_holdover[27]                       0.500000    1.416121   -0.916121 (VIOLATED)
gpio_vtrip_sel[27]                      0.500000    1.416087   -0.916087 (VIOLATED)
gpio_ib_mode_sel[27]                    0.500000    1.416079   -0.916079 (VIOLATED)
gpio_oeb[27]                            0.500000    1.416059   -0.916059 (VIOLATED)
gpio_loopback_zero[27]                  0.500000    1.416049   -0.916049 (VIOLATED)
gpio_slow_sel[32]                       0.500000    1.414876   -0.914876 (VIOLATED)
gpio_analog_en[32]                      0.500000    1.414856   -0.914856 (VIOLATED)
gpio_dm0[32]                            0.500000    1.414852   -0.914852 (VIOLATED)
gpio_analog_pol[32]                     0.500000    1.414846   -0.914846 (VIOLATED)
gpio_analog_sel[32]                     0.500000    1.414804   -0.914804 (VIOLATED)
gpio_holdover[32]                       0.500000    1.414795   -0.914795 (VIOLATED)
gpio_vtrip_sel[32]                      0.500000    1.414790   -0.914790 (VIOLATED)
gpio_ib_mode_sel[32]                    0.500000    1.414788   -0.914788 (VIOLATED)
gpio_oeb[32]                            0.500000    1.414775   -0.914775 (VIOLATED)
gpio_loopback_zero[32]                  0.500000    1.414754   -0.914754 (VIOLATED)
gpio_slow_sel[24]                       0.500000    1.407887   -0.907888 (VIOLATED)
gpio_analog_en[24]                      0.500000    1.407873   -0.907873 (VIOLATED)
gpio_dm0[24]                            0.500000    1.407868   -0.907868 (VIOLATED)
gpio_analog_pol[24]                     0.500000    1.407859   -0.907859 (VIOLATED)
gpio_analog_sel[24]                     0.500000    1.407801   -0.907801 (VIOLATED)
gpio_holdover[24]                       0.500000    1.407772   -0.907772 (VIOLATED)
gpio_oeb[24]                            0.500000    1.407727   -0.907727 (VIOLATED)
gpio_vtrip_sel[24]                      0.500000    1.407728   -0.907728 (VIOLATED)
gpio_ib_mode_sel[24]                    0.500000    1.407726   -0.907726 (VIOLATED)
gpio_loopback_zero[24]                  0.500000    1.407689   -0.907689 (VIOLATED)
gpio_slow_sel[34]                       0.500000    1.406918   -0.906918 (VIOLATED)
gpio_analog_en[34]                      0.500000    1.406902   -0.906902 (VIOLATED)
gpio_dm0[34]                            0.500000    1.406901   -0.906901 (VIOLATED)
gpio_analog_pol[34]                     0.500000    1.406899   -0.906899 (VIOLATED)
gpio_analog_sel[34]                     0.500000    1.406888   -0.906888 (VIOLATED)
gpio_holdover[34]                       0.500000    1.406882   -0.906882 (VIOLATED)
gpio_vtrip_sel[34]                      0.500000    1.406869   -0.906869 (VIOLATED)
gpio_ib_mode_sel[34]                    0.500000    1.406835   -0.906835 (VIOLATED)
gpio_oeb[34]                            0.500000    1.406793   -0.906793 (VIOLATED)
gpio_loopback_zero[34]                  0.500000    1.406628   -0.906628 (VIOLATED)
gpio_slow_sel[30]                       0.500000    1.404783   -0.904783 (VIOLATED)
gpio_analog_en[30]                      0.500000    1.404769   -0.904769 (VIOLATED)
gpio_dm0[30]                            0.500000    1.404763   -0.904763 (VIOLATED)
gpio_analog_pol[30]                     0.500000    1.404754   -0.904754 (VIOLATED)
gpio_analog_sel[30]                     0.500000    1.404705   -0.904705 (VIOLATED)
gpio_holdover[30]                       0.500000    1.404652   -0.904652 (VIOLATED)
gpio_vtrip_sel[30]                      0.500000    1.404606   -0.904606 (VIOLATED)
gpio_ib_mode_sel[30]                    0.500000    1.404596   -0.904596 (VIOLATED)
gpio_oeb[30]                            0.500000    1.404578   -0.904578 (VIOLATED)
gpio_loopback_zero[30]                  0.500000    1.404562   -0.904562 (VIOLATED)
gpio_analog_pol[2]                      0.500000    1.402096   -0.902096 (VIOLATED)
gpio_analog_en[2]                       0.500000    1.402093   -0.902093 (VIOLATED)
gpio_dm0[2]                             0.500000    1.402093   -0.902093 (VIOLATED)
gpio_slow_sel[2]                        0.500000    1.402093   -0.902093 (VIOLATED)
gpio_analog_sel[2]                      0.500000    1.402089   -0.902089 (VIOLATED)
gpio_holdover[2]                        0.500000    1.402088   -0.902088 (VIOLATED)
gpio_ib_mode_sel[2]                     0.500000    1.402085   -0.902085 (VIOLATED)
gpio_vtrip_sel[2]                       0.500000    1.402086   -0.902086 (VIOLATED)
gpio_oeb[2]                             0.500000    1.402084   -0.902084 (VIOLATED)
gpio_loopback_zero[2]                   0.500000    1.402078   -0.902078 (VIOLATED)
gpio_slow_sel[3]                        0.500000    1.399355   -0.899355 (VIOLATED)
gpio_analog_en[3]                       0.500000    1.399354   -0.899354 (VIOLATED)
gpio_analog_pol[3]                      0.500000    1.399353   -0.899353 (VIOLATED)
gpio_dm0[3]                             0.500000    1.399354   -0.899353 (VIOLATED)
gpio_analog_sel[3]                      0.500000    1.399339   -0.899339 (VIOLATED)
gpio_holdover[3]                        0.500000    1.399331   -0.899331 (VIOLATED)
gpio_vtrip_sel[3]                       0.500000    1.399326   -0.899326 (VIOLATED)
gpio_ib_mode_sel[3]                     0.500000    1.399325   -0.899325 (VIOLATED)
gpio_oeb[3]                             0.500000    1.399323   -0.899323 (VIOLATED)
gpio_loopback_zero[3]                   0.500000    1.399300   -0.899300 (VIOLATED)
gpio_slow_sel[9]                        0.500000    1.399180   -0.899180 (VIOLATED)
gpio_analog_en[9]                       0.500000    1.399178   -0.899178 (VIOLATED)
gpio_analog_pol[9]                      0.500000    1.399177   -0.899177 (VIOLATED)
gpio_dm0[9]                             0.500000    1.399177   -0.899177 (VIOLATED)
gpio_analog_sel[9]                      0.500000    1.399174   -0.899174 (VIOLATED)
gpio_holdover[9]                        0.500000    1.399173   -0.899173 (VIOLATED)
gpio_ib_mode_sel[9]                     0.500000    1.399170   -0.899170 (VIOLATED)
gpio_vtrip_sel[9]                       0.500000    1.399171   -0.899171 (VIOLATED)
gpio_oeb[9]                             0.500000    1.399169   -0.899170 (VIOLATED)
gpio_loopback_zero[9]                   0.500000    1.399165   -0.899165 (VIOLATED)
gpio_slow_sel[8]                        0.500000    1.397043   -0.897043 (VIOLATED)
gpio_analog_en[8]                       0.500000    1.397040   -0.897040 (VIOLATED)
gpio_dm0[8]                             0.500000    1.397028   -0.897028 (VIOLATED)
gpio_analog_pol[8]                      0.500000    1.397026   -0.897026 (VIOLATED)
gpio_analog_sel[8]                      0.500000    1.396991   -0.896991 (VIOLATED)
gpio_holdover[8]                        0.500000    1.396957   -0.896957 (VIOLATED)
gpio_vtrip_sel[8]                       0.500000    1.396913   -0.896913 (VIOLATED)
gpio_ib_mode_sel[8]                     0.500000    1.396901   -0.896902 (VIOLATED)
gpio_oeb[8]                             0.500000    1.396889   -0.896889 (VIOLATED)
gpio_loopback_zero[8]                   0.500000    1.396843   -0.896843 (VIOLATED)
gpio_slow_sel[10]                       0.500000    1.396301   -0.896301 (VIOLATED)
gpio_analog_en[10]                      0.500000    1.396287   -0.896287 (VIOLATED)
gpio_dm0[10]                            0.500000    1.396284   -0.896284 (VIOLATED)
gpio_analog_pol[10]                     0.500000    1.396283   -0.896283 (VIOLATED)
gpio_analog_sel[10]                     0.500000    1.396276   -0.896276 (VIOLATED)
gpio_holdover[10]                       0.500000    1.396260   -0.896260 (VIOLATED)
gpio_vtrip_sel[10]                      0.500000    1.396221   -0.896221 (VIOLATED)
gpio_ib_mode_sel[10]                    0.500000    1.396207   -0.896207 (VIOLATED)
gpio_oeb[10]                            0.500000    1.396205   -0.896205 (VIOLATED)
gpio_loopback_zero[10]                  0.500000    1.396195   -0.896195 (VIOLATED)
gpio_slow_sel[4]                        0.500000    1.396044   -0.896044 (VIOLATED)
gpio_analog_en[4]                       0.500000    1.396042   -0.896042 (VIOLATED)
gpio_dm0[4]                             0.500000    1.396041   -0.896041 (VIOLATED)
gpio_analog_pol[4]                      0.500000    1.396040   -0.896040 (VIOLATED)
gpio_analog_sel[4]                      0.500000    1.396032   -0.896032 (VIOLATED)
gpio_holdover[4]                        0.500000    1.396027   -0.896027 (VIOLATED)
gpio_vtrip_sel[4]                       0.500000    1.396000   -0.896000 (VIOLATED)
gpio_ib_mode_sel[4]                     0.500000    1.395973   -0.895973 (VIOLATED)
gpio_oeb[4]                             0.500000    1.395959   -0.895959 (VIOLATED)
gpio_loopback_zero[4]                   0.500000    1.395900   -0.895900 (VIOLATED)
gpio_analog_en[12]                      0.500000    1.395255   -0.895255 (VIOLATED)
gpio_slow_sel[12]                       0.500000    1.395252   -0.895252 (VIOLATED)
gpio_dm0[12]                            0.500000    1.395249   -0.895249 (VIOLATED)
gpio_analog_pol[12]                     0.500000    1.395248   -0.895248 (VIOLATED)
gpio_analog_sel[12]                     0.500000    1.395241   -0.895241 (VIOLATED)
gpio_holdover[12]                       0.500000    1.395237   -0.895237 (VIOLATED)
gpio_vtrip_sel[12]                      0.500000    1.395229   -0.895229 (VIOLATED)
gpio_ib_mode_sel[12]                    0.500000    1.395210   -0.895210 (VIOLATED)
gpio_oeb[12]                            0.500000    1.395184   -0.895184 (VIOLATED)
gpio_loopback_zero[12]                  0.500000    1.395141   -0.895141 (VIOLATED)
gpio_slow_sel[7]                        0.500000    1.394415   -0.894415 (VIOLATED)
gpio_analog_en[7]                       0.500000    1.394405   -0.894406 (VIOLATED)
gpio_dm0[7]                             0.500000    1.394400   -0.894400 (VIOLATED)
gpio_analog_pol[7]                      0.500000    1.394393   -0.894393 (VIOLATED)
gpio_analog_sel[7]                      0.500000    1.394352   -0.894352 (VIOLATED)
gpio_holdover[7]                        0.500000    1.394333   -0.894333 (VIOLATED)
gpio_vtrip_sel[7]                       0.500000    1.394298   -0.894298 (VIOLATED)
gpio_ib_mode_sel[7]                     0.500000    1.394289   -0.894289 (VIOLATED)
gpio_oeb[7]                             0.500000    1.394281   -0.894281 (VIOLATED)
gpio_loopback_zero[7]                   0.500000    1.394257   -0.894257 (VIOLATED)
gpio_slow_sel[5]                        0.500000    1.392964   -0.892964 (VIOLATED)
gpio_analog_en[5]                       0.500000    1.392947   -0.892947 (VIOLATED)
gpio_dm0[5]                             0.500000    1.392944   -0.892944 (VIOLATED)
gpio_analog_pol[5]                      0.500000    1.392917   -0.892917 (VIOLATED)
gpio_analog_sel[5]                      0.500000    1.392871   -0.892871 (VIOLATED)
gpio_holdover[5]                        0.500000    1.392843   -0.892843 (VIOLATED)
gpio_vtrip_sel[5]                       0.500000    1.392790   -0.892790 (VIOLATED)
gpio_ib_mode_sel[5]                     0.500000    1.392775   -0.892775 (VIOLATED)
gpio_oeb[5]                             0.500000    1.392759   -0.892759 (VIOLATED)
gpio_loopback_zero[5]                   0.500000    1.392679   -0.892679 (VIOLATED)
gpio_slow_sel[1]                        0.500000    1.391689   -0.891689 (VIOLATED)
gpio_analog_en[1]                       0.500000    1.391669   -0.891669 (VIOLATED)
gpio_analog_pol[1]                      0.500000    1.391652   -0.891652 (VIOLATED)
gpio_inp_dis[1]                         0.500000    1.391643   -0.891643 (VIOLATED)
gpio_analog_sel[1]                      0.500000    1.391596   -0.891596 (VIOLATED)
gpio_holdover[1]                        0.500000    1.391550   -0.891550 (VIOLATED)
gpio_vtrip_sel[1]                       0.500000    1.391493   -0.891493 (VIOLATED)
gpio_ib_mode_sel[1]                     0.500000    1.391480   -0.891480 (VIOLATED)
gpio_oeb[1]                             0.500000    1.391466   -0.891466 (VIOLATED)
gpio_loopback_zero[1]                   0.500000    1.391402   -0.891402 (VIOLATED)
gpio_slow_sel[6]                        0.500000    1.391137   -0.891137 (VIOLATED)
gpio_analog_en[6]                       0.500000    1.391124   -0.891124 (VIOLATED)
gpio_dm0[6]                             0.500000    1.391119   -0.891119 (VIOLATED)
gpio_analog_pol[6]                      0.500000    1.391111   -0.891111 (VIOLATED)
gpio_analog_sel[6]                      0.500000    1.391057   -0.891057 (VIOLATED)
gpio_holdover[6]                        0.500000    1.391038   -0.891038 (VIOLATED)
gpio_vtrip_sel[6]                       0.500000    1.391004   -0.891004 (VIOLATED)
gpio_ib_mode_sel[6]                     0.500000    1.390995   -0.890995 (VIOLATED)
gpio_oeb[6]                             0.500000    1.390986   -0.890986 (VIOLATED)
gpio_loopback_zero[6]                   0.500000    1.390963   -0.890963 (VIOLATED)
gpio_slow_sel[11]                       0.500000    1.386478   -0.886478 (VIOLATED)
gpio_analog_en[11]                      0.500000    1.386464   -0.886464 (VIOLATED)
gpio_dm0[11]                            0.500000    1.386458   -0.886458 (VIOLATED)
gpio_analog_pol[11]                     0.500000    1.386437   -0.886437 (VIOLATED)
gpio_analog_sel[11]                     0.500000    1.386391   -0.886391 (VIOLATED)
gpio_holdover[11]                       0.500000    1.386368   -0.886368 (VIOLATED)
gpio_vtrip_sel[11]                      0.500000    1.386326   -0.886326 (VIOLATED)
gpio_ib_mode_sel[11]                    0.500000    1.386314   -0.886314 (VIOLATED)
gpio_oeb[11]                            0.500000    1.386303   -0.886303 (VIOLATED)
gpio_loopback_zero[11]                  0.500000    1.386260   -0.886260 (VIOLATED)
gpio_out[31]                            0.500000    0.951205   -0.451205 (VIOLATED)
mprj2/output10/X                        0.500000    0.951098   -0.451098 (VIOLATED)
gpio_out[8]                             0.500000    0.819358   -0.319358 (VIOLATED)
mprj/output9/X                          0.500000    0.819281   -0.319281 (VIOLATED)
gpio_out[7]                             0.500000    0.795745   -0.295745 (VIOLATED)
mprj/output8/X                          0.500000    0.795668   -0.295668 (VIOLATED)
gpio_out[9]                             0.500000    0.740960   -0.240960 (VIOLATED)
mprj/output10/X                         0.500000    0.740711   -0.240711 (VIOLATED)
gpio_out[6]                             0.500000    0.732600   -0.232600 (VIOLATED)
mprj/output7/X                          0.500000    0.732538   -0.232538 (VIOLATED)
gpio_out[5]                             0.500000    0.702879   -0.202879 (VIOLATED)
mprj/output2/A                          0.500000    0.702678   -0.202678 (VIOLATED)
mprj2/output2/A                         0.500000    0.702678   -0.202678 (VIOLATED)
mprj/ANTENNA_output2_A/DIODE            0.500000    0.702667   -0.202667 (VIOLATED)
mprj2/ANTENNA_output2_A/DIODE           0.500000    0.702667   -0.202667 (VIOLATED)
mprj/output6/X                          0.500000    0.702642   -0.202642 (VIOLATED)
mprj/_578_/A2                           0.500000    0.695654   -0.195654 (VIOLATED)
mprj2/_578_/A2                          0.500000    0.695654   -0.195654 (VIOLATED)
mprj/ANTENNA__578__A2/DIODE             0.500000    0.695654   -0.195654 (VIOLATED)
mprj2/ANTENNA__578__A2/DIODE            0.500000    0.695654   -0.195654 (VIOLATED)
mprj/ANTENNA__571__A2/DIODE             0.500000    0.695653   -0.195653 (VIOLATED)
mprj2/ANTENNA__571__A2/DIODE            0.500000    0.695653   -0.195653 (VIOLATED)
mprj/_571_/A2                           0.500000    0.695652   -0.195652 (VIOLATED)
mprj/_575_/B1                           0.500000    0.695652   -0.195652 (VIOLATED)
mprj2/_571_/A2                          0.500000    0.695652   -0.195652 (VIOLATED)
mprj2/_575_/B1                          0.500000    0.695652   -0.195652 (VIOLATED)
mprj/ANTENNA__575__B1/DIODE             0.500000    0.695652   -0.195652 (VIOLATED)
mprj/_580_/B1                           0.500000    0.695652   -0.195652 (VIOLATED)
mprj2/ANTENNA__575__B1/DIODE            0.500000    0.695652   -0.195652 (VIOLATED)
mprj2/_580_/B1                          0.500000    0.695652   -0.195652 (VIOLATED)
mprj/ANTENNA__580__B1/DIODE             0.500000    0.695651   -0.195651 (VIOLATED)
mprj2/ANTENNA__580__B1/DIODE            0.500000    0.695651   -0.195651 (VIOLATED)
mprj/ANTENNA__564__X/DIODE              0.500000    0.695639   -0.195639 (VIOLATED)
mprj2/ANTENNA__564__X/DIODE             0.500000    0.695639   -0.195639 (VIOLATED)
mprj/_564_/X                            0.500000    0.695636   -0.195636 (VIOLATED)
mprj2/_564_/X                           0.500000    0.695636   -0.195636 (VIOLATED)
gpio_out[10]                            0.500000    0.676918   -0.176918 (VIOLATED)
mprj/output11/X                         0.500000    0.676893   -0.176893 (VIOLATED)
mprj/fanout25/A                         0.500000    0.657241   -0.157241 (VIOLATED)
mprj/ANTENNA_fanout25_A/DIODE           0.500000    0.657240   -0.157240 (VIOLATED)
mprj2/fanout25/A                        0.500000    0.657238   -0.157238 (VIOLATED)
mprj2/ANTENNA_fanout25_A/DIODE          0.500000    0.657238   -0.157238 (VIOLATED)
mprj/ANTENNA_fanout19_A/DIODE           0.500000    0.656229   -0.156229 (VIOLATED)
mprj2/ANTENNA_fanout19_A/DIODE          0.500000    0.656226   -0.156226 (VIOLATED)
mprj/fanout19/A                         0.500000    0.656145   -0.156145 (VIOLATED)
mprj2/fanout19/A                        0.500000    0.656142   -0.156142 (VIOLATED)
gpio_out[4]                             0.500000    0.646745   -0.146745 (VIOLATED)
mprj/output5/X                          0.500000    0.646721   -0.146721 (VIOLATED)
gpio_dm1[1]                             0.500000    0.643732   -0.143732 (VIOLATED)
gpio_dm0[1]                             0.500000    0.643732   -0.143732 (VIOLATED)
gpio_dm2[1]                             0.500000    0.643730   -0.143730 (VIOLATED)
gpio_out[1]                             0.500000    0.643729   -0.143729 (VIOLATED)
gpio_loopback_one[1]                    0.500000    0.643726   -0.143726 (VIOLATED)
gpio_out[30]                            0.500000    0.640753   -0.140753 (VIOLATED)
mprj2/output9/X                         0.500000    0.640737   -0.140737 (VIOLATED)
mprj/ANTENNA_input1_X/DIODE             0.500000    0.638210   -0.138210 (VIOLATED)
mprj2/ANTENNA_input1_X/DIODE            0.500000    0.638208   -0.138208 (VIOLATED)
mprj/input1/X                           0.500000    0.638207   -0.138207 (VIOLATED)
mprj2/input1/X                          0.500000    0.638204   -0.138204 (VIOLATED)
mprj/output11/A                         0.500000    0.618269   -0.118269 (VIOLATED)
mprj2/output11/A                        0.500000    0.618269   -0.118269 (VIOLATED)
mprj/ANTENNA_output11_A/DIODE           0.500000    0.618256   -0.118256 (VIOLATED)
mprj2/ANTENNA_output11_A/DIODE          0.500000    0.618256   -0.118256 (VIOLATED)
gpio_out[11]                            0.500000    0.614200   -0.114200 (VIOLATED)
mprj/output12/X                         0.500000    0.614182   -0.114182 (VIOLATED)
mprj/ANTENNA__590__X/DIODE              0.500000    0.610624   -0.110624 (VIOLATED)
mprj2/ANTENNA__590__X/DIODE             0.500000    0.610624   -0.110624 (VIOLATED)
mprj/_590_/X                            0.500000    0.610621   -0.110621 (VIOLATED)
mprj2/_590_/X                           0.500000    0.610621   -0.110621 (VIOLATED)
gpio_out[3]                             0.500000    0.605748   -0.105748 (VIOLATED)
mprj/output4/X                          0.500000    0.605731   -0.105731 (VIOLATED)
mprj2/_650_/A                           0.500000    0.595145   -0.095145 (VIOLATED)
mprj/_650_/A                            0.500000    0.595144   -0.095144 (VIOLATED)
mprj2/_339_/A                           0.500000    0.595144   -0.095144 (VIOLATED)
mprj/_339_/A                            0.500000    0.595143   -0.095143 (VIOLATED)
mprj2/_592_/A                           0.500000    0.595142   -0.095142 (VIOLATED)
mprj/_592_/A                            0.500000    0.595141   -0.095141 (VIOLATED)
mprj2/_642_/A                           0.500000    0.595138   -0.095138 (VIOLATED)
mprj/_642_/A                            0.500000    0.595137   -0.095137 (VIOLATED)
mprj2/_660_/A                           0.500000    0.595136   -0.095136 (VIOLATED)
mprj2/_662_/A                           0.500000    0.595136   -0.095136 (VIOLATED)
mprj2/_669_/A                           0.500000    0.595136   -0.095136 (VIOLATED)
mprj2/_670_/A                           0.500000    0.595136   -0.095136 (VIOLATED)
mprj2/fanout21/X                        0.500000    0.595136   -0.095136 (VIOLATED)
mprj2/load_slew22/A                     0.500000    0.595136   -0.095136 (VIOLATED)
mprj/_660_/A                            0.500000    0.595135   -0.095135 (VIOLATED)
mprj/_662_/A                            0.500000    0.595135   -0.095135 (VIOLATED)
mprj/_669_/A                            0.500000    0.595135   -0.095135 (VIOLATED)
mprj/_670_/A                            0.500000    0.595135   -0.095135 (VIOLATED)
mprj/fanout21/X                         0.500000    0.595135   -0.095135 (VIOLATED)
mprj/load_slew22/A                      0.500000    0.595135   -0.095135 (VIOLATED)
gpio_out[2]                             0.500000    0.587225   -0.087225 (VIOLATED)
mprj/output2/X                          0.500000    0.587212   -0.087212 (VIOLATED)
gpio_out[12]                            0.500000    0.581981   -0.081981 (VIOLATED)
mprj/output3/X                          0.500000    0.581968   -0.081968 (VIOLATED)
mprj/output4/A                          0.500000    0.562376   -0.062376 (VIOLATED)
mprj2/output4/A                         0.500000    0.562376   -0.062376 (VIOLATED)
mprj/ANTENNA_output4_A/DIODE            0.500000    0.562366   -0.062366 (VIOLATED)
mprj2/ANTENNA_output4_A/DIODE           0.500000    0.562366   -0.062366 (VIOLATED)
mprj/_386_/A                            0.500000    0.558395   -0.058395 (VIOLATED)
mprj2/_386_/A                           0.500000    0.558395   -0.058395 (VIOLATED)
mprj/ANTENNA__386__A/DIODE              0.500000    0.558358   -0.058358 (VIOLATED)
mprj2/ANTENNA__386__A/DIODE             0.500000    0.558358   -0.058358 (VIOLATED)
mprj/_572_/B                            0.500000    0.558344   -0.058344 (VIOLATED)
mprj2/_572_/B                           0.500000    0.558344   -0.058344 (VIOLATED)
mprj/_568_/B                            0.500000    0.558344   -0.058344 (VIOLATED)
mprj2/_568_/B                           0.500000    0.558344   -0.058344 (VIOLATED)
mprj/ANTENNA__572__B/DIODE              0.500000    0.558343   -0.058343 (VIOLATED)
mprj2/ANTENNA__572__B/DIODE             0.500000    0.558343   -0.058343 (VIOLATED)
mprj/ANTENNA__568__B/DIODE              0.500000    0.558343   -0.058343 (VIOLATED)
mprj2/ANTENNA__568__B/DIODE             0.500000    0.558343   -0.058343 (VIOLATED)
mprj/ANTENNA__579__A2/DIODE             0.500000    0.558339   -0.058339 (VIOLATED)
mprj2/ANTENNA__579__A2/DIODE            0.500000    0.558339   -0.058339 (VIOLATED)
mprj/_579_/A2                           0.500000    0.558338   -0.058338 (VIOLATED)
mprj2/_579_/A2                          0.500000    0.558338   -0.058338 (VIOLATED)
mprj/ANTENNA__384__Y/DIODE              0.500000    0.558334   -0.058334 (VIOLATED)
mprj2/ANTENNA__384__Y/DIODE             0.500000    0.558334   -0.058334 (VIOLATED)
mprj/_384_/Y                            0.500000    0.558331   -0.058331 (VIOLATED)
mprj2/_384_/Y                           0.500000    0.558331   -0.058331 (VIOLATED)
mprj/_665_/A                            0.500000    0.542174   -0.042174 (VIOLATED)
mprj2/_665_/A                           0.500000    0.542174   -0.042174 (VIOLATED)
mprj/_663_/A                            0.500000    0.542173   -0.042173 (VIOLATED)
mprj2/_663_/A                           0.500000    0.542173   -0.042173 (VIOLATED)
mprj/_615_/A                            0.500000    0.542173   -0.042173 (VIOLATED)
mprj2/_615_/A                           0.500000    0.542173   -0.042173 (VIOLATED)
mprj/_614_/A                            0.500000    0.542172   -0.042172 (VIOLATED)
mprj2/_614_/A                           0.500000    0.542172   -0.042172 (VIOLATED)
mprj/_664_/A                            0.500000    0.542171   -0.042171 (VIOLATED)
mprj2/_664_/A                           0.500000    0.542171   -0.042171 (VIOLATED)
mprj/_610_/A                            0.500000    0.542168   -0.042168 (VIOLATED)
mprj2/_610_/A                           0.500000    0.542168   -0.042168 (VIOLATED)
mprj/_611_/A                            0.500000    0.542166   -0.042166 (VIOLATED)
mprj2/_611_/A                           0.500000    0.542166   -0.042166 (VIOLATED)
mprj/_612_/A                            0.500000    0.542164   -0.042164 (VIOLATED)
mprj/fanout17/X                         0.500000    0.542164   -0.042164 (VIOLATED)
mprj/max_cap18/A                        0.500000    0.542164   -0.042164 (VIOLATED)
mprj2/_612_/A                           0.500000    0.542164   -0.042164 (VIOLATED)
mprj2/fanout17/X                        0.500000    0.542164   -0.042164 (VIOLATED)
mprj2/max_cap18/A                       0.500000    0.542164   -0.042164 (VIOLATED)
gpio_dm1[29]                            0.500000    0.532465   -0.032465 (VIOLATED)
gpio_inp_dis[29]                        0.500000    0.532464   -0.032464 (VIOLATED)
gpio_dm2[29]                            0.500000    0.532463   -0.032463 (VIOLATED)
gpio_loopback_one[29]                   0.500000    0.532456   -0.032456 (VIOLATED)
gpio_dm1[27]                            0.500000    0.519067   -0.019067 (VIOLATED)
gpio_inp_dis[27]                        0.500000    0.519066   -0.019066 (VIOLATED)
gpio_dm2[27]                            0.500000    0.519065   -0.019065 (VIOLATED)
gpio_loopback_one[27]                   0.500000    0.519059   -0.019059 (VIOLATED)
gpio_dm1[28]                            0.500000    0.518886   -0.018886 (VIOLATED)
gpio_inp_dis[28]                        0.500000    0.518877   -0.018877 (VIOLATED)
gpio_dm2[28]                            0.500000    0.518874   -0.018874 (VIOLATED)
gpio_loopback_one[28]                   0.500000    0.518868   -0.018868 (VIOLATED)
gpio_dm1[24]                            0.500000    0.512562   -0.012562 (VIOLATED)
gpio_inp_dis[24]                        0.500000    0.512553   -0.012553 (VIOLATED)
gpio_dm2[24]                            0.500000    0.512553   -0.012553 (VIOLATED)
gpio_loopback_one[24]                   0.500000    0.512544   -0.012544 (VIOLATED)
gpio_dm1[33]                            0.500000    0.511294   -0.011294 (VIOLATED)
gpio_inp_dis[33]                        0.500000    0.511293   -0.011293 (VIOLATED)
gpio_dm2[33]                            0.500000    0.511292   -0.011292 (VIOLATED)
gpio_loopback_one[33]                   0.500000    0.511286   -0.011286 (VIOLATED)
gpio_dm1[26]                            0.500000    0.510754   -0.010754 (VIOLATED)
gpio_inp_dis[26]                        0.500000    0.510753   -0.010753 (VIOLATED)
gpio_dm2[26]                            0.500000    0.510752   -0.010752 (VIOLATED)
gpio_loopback_one[26]                   0.500000    0.510745   -0.010745 (VIOLATED)
gpio_dm1[25]                            0.500000    0.509515   -0.009515 (VIOLATED)
gpio_inp_dis[25]                        0.500000    0.509507   -0.009507 (VIOLATED)
gpio_dm2[25]                            0.500000    0.509489   -0.009489 (VIOLATED)
gpio_loopback_one[25]                   0.500000    0.509473   -0.009473 (VIOLATED)
gpio_dm1[34]                            0.500000    0.509401   -0.009401 (VIOLATED)
gpio_inp_dis[34]                        0.500000    0.509395   -0.009395 (VIOLATED)
gpio_dm2[34]                            0.500000    0.509374   -0.009374 (VIOLATED)
gpio_loopback_one[34]                   0.500000    0.509365   -0.009366 (VIOLATED)
gpio_dm1[7]                             0.500000    0.505526   -0.005526 (VIOLATED)
gpio_inp_dis[7]                         0.500000    0.505525   -0.005525 (VIOLATED)
gpio_dm2[7]                             0.500000    0.505524   -0.005524 (VIOLATED)
gpio_loopback_one[7]                    0.500000    0.505521   -0.005521 (VIOLATED)
gpio_dm1[32]                            0.500000    0.504489   -0.004489 (VIOLATED)
gpio_inp_dis[32]                        0.500000    0.504479   -0.004479 (VIOLATED)
gpio_dm2[32]                            0.500000    0.504461   -0.004461 (VIOLATED)
gpio_loopback_one[32]                   0.500000    0.504452   -0.004452 (VIOLATED)
gpio_dm1[30]                            0.500000    0.503775   -0.003775 (VIOLATED)
gpio_inp_dis[30]                        0.500000    0.503774   -0.003774 (VIOLATED)
gpio_dm2[30]                            0.500000    0.503772   -0.003772 (VIOLATED)
gpio_loopback_one[30]                   0.500000    0.503766   -0.003766 (VIOLATED)
gpio_dm1[2]                             0.500000    0.503202   -0.003202 (VIOLATED)
gpio_inp_dis[2]                         0.500000    0.503192   -0.003192 (VIOLATED)
gpio_dm2[2]                             0.500000    0.503185   -0.003185 (VIOLATED)
gpio_loopback_one[2]                    0.500000    0.503179   -0.003179 (VIOLATED)
gpio_dm1[31]                            0.500000    0.501838   -0.001838 (VIOLATED)
gpio_inp_dis[31]                        0.500000    0.501834   -0.001834 (VIOLATED)
gpio_dm2[31]                            0.500000    0.501832   -0.001832 (VIOLATED)
gpio_loopback_one[31]                   0.500000    0.501827   -0.001827 (VIOLATED)

max fanout

Pin                                   Limit Fanout  Slack
---------------------------------------------------------
mprj/wire20/X                            10     19     -9 (VIOLATED)
mprj2/wire20/X                           10     19     -9 (VIOLATED)
mprj/clkbuf_0_wb_clk_i/X                 10     17     -7 (VIOLATED)
mprj2/clkbuf_0_wb_clk_i/X                10     17     -7 (VIOLATED)
mprj/load_slew26/X                       10     15     -5 (VIOLATED)
mprj2/load_slew26/X                      10     15     -5 (VIOLATED)
mprj/clkbuf_3_6_0_wb_clk_i/X             10     12     -2 (VIOLATED)
mprj/clkbuf_3_7_0_wb_clk_i/X             10     12     -2 (VIOLATED)
mprj2/clkbuf_3_6_0_wb_clk_i/X            10     12     -2 (VIOLATED)
mprj2/clkbuf_3_7_0_wb_clk_i/X            10     12     -2 (VIOLATED)
mprj/_384_/Y                             10     11        (VIOLATED)
mprj/_385_/Y                             10     11        (VIOLATED)
mprj/_564_/X                             10     11        (VIOLATED)
mprj/clkbuf_3_0_0_wb_clk_i/X             10     11        (VIOLATED)
mprj/clkbuf_3_1_0_wb_clk_i/X             10     11        (VIOLATED)
mprj/clkbuf_3_2_0_wb_clk_i/X             10     11        (VIOLATED)
mprj/clkbuf_3_3_0_wb_clk_i/X             10     11        (VIOLATED)
mprj/clkbuf_3_4_0_wb_clk_i/X             10     11        (VIOLATED)
mprj/clkbuf_3_5_0_wb_clk_i/X             10     11        (VIOLATED)
mprj2/_384_/Y                            10     11        (VIOLATED)
mprj2/_385_/Y                            10     11        (VIOLATED)
mprj2/_564_/X                            10     11        (VIOLATED)
mprj2/clkbuf_3_0_0_wb_clk_i/X            10     11        (VIOLATED)
mprj2/clkbuf_3_1_0_wb_clk_i/X            10     11        (VIOLATED)
mprj2/clkbuf_3_2_0_wb_clk_i/X            10     11        (VIOLATED)
mprj2/clkbuf_3_3_0_wb_clk_i/X            10     11        (VIOLATED)
mprj2/clkbuf_3_4_0_wb_clk_i/X            10     11        (VIOLATED)
mprj2/clkbuf_3_5_0_wb_clk_i/X            10     11        (VIOLATED)

max capacitance

Pin                                        Limit         Cap       Slack
------------------------------------------------------------------------
gpio_in[0]                              0.200000    0.643920   -0.443920 (VIOLATED)
mprj2/output2/X                         0.151987    0.496588   -0.344601 (VIOLATED)
mprj2/output4/X                         0.151987    0.455360   -0.303373 (VIOLATED)
mprj2/output5/X                         0.151987    0.379003   -0.227016 (VIOLATED)
gpio_loopback_zero[35]                  0.200000    0.382689   -0.182689 (VIOLATED)
gpio_loopback_zero[19]                  0.200000    0.381706   -0.181706 (VIOLATED)
gpio_loopback_zero[15]                  0.200000    0.381694   -0.181694 (VIOLATED)
gpio_loopback_zero[21]                  0.200000    0.381656   -0.181656 (VIOLATED)
gpio_loopback_zero[22]                  0.200000    0.381448   -0.181448 (VIOLATED)
gpio_loopback_zero[20]                  0.200000    0.381283   -0.181283 (VIOLATED)
gpio_loopback_zero[37]                  0.200000    0.381189   -0.181189 (VIOLATED)
gpio_loopback_zero[39]                  0.200000    0.380944   -0.180944 (VIOLATED)
gpio_loopback_zero[36]                  0.200000    0.380920   -0.180920 (VIOLATED)
gpio_loopback_zero[42]                  0.200000    0.380306   -0.180306 (VIOLATED)
gpio_loopback_zero[23]                  0.200000    0.380290   -0.180290 (VIOLATED)
gpio_loopback_zero[0]                   0.200000    0.379867   -0.179867 (VIOLATED)
gpio_loopback_zero[38]                  0.200000    0.379677   -0.179677 (VIOLATED)
gpio_loopback_zero[18]                  0.200000    0.379645   -0.179645 (VIOLATED)
gpio_loopback_zero[43]                  0.200000    0.379270   -0.179270 (VIOLATED)
gpio_loopback_zero[17]                  0.200000    0.379060   -0.179060 (VIOLATED)
gpio_loopback_zero[16]                  0.200000    0.378937   -0.178937 (VIOLATED)
gpio_loopback_zero[41]                  0.200000    0.378794   -0.178794 (VIOLATED)
gpio_loopback_zero[40]                  0.200000    0.378716   -0.178716 (VIOLATED)
gpio_loopback_zero[14]                  0.200000    0.378413   -0.178413 (VIOLATED)
gpio_loopback_zero[13]                  0.200000    0.377842   -0.177842 (VIOLATED)
gpio_in[1]                              0.200000    0.348857   -0.148857 (VIOLATED)
mprj2/output6/X                         0.151987    0.289499   -0.137512 (VIOLATED)
gpio_loopback_zero[31]                  0.200000    0.322913   -0.122913 (VIOLATED)
gpio_loopback_zero[26]                  0.200000    0.319790   -0.119790 (VIOLATED)
gpio_loopback_zero[29]                  0.200000    0.319433   -0.119433 (VIOLATED)
gpio_loopback_zero[25]                  0.200000    0.319178   -0.119178 (VIOLATED)
gpio_loopback_zero[28]                  0.200000    0.318314   -0.118314 (VIOLATED)
gpio_loopback_zero[33]                  0.200000    0.317896   -0.117896 (VIOLATED)
gpio_loopback_zero[27]                  0.200000    0.317475   -0.117475 (VIOLATED)
gpio_loopback_zero[32]                  0.200000    0.317222   -0.117222 (VIOLATED)
gpio_loopback_zero[24]                  0.200000    0.315538   -0.115538 (VIOLATED)
gpio_loopback_zero[34]                  0.200000    0.315122   -0.115122 (VIOLATED)
gpio_loopback_zero[30]                  0.200000    0.314820   -0.114820 (VIOLATED)
gpio_loopback_zero[2]                   0.200000    0.314549   -0.114549 (VIOLATED)
gpio_loopback_zero[9]                   0.200000    0.313906   -0.113906 (VIOLATED)
gpio_loopback_zero[3]                   0.200000    0.313798   -0.113798 (VIOLATED)
gpio_loopback_zero[8]                   0.200000    0.313051   -0.113051 (VIOLATED)
gpio_loopback_zero[10]                  0.200000    0.313043   -0.113043 (VIOLATED)
gpio_loopback_zero[4]                   0.200000    0.312854   -0.112854 (VIOLATED)
gpio_loopback_zero[12]                  0.200000    0.312726   -0.112726 (VIOLATED)
gpio_loopback_zero[7]                   0.200000    0.312538   -0.112538 (VIOLATED)
gpio_loopback_zero[5]                   0.200000    0.312042   -0.112042 (VIOLATED)
gpio_loopback_zero[6]                   0.200000    0.311785   -0.111785 (VIOLATED)
gpio_loopback_zero[1]                   0.200000    0.311766   -0.111766 (VIOLATED)
gpio_loopback_zero[11]                  0.200000    0.310668   -0.110668 (VIOLATED)
mprj2/output3/X                         0.151987    0.246632   -0.094645 (VIOLATED)
mprj2/output12/X                        0.151987    0.219838   -0.067851 (VIOLATED)
mprj2/output7/X                         0.151987    0.212550   -0.060563 (VIOLATED)
mprj2/output11/X                        0.151987    0.162949   -0.010962 (VIOLATED)
mprj2/output8/X                         0.151987    0.156857   -0.004870 (VIOLATED)



===========================================================================
report_parasitic_annotation -report_unannotated
============================================================================
Found 223 unannotated drivers.
 analog_io[0]
 analog_io[10]
 analog_io[11]
 analog_io[12]
 analog_io[13]
 analog_io[14]
 analog_io[15]
 analog_io[16]
 analog_io[17]
 analog_io[18]
 analog_io[19]
 analog_io[1]
 analog_io[20]
 analog_io[21]
 analog_io[22]
 analog_io[23]
 analog_io[24]
 analog_io[25]
 analog_io[26]
 analog_io[27]
 analog_io[28]
 analog_io[29]
 analog_io[2]
 analog_io[30]
 analog_io[31]
 analog_io[32]
 analog_io[33]
 analog_io[34]
 analog_io[35]
 analog_io[36]
 analog_io[37]
 analog_io[38]
 analog_io[39]
 analog_io[3]
 analog_io[40]
 analog_io[41]
 analog_io[42]
 analog_io[43]
 analog_io[4]
 analog_io[5]
 analog_io[6]
 analog_io[7]
 analog_io[8]
 analog_io[9]
 analog_noesd_io[0]
 analog_noesd_io[10]
 analog_noesd_io[11]
 analog_noesd_io[12]
 analog_noesd_io[13]
 analog_noesd_io[14]
 analog_noesd_io[15]
 analog_noesd_io[16]
 analog_noesd_io[17]
 analog_noesd_io[18]
 analog_noesd_io[19]
 analog_noesd_io[1]
 analog_noesd_io[20]
 analog_noesd_io[21]
 analog_noesd_io[22]
 analog_noesd_io[23]
 analog_noesd_io[24]
 analog_noesd_io[25]
 analog_noesd_io[26]
 analog_noesd_io[27]
 analog_noesd_io[28]
 analog_noesd_io[29]
 analog_noesd_io[2]
 analog_noesd_io[30]
 analog_noesd_io[31]
 analog_noesd_io[32]
 analog_noesd_io[33]
 analog_noesd_io[34]
 analog_noesd_io[35]
 analog_noesd_io[36]
 analog_noesd_io[37]
 analog_noesd_io[38]
 analog_noesd_io[39]
 analog_noesd_io[3]
 analog_noesd_io[40]
 analog_noesd_io[41]
 analog_noesd_io[42]
 analog_noesd_io[43]
 analog_noesd_io[4]
 analog_noesd_io[5]
 analog_noesd_io[6]
 analog_noesd_io[7]
 analog_noesd_io[8]
 analog_noesd_io[9]
 gpio_in[10]
 gpio_in[11]
 gpio_in[12]
 gpio_in[13]
 gpio_in[14]
 gpio_in[15]
 gpio_in[16]
 gpio_in[17]
 gpio_in[18]
 gpio_in[19]
 gpio_in[20]
 gpio_in[21]
 gpio_in[22]
 gpio_in[23]
 gpio_in[24]
 gpio_in[25]
 gpio_in[26]
 gpio_in[27]
 gpio_in[28]
 gpio_in[29]
 gpio_in[2]
 gpio_in[30]
 gpio_in[31]
 gpio_in[32]
 gpio_in[33]
 gpio_in[34]
 gpio_in[35]
 gpio_in[36]
 gpio_in[37]
 gpio_in[38]
 gpio_in[39]
 gpio_in[3]
 gpio_in[40]
 gpio_in[41]
 gpio_in[42]
 gpio_in[43]
 gpio_in[4]
 gpio_in[5]
 gpio_in[6]
 gpio_in[7]
 gpio_in[8]
 gpio_in[9]
 gpio_in_h[0]
 gpio_in_h[10]
 gpio_in_h[11]
 gpio_in_h[12]
 gpio_in_h[13]
 gpio_in_h[14]
 gpio_in_h[15]
 gpio_in_h[16]
 gpio_in_h[17]
 gpio_in_h[18]
 gpio_in_h[19]
 gpio_in_h[1]
 gpio_in_h[20]
 gpio_in_h[21]
 gpio_in_h[22]
 gpio_in_h[23]
 gpio_in_h[24]
 gpio_in_h[25]
 gpio_in_h[26]
 gpio_in_h[27]
 gpio_in_h[28]
 gpio_in_h[29]
 gpio_in_h[2]
 gpio_in_h[30]
 gpio_in_h[31]
 gpio_in_h[32]
 gpio_in_h[33]
 gpio_in_h[34]
 gpio_in_h[35]
 gpio_in_h[36]
 gpio_in_h[37]
 gpio_in_h[38]
 gpio_in_h[39]
 gpio_in_h[3]
 gpio_in_h[40]
 gpio_in_h[41]
 gpio_in_h[42]
 gpio_in_h[43]
 gpio_in_h[4]
 gpio_in_h[5]
 gpio_in_h[6]
 gpio_in_h[7]
 gpio_in_h[8]
 gpio_in_h[9]
 mask_rev[0]
 mask_rev[10]
 mask_rev[11]
 mask_rev[12]
 mask_rev[13]
 mask_rev[14]
 mask_rev[15]
 mask_rev[16]
 mask_rev[17]
 mask_rev[18]
 mask_rev[19]
 mask_rev[1]
 mask_rev[20]
 mask_rev[21]
 mask_rev[22]
 mask_rev[23]
 mask_rev[24]
 mask_rev[25]
 mask_rev[26]
 mask_rev[27]
 mask_rev[28]
 mask_rev[29]
 mask_rev[2]
 mask_rev[30]
 mask_rev[31]
 mask_rev[3]
 mask_rev[4]
 mask_rev[5]
 mask_rev[6]
 mask_rev[7]
 mask_rev[8]
 mask_rev[9]
 por_l
 porb_h
 porb_l
 resetb_h
 resetb_l
 mprj/clkload0/X
 mprj/clkload1/X
 mprj/clkload2/X
 mprj/clkload3/X
 mprj/clkload4/X
 mprj/clkload5/X
 mprj2/clkload0/X
 mprj2/clkload1/X
 mprj2/clkload2/X
 mprj2/clkload3/X
 mprj2/clkload4/X
 mprj2/clkload5/X
Found 0 partially unannotated drivers.

===========================================================================
max slew violation count 701
max fanout violation count 28
max cap violation count 55
============================================================================

===========================================================================
check_setup -verbose -unconstrained_endpoints -multiple_clock -no_clock -no_input_delay -loops -generated_clocks
===========================================================================
Warning: There are 168 unclocked register/latch pins.
  mprj/_675_/CLK
  mprj/_676_/CLK
  mprj/_677_/CLK
  mprj/_678_/CLK
  mprj/_679_/CLK
  mprj/_680_/CLK
  mprj/_681_/CLK
  mprj/_682_/CLK
  mprj/_683_/CLK
  mprj/_684_/CLK
  mprj/_685_/CLK
  mprj/_686_/CLK
  mprj/_687_/CLK
  mprj/_688_/CLK
  mprj/_689_/CLK
  mprj/_690_/CLK
  mprj/_691_/CLK
  mprj/_692_/CLK
  mprj/_693_/CLK
  mprj/_694_/CLK
  mprj/_695_/CLK
  mprj/_696_/CLK
  mprj/_697_/CLK
  mprj/_698_/CLK
  mprj/_699_/CLK
  mprj/_700_/CLK
  mprj/_701_/CLK
  mprj/_702_/CLK
  mprj/_703_/CLK
  mprj/_704_/CLK
  mprj/_705_/CLK
  mprj/_706_/CLK
  mprj/_707_/CLK
  mprj/_708_/CLK
  mprj/_709_/CLK
  mprj/_710_/CLK
  mprj/_711_/CLK
  mprj/_712_/CLK
  mprj/_713_/CLK
  mprj/_714_/CLK
  mprj/_715_/CLK
  mprj/_716_/CLK
  mprj/_717_/CLK
  mprj/_718_/CLK
  mprj/_719_/CLK
  mprj/_720_/CLK
  mprj/_721_/CLK
  mprj/_722_/CLK
  mprj/_723_/CLK
  mprj/_724_/CLK
  mprj/_725_/CLK
  mprj/_726_/CLK
  mprj/_727_/CLK
  mprj/_728_/CLK
  mprj/_729_/CLK
  mprj/_730_/CLK
  mprj/_731_/CLK
  mprj/_732_/CLK
  mprj/_733_/CLK
  mprj/_734_/CLK
  mprj/_735_/CLK
  mprj/_736_/CLK
  mprj/_737_/CLK
  mprj/_738_/CLK
  mprj/_739_/CLK
  mprj/_740_/CLK
  mprj/_741_/CLK
  mprj/_742_/CLK
  mprj/_743_/CLK
  mprj/_744_/CLK
  mprj/_745_/CLK
  mprj/_746_/CLK
  mprj/_747_/CLK
  mprj/_748_/CLK
  mprj/_749_/CLK
  mprj/_750_/CLK
  mprj/_751_/CLK
  mprj/_752_/CLK
  mprj/_753_/CLK
  mprj/_754_/CLK
  mprj/_755_/CLK
  mprj/_756_/CLK
  mprj/_757_/CLK
  mprj/_758_/CLK
  mprj2/_675_/CLK
  mprj2/_676_/CLK
  mprj2/_677_/CLK
  mprj2/_678_/CLK
  mprj2/_679_/CLK
  mprj2/_680_/CLK
  mprj2/_681_/CLK
  mprj2/_682_/CLK
  mprj2/_683_/CLK
  mprj2/_684_/CLK
  mprj2/_685_/CLK
  mprj2/_686_/CLK
  mprj2/_687_/CLK
  mprj2/_688_/CLK
  mprj2/_689_/CLK
  mprj2/_690_/CLK
  mprj2/_691_/CLK
  mprj2/_692_/CLK
  mprj2/_693_/CLK
  mprj2/_694_/CLK
  mprj2/_695_/CLK
  mprj2/_696_/CLK
  mprj2/_697_/CLK
  mprj2/_698_/CLK
  mprj2/_699_/CLK
  mprj2/_700_/CLK
  mprj2/_701_/CLK
  mprj2/_702_/CLK
  mprj2/_703_/CLK
  mprj2/_704_/CLK
  mprj2/_705_/CLK
  mprj2/_706_/CLK
  mprj2/_707_/CLK
  mprj2/_708_/CLK
  mprj2/_709_/CLK
  mprj2/_710_/CLK
  mprj2/_711_/CLK
  mprj2/_712_/CLK
  mprj2/_713_/CLK
  mprj2/_714_/CLK
  mprj2/_715_/CLK
  mprj2/_716_/CLK
  mprj2/_717_/CLK
  mprj2/_718_/CLK
  mprj2/_719_/CLK
  mprj2/_720_/CLK
  mprj2/_721_/CLK
  mprj2/_722_/CLK
  mprj2/_723_/CLK
  mprj2/_724_/CLK
  mprj2/_725_/CLK
  mprj2/_726_/CLK
  mprj2/_727_/CLK
  mprj2/_728_/CLK
  mprj2/_729_/CLK
  mprj2/_730_/CLK
  mprj2/_731_/CLK
  mprj2/_732_/CLK
  mprj2/_733_/CLK
  mprj2/_734_/CLK
  mprj2/_735_/CLK
  mprj2/_736_/CLK
  mprj2/_737_/CLK
  mprj2/_738_/CLK
  mprj2/_739_/CLK
  mprj2/_740_/CLK
  mprj2/_741_/CLK
  mprj2/_742_/CLK
  mprj2/_743_/CLK
  mprj2/_744_/CLK
  mprj2/_745_/CLK
  mprj2/_746_/CLK
  mprj2/_747_/CLK
  mprj2/_748_/CLK
  mprj2/_749_/CLK
  mprj2/_750_/CLK
  mprj2/_751_/CLK
  mprj2/_752_/CLK
  mprj2/_753_/CLK
  mprj2/_754_/CLK
  mprj2/_755_/CLK
  mprj2/_756_/CLK
  mprj2/_757_/CLK
  mprj2/_758_/CLK
Warning: There are 278 unconstrained endpoints.
  analog_io[0]
  analog_io[10]
  analog_io[11]
  analog_io[12]
  analog_io[13]
  analog_io[14]
  analog_io[15]
  analog_io[16]
  analog_io[17]
  analog_io[18]
  analog_io[19]
  analog_io[1]
  analog_io[20]
  analog_io[21]
  analog_io[22]
  analog_io[23]
  analog_io[24]
  analog_io[25]
  analog_io[26]
  analog_io[27]
  analog_io[28]
  analog_io[29]
  analog_io[2]
  analog_io[30]
  analog_io[31]
  analog_io[32]
  analog_io[33]
  analog_io[34]
  analog_io[35]
  analog_io[36]
  analog_io[37]
  analog_io[38]
  analog_io[39]
  analog_io[3]
  analog_io[40]
  analog_io[41]
  analog_io[42]
  analog_io[43]
  analog_io[4]
  analog_io[5]
  analog_io[6]
  analog_io[7]
  analog_io[8]
  analog_io[9]
  analog_noesd_io[0]
  analog_noesd_io[10]
  analog_noesd_io[11]
  analog_noesd_io[12]
  analog_noesd_io[13]
  analog_noesd_io[14]
  analog_noesd_io[15]
  analog_noesd_io[16]
  analog_noesd_io[17]
  analog_noesd_io[18]
  analog_noesd_io[19]
  analog_noesd_io[1]
  analog_noesd_io[20]
  analog_noesd_io[21]
  analog_noesd_io[22]
  analog_noesd_io[23]
  analog_noesd_io[24]
  analog_noesd_io[25]
  analog_noesd_io[26]
  analog_noesd_io[27]
  analog_noesd_io[28]
  analog_noesd_io[29]
  analog_noesd_io[2]
  analog_noesd_io[30]
  analog_noesd_io[31]
  analog_noesd_io[32]
  analog_noesd_io[33]
  analog_noesd_io[34]
  analog_noesd_io[35]
  analog_noesd_io[36]
  analog_noesd_io[37]
  analog_noesd_io[38]
  analog_noesd_io[39]
  analog_noesd_io[3]
  analog_noesd_io[40]
  analog_noesd_io[41]
  analog_noesd_io[42]
  analog_noesd_io[43]
  analog_noesd_io[4]
  analog_noesd_io[5]
  analog_noesd_io[6]
  analog_noesd_io[7]
  analog_noesd_io[8]
  analog_noesd_io[9]
  gpio_out[10]
  gpio_out[11]
  gpio_out[12]
  gpio_out[24]
  gpio_out[25]
  gpio_out[26]
  gpio_out[27]
  gpio_out[28]
  gpio_out[29]
  gpio_out[2]
  gpio_out[30]
  gpio_out[31]
  gpio_out[32]
  gpio_out[33]
  gpio_out[34]
  gpio_out[3]
  gpio_out[4]
  gpio_out[5]
  gpio_out[6]
  gpio_out[7]
  gpio_out[8]
  gpio_out[9]
  mprj/_675_/D
  mprj/_676_/D
  mprj/_677_/D
  mprj/_678_/D
  mprj/_679_/D
  mprj/_680_/D
  mprj/_681_/D
  mprj/_682_/D
  mprj/_683_/D
  mprj/_684_/D
  mprj/_685_/D
  mprj/_686_/D
  mprj/_687_/D
  mprj/_688_/D
  mprj/_689_/D
  mprj/_690_/D
  mprj/_691_/D
  mprj/_692_/D
  mprj/_693_/D
  mprj/_694_/D
  mprj/_695_/D
  mprj/_696_/D
  mprj/_697_/D
  mprj/_698_/D
  mprj/_699_/D
  mprj/_700_/D
  mprj/_701_/D
  mprj/_702_/D
  mprj/_703_/D
  mprj/_704_/D
  mprj/_705_/D
  mprj/_706_/D
  mprj/_707_/D
  mprj/_708_/D
  mprj/_709_/D
  mprj/_710_/D
  mprj/_711_/D
  mprj/_712_/D
  mprj/_713_/D
  mprj/_714_/D
  mprj/_715_/D
  mprj/_716_/D
  mprj/_717_/D
  mprj/_718_/D
  mprj/_719_/D
  mprj/_720_/D
  mprj/_721_/D
  mprj/_722_/D
  mprj/_723_/D
  mprj/_724_/D
  mprj/_725_/D
  mprj/_726_/D
  mprj/_727_/D
  mprj/_728_/D
  mprj/_729_/D
  mprj/_730_/D
  mprj/_731_/D
  mprj/_732_/D
  mprj/_733_/D
  mprj/_734_/D
  mprj/_735_/D
  mprj/_736_/D
  mprj/_737_/D
  mprj/_738_/D
  mprj/_739_/D
  mprj/_740_/D
  mprj/_741_/D
  mprj/_742_/D
  mprj/_743_/D
  mprj/_744_/D
  mprj/_745_/D
  mprj/_746_/D
  mprj/_747_/D
  mprj/_748_/D
  mprj/_749_/D
  mprj/_750_/D
  mprj/_751_/D
  mprj/_752_/D
  mprj/_753_/D
  mprj/_754_/D
  mprj/_755_/D
  mprj/_756_/D
  mprj/_757_/D
  mprj/_758_/D
  mprj2/_675_/D
  mprj2/_676_/D
  mprj2/_677_/D
  mprj2/_678_/D
  mprj2/_679_/D
  mprj2/_680_/D
  mprj2/_681_/D
  mprj2/_682_/D
  mprj2/_683_/D
  mprj2/_684_/D
  mprj2/_685_/D
  mprj2/_686_/D
  mprj2/_687_/D
  mprj2/_688_/D
  mprj2/_689_/D
  mprj2/_690_/D
  mprj2/_691_/D
  mprj2/_692_/D
  mprj2/_693_/D
  mprj2/_694_/D
  mprj2/_695_/D
  mprj2/_696_/D
  mprj2/_697_/D
  mprj2/_698_/D
  mprj2/_699_/D
  mprj2/_700_/D
  mprj2/_701_/D
  mprj2/_702_/D
  mprj2/_703_/D
  mprj2/_704_/D
  mprj2/_705_/D
  mprj2/_706_/D
  mprj2/_707_/D
  mprj2/_708_/D
  mprj2/_709_/D
  mprj2/_710_/D
  mprj2/_711_/D
  mprj2/_712_/D
  mprj2/_713_/D
  mprj2/_714_/D
  mprj2/_715_/D
  mprj2/_716_/D
  mprj2/_717_/D
  mprj2/_718_/D
  mprj2/_719_/D
  mprj2/_720_/D
  mprj2/_721_/D
  mprj2/_722_/D
  mprj2/_723_/D
  mprj2/_724_/D
  mprj2/_725_/D
  mprj2/_726_/D
  mprj2/_727_/D
  mprj2/_728_/D
  mprj2/_729_/D
  mprj2/_730_/D
  mprj2/_731_/D
  mprj2/_732_/D
  mprj2/_733_/D
  mprj2/_734_/D
  mprj2/_735_/D
  mprj2/_736_/D
  mprj2/_737_/D
  mprj2/_738_/D
  mprj2/_739_/D
  mprj2/_740_/D
  mprj2/_741_/D
  mprj2/_742_/D
  mprj2/_743_/D
  mprj2/_744_/D
  mprj2/_745_/D
  mprj2/_746_/D
  mprj2/_747_/D
  mprj2/_748_/D
  mprj2/_749_/D
  mprj2/_750_/D
  mprj2/_751_/D
  mprj2/_752_/D
  mprj2/_753_/D
  mprj2/_754_/D
  mprj2/_755_/D
  mprj2/_756_/D
  mprj2/_757_/D
  mprj2/_758_/D
