Clock: __VIRTUAL_CLK__
Sources: 
Generated: no
Virtual: yes
Propagated: no
Period: 10.000000

===========================================================================
report_clock_properties
============================================================================
Clock                   Period          Waveform
----------------------------------------------------
__VIRTUAL_CLK__      10.000000    0.000000  5.000000

===========================================================================
report_clock_latency
============================================================================
Clock __VIRTUAL_CLK__
rise -> rise
    min     max
0.000000 0.000000 source latency
3.065372         network latency mprj/_713_/CLK
        3.181131 network latency mprj/_683_/CLK
---------------
3.065372 3.181131 latency
        0.115760 skew

rise -> fall
    min     max
0.000000 0.000000 source latency
2.815292         network latency mprj/_701_/CLK
        2.904012 network latency mprj/_683_/CLK
---------------
2.815292 2.904012 latency
        0.088720 skew



===========================================================================
report_clock_min_period
============================================================================
__VIRTUAL_CLK__ period_min = 0.00 fmax = inf
