
===========================================================================
report_checks -unconstrained
===========================================================================
======================= min_tt_025C_1v80 Corner ===================================

Startpoint: gpio_loopback_zero[25] (input port clocked by __VIRTUAL_CLK__)
Endpoint: gpio_slow_sel[25] (output port clocked by __VIRTUAL_CLK__)
Path Group: __VIRTUAL_CLK__
Path Type: max

Fanout         Cap        Slew       Delay        Time   Description
---------------------------------------------------------------------------------------------
                      0.000000    0.000000    0.000000   clock __VIRTUAL_CLK__ (rise edge)
                                  0.000000    0.000000   clock network delay (ideal)
                                  2.000000    2.000000 ^ input external delay
    11    0.380276    1.695480    1.232070    3.232070 ^ gpio_loopback_zero[25] (in)
                                                         gpio_loopback_zero[25] (net)
                      1.695817    0.000000    3.232070 ^ gpio_slow_sel[25] (out)
                                              3.232070   data arrival time

                      0.000000   10.000000   10.000000   clock __VIRTUAL_CLK__ (rise edge)
                                  0.000000   10.000000   clock network delay (ideal)
                                 -0.250000    9.750000   clock uncertainty
                                  0.000000    9.750000   clock reconvergence pessimism
                                 -2.000000    7.750000   output external delay
                                              7.750000   data required time
---------------------------------------------------------------------------------------------
                                              7.750000   data required time
                                             -3.232070   data arrival time
---------------------------------------------------------------------------------------------
                                              4.517930   slack (MET)




===========================================================================
report_checks --slack_max -0.01
============================================================================
======================= min_tt_025C_1v80 Corner ===================================

No paths found.


===========================================================================
 report_check_types -max_slew -max_cap -max_fanout -violators
============================================================================
======================= min_tt_025C_1v80 Corner ===================================

max slew

Pin                                        Limit        Slew       Slack
------------------------------------------------------------------------
gpio_analog_en[35]                      0.500000    1.696079   -1.196079 (VIOLATED)
gpio_dm1[35]                            0.500000    1.696080   -1.196080 (VIOLATED)
gpio_slow_sel[35]                       0.500000    1.696080   -1.196080 (VIOLATED)
gpio_analog_pol[35]                     0.500000    1.696078   -1.196077 (VIOLATED)
gpio_dm0[35]                            0.500000    1.696078   -1.196078 (VIOLATED)
gpio_analog_sel[35]                     0.500000    1.696075   -1.196075 (VIOLATED)
gpio_dm2[35]                            0.500000    1.696074   -1.196074 (VIOLATED)
gpio_holdover[35]                       0.500000    1.696073   -1.196074 (VIOLATED)
gpio_out[35]                            0.500000    1.696073   -1.196073 (VIOLATED)
gpio_vtrip_sel[35]                      0.500000    1.696071   -1.196071 (VIOLATED)
gpio_ib_mode_sel[35]                    0.500000    1.696069   -1.196069 (VIOLATED)
gpio_loopback_zero[35]                  0.500000    1.696063   -1.196063 (VIOLATED)
gpio_slow_sel[25]                       0.500000    1.695817   -1.195817 (VIOLATED)
gpio_dm1[25]                            0.500000    1.695816   -1.195815 (VIOLATED)
gpio_analog_en[25]                      0.500000    1.695813   -1.195813 (VIOLATED)
gpio_dm0[25]                            0.500000    1.695812   -1.195812 (VIOLATED)
gpio_analog_pol[25]                     0.500000    1.695807   -1.195807 (VIOLATED)
gpio_analog_sel[25]                     0.500000    1.695742   -1.195742 (VIOLATED)
gpio_dm2[25]                            0.500000    1.695727   -1.195727 (VIOLATED)
gpio_holdover[25]                       0.500000    1.695709   -1.195709 (VIOLATED)
gpio_out[25]                            0.500000    1.695693   -1.195693 (VIOLATED)
gpio_vtrip_sel[25]                      0.500000    1.695635   -1.195635 (VIOLATED)
gpio_ib_mode_sel[25]                    0.500000    1.695619   -1.195619 (VIOLATED)
gpio_loopback_zero[25]                  0.500000    1.695480   -1.195480 (VIOLATED)
gpio_slow_sel[32]                       0.500000    1.694400   -1.194400 (VIOLATED)
gpio_dm1[32]                            0.500000    1.694397   -1.194397 (VIOLATED)
gpio_analog_en[32]                      0.500000    1.694392   -1.194392 (VIOLATED)
gpio_dm0[32]                            0.500000    1.694389   -1.194389 (VIOLATED)
gpio_analog_pol[32]                     0.500000    1.694384   -1.194384 (VIOLATED)
gpio_analog_sel[32]                     0.500000    1.694362   -1.194362 (VIOLATED)
gpio_dm2[32]                            0.500000    1.694357   -1.194357 (VIOLATED)
gpio_holdover[32]                       0.500000    1.694353   -1.194352 (VIOLATED)
gpio_out[32]                            0.500000    1.694347   -1.194347 (VIOLATED)
gpio_vtrip_sel[32]                      0.500000    1.694344   -1.194344 (VIOLATED)
gpio_ib_mode_sel[32]                    0.500000    1.694342   -1.194342 (VIOLATED)
gpio_loopback_zero[32]                  0.500000    1.694335   -1.194335 (VIOLATED)
gpio_dm1[19]                            0.500000    1.694268   -1.194268 (VIOLATED)
gpio_slow_sel[19]                       0.500000    1.694268   -1.194268 (VIOLATED)
gpio_analog_en[19]                      0.500000    1.694264   -1.194264 (VIOLATED)
gpio_dm0[19]                            0.500000    1.694261   -1.194261 (VIOLATED)
gpio_analog_pol[19]                     0.500000    1.694257   -1.194257 (VIOLATED)
gpio_analog_sel[19]                     0.500000    1.694251   -1.194250 (VIOLATED)
gpio_dm2[19]                            0.500000    1.694246   -1.194246 (VIOLATED)
gpio_holdover[19]                       0.500000    1.694240   -1.194240 (VIOLATED)
gpio_out[19]                            0.500000    1.694235   -1.194235 (VIOLATED)
gpio_vtrip_sel[19]                      0.500000    1.694227   -1.194227 (VIOLATED)
gpio_ib_mode_sel[19]                    0.500000    1.694222   -1.194222 (VIOLATED)
gpio_loopback_zero[19]                  0.500000    1.694214   -1.194214 (VIOLATED)
gpio_dm1[15]                            0.500000    1.694199   -1.194199 (VIOLATED)
gpio_slow_sel[15]                       0.500000    1.694199   -1.194199 (VIOLATED)
gpio_analog_en[15]                      0.500000    1.694196   -1.194196 (VIOLATED)
gpio_dm0[15]                            0.500000    1.694193   -1.194193 (VIOLATED)
gpio_analog_pol[15]                     0.500000    1.694188   -1.194188 (VIOLATED)
gpio_analog_sel[15]                     0.500000    1.694179   -1.194179 (VIOLATED)
gpio_dm2[15]                            0.500000    1.694174   -1.194174 (VIOLATED)
gpio_holdover[15]                       0.500000    1.694169   -1.194169 (VIOLATED)
gpio_out[15]                            0.500000    1.694164   -1.194164 (VIOLATED)
gpio_vtrip_sel[15]                      0.500000    1.694158   -1.194158 (VIOLATED)
gpio_ib_mode_sel[15]                    0.500000    1.694153   -1.194153 (VIOLATED)
gpio_loopback_zero[15]                  0.500000    1.694145   -1.194145 (VIOLATED)
gpio_slow_sel[37]                       0.500000    1.694035   -1.194035 (VIOLATED)
gpio_analog_en[37]                      0.500000    1.694034   -1.194034 (VIOLATED)
gpio_dm1[37]                            0.500000    1.694035   -1.194035 (VIOLATED)
gpio_analog_pol[37]                     0.500000    1.694033   -1.194033 (VIOLATED)
gpio_dm0[37]                            0.500000    1.694034   -1.194034 (VIOLATED)
gpio_analog_sel[37]                     0.500000    1.694028   -1.194028 (VIOLATED)
gpio_dm2[37]                            0.500000    1.694026   -1.194026 (VIOLATED)
gpio_holdover[37]                       0.500000    1.694018   -1.194018 (VIOLATED)
gpio_out[37]                            0.500000    1.694012   -1.194012 (VIOLATED)
gpio_vtrip_sel[37]                      0.500000    1.693995   -1.193995 (VIOLATED)
gpio_ib_mode_sel[37]                    0.500000    1.693988   -1.193988 (VIOLATED)
gpio_loopback_zero[37]                  0.500000    1.693983   -1.193983 (VIOLATED)
gpio_analog_en[26]                      0.500000    1.693948   -1.193948 (VIOLATED)
gpio_dm1[26]                            0.500000    1.693949   -1.193949 (VIOLATED)
gpio_slow_sel[26]                       0.500000    1.693949   -1.193949 (VIOLATED)
gpio_analog_pol[26]                     0.500000    1.693946   -1.193946 (VIOLATED)
gpio_dm0[26]                            0.500000    1.693947   -1.193947 (VIOLATED)
gpio_analog_sel[26]                     0.500000    1.693943   -1.193943 (VIOLATED)
gpio_dm2[26]                            0.500000    1.693941   -1.193941 (VIOLATED)
gpio_holdover[26]                       0.500000    1.693938   -1.193938 (VIOLATED)
gpio_out[26]                            0.500000    1.693931   -1.193931 (VIOLATED)
gpio_vtrip_sel[26]                      0.500000    1.693914   -1.193914 (VIOLATED)
gpio_ib_mode_sel[26]                    0.500000    1.693910   -1.193910 (VIOLATED)
gpio_loopback_zero[26]                  0.500000    1.693903   -1.193903 (VIOLATED)
gpio_dm1[27]                            0.500000    1.693068   -1.193068 (VIOLATED)
gpio_slow_sel[27]                       0.500000    1.693069   -1.193069 (VIOLATED)
gpio_slow_sel[36]                       0.500000    1.693070   -1.193070 (VIOLATED)
gpio_analog_en[27]                      0.500000    1.693065   -1.193065 (VIOLATED)
gpio_dm1[36]                            0.500000    1.693065   -1.193065 (VIOLATED)
gpio_analog_en[36]                      0.500000    1.693061   -1.193061 (VIOLATED)
gpio_dm0[27]                            0.500000    1.693060   -1.193060 (VIOLATED)
gpio_dm0[36]                            0.500000    1.693060   -1.193060 (VIOLATED)
gpio_analog_pol[27]                     0.500000    1.693055   -1.193055 (VIOLATED)
gpio_analog_pol[36]                     0.500000    1.693053   -1.193053 (VIOLATED)
gpio_analog_sel[27]                     0.500000    1.693026   -1.193026 (VIOLATED)
gpio_analog_sel[36]                     0.500000    1.693025   -1.193025 (VIOLATED)
gpio_dm2[27]                            0.500000    1.693020   -1.193020 (VIOLATED)
gpio_dm2[36]                            0.500000    1.693018   -1.193018 (VIOLATED)
gpio_holdover[27]                       0.500000    1.693013   -1.193013 (VIOLATED)
gpio_holdover[36]                       0.500000    1.693011   -1.193011 (VIOLATED)
gpio_out[27]                            0.500000    1.693006   -1.193006 (VIOLATED)
gpio_out[36]                            0.500000    1.693005   -1.193005 (VIOLATED)
gpio_vtrip_sel[27]                      0.500000    1.692989   -1.192989 (VIOLATED)
gpio_vtrip_sel[36]                      0.500000    1.692988   -1.192988 (VIOLATED)
gpio_ib_mode_sel[27]                    0.500000    1.692984   -1.192984 (VIOLATED)
gpio_ib_mode_sel[36]                    0.500000    1.692982   -1.192982 (VIOLATED)
gpio_loopback_zero[27]                  0.500000    1.692977   -1.192977 (VIOLATED)
gpio_loopback_zero[36]                  0.500000    1.692976   -1.192976 (VIOLATED)
gpio_slow_sel[29]                       0.500000    1.692634   -1.192634 (VIOLATED)
gpio_analog_en[29]                      0.500000    1.692632   -1.192632 (VIOLATED)
gpio_dm1[29]                            0.500000    1.692633   -1.192633 (VIOLATED)
gpio_dm0[29]                            0.500000    1.692630   -1.192630 (VIOLATED)
gpio_analog_pol[29]                     0.500000    1.692623   -1.192623 (VIOLATED)
gpio_dm1[20]                            0.500000    1.692594   -1.192594 (VIOLATED)
gpio_slow_sel[20]                       0.500000    1.692594   -1.192594 (VIOLATED)
gpio_analog_en[20]                      0.500000    1.692592   -1.192592 (VIOLATED)
gpio_analog_sel[29]                     0.500000    1.692593   -1.192593 (VIOLATED)
gpio_dm0[20]                            0.500000    1.692588   -1.192588 (VIOLATED)
gpio_dm2[29]                            0.500000    1.692586   -1.192586 (VIOLATED)
gpio_analog_pol[20]                     0.500000    1.692584   -1.192584 (VIOLATED)
gpio_holdover[29]                       0.500000    1.692579   -1.192579 (VIOLATED)
gpio_analog_sel[20]                     0.500000    1.692575   -1.192575 (VIOLATED)
gpio_out[29]                            0.500000    1.692572   -1.192572 (VIOLATED)
gpio_dm2[20]                            0.500000    1.692570   -1.192570 (VIOLATED)
gpio_holdover[20]                       0.500000    1.692565   -1.192564 (VIOLATED)
gpio_out[20]                            0.500000    1.692560   -1.192560 (VIOLATED)
gpio_vtrip_sel[20]                      0.500000    1.692554   -1.192554 (VIOLATED)
gpio_vtrip_sel[29]                      0.500000    1.692554   -1.192554 (VIOLATED)
gpio_ib_mode_sel[20]                    0.500000    1.692550   -1.192550 (VIOLATED)
gpio_ib_mode_sel[29]                    0.500000    1.692549   -1.192549 (VIOLATED)
gpio_loopback_zero[20]                  0.500000    1.692542   -1.192542 (VIOLATED)
gpio_loopback_zero[29]                  0.500000    1.692541   -1.192541 (VIOLATED)
gpio_dm1[21]                            0.500000    1.691460   -1.191460 (VIOLATED)
gpio_slow_sel[21]                       0.500000    1.691461   -1.191460 (VIOLATED)
gpio_analog_en[21]                      0.500000    1.691458   -1.191458 (VIOLATED)
gpio_dm0[21]                            0.500000    1.691455   -1.191455 (VIOLATED)
gpio_analog_pol[21]                     0.500000    1.691450   -1.191450 (VIOLATED)
gpio_analog_sel[21]                     0.500000    1.691440   -1.191441 (VIOLATED)
gpio_dm2[21]                            0.500000    1.691435   -1.191435 (VIOLATED)
gpio_holdover[21]                       0.500000    1.691429   -1.191429 (VIOLATED)
gpio_out[21]                            0.500000    1.691425   -1.191424 (VIOLATED)
gpio_vtrip_sel[21]                      0.500000    1.691416   -1.191415 (VIOLATED)
gpio_ib_mode_sel[21]                    0.500000    1.691411   -1.191411 (VIOLATED)
gpio_dm1[22]                            0.500000    1.691404   -1.191404 (VIOLATED)
gpio_slow_sel[22]                       0.500000    1.691405   -1.191405 (VIOLATED)
gpio_analog_en[22]                      0.500000    1.691402   -1.191402 (VIOLATED)
gpio_loopback_zero[21]                  0.500000    1.691403   -1.191403 (VIOLATED)
gpio_dm0[22]                            0.500000    1.691399   -1.191399 (VIOLATED)
gpio_analog_pol[22]                     0.500000    1.691395   -1.191395 (VIOLATED)
gpio_analog_sel[22]                     0.500000    1.691388   -1.191388 (VIOLATED)
gpio_dm2[22]                            0.500000    1.691383   -1.191383 (VIOLATED)
gpio_holdover[22]                       0.500000    1.691378   -1.191378 (VIOLATED)
gpio_out[22]                            0.500000    1.691373   -1.191373 (VIOLATED)
gpio_vtrip_sel[22]                      0.500000    1.691366   -1.191366 (VIOLATED)
gpio_ib_mode_sel[22]                    0.500000    1.691362   -1.191362 (VIOLATED)
gpio_loopback_zero[22]                  0.500000    1.691356   -1.191356 (VIOLATED)
gpio_dm1[34]                            0.500000    1.691228   -1.191228 (VIOLATED)
gpio_slow_sel[34]                       0.500000    1.691228   -1.191228 (VIOLATED)
gpio_analog_en[34]                      0.500000    1.691226   -1.191226 (VIOLATED)
gpio_dm0[34]                            0.500000    1.691220   -1.191220 (VIOLATED)
gpio_analog_pol[34]                     0.500000    1.691215   -1.191215 (VIOLATED)
gpio_analog_sel[34]                     0.500000    1.691186   -1.191186 (VIOLATED)
gpio_dm2[34]                            0.500000    1.691179   -1.191179 (VIOLATED)
gpio_holdover[34]                       0.500000    1.691172   -1.191172 (VIOLATED)
gpio_out[34]                            0.500000    1.691166   -1.191166 (VIOLATED)
gpio_vtrip_sel[34]                      0.500000    1.691149   -1.191149 (VIOLATED)
gpio_ib_mode_sel[34]                    0.500000    1.691143   -1.191143 (VIOLATED)
gpio_loopback_zero[34]                  0.500000    1.691137   -1.191137 (VIOLATED)
gpio_analog_en[39]                      0.500000    1.690482   -1.190482 (VIOLATED)
gpio_analog_pol[39]                     0.500000    1.690481   -1.190481 (VIOLATED)
gpio_dm0[39]                            0.500000    1.690481   -1.190481 (VIOLATED)
gpio_dm1[39]                            0.500000    1.690482   -1.190482 (VIOLATED)
gpio_slow_sel[39]                       0.500000    1.690482   -1.190482 (VIOLATED)
gpio_analog_sel[39]                     0.500000    1.690479   -1.190479 (VIOLATED)
gpio_dm2[39]                            0.500000    1.690479   -1.190479 (VIOLATED)
gpio_holdover[39]                       0.500000    1.690478   -1.190478 (VIOLATED)
gpio_out[39]                            0.500000    1.690478   -1.190478 (VIOLATED)
gpio_ib_mode_sel[39]                    0.500000    1.690476   -1.190476 (VIOLATED)
gpio_vtrip_sel[39]                      0.500000    1.690477   -1.190477 (VIOLATED)
gpio_loopback_zero[39]                  0.500000    1.690473   -1.190473 (VIOLATED)
gpio_slow_sel[31]                       0.500000    1.690473   -1.190473 (VIOLATED)
gpio_analog_en[31]                      0.500000    1.690471   -1.190471 (VIOLATED)
gpio_dm1[31]                            0.500000    1.690472   -1.190472 (VIOLATED)
gpio_dm0[31]                            0.500000    1.690469   -1.190469 (VIOLATED)
gpio_analog_pol[31]                     0.500000    1.690463   -1.190463 (VIOLATED)
gpio_analog_sel[31]                     0.500000    1.690434   -1.190434 (VIOLATED)
gpio_dm2[31]                            0.500000    1.690428   -1.190428 (VIOLATED)
gpio_holdover[31]                       0.500000    1.690421   -1.190421 (VIOLATED)
gpio_out[31]                            0.500000    1.690415   -1.190415 (VIOLATED)
gpio_vtrip_sel[31]                      0.500000    1.690398   -1.190398 (VIOLATED)
gpio_ib_mode_sel[31]                    0.500000    1.690393   -1.190393 (VIOLATED)
gpio_loopback_zero[31]                  0.500000    1.690387   -1.190387 (VIOLATED)
gpio_slow_sel[30]                       0.500000    1.690003   -1.190004 (VIOLATED)
gpio_dm1[30]                            0.500000    1.690000   -1.189999 (VIOLATED)
gpio_analog_en[30]                      0.500000    1.689994   -1.189994 (VIOLATED)
gpio_dm0[30]                            0.500000    1.689990   -1.189990 (VIOLATED)
gpio_analog_pol[30]                     0.500000    1.689985   -1.189985 (VIOLATED)
gpio_analog_sel[30]                     0.500000    1.689959   -1.189960 (VIOLATED)
gpio_dm2[30]                            0.500000    1.689952   -1.189952 (VIOLATED)
gpio_holdover[30]                       0.500000    1.689948   -1.189948 (VIOLATED)
gpio_out[30]                            0.500000    1.689942   -1.189942 (VIOLATED)
gpio_ib_mode_sel[30]                    0.500000    1.689927   -1.189927 (VIOLATED)
gpio_vtrip_sel[30]                      0.500000    1.689928   -1.189928 (VIOLATED)
gpio_loopback_zero[30]                  0.500000    1.689921   -1.189921 (VIOLATED)
gpio_slow_sel[28]                       0.500000    1.689265   -1.189265 (VIOLATED)
gpio_dm1[28]                            0.500000    1.689261   -1.189261 (VIOLATED)
gpio_analog_en[28]                      0.500000    1.689256   -1.189256 (VIOLATED)
gpio_dm0[28]                            0.500000    1.689252   -1.189252 (VIOLATED)
gpio_analog_pol[28]                     0.500000    1.689247   -1.189247 (VIOLATED)
gpio_analog_sel[28]                     0.500000    1.689220   -1.189220 (VIOLATED)
gpio_dm2[28]                            0.500000    1.689214   -1.189213 (VIOLATED)
gpio_holdover[28]                       0.500000    1.689206   -1.189206 (VIOLATED)
gpio_out[28]                            0.500000    1.689201   -1.189201 (VIOLATED)
gpio_ib_mode_sel[28]                    0.500000    1.689187   -1.189187 (VIOLATED)
gpio_vtrip_sel[28]                      0.500000    1.689186   -1.189186 (VIOLATED)
gpio_loopback_zero[28]                  0.500000    1.689179   -1.189179 (VIOLATED)
gpio_dm1[23]                            0.500000    1.688958   -1.188958 (VIOLATED)
gpio_slow_sel[23]                       0.500000    1.688958   -1.188958 (VIOLATED)
gpio_analog_en[23]                      0.500000    1.688955   -1.188955 (VIOLATED)
gpio_dm0[23]                            0.500000    1.688952   -1.188952 (VIOLATED)
gpio_analog_pol[23]                     0.500000    1.688948   -1.188948 (VIOLATED)
gpio_analog_sel[23]                     0.500000    1.688942   -1.188942 (VIOLATED)
gpio_dm2[23]                            0.500000    1.688937   -1.188937 (VIOLATED)
gpio_holdover[23]                       0.500000    1.688931   -1.188931 (VIOLATED)
gpio_out[23]                            0.500000    1.688926   -1.188926 (VIOLATED)
gpio_vtrip_sel[23]                      0.500000    1.688916   -1.188916 (VIOLATED)
gpio_ib_mode_sel[23]                    0.500000    1.688912   -1.188912 (VIOLATED)
gpio_loopback_zero[23]                  0.500000    1.688906   -1.188906 (VIOLATED)
gpio_analog_en[42]                      0.500000    1.688354   -1.188353 (VIOLATED)
gpio_analog_pol[42]                     0.500000    1.688353   -1.188353 (VIOLATED)
gpio_dm0[42]                            0.500000    1.688353   -1.188353 (VIOLATED)
gpio_dm1[42]                            0.500000    1.688354   -1.188354 (VIOLATED)
gpio_slow_sel[42]                       0.500000    1.688354   -1.188354 (VIOLATED)
gpio_analog_sel[42]                     0.500000    1.688351   -1.188351 (VIOLATED)
gpio_dm2[42]                            0.500000    1.688351   -1.188351 (VIOLATED)
gpio_holdover[42]                       0.500000    1.688350   -1.188350 (VIOLATED)
gpio_out[42]                            0.500000    1.688350   -1.188350 (VIOLATED)
gpio_ib_mode_sel[42]                    0.500000    1.688348   -1.188348 (VIOLATED)
gpio_vtrip_sel[42]                      0.500000    1.688348   -1.188348 (VIOLATED)
gpio_loopback_zero[42]                  0.500000    1.688344   -1.188345 (VIOLATED)
gpio_analog_en[0]                       0.500000    1.688244   -1.188244 (VIOLATED)
gpio_dm1[0]                             0.500000    1.688245   -1.188245 (VIOLATED)
gpio_slow_sel[0]                        0.500000    1.688245   -1.188245 (VIOLATED)
gpio_analog_pol[0]                      0.500000    1.688243   -1.188243 (VIOLATED)
gpio_inp_dis[0]                         0.500000    1.688243   -1.188243 (VIOLATED)
gpio_analog_sel[0]                      0.500000    1.688238   -1.188238 (VIOLATED)
gpio_dm2[0]                             0.500000    1.688232   -1.188232 (VIOLATED)
gpio_holdover[0]                        0.500000    1.688227   -1.188227 (VIOLATED)
gpio_out[0]                             0.500000    1.688222   -1.188222 (VIOLATED)
gpio_ib_mode_sel[0]                     0.500000    1.688208   -1.188208 (VIOLATED)
gpio_vtrip_sel[0]                       0.500000    1.688209   -1.188209 (VIOLATED)
gpio_loopback_zero[0]                   0.500000    1.688206   -1.188206 (VIOLATED)
gpio_slow_sel[24]                       0.500000    1.687690   -1.187690 (VIOLATED)
gpio_slow_sel[33]                       0.500000    1.687687   -1.187687 (VIOLATED)
gpio_dm1[24]                            0.500000    1.687685   -1.187685 (VIOLATED)
gpio_dm1[33]                            0.500000    1.687683   -1.187683 (VIOLATED)
gpio_analog_en[24]                      0.500000    1.687680   -1.187680 (VIOLATED)
gpio_analog_en[33]                      0.500000    1.687678   -1.187678 (VIOLATED)
gpio_dm0[24]                            0.500000    1.687675   -1.187675 (VIOLATED)
gpio_dm0[33]                            0.500000    1.687674   -1.187674 (VIOLATED)
gpio_analog_pol[24]                     0.500000    1.687669   -1.187669 (VIOLATED)
gpio_analog_pol[33]                     0.500000    1.687668   -1.187668 (VIOLATED)
gpio_analog_sel[33]                     0.500000    1.687657   -1.187657 (VIOLATED)
gpio_dm2[33]                            0.500000    1.687651   -1.187651 (VIOLATED)
gpio_holdover[33]                       0.500000    1.687644   -1.187644 (VIOLATED)
gpio_analog_sel[24]                     0.500000    1.687637   -1.187637 (VIOLATED)
gpio_out[33]                            0.500000    1.687638   -1.187638 (VIOLATED)
gpio_dm2[24]                            0.500000    1.687629   -1.187629 (VIOLATED)
gpio_holdover[24]                       0.500000    1.687621   -1.187621 (VIOLATED)
gpio_vtrip_sel[33]                      0.500000    1.687620   -1.187620 (VIOLATED)
gpio_ib_mode_sel[33]                    0.500000    1.687615   -1.187615 (VIOLATED)
gpio_out[24]                            0.500000    1.687615   -1.187615 (VIOLATED)
gpio_loopback_zero[33]                  0.500000    1.687609   -1.187609 (VIOLATED)
gpio_vtrip_sel[24]                      0.500000    1.687597   -1.187597 (VIOLATED)
gpio_ib_mode_sel[24]                    0.500000    1.687592   -1.187592 (VIOLATED)
gpio_loopback_zero[24]                  0.500000    1.687584   -1.187584 (VIOLATED)
gpio_dm1[18]                            0.500000    1.686100   -1.186101 (VIOLATED)
gpio_slow_sel[18]                       0.500000    1.686101   -1.186101 (VIOLATED)
gpio_analog_en[18]                      0.500000    1.686099   -1.186099 (VIOLATED)
gpio_dm0[18]                            0.500000    1.686096   -1.186096 (VIOLATED)
gpio_analog_pol[18]                     0.500000    1.686093   -1.186093 (VIOLATED)
gpio_analog_sel[18]                     0.500000    1.686086   -1.186086 (VIOLATED)
gpio_dm2[18]                            0.500000    1.686081   -1.186082 (VIOLATED)
gpio_holdover[18]                       0.500000    1.686076   -1.186076 (VIOLATED)
gpio_out[18]                            0.500000    1.686073   -1.186073 (VIOLATED)
gpio_vtrip_sel[18]                      0.500000    1.686067   -1.186067 (VIOLATED)
gpio_ib_mode_sel[18]                    0.500000    1.686063   -1.186063 (VIOLATED)
gpio_loopback_zero[18]                  0.500000    1.686057   -1.186057 (VIOLATED)
gpio_analog_en[38]                      0.500000    1.685958   -1.185958 (VIOLATED)
gpio_dm1[38]                            0.500000    1.685958   -1.185958 (VIOLATED)
gpio_slow_sel[38]                       0.500000    1.685959   -1.185959 (VIOLATED)
gpio_analog_pol[38]                     0.500000    1.685956   -1.185956 (VIOLATED)
gpio_dm0[38]                            0.500000    1.685957   -1.185957 (VIOLATED)
gpio_analog_sel[38]                     0.500000    1.685953   -1.185952 (VIOLATED)
gpio_dm2[38]                            0.500000    1.685947   -1.185947 (VIOLATED)
gpio_holdover[38]                       0.500000    1.685941   -1.185941 (VIOLATED)
gpio_out[38]                            0.500000    1.685936   -1.185936 (VIOLATED)
gpio_ib_mode_sel[38]                    0.500000    1.685933   -1.185933 (VIOLATED)
gpio_vtrip_sel[38]                      0.500000    1.685933   -1.185933 (VIOLATED)
gpio_loopback_zero[38]                  0.500000    1.685930   -1.185930 (VIOLATED)
gpio_analog_en[43]                      0.500000    1.684841   -1.184841 (VIOLATED)
gpio_dm1[43]                            0.500000    1.684842   -1.184842 (VIOLATED)
gpio_slow_sel[43]                       0.500000    1.684842   -1.184842 (VIOLATED)
gpio_analog_pol[43]                     0.500000    1.684840   -1.184840 (VIOLATED)
gpio_dm0[43]                            0.500000    1.684841   -1.184841 (VIOLATED)
gpio_analog_sel[43]                     0.500000    1.684837   -1.184837 (VIOLATED)
gpio_dm2[43]                            0.500000    1.684837   -1.184837 (VIOLATED)
gpio_holdover[43]                       0.500000    1.684836   -1.184836 (VIOLATED)
gpio_out[43]                            0.500000    1.684835   -1.184835 (VIOLATED)
gpio_vtrip_sel[43]                      0.500000    1.684831   -1.184831 (VIOLATED)
gpio_ib_mode_sel[43]                    0.500000    1.684823   -1.184823 (VIOLATED)
gpio_loopback_zero[43]                  0.500000    1.684816   -1.184816 (VIOLATED)
gpio_dm1[17]                            0.500000    1.684011   -1.184011 (VIOLATED)
gpio_slow_sel[17]                       0.500000    1.684012   -1.184012 (VIOLATED)
gpio_analog_en[17]                      0.500000    1.684008   -1.184008 (VIOLATED)
gpio_dm0[17]                            0.500000    1.684005   -1.184005 (VIOLATED)
gpio_analog_pol[17]                     0.500000    1.684001   -1.184001 (VIOLATED)
gpio_analog_sel[17]                     0.500000    1.683992   -1.183992 (VIOLATED)
gpio_dm2[17]                            0.500000    1.683987   -1.183987 (VIOLATED)
gpio_holdover[17]                       0.500000    1.683981   -1.183981 (VIOLATED)
gpio_out[17]                            0.500000    1.683977   -1.183977 (VIOLATED)
gpio_vtrip_sel[17]                      0.500000    1.683968   -1.183968 (VIOLATED)
gpio_ib_mode_sel[17]                    0.500000    1.683964   -1.183964 (VIOLATED)
gpio_loopback_zero[17]                  0.500000    1.683960   -1.183960 (VIOLATED)
gpio_dm1[16]                            0.500000    1.683595   -1.183595 (VIOLATED)
gpio_slow_sel[16]                       0.500000    1.683596   -1.183596 (VIOLATED)
gpio_analog_en[16]                      0.500000    1.683594   -1.183594 (VIOLATED)
gpio_dm0[16]                            0.500000    1.683590   -1.183590 (VIOLATED)
gpio_analog_pol[16]                     0.500000    1.683586   -1.183586 (VIOLATED)
gpio_analog_sel[16]                     0.500000    1.683578   -1.183578 (VIOLATED)
gpio_dm2[16]                            0.500000    1.683573   -1.183573 (VIOLATED)
gpio_holdover[16]                       0.500000    1.683567   -1.183567 (VIOLATED)
gpio_out[16]                            0.500000    1.683563   -1.183563 (VIOLATED)
gpio_vtrip_sel[16]                      0.500000    1.683555   -1.183555 (VIOLATED)
gpio_ib_mode_sel[16]                    0.500000    1.683551   -1.183551 (VIOLATED)
gpio_loopback_zero[16]                  0.500000    1.683545   -1.183545 (VIOLATED)
gpio_slow_sel[14]                       0.500000    1.682402   -1.182402 (VIOLATED)
gpio_dm1[14]                            0.500000    1.682399   -1.182399 (VIOLATED)
gpio_analog_en[41]                      0.500000    1.682396   -1.182396 (VIOLATED)
gpio_dm1[41]                            0.500000    1.682396   -1.182396 (VIOLATED)
gpio_slow_sel[41]                       0.500000    1.682396   -1.182396 (VIOLATED)
gpio_analog_en[14]                      0.500000    1.682394   -1.182394 (VIOLATED)
gpio_analog_pol[41]                     0.500000    1.682395   -1.182395 (VIOLATED)
gpio_dm0[41]                            0.500000    1.682395   -1.182396 (VIOLATED)
gpio_analog_sel[41]                     0.500000    1.682394   -1.182394 (VIOLATED)
gpio_dm2[41]                            0.500000    1.682393   -1.182393 (VIOLATED)
gpio_holdover[41]                       0.500000    1.682393   -1.182393 (VIOLATED)
gpio_out[41]                            0.500000    1.682392   -1.182392 (VIOLATED)
gpio_dm0[14]                            0.500000    1.682391   -1.182391 (VIOLATED)
gpio_ib_mode_sel[41]                    0.500000    1.682391   -1.182391 (VIOLATED)
gpio_vtrip_sel[41]                      0.500000    1.682391   -1.182391 (VIOLATED)
gpio_loopback_zero[41]                  0.500000    1.682388   -1.182388 (VIOLATED)
gpio_analog_pol[14]                     0.500000    1.682385   -1.182385 (VIOLATED)
gpio_analog_sel[14]                     0.500000    1.682376   -1.182376 (VIOLATED)
gpio_dm2[14]                            0.500000    1.682371   -1.182371 (VIOLATED)
gpio_holdover[14]                       0.500000    1.682365   -1.182365 (VIOLATED)
gpio_out[14]                            0.500000    1.682360   -1.182360 (VIOLATED)
gpio_vtrip_sel[14]                      0.500000    1.682346   -1.182346 (VIOLATED)
gpio_ib_mode_sel[14]                    0.500000    1.682342   -1.182342 (VIOLATED)
gpio_loopback_zero[14]                  0.500000    1.682340   -1.182340 (VIOLATED)
gpio_analog_en[40]                      0.500000    1.682082   -1.182082 (VIOLATED)
gpio_analog_pol[40]                     0.500000    1.682081   -1.182081 (VIOLATED)
gpio_dm0[40]                            0.500000    1.682081   -1.182081 (VIOLATED)
gpio_dm1[40]                            0.500000    1.682082   -1.182082 (VIOLATED)
gpio_slow_sel[40]                       0.500000    1.682082   -1.182082 (VIOLATED)
gpio_analog_sel[40]                     0.500000    1.682080   -1.182080 (VIOLATED)
gpio_dm2[40]                            0.500000    1.682079   -1.182079 (VIOLATED)
gpio_holdover[40]                       0.500000    1.682079   -1.182079 (VIOLATED)
gpio_out[40]                            0.500000    1.682078   -1.182078 (VIOLATED)
gpio_ib_mode_sel[40]                    0.500000    1.682076   -1.182076 (VIOLATED)
gpio_vtrip_sel[40]                      0.500000    1.682077   -1.182077 (VIOLATED)
gpio_loopback_zero[40]                  0.500000    1.682074   -1.182074 (VIOLATED)
gpio_slow_sel[13]                       0.500000    1.680909   -1.180909 (VIOLATED)
gpio_dm1[13]                            0.500000    1.680903   -1.180903 (VIOLATED)
gpio_analog_en[13]                      0.500000    1.680895   -1.180895 (VIOLATED)
gpio_dm0[13]                            0.500000    1.680893   -1.180893 (VIOLATED)
gpio_analog_pol[13]                     0.500000    1.680884   -1.180884 (VIOLATED)
gpio_analog_sel[13]                     0.500000    1.680843   -1.180843 (VIOLATED)
gpio_dm2[13]                            0.500000    1.680836   -1.180836 (VIOLATED)
gpio_holdover[13]                       0.500000    1.680824   -1.180824 (VIOLATED)
gpio_out[13]                            0.500000    1.680815   -1.180815 (VIOLATED)
gpio_vtrip_sel[13]                      0.500000    1.680784   -1.180784 (VIOLATED)
gpio_ib_mode_sel[13]                    0.500000    1.680781   -1.180781 (VIOLATED)
gpio_loopback_zero[13]                  0.500000    1.680746   -1.180746 (VIOLATED)
gpio_analog_en[12]                      0.500000    1.399530   -0.899530 (VIOLATED)
gpio_slow_sel[12]                       0.500000    1.399530   -0.899530 (VIOLATED)
gpio_analog_pol[12]                     0.500000    1.399528   -0.899528 (VIOLATED)
gpio_dm0[12]                            0.500000    1.399529   -0.899529 (VIOLATED)
gpio_analog_sel[12]                     0.500000    1.399524   -0.899524 (VIOLATED)
gpio_holdover[12]                       0.500000    1.399523   -0.899523 (VIOLATED)
gpio_vtrip_sel[12]                      0.500000    1.399518   -0.899519 (VIOLATED)
gpio_ib_mode_sel[12]                    0.500000    1.399516   -0.899516 (VIOLATED)
gpio_oeb[12]                            0.500000    1.399507   -0.899507 (VIOLATED)
gpio_loopback_zero[12]                  0.500000    1.399485   -0.899485 (VIOLATED)
gpio_analog_en[11]                      0.500000    1.399287   -0.899287 (VIOLATED)
gpio_analog_pol[11]                     0.500000    1.399287   -0.899287 (VIOLATED)
gpio_dm0[11]                            0.500000    1.399287   -0.899287 (VIOLATED)
gpio_slow_sel[11]                       0.500000    1.399287   -0.899287 (VIOLATED)
gpio_analog_sel[11]                     0.500000    1.399286   -0.899285 (VIOLATED)
gpio_holdover[11]                       0.500000    1.399285   -0.899285 (VIOLATED)
gpio_ib_mode_sel[11]                    0.500000    1.399283   -0.899283 (VIOLATED)
gpio_loopback_zero[11]                  0.500000    1.399283   -0.899283 (VIOLATED)
gpio_oeb[11]                            0.500000    1.399283   -0.899283 (VIOLATED)
gpio_vtrip_sel[11]                      0.500000    1.399283   -0.899283 (VIOLATED)
gpio_analog_en[9]                       0.500000    1.395240   -0.895240 (VIOLATED)
gpio_analog_pol[9]                      0.500000    1.395239   -0.895239 (VIOLATED)
gpio_dm0[9]                             0.500000    1.395240   -0.895240 (VIOLATED)
gpio_slow_sel[9]                        0.500000    1.395240   -0.895240 (VIOLATED)
gpio_analog_sel[9]                      0.500000    1.395238   -0.895238 (VIOLATED)
gpio_holdover[9]                        0.500000    1.395238   -0.895238 (VIOLATED)
gpio_ib_mode_sel[9]                     0.500000    1.395235   -0.895235 (VIOLATED)
gpio_loopback_zero[9]                   0.500000    1.395235   -0.895235 (VIOLATED)
gpio_oeb[9]                             0.500000    1.395235   -0.895235 (VIOLATED)
gpio_vtrip_sel[9]                       0.500000    1.395235   -0.895235 (VIOLATED)
gpio_analog_en[3]                       0.500000    1.394754   -0.894754 (VIOLATED)
gpio_analog_pol[3]                      0.500000    1.394754   -0.894754 (VIOLATED)
gpio_dm0[3]                             0.500000    1.394754   -0.894754 (VIOLATED)
gpio_slow_sel[3]                        0.500000    1.394754   -0.894754 (VIOLATED)
gpio_analog_sel[3]                      0.500000    1.394751   -0.894751 (VIOLATED)
gpio_holdover[3]                        0.500000    1.394750   -0.894750 (VIOLATED)
gpio_ib_mode_sel[3]                     0.500000    1.394748   -0.894748 (VIOLATED)
gpio_oeb[3]                             0.500000    1.394748   -0.894748 (VIOLATED)
gpio_vtrip_sel[3]                       0.500000    1.394749   -0.894749 (VIOLATED)
gpio_loopback_zero[3]                   0.500000    1.394745   -0.894745 (VIOLATED)
gpio_slow_sel[10]                       0.500000    1.392736   -0.892736 (VIOLATED)
gpio_analog_en[10]                      0.500000    1.392732   -0.892732 (VIOLATED)
gpio_analog_pol[10]                     0.500000    1.392731   -0.892731 (VIOLATED)
gpio_dm0[10]                            0.500000    1.392731   -0.892731 (VIOLATED)
gpio_analog_sel[10]                     0.500000    1.392728   -0.892728 (VIOLATED)
gpio_slow_sel[8]                        0.500000    1.392728   -0.892728 (VIOLATED)
gpio_analog_en[8]                       0.500000    1.392727   -0.892727 (VIOLATED)
gpio_dm0[8]                             0.500000    1.392725   -0.892725 (VIOLATED)
gpio_holdover[10]                       0.500000    1.392726   -0.892726 (VIOLATED)
gpio_analog_pol[8]                      0.500000    1.392724   -0.892724 (VIOLATED)
gpio_analog_sel[8]                      0.500000    1.392716   -0.892716 (VIOLATED)
gpio_vtrip_sel[10]                      0.500000    1.392713   -0.892713 (VIOLATED)
gpio_ib_mode_sel[10]                    0.500000    1.392710   -0.892710 (VIOLATED)
gpio_loopback_zero[10]                  0.500000    1.392709   -0.892709 (VIOLATED)
gpio_oeb[10]                            0.500000    1.392709   -0.892709 (VIOLATED)
gpio_holdover[8]                        0.500000    1.392700   -0.892700 (VIOLATED)
gpio_vtrip_sel[8]                       0.500000    1.392672   -0.892672 (VIOLATED)
gpio_ib_mode_sel[8]                     0.500000    1.392665   -0.892665 (VIOLATED)
gpio_oeb[8]                             0.500000    1.392658   -0.892658 (VIOLATED)
gpio_loopback_zero[8]                   0.500000    1.392634   -0.892634 (VIOLATED)
gpio_slow_sel[4]                        0.500000    1.391773   -0.891773 (VIOLATED)
gpio_analog_en[4]                       0.500000    1.391772   -0.891772 (VIOLATED)
gpio_analog_pol[4]                      0.500000    1.391770   -0.891771 (VIOLATED)
gpio_dm0[4]                             0.500000    1.391771   -0.891771 (VIOLATED)
gpio_analog_sel[4]                      0.500000    1.391766   -0.891766 (VIOLATED)
gpio_holdover[4]                        0.500000    1.391764   -0.891764 (VIOLATED)
gpio_vtrip_sel[4]                       0.500000    1.391757   -0.891757 (VIOLATED)
gpio_ib_mode_sel[4]                     0.500000    1.391747   -0.891747 (VIOLATED)
gpio_oeb[4]                             0.500000    1.391739   -0.891739 (VIOLATED)
gpio_loopback_zero[4]                   0.500000    1.391707   -0.891707 (VIOLATED)
gpio_slow_sel[2]                        0.500000    1.390411   -0.890411 (VIOLATED)
gpio_analog_en[2]                       0.500000    1.390403   -0.890403 (VIOLATED)
gpio_dm0[2]                             0.500000    1.390400   -0.890400 (VIOLATED)
gpio_analog_pol[2]                      0.500000    1.390397   -0.890397 (VIOLATED)
gpio_analog_sel[2]                      0.500000    1.390369   -0.890369 (VIOLATED)
gpio_holdover[2]                        0.500000    1.390357   -0.890357 (VIOLATED)
gpio_vtrip_sel[2]                       0.500000    1.390335   -0.890335 (VIOLATED)
gpio_ib_mode_sel[2]                     0.500000    1.390329   -0.890329 (VIOLATED)
gpio_oeb[2]                             0.500000    1.390323   -0.890323 (VIOLATED)
gpio_loopback_zero[2]                   0.500000    1.390312   -0.890312 (VIOLATED)
gpio_slow_sel[7]                        0.500000    1.390129   -0.890129 (VIOLATED)
gpio_analog_en[7]                       0.500000    1.390126   -0.890126 (VIOLATED)
gpio_dm0[7]                             0.500000    1.390123   -0.890123 (VIOLATED)
gpio_analog_pol[7]                      0.500000    1.390119   -0.890119 (VIOLATED)
gpio_analog_sel[7]                      0.500000    1.390098   -0.890098 (VIOLATED)
gpio_holdover[7]                        0.500000    1.390089   -0.890089 (VIOLATED)
gpio_vtrip_sel[7]                       0.500000    1.390074   -0.890074 (VIOLATED)
gpio_ib_mode_sel[7]                     0.500000    1.390071   -0.890071 (VIOLATED)
gpio_oeb[7]                             0.500000    1.390068   -0.890068 (VIOLATED)
gpio_loopback_zero[7]                   0.500000    1.390065   -0.890065 (VIOLATED)
gpio_slow_sel[5]                        0.500000    1.388302   -0.888302 (VIOLATED)
gpio_analog_en[5]                       0.500000    1.388294   -0.888294 (VIOLATED)
gpio_dm0[5]                             0.500000    1.388293   -0.888293 (VIOLATED)
gpio_analog_pol[5]                      0.500000    1.388290   -0.888290 (VIOLATED)
gpio_analog_sel[5]                      0.500000    1.388279   -0.888279 (VIOLATED)
gpio_holdover[5]                        0.500000    1.388267   -0.888267 (VIOLATED)
gpio_vtrip_sel[5]                       0.500000    1.388244   -0.888244 (VIOLATED)
gpio_ib_mode_sel[5]                     0.500000    1.388238   -0.888238 (VIOLATED)
gpio_oeb[5]                             0.500000    1.388232   -0.888232 (VIOLATED)
gpio_loopback_zero[5]                   0.500000    1.388219   -0.888219 (VIOLATED)
gpio_slow_sel[1]                        0.500000    1.387797   -0.887797 (VIOLATED)
gpio_analog_en[1]                       0.500000    1.387793   -0.887793 (VIOLATED)
gpio_analog_pol[1]                      0.500000    1.387785   -0.887785 (VIOLATED)
gpio_inp_dis[1]                         0.500000    1.387780   -0.887780 (VIOLATED)
gpio_analog_sel[1]                      0.500000    1.387755   -0.887755 (VIOLATED)
gpio_holdover[1]                        0.500000    1.387738   -0.887739 (VIOLATED)
gpio_vtrip_sel[1]                       0.500000    1.387727   -0.887727 (VIOLATED)
gpio_ib_mode_sel[1]                     0.500000    1.387718   -0.887718 (VIOLATED)
gpio_oeb[1]                             0.500000    1.387709   -0.887710 (VIOLATED)
gpio_loopback_zero[1]                   0.500000    1.387675   -0.887675 (VIOLATED)
gpio_slow_sel[6]                        0.500000    1.387121   -0.887121 (VIOLATED)
gpio_analog_en[6]                       0.500000    1.387115   -0.887115 (VIOLATED)
gpio_dm0[6]                             0.500000    1.387113   -0.887113 (VIOLATED)
gpio_analog_pol[6]                      0.500000    1.387109   -0.887109 (VIOLATED)
gpio_analog_sel[6]                      0.500000    1.387100   -0.887100 (VIOLATED)
gpio_holdover[6]                        0.500000    1.387091   -0.887091 (VIOLATED)
gpio_vtrip_sel[6]                       0.500000    1.387076   -0.887076 (VIOLATED)
gpio_ib_mode_sel[6]                     0.500000    1.387073   -0.887073 (VIOLATED)
gpio_oeb[6]                             0.500000    1.387070   -0.887070 (VIOLATED)
gpio_loopback_zero[6]                   0.500000    1.387067   -0.887067 (VIOLATED)
gpio_out[8]                             0.500000    0.787102   -0.287102 (VIOLATED)
mprj/output9/X                          0.500000    0.786874   -0.286874 (VIOLATED)
gpio_out[7]                             0.500000    0.765967   -0.265967 (VIOLATED)
mprj/output8/X                          0.500000    0.765934   -0.265934 (VIOLATED)
mprj/clkbuf_0_wb_clk_i/A                0.500000    0.756282   -0.256282 (VIOLATED)
mprj/ANTENNA_clkbuf_0_wb_clk_i_A/DIODE    0.500000    0.756278   -0.256278 (VIOLATED)
gpio_in[0]                              0.500000    0.739389   -0.239389 (VIOLATED)
gpio_out[9]                             0.500000    0.713158   -0.213158 (VIOLATED)
mprj/output10/X                         0.500000    0.713150   -0.213150 (VIOLATED)
gpio_out[6]                             0.500000    0.706022   -0.206022 (VIOLATED)
mprj/output7/X                          0.500000    0.705996   -0.205996 (VIOLATED)
gpio_out[5]                             0.500000    0.676930   -0.176930 (VIOLATED)
mprj/output6/X                          0.500000    0.676737   -0.176737 (VIOLATED)
mprj/output2/A                          0.500000    0.658064   -0.158065 (VIOLATED)
mprj/ANTENNA_output2_A/DIODE            0.500000    0.658063   -0.158063 (VIOLATED)
mprj/ANTENNA__571__A2/DIODE             0.500000    0.653671   -0.153671 (VIOLATED)
mprj/ANTENNA__578__A2/DIODE             0.500000    0.653671   -0.153671 (VIOLATED)
mprj/ANTENNA__575__B1/DIODE             0.500000    0.653671   -0.153671 (VIOLATED)
mprj/_571_/A2                           0.500000    0.653671   -0.153671 (VIOLATED)
mprj/_578_/A2                           0.500000    0.653671   -0.153671 (VIOLATED)
mprj/_575_/B1                           0.500000    0.653671   -0.153671 (VIOLATED)
mprj/_580_/B1                           0.500000    0.653671   -0.153671 (VIOLATED)
mprj/ANTENNA__580__B1/DIODE             0.500000    0.653671   -0.153671 (VIOLATED)
mprj/ANTENNA__564__X/DIODE              0.500000    0.653670   -0.153670 (VIOLATED)
mprj/_564_/X                            0.500000    0.653670   -0.153670 (VIOLATED)
gpio_out[10]                            0.500000    0.652869   -0.152869 (VIOLATED)
mprj/output11/X                         0.500000    0.652864   -0.152864 (VIOLATED)
gpio_dm1[1]                             0.500000    0.641239   -0.141239 (VIOLATED)
gpio_dm0[1]                             0.500000    0.641239   -0.141239 (VIOLATED)
gpio_dm2[1]                             0.500000    0.641238   -0.141238 (VIOLATED)
gpio_out[1]                             0.500000    0.641238   -0.141238 (VIOLATED)
gpio_loopback_one[1]                    0.500000    0.641237   -0.141237 (VIOLATED)
gpio_out[4]                             0.500000    0.624788   -0.124788 (VIOLATED)
mprj/output5/X                          0.500000    0.624784   -0.124784 (VIOLATED)
mprj/ANTENNA_fanout25_A/DIODE           0.500000    0.610539   -0.110539 (VIOLATED)
mprj/fanout25/A                         0.500000    0.610538   -0.110538 (VIOLATED)
mprj/ANTENNA_fanout19_A/DIODE           0.500000    0.609941   -0.109941 (VIOLATED)
mprj/fanout19/A                         0.500000    0.609931   -0.109931 (VIOLATED)
gpio_out[11]                            0.500000    0.609269   -0.109269 (VIOLATED)
mprj/output12/X                         0.500000    0.609263   -0.109263 (VIOLATED)
mprj/ANTENNA_input1_X/DIODE             0.500000    0.598489   -0.098489 (VIOLATED)
mprj/input1/X                           0.500000    0.598489   -0.098489 (VIOLATED)
gpio_out[3]                             0.500000    0.590284   -0.090284 (VIOLATED)
mprj/output4/X                          0.500000    0.590282   -0.090282 (VIOLATED)
gpio_out[12]                            0.500000    0.578072   -0.078072 (VIOLATED)
mprj/output3/X                          0.500000    0.578070   -0.078070 (VIOLATED)
mprj/_339_/A                            0.500000    0.576372   -0.076372 (VIOLATED)
mprj/_592_/A                            0.500000    0.576372   -0.076372 (VIOLATED)
mprj/_642_/A                            0.500000    0.576372   -0.076372 (VIOLATED)
mprj/_650_/A                            0.500000    0.576372   -0.076372 (VIOLATED)
mprj/_660_/A                            0.500000    0.576372   -0.076372 (VIOLATED)
mprj/_662_/A                            0.500000    0.576372   -0.076372 (VIOLATED)
mprj/_669_/A                            0.500000    0.576372   -0.076372 (VIOLATED)
mprj/_670_/A                            0.500000    0.576372   -0.076372 (VIOLATED)
mprj/fanout21/X                         0.500000    0.576372   -0.076372 (VIOLATED)
mprj/load_slew22/A                      0.500000    0.576372   -0.076372 (VIOLATED)
mprj/output11/A                         0.500000    0.570654   -0.070654 (VIOLATED)
mprj/ANTENNA_output11_A/DIODE           0.500000    0.570652   -0.070652 (VIOLATED)
mprj/ANTENNA__590__X/DIODE              0.500000    0.565876   -0.065876 (VIOLATED)
mprj/_590_/X                            0.500000    0.565876   -0.065876 (VIOLATED)
gpio_out[2]                             0.500000    0.550683   -0.050683 (VIOLATED)
mprj/output2/X                          0.500000    0.550682   -0.050682 (VIOLATED)
mprj/_665_/A                            0.500000    0.531848   -0.031848 (VIOLATED)
mprj/_663_/A                            0.500000    0.531848   -0.031848 (VIOLATED)
mprj/_615_/A                            0.500000    0.531848   -0.031848 (VIOLATED)
mprj/_610_/A                            0.500000    0.531847   -0.031847 (VIOLATED)
mprj/_611_/A                            0.500000    0.531847   -0.031847 (VIOLATED)
mprj/_612_/A                            0.500000    0.531847   -0.031847 (VIOLATED)
mprj/_614_/A                            0.500000    0.531847   -0.031847 (VIOLATED)
mprj/_664_/A                            0.500000    0.531847   -0.031847 (VIOLATED)
mprj/fanout17/X                         0.500000    0.531847   -0.031847 (VIOLATED)
mprj/max_cap18/A                        0.500000    0.531847   -0.031847 (VIOLATED)
mprj/output4/A                          0.500000    0.524350   -0.024350 (VIOLATED)
mprj/ANTENNA_output4_A/DIODE            0.500000    0.524348   -0.024348 (VIOLATED)
mprj/_386_/A                            0.500000    0.522133   -0.022133 (VIOLATED)
mprj/ANTENNA__386__A/DIODE              0.500000    0.522128   -0.022128 (VIOLATED)
mprj/_568_/B                            0.500000    0.522126   -0.022127 (VIOLATED)
mprj/_572_/B                            0.500000    0.522126   -0.022127 (VIOLATED)
mprj/ANTENNA__572__B/DIODE              0.500000    0.522126   -0.022126 (VIOLATED)
mprj/ANTENNA__568__B/DIODE              0.500000    0.522126   -0.022126 (VIOLATED)
mprj/ANTENNA__384__Y/DIODE              0.500000    0.522125   -0.022125 (VIOLATED)
mprj/ANTENNA__579__A2/DIODE             0.500000    0.522125   -0.022125 (VIOLATED)
mprj/_384_/Y                            0.500000    0.522125   -0.022125 (VIOLATED)
mprj/_579_/A2                           0.500000    0.522125   -0.022125 (VIOLATED)
gpio_dm1[7]                             0.500000    0.502055   -0.002055 (VIOLATED)
gpio_inp_dis[7]                         0.500000    0.502054   -0.002054 (VIOLATED)
gpio_dm2[7]                             0.500000    0.502054   -0.002054 (VIOLATED)
gpio_loopback_one[7]                    0.500000    0.502053   -0.002053 (VIOLATED)

max fanout

Pin                                   Limit Fanout  Slack
---------------------------------------------------------
mprj/wire20/X                            10     19     -9 (VIOLATED)
mprj/clkbuf_0_wb_clk_i/X                 10     17     -7 (VIOLATED)
mprj/load_slew26/X                       10     15     -5 (VIOLATED)
mprj/clkbuf_3_6_0_wb_clk_i/X             10     12     -2 (VIOLATED)
mprj/clkbuf_3_7_0_wb_clk_i/X             10     12     -2 (VIOLATED)
mprj/_384_/Y                             10     11        (VIOLATED)
mprj/_385_/Y                             10     11        (VIOLATED)
mprj/_564_/X                             10     11        (VIOLATED)
mprj/clkbuf_3_0_0_wb_clk_i/X             10     11        (VIOLATED)
mprj/clkbuf_3_1_0_wb_clk_i/X             10     11        (VIOLATED)
mprj/clkbuf_3_2_0_wb_clk_i/X             10     11        (VIOLATED)
mprj/clkbuf_3_3_0_wb_clk_i/X             10     11        (VIOLATED)
mprj/clkbuf_3_4_0_wb_clk_i/X             10     11        (VIOLATED)
mprj/clkbuf_3_5_0_wb_clk_i/X             10     11        (VIOLATED)

max capacitance

Pin                                        Limit         Cap       Slack
------------------------------------------------------------------------
gpio_loopback_zero[35]                  0.200000    0.380934   -0.180934 (VIOLATED)
gpio_loopback_zero[32]                  0.200000    0.380445   -0.180445 (VIOLATED)
gpio_loopback_zero[19]                  0.200000    0.380407   -0.180407 (VIOLATED)
gpio_loopback_zero[15]                  0.200000    0.380394   -0.180394 (VIOLATED)
gpio_loopback_zero[37]                  0.200000    0.380343   -0.180343 (VIOLATED)
gpio_loopback_zero[26]                  0.200000    0.380334   -0.180334 (VIOLATED)
gpio_loopback_zero[25]                  0.200000    0.380276   -0.180276 (VIOLATED)
gpio_loopback_zero[36]                  0.200000    0.380070   -0.180070 (VIOLATED)
gpio_loopback_zero[27]                  0.200000    0.380069   -0.180069 (VIOLATED)
gpio_loopback_zero[20]                  0.200000    0.380034   -0.180034 (VIOLATED)
gpio_loopback_zero[29]                  0.200000    0.379958   -0.179958 (VIOLATED)
gpio_loopback_zero[22]                  0.200000    0.379779   -0.179779 (VIOLATED)
gpio_loopback_zero[21]                  0.200000    0.379767   -0.179767 (VIOLATED)
gpio_loopback_zero[39]                  0.200000    0.379719   -0.179719 (VIOLATED)
gpio_loopback_zero[34]                  0.200000    0.379654   -0.179654 (VIOLATED)
gpio_loopback_zero[31]                  0.200000    0.379488   -0.179488 (VIOLATED)
gpio_loopback_zero[30]                  0.200000    0.379409   -0.179409 (VIOLATED)
gpio_loopback_zero[42]                  0.200000    0.379241   -0.179241 (VIOLATED)
gpio_loopback_zero[28]                  0.200000    0.379237   -0.179237 (VIOLATED)
gpio_loopback_zero[23]                  0.200000    0.379213   -0.179213 (VIOLATED)
gpio_loopback_zero[0]                   0.200000    0.379088   -0.179088 (VIOLATED)
gpio_loopback_zero[33]                  0.200000    0.378875   -0.178875 (VIOLATED)
gpio_loopback_zero[24]                  0.200000    0.378833   -0.178833 (VIOLATED)
gpio_loopback_zero[38]                  0.200000    0.378622   -0.178622 (VIOLATED)
gpio_loopback_zero[18]                  0.200000    0.378593   -0.178593 (VIOLATED)
gpio_loopback_zero[43]                  0.200000    0.378344   -0.178344 (VIOLATED)
gpio_loopback_zero[17]                  0.200000    0.378108   -0.178108 (VIOLATED)
gpio_loopback_zero[16]                  0.200000    0.378010   -0.178010 (VIOLATED)
gpio_loopback_zero[41]                  0.200000    0.377904   -0.177904 (VIOLATED)
gpio_loopback_zero[40]                  0.200000    0.377832   -0.177832 (VIOLATED)
gpio_loopback_zero[14]                  0.200000    0.377729   -0.177729 (VIOLATED)
gpio_loopback_zero[13]                  0.200000    0.377175   -0.177175 (VIOLATED)
gpio_loopback_zero[11]                  0.200000    0.314006   -0.114006 (VIOLATED)
gpio_loopback_zero[12]                  0.200000    0.313844   -0.113844 (VIOLATED)
gpio_loopback_zero[9]                   0.200000    0.313087   -0.113087 (VIOLATED)
gpio_loopback_zero[3]                   0.200000    0.312938   -0.112938 (VIOLATED)
gpio_loopback_zero[10]                  0.200000    0.312422   -0.112422 (VIOLATED)
gpio_loopback_zero[8]                   0.200000    0.312219   -0.112219 (VIOLATED)
gpio_loopback_zero[4]                   0.200000    0.312034   -0.112034 (VIOLATED)
gpio_loopback_zero[7]                   0.200000    0.311750   -0.111750 (VIOLATED)
gpio_loopback_zero[2]                   0.200000    0.311731   -0.111731 (VIOLATED)
gpio_loopback_zero[5]                   0.200000    0.311267   -0.111267 (VIOLATED)
gpio_loopback_zero[6]                   0.200000    0.311086   -0.111086 (VIOLATED)
gpio_loopback_zero[1]                   0.200000    0.311072   -0.111072 (VIOLATED)



===========================================================================
report_parasitic_annotation -report_unannotated
============================================================================
Found 217 unannotated drivers.
 analog_io[0]
 analog_io[10]
 analog_io[11]
 analog_io[12]
 analog_io[13]
 analog_io[14]
 analog_io[15]
 analog_io[16]
 analog_io[17]
 analog_io[18]
 analog_io[19]
 analog_io[1]
 analog_io[20]
 analog_io[21]
 analog_io[22]
 analog_io[23]
 analog_io[24]
 analog_io[25]
 analog_io[26]
 analog_io[27]
 analog_io[28]
 analog_io[29]
 analog_io[2]
 analog_io[30]
 analog_io[31]
 analog_io[32]
 analog_io[33]
 analog_io[34]
 analog_io[35]
 analog_io[36]
 analog_io[37]
 analog_io[38]
 analog_io[39]
 analog_io[3]
 analog_io[40]
 analog_io[41]
 analog_io[42]
 analog_io[43]
 analog_io[4]
 analog_io[5]
 analog_io[6]
 analog_io[7]
 analog_io[8]
 analog_io[9]
 analog_noesd_io[0]
 analog_noesd_io[10]
 analog_noesd_io[11]
 analog_noesd_io[12]
 analog_noesd_io[13]
 analog_noesd_io[14]
 analog_noesd_io[15]
 analog_noesd_io[16]
 analog_noesd_io[17]
 analog_noesd_io[18]
 analog_noesd_io[19]
 analog_noesd_io[1]
 analog_noesd_io[20]
 analog_noesd_io[21]
 analog_noesd_io[22]
 analog_noesd_io[23]
 analog_noesd_io[24]
 analog_noesd_io[25]
 analog_noesd_io[26]
 analog_noesd_io[27]
 analog_noesd_io[28]
 analog_noesd_io[29]
 analog_noesd_io[2]
 analog_noesd_io[30]
 analog_noesd_io[31]
 analog_noesd_io[32]
 analog_noesd_io[33]
 analog_noesd_io[34]
 analog_noesd_io[35]
 analog_noesd_io[36]
 analog_noesd_io[37]
 analog_noesd_io[38]
 analog_noesd_io[39]
 analog_noesd_io[3]
 analog_noesd_io[40]
 analog_noesd_io[41]
 analog_noesd_io[42]
 analog_noesd_io[43]
 analog_noesd_io[4]
 analog_noesd_io[5]
 analog_noesd_io[6]
 analog_noesd_io[7]
 analog_noesd_io[8]
 analog_noesd_io[9]
 gpio_in[10]
 gpio_in[11]
 gpio_in[12]
 gpio_in[13]
 gpio_in[14]
 gpio_in[15]
 gpio_in[16]
 gpio_in[17]
 gpio_in[18]
 gpio_in[19]
 gpio_in[20]
 gpio_in[21]
 gpio_in[22]
 gpio_in[23]
 gpio_in[24]
 gpio_in[25]
 gpio_in[26]
 gpio_in[27]
 gpio_in[28]
 gpio_in[29]
 gpio_in[2]
 gpio_in[30]
 gpio_in[31]
 gpio_in[32]
 gpio_in[33]
 gpio_in[34]
 gpio_in[35]
 gpio_in[36]
 gpio_in[37]
 gpio_in[38]
 gpio_in[39]
 gpio_in[3]
 gpio_in[40]
 gpio_in[41]
 gpio_in[42]
 gpio_in[43]
 gpio_in[4]
 gpio_in[5]
 gpio_in[6]
 gpio_in[7]
 gpio_in[8]
 gpio_in[9]
 gpio_in_h[0]
 gpio_in_h[10]
 gpio_in_h[11]
 gpio_in_h[12]
 gpio_in_h[13]
 gpio_in_h[14]
 gpio_in_h[15]
 gpio_in_h[16]
 gpio_in_h[17]
 gpio_in_h[18]
 gpio_in_h[19]
 gpio_in_h[1]
 gpio_in_h[20]
 gpio_in_h[21]
 gpio_in_h[22]
 gpio_in_h[23]
 gpio_in_h[24]
 gpio_in_h[25]
 gpio_in_h[26]
 gpio_in_h[27]
 gpio_in_h[28]
 gpio_in_h[29]
 gpio_in_h[2]
 gpio_in_h[30]
 gpio_in_h[31]
 gpio_in_h[32]
 gpio_in_h[33]
 gpio_in_h[34]
 gpio_in_h[35]
 gpio_in_h[36]
 gpio_in_h[37]
 gpio_in_h[38]
 gpio_in_h[39]
 gpio_in_h[3]
 gpio_in_h[40]
 gpio_in_h[41]
 gpio_in_h[42]
 gpio_in_h[43]
 gpio_in_h[4]
 gpio_in_h[5]
 gpio_in_h[6]
 gpio_in_h[7]
 gpio_in_h[8]
 gpio_in_h[9]
 mask_rev[0]
 mask_rev[10]
 mask_rev[11]
 mask_rev[12]
 mask_rev[13]
 mask_rev[14]
 mask_rev[15]
 mask_rev[16]
 mask_rev[17]
 mask_rev[18]
 mask_rev[19]
 mask_rev[1]
 mask_rev[20]
 mask_rev[21]
 mask_rev[22]
 mask_rev[23]
 mask_rev[24]
 mask_rev[25]
 mask_rev[26]
 mask_rev[27]
 mask_rev[28]
 mask_rev[29]
 mask_rev[2]
 mask_rev[30]
 mask_rev[31]
 mask_rev[3]
 mask_rev[4]
 mask_rev[5]
 mask_rev[6]
 mask_rev[7]
 mask_rev[8]
 mask_rev[9]
 por_l
 porb_h
 porb_l
 resetb_h
 resetb_l
 mprj/clkload0/X
 mprj/clkload1/X
 mprj/clkload2/X
 mprj/clkload3/X
 mprj/clkload4/X
 mprj/clkload5/X
Found 0 partially unannotated drivers.

===========================================================================
max slew violation count 592
max fanout violation count 14
max cap violation count 44
============================================================================

===========================================================================
check_setup -verbose -unconstrained_endpoints -multiple_clock -no_clock -no_input_delay -loops -generated_clocks
===========================================================================
Warning: There are 84 unclocked register/latch pins.
  mprj/_675_/CLK
  mprj/_676_/CLK
  mprj/_677_/CLK
  mprj/_678_/CLK
  mprj/_679_/CLK
  mprj/_680_/CLK
  mprj/_681_/CLK
  mprj/_682_/CLK
  mprj/_683_/CLK
  mprj/_684_/CLK
  mprj/_685_/CLK
  mprj/_686_/CLK
  mprj/_687_/CLK
  mprj/_688_/CLK
  mprj/_689_/CLK
  mprj/_690_/CLK
  mprj/_691_/CLK
  mprj/_692_/CLK
  mprj/_693_/CLK
  mprj/_694_/CLK
  mprj/_695_/CLK
  mprj/_696_/CLK
  mprj/_697_/CLK
  mprj/_698_/CLK
  mprj/_699_/CLK
  mprj/_700_/CLK
  mprj/_701_/CLK
  mprj/_702_/CLK
  mprj/_703_/CLK
  mprj/_704_/CLK
  mprj/_705_/CLK
  mprj/_706_/CLK
  mprj/_707_/CLK
  mprj/_708_/CLK
  mprj/_709_/CLK
  mprj/_710_/CLK
  mprj/_711_/CLK
  mprj/_712_/CLK
  mprj/_713_/CLK
  mprj/_714_/CLK
  mprj/_715_/CLK
  mprj/_716_/CLK
  mprj/_717_/CLK
  mprj/_718_/CLK
  mprj/_719_/CLK
  mprj/_720_/CLK
  mprj/_721_/CLK
  mprj/_722_/CLK
  mprj/_723_/CLK
  mprj/_724_/CLK
  mprj/_725_/CLK
  mprj/_726_/CLK
  mprj/_727_/CLK
  mprj/_728_/CLK
  mprj/_729_/CLK
  mprj/_730_/CLK
  mprj/_731_/CLK
  mprj/_732_/CLK
  mprj/_733_/CLK
  mprj/_734_/CLK
  mprj/_735_/CLK
  mprj/_736_/CLK
  mprj/_737_/CLK
  mprj/_738_/CLK
  mprj/_739_/CLK
  mprj/_740_/CLK
  mprj/_741_/CLK
  mprj/_742_/CLK
  mprj/_743_/CLK
  mprj/_744_/CLK
  mprj/_745_/CLK
  mprj/_746_/CLK
  mprj/_747_/CLK
  mprj/_748_/CLK
  mprj/_749_/CLK
  mprj/_750_/CLK
  mprj/_751_/CLK
  mprj/_752_/CLK
  mprj/_753_/CLK
  mprj/_754_/CLK
  mprj/_755_/CLK
  mprj/_756_/CLK
  mprj/_757_/CLK
  mprj/_758_/CLK
Warning: There are 183 unconstrained endpoints.
  analog_io[0]
  analog_io[10]
  analog_io[11]
  analog_io[12]
  analog_io[13]
  analog_io[14]
  analog_io[15]
  analog_io[16]
  analog_io[17]
  analog_io[18]
  analog_io[19]
  analog_io[1]
  analog_io[20]
  analog_io[21]
  analog_io[22]
  analog_io[23]
  analog_io[24]
  analog_io[25]
  analog_io[26]
  analog_io[27]
  analog_io[28]
  analog_io[29]
  analog_io[2]
  analog_io[30]
  analog_io[31]
  analog_io[32]
  analog_io[33]
  analog_io[34]
  analog_io[35]
  analog_io[36]
  analog_io[37]
  analog_io[38]
  analog_io[39]
  analog_io[3]
  analog_io[40]
  analog_io[41]
  analog_io[42]
  analog_io[43]
  analog_io[4]
  analog_io[5]
  analog_io[6]
  analog_io[7]
  analog_io[8]
  analog_io[9]
  analog_noesd_io[0]
  analog_noesd_io[10]
  analog_noesd_io[11]
  analog_noesd_io[12]
  analog_noesd_io[13]
  analog_noesd_io[14]
  analog_noesd_io[15]
  analog_noesd_io[16]
  analog_noesd_io[17]
  analog_noesd_io[18]
  analog_noesd_io[19]
  analog_noesd_io[1]
  analog_noesd_io[20]
  analog_noesd_io[21]
  analog_noesd_io[22]
  analog_noesd_io[23]
  analog_noesd_io[24]
  analog_noesd_io[25]
  analog_noesd_io[26]
  analog_noesd_io[27]
  analog_noesd_io[28]
  analog_noesd_io[29]
  analog_noesd_io[2]
  analog_noesd_io[30]
  analog_noesd_io[31]
  analog_noesd_io[32]
  analog_noesd_io[33]
  analog_noesd_io[34]
  analog_noesd_io[35]
  analog_noesd_io[36]
  analog_noesd_io[37]
  analog_noesd_io[38]
  analog_noesd_io[39]
  analog_noesd_io[3]
  analog_noesd_io[40]
  analog_noesd_io[41]
  analog_noesd_io[42]
  analog_noesd_io[43]
  analog_noesd_io[4]
  analog_noesd_io[5]
  analog_noesd_io[6]
  analog_noesd_io[7]
  analog_noesd_io[8]
  analog_noesd_io[9]
  gpio_out[10]
  gpio_out[11]
  gpio_out[12]
  gpio_out[2]
  gpio_out[3]
  gpio_out[4]
  gpio_out[5]
  gpio_out[6]
  gpio_out[7]
  gpio_out[8]
  gpio_out[9]
  mprj/_675_/D
  mprj/_676_/D
  mprj/_677_/D
  mprj/_678_/D
  mprj/_679_/D
  mprj/_680_/D
  mprj/_681_/D
  mprj/_682_/D
  mprj/_683_/D
  mprj/_684_/D
  mprj/_685_/D
  mprj/_686_/D
  mprj/_687_/D
  mprj/_688_/D
  mprj/_689_/D
  mprj/_690_/D
  mprj/_691_/D
  mprj/_692_/D
  mprj/_693_/D
  mprj/_694_/D
  mprj/_695_/D
  mprj/_696_/D
  mprj/_697_/D
  mprj/_698_/D
  mprj/_699_/D
  mprj/_700_/D
  mprj/_701_/D
  mprj/_702_/D
  mprj/_703_/D
  mprj/_704_/D
  mprj/_705_/D
  mprj/_706_/D
  mprj/_707_/D
  mprj/_708_/D
  mprj/_709_/D
  mprj/_710_/D
  mprj/_711_/D
  mprj/_712_/D
  mprj/_713_/D
  mprj/_714_/D
  mprj/_715_/D
  mprj/_716_/D
  mprj/_717_/D
  mprj/_718_/D
  mprj/_719_/D
  mprj/_720_/D
  mprj/_721_/D
  mprj/_722_/D
  mprj/_723_/D
  mprj/_724_/D
  mprj/_725_/D
  mprj/_726_/D
  mprj/_727_/D
  mprj/_728_/D
  mprj/_729_/D
  mprj/_730_/D
  mprj/_731_/D
  mprj/_732_/D
  mprj/_733_/D
  mprj/_734_/D
  mprj/_735_/D
  mprj/_736_/D
  mprj/_737_/D
  mprj/_738_/D
  mprj/_739_/D
  mprj/_740_/D
  mprj/_741_/D
  mprj/_742_/D
  mprj/_743_/D
  mprj/_744_/D
  mprj/_745_/D
  mprj/_746_/D
  mprj/_747_/D
  mprj/_748_/D
  mprj/_749_/D
  mprj/_750_/D
  mprj/_751_/D
  mprj/_752_/D
  mprj/_753_/D
  mprj/_754_/D
  mprj/_755_/D
  mprj/_756_/D
  mprj/_757_/D
  mprj/_758_/D
