Clock: __VIRTUAL_CLK__
Sources: 
Generated: no
Virtual: yes
Propagated: no
Period: 10.000000

===========================================================================
report_clock_properties
============================================================================
Clock                   Period          Waveform
----------------------------------------------------
__VIRTUAL_CLK__      10.000000    0.000000  5.000000

===========================================================================
report_clock_latency
============================================================================
Clock __VIRTUAL_CLK__
rise -> rise
    min     max
0.000000 0.000000 source latency
3.002758         network latency mprj/_713_/CLK
        3.111428 network latency mprj/_683_/CLK
---------------
3.002758 3.111428 latency
        0.108670 skew

rise -> fall
    min     max
0.000000 0.000000 source latency
2.763211         network latency mprj/_713_/CLK
        2.845726 network latency mprj/_683_/CLK
---------------
2.763211 2.845726 latency
        0.082515 skew



===========================================================================
report_clock_min_period
============================================================================
__VIRTUAL_CLK__ period_min = 0.00 fmax = inf
