Clock: __VIRTUAL_CLK__
Sources: 
Generated: no
Virtual: yes
Propagated: no
Period: 10.000000

===========================================================================
report_clock_properties
============================================================================
Clock                   Period          Waveform
----------------------------------------------------
__VIRTUAL_CLK__      10.000000    0.000000  5.000000

===========================================================================
report_clock_latency
============================================================================
Clock __VIRTUAL_CLK__
rise -> rise
    min     max
0.000000 0.000000 source latency
4.445634         network latency mprj/_713_/CLK
        4.718156 network latency mprj2/_683_/CLK
---------------
4.445634 4.718156 latency
        0.272522 skew

rise -> fall
    min     max
0.000000 0.000000 source latency
3.707912         network latency mprj/_713_/CLK
        3.902261 network latency mprj2/_683_/CLK
---------------
3.707912 3.902261 latency
        0.194349 skew



===========================================================================
report_clock_min_period
============================================================================
__VIRTUAL_CLK__ period_min = 0.00 fmax = inf
