
===========================================================================
 report_power
============================================================================
======================= min_tt_025C_1v80 Corner ===================================

Group                    Internal    Switching      Leakage        Total
                            Power        Power        Power        Power (Watts)
------------------------------------------------------------------------
Sequential           1.662789e-05 0.000000e+00 1.011502e-09 1.662890e-05  31.1%
Combinational        1.373735e-05 2.312342e-05 2.779206e-09 3.686355e-05  68.9%
Clock                -2.722073e-11 0.000000e+00 8.262692e-09 8.235471e-09   0.0%
Macro                0.000000e+00 0.000000e+00 0.000000e+00 0.000000e+00   0.0%
Pad                  0.000000e+00 0.000000e+00 0.000000e+00 0.000000e+00   0.0%
------------------------------------------------------------------------
Total                3.036521e-05 2.312342e-05 1.205345e-08 5.350068e-05 100.0%
                            56.8%        43.2%         0.0%

