Clock: wb_clk_i
Sources: wb_clk_i 
Generated: no
Virtual: yes
Propagated: no
Period: 25.000000

===========================================================================
report_clock_properties
============================================================================
Clock                   Period          Waveform
----------------------------------------------------
wb_clk_i             25.000000    0.000000 12.500000

===========================================================================
report_clock_latency
============================================================================
Clock wb_clk_i
rise -> rise
    min     max
0.000000 0.000000 source latency
0.642614         network latency _713_/CLK
        0.712527 network latency _683_/CLK
---------------
0.642614 0.712527 latency
        0.069913 skew

fall -> fall
    min     max
0.000000 0.000000 source latency
0.506693         network latency _701_/CLK
        0.561811 network latency _683_/CLK
---------------
0.506693 0.561811 latency
        0.055118 skew



===========================================================================
report_clock_min_period
============================================================================
wb_clk_i period_min = 3.14 fmax = 318.84
