┏━━━━━━━━━━━━━━━━━━━━━━┳━━━━━━━━━━┳━━━━━━━━━━┳━━━━━━━━━━┳━━━━━━━━━━┳━━━━━━━━━━━┳━━━━━━━━━━┳━━━━━━━━━━━┳━━━━━━━━━━┳━━━━━━━━━━━┳━━━━━━━━━━┳━━━━━━━━━━━┳━━━━━━━━━━┓
┃                      ┃ Hold     ┃ Reg to   ┃          ┃          ┃ of which  ┃ Setup    ┃           ┃          ┃           ┃ of which ┃           ┃          ┃
┃                      ┃ Worst    ┃ Reg      ┃          ┃ Hold Vio ┃ reg to    ┃ Worst    ┃ Reg to    ┃ Setup    ┃ Setup Vio ┃ reg to   ┃ Max Cap   ┃ Max Slew ┃
┃ Corner/Group         ┃ Slack    ┃ Paths    ┃ Hold TNS ┃ Count    ┃ reg       ┃ Slack    ┃ Reg Paths ┃ TNS      ┃ Count     ┃ reg      ┃ Violatio… ┃ Violati… ┃
┡━━━━━━━━━━━━━━━━━━━━━━╇━━━━━━━━━━╇━━━━━━━━━━╇━━━━━━━━━━╇━━━━━━━━━━╇━━━━━━━━━━━╇━━━━━━━━━━╇━━━━━━━━━━━╇━━━━━━━━━━╇━━━━━━━━━━━╇━━━━━━━━━━╇━━━━━━━━━━━╇━━━━━━━━━━┩
│ Overall              │ 3.8254   │ N/A      │ 0.0000   │ 0        │ 0         │ 3.7324   │ N/A       │ 0.0000   │ 0         │ 0        │ 58        │ 904      │
│ nom_tt_025C_1v80     │ 3.8610   │ N/A      │ 0.0000   │ 0        │ 0         │ 4.5139   │ N/A       │ 0.0000   │ 0         │ 0        │ 55        │ 701      │
│ nom_ss_100C_1v60     │ 3.9612   │ N/A      │ 0.0000   │ 0        │ 0         │ 3.7412   │ N/A       │ 0.0000   │ 0         │ 0        │ 56        │ 900      │
│ nom_ff_n40C_1v95     │ 3.8260   │ N/A      │ 0.0000   │ 0        │ 0         │ 4.8070   │ N/A       │ 0.0000   │ 0         │ 0        │ 53        │ 556      │
│ min_tt_025C_1v80     │ 3.8602   │ N/A      │ 0.0000   │ 0        │ 0         │ 4.5189   │ N/A       │ 0.0000   │ 0         │ 0        │ 54        │ 693      │
│ min_ss_100C_1v60     │ 3.9596   │ N/A      │ 0.0000   │ 0        │ 0         │ 3.7479   │ N/A       │ 0.0000   │ 0         │ 0        │ 55        │ 892      │
│ min_ff_n40C_1v95     │ 3.8254   │ N/A      │ 0.0000   │ 0        │ 0         │ 4.8115   │ N/A       │ 0.0000   │ 0         │ 0        │ 53        │ 526      │
│ max_tt_025C_1v80     │ 3.8613   │ N/A      │ 0.0000   │ 0        │ 0         │ 4.5070   │ N/A       │ 0.0000   │ 0         │ 0        │ 57        │ 717      │
│ max_ss_100C_1v60     │ 3.9616   │ N/A      │ 0.0000   │ 0        │ 0         │ 3.7324   │ N/A       │ 0.0000   │ 0         │ 0        │ 58        │ 904      │
│ max_ff_n40C_1v95     │ 3.8262   │ N/A      │ 0.0000   │ 0        │ 0         │ 4.8007   │ N/A       │ 0.0000   │ 0         │ 0        │ 55        │ 570      │
└──────────────────────┴──────────┴──────────┴──────────┴──────────┴───────────┴──────────┴───────────┴──────────┴───────────┴──────────┴───────────┴──────────┘
