
===========================================================================
report_checks -unconstrained
===========================================================================
======================= min_ss_100C_1v60 Corner ===================================

Startpoint: gpio_loopback_zero[35] (input port clocked by __VIRTUAL_CLK__)
Endpoint: gpio_slow_sel[35] (output port clocked by __VIRTUAL_CLK__)
Path Group: __VIRTUAL_CLK__
Path Type: max

Fanout         Cap        Slew       Delay        Time   Description
---------------------------------------------------------------------------------------------
                      0.000000    0.000000    0.000000   clock __VIRTUAL_CLK__ (rise edge)
                                  0.000000    0.000000   clock network delay (ideal)
                                  2.000000    2.000000 ^ input external delay
    11    0.381737    2.698912    2.002057    4.002057 ^ gpio_loopback_zero[35] (in)
                                                         gpio_loopback_zero[35] (net)
                      2.698922    0.000000    4.002057 ^ gpio_slow_sel[35] (out)
                                              4.002057   data arrival time

                      0.000000   10.000000   10.000000   clock __VIRTUAL_CLK__ (rise edge)
                                  0.000000   10.000000   clock network delay (ideal)
                                 -0.250000    9.750000   clock uncertainty
                                  0.000000    9.750000   clock reconvergence pessimism
                                 -2.000000    7.750000   output external delay
                                              7.750000   data required time
---------------------------------------------------------------------------------------------
                                              7.750000   data required time
                                             -4.002057   data arrival time
---------------------------------------------------------------------------------------------
                                              3.747943   slack (MET)




===========================================================================
report_checks --slack_max -0.01
============================================================================
======================= min_ss_100C_1v60 Corner ===================================

No paths found.


===========================================================================
 report_check_types -max_slew -max_cap -max_fanout -violators
============================================================================
======================= min_ss_100C_1v60 Corner ===================================

max slew

Pin                                        Limit        Slew       Slack
------------------------------------------------------------------------
gpio_out[24]                            0.500000    7.468328   -6.968328 (VIOLATED)
mprj2/output2/X                         0.500000    7.348890   -6.848890 (VIOLATED)
gpio_out[25]                            0.500000    6.791373   -6.291372 (VIOLATED)
mprj2/output4/X                         0.500000    6.705113   -6.205113 (VIOLATED)
gpio_out[26]                            0.500000    5.624056   -5.124056 (VIOLATED)
mprj2/output5/X                         0.500000    5.581482   -5.081482 (VIOLATED)
gpio_out[27]                            0.500000    4.279004   -3.779004 (VIOLATED)
mprj2/output6/X                         0.500000    4.262979   -3.762979 (VIOLATED)
mprj2/ANTENNA_clkbuf_0_wb_clk_i_A/DIODE    0.500000    4.216579   -3.716579 (VIOLATED)
mprj2/clkbuf_0_wb_clk_i/A               0.500000    4.216580   -3.716580 (VIOLATED)
mprj/ANTENNA_clkbuf_0_wb_clk_i_A/DIODE    0.500000    4.215731   -3.715730 (VIOLATED)
mprj/clkbuf_0_wb_clk_i/A                0.500000    4.215731   -3.715731 (VIOLATED)
gpio_in[0]                              0.500000    4.212234   -3.712234 (VIOLATED)
gpio_out[34]                            0.500000    3.702400   -3.202400 (VIOLATED)
mprj2/output3/X                         0.500000    3.701700   -3.201700 (VIOLATED)
gpio_out[33]                            0.500000    3.290102   -2.790102 (VIOLATED)
mprj2/output12/X                        0.500000    3.289599   -2.789599 (VIOLATED)
gpio_out[28]                            0.500000    3.133233   -2.633233 (VIOLATED)
mprj2/output7/X                         0.500000    3.129149   -2.629149 (VIOLATED)
gpio_analog_en[35]                      0.500000    2.698922   -2.198922 (VIOLATED)
gpio_analog_pol[35]                     0.500000    2.698921   -2.198921 (VIOLATED)
gpio_dm0[35]                            0.500000    2.698921   -2.198921 (VIOLATED)
gpio_dm1[35]                            0.500000    2.698922   -2.198922 (VIOLATED)
gpio_slow_sel[35]                       0.500000    2.698922   -2.198922 (VIOLATED)
gpio_analog_sel[35]                     0.500000    2.698919   -2.198919 (VIOLATED)
gpio_dm2[35]                            0.500000    2.698919   -2.198919 (VIOLATED)
gpio_holdover[35]                       0.500000    2.698918   -2.198918 (VIOLATED)
gpio_out[35]                            0.500000    2.698918   -2.198918 (VIOLATED)
gpio_ib_mode_sel[35]                    0.500000    2.698916   -2.198915 (VIOLATED)
gpio_vtrip_sel[35]                      0.500000    2.698917   -2.198917 (VIOLATED)
gpio_loopback_zero[35]                  0.500000    2.698912   -2.198912 (VIOLATED)
gpio_slow_sel[19]                       0.500000    2.690304   -2.190304 (VIOLATED)
gpio_analog_en[19]                      0.500000    2.690302   -2.190302 (VIOLATED)
gpio_dm1[19]                            0.500000    2.690304   -2.190304 (VIOLATED)
gpio_dm0[19]                            0.500000    2.690300   -2.190300 (VIOLATED)
gpio_analog_pol[19]                     0.500000    2.690298   -2.190298 (VIOLATED)
gpio_analog_sel[19]                     0.500000    2.690294   -2.190294 (VIOLATED)
gpio_dm2[19]                            0.500000    2.690291   -2.190291 (VIOLATED)
gpio_holdover[19]                       0.500000    2.690287   -2.190287 (VIOLATED)
gpio_out[19]                            0.500000    2.690284   -2.190284 (VIOLATED)
gpio_vtrip_sel[19]                      0.500000    2.690279   -2.190279 (VIOLATED)
gpio_ib_mode_sel[19]                    0.500000    2.690276   -2.190276 (VIOLATED)
gpio_loopback_zero[19]                  0.500000    2.690272   -2.190272 (VIOLATED)
gpio_slow_sel[15]                       0.500000    2.690199   -2.190198 (VIOLATED)
gpio_analog_en[15]                      0.500000    2.690196   -2.190196 (VIOLATED)
gpio_dm1[15]                            0.500000    2.690198   -2.190198 (VIOLATED)
gpio_dm0[15]                            0.500000    2.690194   -2.190194 (VIOLATED)
gpio_analog_pol[15]                     0.500000    2.690192   -2.190192 (VIOLATED)
gpio_analog_sel[15]                     0.500000    2.690186   -2.190186 (VIOLATED)
gpio_dm2[15]                            0.500000    2.690183   -2.190183 (VIOLATED)
gpio_holdover[15]                       0.500000    2.690180   -2.190180 (VIOLATED)
gpio_out[15]                            0.500000    2.690177   -2.190177 (VIOLATED)
gpio_vtrip_sel[15]                      0.500000    2.690173   -2.190173 (VIOLATED)
gpio_ib_mode_sel[15]                    0.500000    2.690170   -2.190170 (VIOLATED)
gpio_loopback_zero[15]                  0.500000    2.690166   -2.190166 (VIOLATED)
gpio_analog_en[37]                      0.500000    2.689928   -2.189928 (VIOLATED)
gpio_analog_pol[37]                     0.500000    2.689927   -2.189927 (VIOLATED)
gpio_dm0[37]                            0.500000    2.689928   -2.189928 (VIOLATED)
gpio_dm1[37]                            0.500000    2.689929   -2.189929 (VIOLATED)
gpio_slow_sel[37]                       0.500000    2.689929   -2.189929 (VIOLATED)
gpio_analog_sel[37]                     0.500000    2.689925   -2.189925 (VIOLATED)
gpio_dm2[37]                            0.500000    2.689923   -2.189923 (VIOLATED)
gpio_holdover[37]                       0.500000    2.689918   -2.189918 (VIOLATED)
gpio_out[37]                            0.500000    2.689914   -2.189914 (VIOLATED)
gpio_vtrip_sel[37]                      0.500000    2.689904   -2.189904 (VIOLATED)
gpio_ib_mode_sel[37]                    0.500000    2.689898   -2.189898 (VIOLATED)
gpio_loopback_zero[37]                  0.500000    2.689898   -2.189898 (VIOLATED)
gpio_slow_sel[36]                       0.500000    2.689159   -2.189159 (VIOLATED)
gpio_dm1[36]                            0.500000    2.689156   -2.189156 (VIOLATED)
gpio_analog_en[36]                      0.500000    2.689154   -2.189154 (VIOLATED)
gpio_dm0[36]                            0.500000    2.689153   -2.189153 (VIOLATED)
gpio_analog_pol[36]                     0.500000    2.689149   -2.189149 (VIOLATED)
gpio_analog_sel[36]                     0.500000    2.689131   -2.189131 (VIOLATED)
gpio_dm2[36]                            0.500000    2.689127   -2.189127 (VIOLATED)
gpio_holdover[36]                       0.500000    2.689123   -2.189123 (VIOLATED)
gpio_out[36]                            0.500000    2.689119   -2.189119 (VIOLATED)
gpio_vtrip_sel[36]                      0.500000    2.689109   -2.189109 (VIOLATED)
gpio_ib_mode_sel[36]                    0.500000    2.689105   -2.189105 (VIOLATED)
gpio_loopback_zero[36]                  0.500000    2.689102   -2.189102 (VIOLATED)
gpio_analog_en[20]                      0.500000    2.687670   -2.187670 (VIOLATED)
gpio_dm1[20]                            0.500000    2.687671   -2.187671 (VIOLATED)
gpio_slow_sel[20]                       0.500000    2.687672   -2.187672 (VIOLATED)
gpio_dm0[20]                            0.500000    2.687668   -2.187668 (VIOLATED)
gpio_analog_pol[20]                     0.500000    2.687666   -2.187666 (VIOLATED)
gpio_analog_sel[20]                     0.500000    2.687660   -2.187660 (VIOLATED)
gpio_dm2[20]                            0.500000    2.687657   -2.187657 (VIOLATED)
gpio_holdover[20]                       0.500000    2.687654   -2.187654 (VIOLATED)
gpio_out[20]                            0.500000    2.687651   -2.187651 (VIOLATED)
gpio_vtrip_sel[20]                      0.500000    2.687647   -2.187647 (VIOLATED)
gpio_ib_mode_sel[20]                    0.500000    2.687644   -2.187644 (VIOLATED)
gpio_loopback_zero[20]                  0.500000    2.687640   -2.187640 (VIOLATED)
gpio_analog_en[21]                      0.500000    2.685886   -2.185886 (VIOLATED)
gpio_dm1[21]                            0.500000    2.685887   -2.185887 (VIOLATED)
gpio_slow_sel[21]                       0.500000    2.685887   -2.185887 (VIOLATED)
gpio_dm0[21]                            0.500000    2.685884   -2.185884 (VIOLATED)
gpio_analog_pol[21]                     0.500000    2.685881   -2.185881 (VIOLATED)
gpio_analog_sel[21]                     0.500000    2.685875   -2.185875 (VIOLATED)
gpio_dm2[21]                            0.500000    2.685872   -2.185872 (VIOLATED)
gpio_holdover[21]                       0.500000    2.685868   -2.185868 (VIOLATED)
gpio_out[21]                            0.500000    2.685865   -2.185865 (VIOLATED)
gpio_vtrip_sel[21]                      0.500000    2.685860   -2.185860 (VIOLATED)
gpio_ib_mode_sel[21]                    0.500000    2.685857   -2.185857 (VIOLATED)
gpio_loopback_zero[21]                  0.500000    2.685853   -2.185853 (VIOLATED)
gpio_analog_en[22]                      0.500000    2.685811   -2.185811 (VIOLATED)
gpio_dm1[22]                            0.500000    2.685812   -2.185812 (VIOLATED)
gpio_slow_sel[22]                       0.500000    2.685812   -2.185812 (VIOLATED)
gpio_dm0[22]                            0.500000    2.685809   -2.185809 (VIOLATED)
gpio_analog_pol[22]                     0.500000    2.685807   -2.185807 (VIOLATED)
gpio_analog_sel[22]                     0.500000    2.685802   -2.185802 (VIOLATED)
gpio_dm2[22]                            0.500000    2.685799   -2.185799 (VIOLATED)
gpio_holdover[22]                       0.500000    2.685796   -2.185796 (VIOLATED)
gpio_out[22]                            0.500000    2.685793   -2.185793 (VIOLATED)
gpio_vtrip_sel[22]                      0.500000    2.685789   -2.185789 (VIOLATED)
gpio_ib_mode_sel[22]                    0.500000    2.685787   -2.185787 (VIOLATED)
gpio_loopback_zero[22]                  0.500000    2.685783   -2.185783 (VIOLATED)
gpio_analog_en[39]                      0.500000    2.684551   -2.184550 (VIOLATED)
gpio_analog_pol[39]                     0.500000    2.684550   -2.184550 (VIOLATED)
gpio_analog_sel[39]                     0.500000    2.684549   -2.184549 (VIOLATED)
gpio_dm0[39]                            0.500000    2.684550   -2.184550 (VIOLATED)
gpio_dm1[39]                            0.500000    2.684551   -2.184551 (VIOLATED)
gpio_dm2[39]                            0.500000    2.684549   -2.184549 (VIOLATED)
gpio_slow_sel[39]                       0.500000    2.684551   -2.184551 (VIOLATED)
gpio_holdover[39]                       0.500000    2.684548   -2.184548 (VIOLATED)
gpio_ib_mode_sel[39]                    0.500000    2.684545   -2.184545 (VIOLATED)
gpio_loopback_zero[39]                  0.500000    2.684545   -2.184545 (VIOLATED)
gpio_out[39]                            0.500000    2.684545   -2.184545 (VIOLATED)
gpio_vtrip_sel[39]                      0.500000    2.684545   -2.184545 (VIOLATED)
gpio_analog_en[23]                      0.500000    2.681937   -2.181937 (VIOLATED)
gpio_dm1[23]                            0.500000    2.681939   -2.181939 (VIOLATED)
gpio_slow_sel[23]                       0.500000    2.681939   -2.181939 (VIOLATED)
gpio_dm0[23]                            0.500000    2.681935   -2.181935 (VIOLATED)
gpio_analog_pol[23]                     0.500000    2.681933   -2.181933 (VIOLATED)
gpio_analog_sel[23]                     0.500000    2.681929   -2.181929 (VIOLATED)
gpio_dm2[23]                            0.500000    2.681926   -2.181926 (VIOLATED)
gpio_holdover[23]                       0.500000    2.681922   -2.181922 (VIOLATED)
gpio_out[23]                            0.500000    2.681920   -2.181920 (VIOLATED)
gpio_vtrip_sel[23]                      0.500000    2.681914   -2.181914 (VIOLATED)
gpio_ib_mode_sel[23]                    0.500000    2.681911   -2.181911 (VIOLATED)
gpio_loopback_zero[23]                  0.500000    2.681907   -2.181907 (VIOLATED)
gpio_analog_en[42]                      0.500000    2.681214   -2.181214 (VIOLATED)
gpio_analog_pol[42]                     0.500000    2.681214   -2.181214 (VIOLATED)
gpio_analog_sel[42]                     0.500000    2.681213   -2.181213 (VIOLATED)
gpio_dm0[42]                            0.500000    2.681214   -2.181214 (VIOLATED)
gpio_dm1[42]                            0.500000    2.681214   -2.181214 (VIOLATED)
gpio_dm2[42]                            0.500000    2.681212   -2.181212 (VIOLATED)
gpio_slow_sel[42]                       0.500000    2.681214   -2.181214 (VIOLATED)
gpio_holdover[42]                       0.500000    2.681212   -2.181212 (VIOLATED)
gpio_ib_mode_sel[42]                    0.500000    2.681209   -2.181209 (VIOLATED)
gpio_loopback_zero[42]                  0.500000    2.681209   -2.181209 (VIOLATED)
gpio_out[42]                            0.500000    2.681209   -2.181209 (VIOLATED)
gpio_vtrip_sel[42]                      0.500000    2.681209   -2.181209 (VIOLATED)
gpio_analog_en[0]                       0.500000    2.680861   -2.180861 (VIOLATED)
gpio_analog_pol[0]                      0.500000    2.680861   -2.180861 (VIOLATED)
gpio_dm1[0]                             0.500000    2.680862   -2.180862 (VIOLATED)
gpio_inp_dis[0]                         0.500000    2.680860   -2.180860 (VIOLATED)
gpio_slow_sel[0]                        0.500000    2.680862   -2.180862 (VIOLATED)
gpio_analog_sel[0]                      0.500000    2.680858   -2.180858 (VIOLATED)
gpio_dm2[0]                             0.500000    2.680854   -2.180854 (VIOLATED)
gpio_holdover[0]                        0.500000    2.680851   -2.180851 (VIOLATED)
gpio_out[0]                             0.500000    2.680848   -2.180848 (VIOLATED)
gpio_ib_mode_sel[0]                     0.500000    2.680838   -2.180838 (VIOLATED)
gpio_loopback_zero[0]                   0.500000    2.680838   -2.180838 (VIOLATED)
gpio_vtrip_sel[0]                       0.500000    2.680838   -2.180838 (VIOLATED)
gpio_analog_en[18]                      0.500000    2.677466   -2.177466 (VIOLATED)
gpio_dm1[18]                            0.500000    2.677467   -2.177467 (VIOLATED)
gpio_slow_sel[18]                       0.500000    2.677467   -2.177467 (VIOLATED)
gpio_analog_pol[18]                     0.500000    2.677462   -2.177462 (VIOLATED)
gpio_dm0[18]                            0.500000    2.677464   -2.177464 (VIOLATED)
gpio_analog_sel[18]                     0.500000    2.677458   -2.177458 (VIOLATED)
gpio_dm2[18]                            0.500000    2.677455   -2.177455 (VIOLATED)
gpio_holdover[18]                       0.500000    2.677452   -2.177452 (VIOLATED)
gpio_out[18]                            0.500000    2.677450   -2.177450 (VIOLATED)
gpio_vtrip_sel[18]                      0.500000    2.677447   -2.177447 (VIOLATED)
gpio_ib_mode_sel[18]                    0.500000    2.677444   -2.177444 (VIOLATED)
gpio_loopback_zero[18]                  0.500000    2.677441   -2.177440 (VIOLATED)
gpio_analog_en[38]                      0.500000    2.677334   -2.177334 (VIOLATED)
gpio_analog_pol[38]                     0.500000    2.677334   -2.177334 (VIOLATED)
gpio_dm0[38]                            0.500000    2.677334   -2.177334 (VIOLATED)
gpio_dm1[38]                            0.500000    2.677335   -2.177335 (VIOLATED)
gpio_slow_sel[38]                       0.500000    2.677335   -2.177335 (VIOLATED)
gpio_analog_sel[38]                     0.500000    2.677331   -2.177331 (VIOLATED)
gpio_dm2[38]                            0.500000    2.677328   -2.177328 (VIOLATED)
gpio_holdover[38]                       0.500000    2.677324   -2.177324 (VIOLATED)
gpio_out[38]                            0.500000    2.677321   -2.177321 (VIOLATED)
gpio_ib_mode_sel[38]                    0.500000    2.677318   -2.177318 (VIOLATED)
gpio_loopback_zero[38]                  0.500000    2.677318   -2.177318 (VIOLATED)
gpio_vtrip_sel[38]                      0.500000    2.677318   -2.177318 (VIOLATED)
gpio_analog_en[43]                      0.500000    2.675547   -2.175547 (VIOLATED)
gpio_analog_pol[43]                     0.500000    2.675546   -2.175546 (VIOLATED)
gpio_dm0[43]                            0.500000    2.675547   -2.175547 (VIOLATED)
gpio_dm1[43]                            0.500000    2.675547   -2.175547 (VIOLATED)
gpio_slow_sel[43]                       0.500000    2.675548   -2.175548 (VIOLATED)
gpio_analog_sel[43]                     0.500000    2.675545   -2.175545 (VIOLATED)
gpio_dm2[43]                            0.500000    2.675544   -2.175544 (VIOLATED)
gpio_holdover[43]                       0.500000    2.675544   -2.175544 (VIOLATED)
gpio_out[43]                            0.500000    2.675543   -2.175543 (VIOLATED)
gpio_vtrip_sel[43]                      0.500000    2.675541   -2.175541 (VIOLATED)
gpio_ib_mode_sel[43]                    0.500000    2.675536   -2.175536 (VIOLATED)
gpio_loopback_zero[43]                  0.500000    2.675532   -2.175532 (VIOLATED)
gpio_slow_sel[17]                       0.500000    2.674171   -2.174171 (VIOLATED)
gpio_analog_en[17]                      0.500000    2.674169   -2.174169 (VIOLATED)
gpio_dm1[17]                            0.500000    2.674171   -2.174171 (VIOLATED)
gpio_dm0[17]                            0.500000    2.674167   -2.174167 (VIOLATED)
gpio_analog_pol[17]                     0.500000    2.674164   -2.174164 (VIOLATED)
gpio_analog_sel[17]                     0.500000    2.674159   -2.174159 (VIOLATED)
gpio_dm2[17]                            0.500000    2.674156   -2.174155 (VIOLATED)
gpio_holdover[17]                       0.500000    2.674153   -2.174152 (VIOLATED)
gpio_out[17]                            0.500000    2.674150   -2.174150 (VIOLATED)
gpio_vtrip_sel[17]                      0.500000    2.674144   -2.174144 (VIOLATED)
gpio_ib_mode_sel[17]                    0.500000    2.674139   -2.174139 (VIOLATED)
gpio_loopback_zero[17]                  0.500000    2.674139   -2.174139 (VIOLATED)
gpio_analog_en[16]                      0.500000    2.673510   -2.173510 (VIOLATED)
gpio_dm1[16]                            0.500000    2.673512   -2.173512 (VIOLATED)
gpio_slow_sel[16]                       0.500000    2.673512   -2.173512 (VIOLATED)
gpio_dm0[16]                            0.500000    2.673508   -2.173508 (VIOLATED)
gpio_analog_pol[16]                     0.500000    2.673506   -2.173506 (VIOLATED)
gpio_analog_sel[16]                     0.500000    2.673501   -2.173501 (VIOLATED)
gpio_dm2[16]                            0.500000    2.673497   -2.173497 (VIOLATED)
gpio_holdover[16]                       0.500000    2.673494   -2.173494 (VIOLATED)
gpio_out[16]                            0.500000    2.673491   -2.173491 (VIOLATED)
gpio_vtrip_sel[16]                      0.500000    2.673487   -2.173487 (VIOLATED)
gpio_ib_mode_sel[16]                    0.500000    2.673484   -2.173484 (VIOLATED)
gpio_loopback_zero[16]                  0.500000    2.673481   -2.173481 (VIOLATED)
gpio_analog_en[41]                      0.500000    2.671818   -2.171818 (VIOLATED)
gpio_analog_pol[41]                     0.500000    2.671817   -2.171817 (VIOLATED)
gpio_analog_sel[41]                     0.500000    2.671816   -2.171816 (VIOLATED)
gpio_dm0[41]                            0.500000    2.671817   -2.171817 (VIOLATED)
gpio_dm1[41]                            0.500000    2.671818   -2.171818 (VIOLATED)
gpio_slow_sel[41]                       0.500000    2.671818   -2.171818 (VIOLATED)
gpio_dm2[41]                            0.500000    2.671813   -2.171813 (VIOLATED)
gpio_holdover[41]                       0.500000    2.671813   -2.171813 (VIOLATED)
gpio_ib_mode_sel[41]                    0.500000    2.671813   -2.171813 (VIOLATED)
gpio_loopback_zero[41]                  0.500000    2.671813   -2.171813 (VIOLATED)
gpio_out[41]                            0.500000    2.671813   -2.171813 (VIOLATED)
gpio_vtrip_sel[41]                      0.500000    2.671813   -2.171813 (VIOLATED)
gpio_dm1[14]                            0.500000    2.671592   -2.171592 (VIOLATED)
gpio_slow_sel[14]                       0.500000    2.671595   -2.171595 (VIOLATED)
gpio_analog_en[14]                      0.500000    2.671590   -2.171590 (VIOLATED)
gpio_dm0[14]                            0.500000    2.671588   -2.171588 (VIOLATED)
gpio_analog_pol[14]                     0.500000    2.671584   -2.171584 (VIOLATED)
gpio_analog_sel[14]                     0.500000    2.671579   -2.171579 (VIOLATED)
gpio_dm2[14]                            0.500000    2.671576   -2.171575 (VIOLATED)
gpio_holdover[14]                       0.500000    2.671572   -2.171572 (VIOLATED)
gpio_out[14]                            0.500000    2.671569   -2.171569 (VIOLATED)
gpio_vtrip_sel[14]                      0.500000    2.671561   -2.171561 (VIOLATED)
gpio_ib_mode_sel[14]                    0.500000    2.671557   -2.171557 (VIOLATED)
gpio_loopback_zero[14]                  0.500000    2.671557   -2.171557 (VIOLATED)
gpio_analog_en[40]                      0.500000    2.671322   -2.171322 (VIOLATED)
gpio_analog_pol[40]                     0.500000    2.671321   -2.171321 (VIOLATED)
gpio_analog_sel[40]                     0.500000    2.671321   -2.171320 (VIOLATED)
gpio_dm0[40]                            0.500000    2.671322   -2.171322 (VIOLATED)
gpio_dm1[40]                            0.500000    2.671322   -2.171322 (VIOLATED)
gpio_slow_sel[40]                       0.500000    2.671322   -2.171322 (VIOLATED)
gpio_dm2[40]                            0.500000    2.671317   -2.171317 (VIOLATED)
gpio_holdover[40]                       0.500000    2.671317   -2.171317 (VIOLATED)
gpio_ib_mode_sel[40]                    0.500000    2.671317   -2.171317 (VIOLATED)
gpio_loopback_zero[40]                  0.500000    2.671317   -2.171317 (VIOLATED)
gpio_out[40]                            0.500000    2.671317   -2.171317 (VIOLATED)
gpio_vtrip_sel[40]                      0.500000    2.671317   -2.171317 (VIOLATED)
gpio_slow_sel[13]                       0.500000    2.669021   -2.169021 (VIOLATED)
gpio_dm1[13]                            0.500000    2.669017   -2.169017 (VIOLATED)
gpio_analog_en[13]                      0.500000    2.669012   -2.169012 (VIOLATED)
gpio_dm0[13]                            0.500000    2.669011   -2.169011 (VIOLATED)
gpio_analog_pol[13]                     0.500000    2.669006   -2.169006 (VIOLATED)
gpio_analog_sel[13]                     0.500000    2.668980   -2.168980 (VIOLATED)
gpio_dm2[13]                            0.500000    2.668976   -2.168976 (VIOLATED)
gpio_holdover[13]                       0.500000    2.668969   -2.168969 (VIOLATED)
gpio_out[13]                            0.500000    2.668963   -2.168963 (VIOLATED)
gpio_ib_mode_sel[13]                    0.500000    2.668942   -2.168942 (VIOLATED)
gpio_vtrip_sel[13]                      0.500000    2.668944   -2.168944 (VIOLATED)
gpio_loopback_zero[13]                  0.500000    2.668921   -2.168921 (VIOLATED)
gpio_out[32]                            0.500000    2.453560   -1.953560 (VIOLATED)
mprj2/output11/X                        0.500000    2.453367   -1.953367 (VIOLATED)
gpio_out[29]                            0.500000    2.353179   -1.853179 (VIOLATED)
mprj2/output8/X                         0.500000    2.353078   -1.853078 (VIOLATED)
mprj2/ANTENNA_input1_A/DIODE            0.500000    2.303250   -1.803250 (VIOLATED)
mprj2/input1/A                          0.500000    2.303250   -1.803250 (VIOLATED)
mprj/ANTENNA_input1_A/DIODE             0.500000    2.303158   -1.803158 (VIOLATED)
mprj/input1/A                           0.500000    2.303158   -1.803158 (VIOLATED)
gpio_in[1]                              0.500000    2.303103   -1.803103 (VIOLATED)
gpio_analog_en[31]                      0.500000    2.277471   -1.777471 (VIOLATED)
gpio_analog_pol[31]                     0.500000    2.277470   -1.777470 (VIOLATED)
gpio_slow_sel[31]                       0.500000    2.277471   -1.777471 (VIOLATED)
gpio_analog_sel[31]                     0.500000    2.277468   -1.777468 (VIOLATED)
gpio_dm0[31]                            0.500000    2.277470   -1.777470 (VIOLATED)
gpio_holdover[31]                       0.500000    2.277468   -1.777468 (VIOLATED)
gpio_vtrip_sel[31]                      0.500000    2.277467   -1.777466 (VIOLATED)
gpio_ib_mode_sel[31]                    0.500000    2.277464   -1.777464 (VIOLATED)
gpio_loopback_zero[31]                  0.500000    2.277464   -1.777464 (VIOLATED)
gpio_oeb[31]                            0.500000    2.277464   -1.777464 (VIOLATED)
gpio_analog_en[26]                      0.500000    2.256266   -1.756266 (VIOLATED)
gpio_analog_pol[26]                     0.500000    2.256266   -1.756266 (VIOLATED)
gpio_slow_sel[26]                       0.500000    2.256266   -1.756266 (VIOLATED)
gpio_analog_sel[26]                     0.500000    2.256265   -1.756265 (VIOLATED)
gpio_dm0[26]                            0.500000    2.256266   -1.756266 (VIOLATED)
gpio_holdover[26]                       0.500000    2.256264   -1.756264 (VIOLATED)
gpio_ib_mode_sel[26]                    0.500000    2.256262   -1.756262 (VIOLATED)
gpio_oeb[26]                            0.500000    2.256262   -1.756262 (VIOLATED)
gpio_vtrip_sel[26]                      0.500000    2.256262   -1.756262 (VIOLATED)
gpio_loopback_zero[26]                  0.500000    2.256259   -1.756259 (VIOLATED)
gpio_analog_en[29]                      0.500000    2.254493   -1.754493 (VIOLATED)
gpio_analog_pol[29]                     0.500000    2.254494   -1.754494 (VIOLATED)
gpio_slow_sel[29]                       0.500000    2.254494   -1.754494 (VIOLATED)
gpio_analog_sel[29]                     0.500000    2.254492   -1.754492 (VIOLATED)
gpio_dm0[29]                            0.500000    2.254493   -1.754493 (VIOLATED)
gpio_holdover[29]                       0.500000    2.254492   -1.754491 (VIOLATED)
gpio_ib_mode_sel[29]                    0.500000    2.254490   -1.754490 (VIOLATED)
gpio_vtrip_sel[29]                      0.500000    2.254490   -1.754490 (VIOLATED)
gpio_loopback_zero[29]                  0.500000    2.254487   -1.754487 (VIOLATED)
gpio_oeb[29]                            0.500000    2.254487   -1.754487 (VIOLATED)
gpio_analog_en[25]                      0.500000    2.252864   -1.752864 (VIOLATED)
gpio_analog_pol[25]                     0.500000    2.252863   -1.752863 (VIOLATED)
gpio_dm0[25]                            0.500000    2.252863   -1.752863 (VIOLATED)
gpio_slow_sel[25]                       0.500000    2.252864   -1.752864 (VIOLATED)
gpio_analog_sel[25]                     0.500000    2.252861   -1.752861 (VIOLATED)
gpio_holdover[25]                       0.500000    2.252859   -1.752859 (VIOLATED)
gpio_vtrip_sel[25]                      0.500000    2.252848   -1.752848 (VIOLATED)
gpio_ib_mode_sel[25]                    0.500000    2.252846   -1.752846 (VIOLATED)
gpio_loopback_zero[25]                  0.500000    2.252841   -1.752841 (VIOLATED)
gpio_oeb[25]                            0.500000    2.252841   -1.752841 (VIOLATED)
gpio_slow_sel[28]                       0.500000    2.246525   -1.746525 (VIOLATED)
gpio_analog_en[28]                      0.500000    2.246522   -1.746522 (VIOLATED)
gpio_dm0[28]                            0.500000    2.246521   -1.746521 (VIOLATED)
gpio_analog_pol[28]                     0.500000    2.246519   -1.746518 (VIOLATED)
gpio_analog_sel[28]                     0.500000    2.246516   -1.746516 (VIOLATED)
gpio_holdover[28]                       0.500000    2.246515   -1.746515 (VIOLATED)
gpio_ib_mode_sel[28]                    0.500000    2.246506   -1.746506 (VIOLATED)
gpio_oeb[28]                            0.500000    2.246506   -1.746506 (VIOLATED)
gpio_vtrip_sel[28]                      0.500000    2.246506   -1.746506 (VIOLATED)
gpio_loopback_zero[28]                  0.500000    2.246503   -1.746503 (VIOLATED)
gpio_analog_en[33]                      0.500000    2.245359   -1.745359 (VIOLATED)
gpio_analog_pol[33]                     0.500000    2.245361   -1.745361 (VIOLATED)
gpio_dm0[33]                            0.500000    2.245360   -1.745360 (VIOLATED)
gpio_slow_sel[33]                       0.500000    2.245360   -1.745360 (VIOLATED)
gpio_analog_sel[33]                     0.500000    2.245355   -1.745355 (VIOLATED)
gpio_holdover[33]                       0.500000    2.245348   -1.745348 (VIOLATED)
gpio_ib_mode_sel[33]                    0.500000    2.245337   -1.745337 (VIOLATED)
gpio_vtrip_sel[33]                      0.500000    2.245337   -1.745337 (VIOLATED)
gpio_oeb[33]                            0.500000    2.245333   -1.745333 (VIOLATED)
gpio_loopback_zero[33]                  0.500000    2.245331   -1.745331 (VIOLATED)
gpio_slow_sel[27]                       0.500000    2.242364   -1.742364 (VIOLATED)
gpio_analog_en[27]                      0.500000    2.242361   -1.742361 (VIOLATED)
gpio_dm0[27]                            0.500000    2.242360   -1.742360 (VIOLATED)
gpio_analog_pol[27]                     0.500000    2.242357   -1.742357 (VIOLATED)
gpio_analog_sel[27]                     0.500000    2.242345   -1.742344 (VIOLATED)
gpio_holdover[27]                       0.500000    2.242339   -1.742339 (VIOLATED)
gpio_vtrip_sel[27]                      0.500000    2.242330   -1.742330 (VIOLATED)
gpio_ib_mode_sel[27]                    0.500000    2.242328   -1.742328 (VIOLATED)
gpio_loopback_zero[27]                  0.500000    2.242325   -1.742325 (VIOLATED)
gpio_oeb[27]                            0.500000    2.242325   -1.742325 (VIOLATED)
gpio_slow_sel[32]                       0.500000    2.241635   -1.741635 (VIOLATED)
gpio_analog_en[32]                      0.500000    2.241632   -1.741632 (VIOLATED)
gpio_dm0[32]                            0.500000    2.241631   -1.741631 (VIOLATED)
gpio_analog_pol[32]                     0.500000    2.241630   -1.741630 (VIOLATED)
gpio_analog_sel[32]                     0.500000    2.241621   -1.741621 (VIOLATED)
gpio_holdover[32]                       0.500000    2.241621   -1.741620 (VIOLATED)
gpio_ib_mode_sel[32]                    0.500000    2.241619   -1.741619 (VIOLATED)
gpio_oeb[32]                            0.500000    2.241618   -1.741618 (VIOLATED)
gpio_vtrip_sel[32]                      0.500000    2.241619   -1.741619 (VIOLATED)
gpio_loopback_zero[32]                  0.500000    2.241615   -1.741615 (VIOLATED)
gpio_slow_sel[24]                       0.500000    2.230854   -1.730854 (VIOLATED)
gpio_analog_en[24]                      0.500000    2.230850   -1.730850 (VIOLATED)
gpio_dm0[24]                            0.500000    2.230849   -1.730848 (VIOLATED)
gpio_analog_pol[24]                     0.500000    2.230846   -1.730846 (VIOLATED)
gpio_analog_sel[24]                     0.500000    2.230834   -1.730834 (VIOLATED)
gpio_holdover[24]                       0.500000    2.230831   -1.730831 (VIOLATED)
gpio_ib_mode_sel[24]                    0.500000    2.230822   -1.730822 (VIOLATED)
gpio_oeb[24]                            0.500000    2.230822   -1.730822 (VIOLATED)
gpio_vtrip_sel[24]                      0.500000    2.230822   -1.730822 (VIOLATED)
gpio_loopback_zero[24]                  0.500000    2.230818   -1.730818 (VIOLATED)
gpio_slow_sel[34]                       0.500000    2.229358   -1.729358 (VIOLATED)
gpio_analog_en[34]                      0.500000    2.229355   -1.729355 (VIOLATED)
gpio_analog_pol[34]                     0.500000    2.229354   -1.729354 (VIOLATED)
gpio_dm0[34]                            0.500000    2.229355   -1.729355 (VIOLATED)
gpio_analog_sel[34]                     0.500000    2.229350   -1.729350 (VIOLATED)
gpio_holdover[34]                       0.500000    2.229348   -1.729348 (VIOLATED)
gpio_vtrip_sel[34]                      0.500000    2.229343   -1.729343 (VIOLATED)
gpio_ib_mode_sel[34]                    0.500000    2.229339   -1.729339 (VIOLATED)
gpio_oeb[34]                            0.500000    2.229331   -1.729331 (VIOLATED)
gpio_loopback_zero[34]                  0.500000    2.229270   -1.729270 (VIOLATED)
gpio_slow_sel[30]                       0.500000    2.225977   -1.725977 (VIOLATED)
gpio_analog_en[30]                      0.500000    2.225973   -1.725973 (VIOLATED)
gpio_dm0[30]                            0.500000    2.225971   -1.725971 (VIOLATED)
gpio_analog_pol[30]                     0.500000    2.225969   -1.725968 (VIOLATED)
gpio_analog_sel[30]                     0.500000    2.225955   -1.725955 (VIOLATED)
gpio_holdover[30]                       0.500000    2.225950   -1.725950 (VIOLATED)
gpio_vtrip_sel[30]                      0.500000    2.225940   -1.725940 (VIOLATED)
gpio_ib_mode_sel[30]                    0.500000    2.225938   -1.725938 (VIOLATED)
gpio_loopback_zero[30]                  0.500000    2.225934   -1.725934 (VIOLATED)
gpio_oeb[30]                            0.500000    2.225934   -1.725934 (VIOLATED)
gpio_analog_en[2]                       0.500000    2.223073   -1.723073 (VIOLATED)
gpio_analog_pol[2]                      0.500000    2.223073   -1.723073 (VIOLATED)
gpio_dm0[2]                             0.500000    2.223073   -1.723073 (VIOLATED)
gpio_slow_sel[2]                        0.500000    2.223073   -1.723073 (VIOLATED)
gpio_analog_sel[2]                      0.500000    2.223070   -1.723070 (VIOLATED)
gpio_holdover[2]                        0.500000    2.223070   -1.723070 (VIOLATED)
gpio_ib_mode_sel[2]                     0.500000    2.223070   -1.723070 (VIOLATED)
gpio_loopback_zero[2]                   0.500000    2.223070   -1.723070 (VIOLATED)
gpio_oeb[2]                             0.500000    2.223070   -1.723070 (VIOLATED)
gpio_vtrip_sel[2]                       0.500000    2.223070   -1.723070 (VIOLATED)
gpio_slow_sel[9]                        0.500000    2.219170   -1.719170 (VIOLATED)
gpio_analog_en[9]                       0.500000    2.219167   -1.719167 (VIOLATED)
gpio_analog_pol[9]                      0.500000    2.219167   -1.719167 (VIOLATED)
gpio_analog_sel[9]                      0.500000    2.219167   -1.719167 (VIOLATED)
gpio_dm0[9]                             0.500000    2.219167   -1.719167 (VIOLATED)
gpio_holdover[9]                        0.500000    2.219167   -1.719167 (VIOLATED)
gpio_ib_mode_sel[9]                     0.500000    2.219167   -1.719167 (VIOLATED)
gpio_loopback_zero[9]                   0.500000    2.219167   -1.719167 (VIOLATED)
gpio_oeb[9]                             0.500000    2.219167   -1.719167 (VIOLATED)
gpio_vtrip_sel[9]                       0.500000    2.219167   -1.719167 (VIOLATED)
gpio_analog_en[3]                       0.500000    2.218350   -1.718350 (VIOLATED)
gpio_analog_pol[3]                      0.500000    2.218350   -1.718350 (VIOLATED)
gpio_slow_sel[3]                        0.500000    2.218351   -1.718351 (VIOLATED)
gpio_analog_sel[3]                      0.500000    2.218349   -1.718349 (VIOLATED)
gpio_dm0[3]                             0.500000    2.218350   -1.718350 (VIOLATED)
gpio_holdover[3]                        0.500000    2.218348   -1.718348 (VIOLATED)
gpio_ib_mode_sel[3]                     0.500000    2.218345   -1.718345 (VIOLATED)
gpio_loopback_zero[3]                   0.500000    2.218345   -1.718345 (VIOLATED)
gpio_oeb[3]                             0.500000    2.218345   -1.718345 (VIOLATED)
gpio_vtrip_sel[3]                       0.500000    2.218345   -1.718345 (VIOLATED)
gpio_analog_en[8]                       0.500000    2.214838   -1.714838 (VIOLATED)
gpio_slow_sel[8]                        0.500000    2.214839   -1.714839 (VIOLATED)
gpio_analog_pol[8]                      0.500000    2.214836   -1.714836 (VIOLATED)
gpio_dm0[8]                             0.500000    2.214837   -1.714837 (VIOLATED)
gpio_analog_sel[8]                      0.500000    2.214831   -1.714831 (VIOLATED)
gpio_holdover[8]                        0.500000    2.214821   -1.714821 (VIOLATED)
gpio_vtrip_sel[8]                       0.500000    2.214804   -1.714804 (VIOLATED)
gpio_ib_mode_sel[8]                     0.500000    2.214800   -1.714800 (VIOLATED)
gpio_oeb[8]                             0.500000    2.214795   -1.714795 (VIOLATED)
gpio_loopback_zero[8]                   0.500000    2.214781   -1.714781 (VIOLATED)
gpio_slow_sel[10]                       0.500000    2.213872   -1.713872 (VIOLATED)
gpio_analog_en[10]                      0.500000    2.213869   -1.713869 (VIOLATED)
gpio_analog_pol[10]                     0.500000    2.213869   -1.713869 (VIOLATED)
gpio_dm0[10]                            0.500000    2.213869   -1.713869 (VIOLATED)
gpio_analog_sel[10]                     0.500000    2.213867   -1.713867 (VIOLATED)
gpio_holdover[10]                       0.500000    2.213866   -1.713866 (VIOLATED)
gpio_ib_mode_sel[10]                    0.500000    2.213856   -1.713856 (VIOLATED)
gpio_loopback_zero[10]                  0.500000    2.213856   -1.713856 (VIOLATED)
gpio_oeb[10]                            0.500000    2.213856   -1.713856 (VIOLATED)
gpio_vtrip_sel[10]                      0.500000    2.213856   -1.713856 (VIOLATED)
gpio_analog_en[4]                       0.500000    2.213375   -1.713375 (VIOLATED)
gpio_analog_pol[4]                      0.500000    2.213374   -1.713374 (VIOLATED)
gpio_dm0[4]                             0.500000    2.213374   -1.713374 (VIOLATED)
gpio_slow_sel[4]                        0.500000    2.213375   -1.713375 (VIOLATED)
gpio_analog_sel[4]                      0.500000    2.213371   -1.713371 (VIOLATED)
gpio_holdover[4]                        0.500000    2.213370   -1.713370 (VIOLATED)
gpio_vtrip_sel[4]                       0.500000    2.213366   -1.713366 (VIOLATED)
gpio_ib_mode_sel[4]                     0.500000    2.213360   -1.713359 (VIOLATED)
gpio_oeb[4]                             0.500000    2.213354   -1.713354 (VIOLATED)
gpio_loopback_zero[4]                   0.500000    2.213335   -1.713335 (VIOLATED)
gpio_analog_en[12]                      0.500000    2.212265   -1.712265 (VIOLATED)
gpio_analog_pol[12]                     0.500000    2.212264   -1.712264 (VIOLATED)
gpio_dm0[12]                            0.500000    2.212264   -1.712264 (VIOLATED)
gpio_slow_sel[12]                       0.500000    2.212265   -1.712265 (VIOLATED)
gpio_analog_sel[12]                     0.500000    2.212261   -1.712261 (VIOLATED)
gpio_holdover[12]                       0.500000    2.212260   -1.712260 (VIOLATED)
gpio_vtrip_sel[12]                      0.500000    2.212258   -1.712258 (VIOLATED)
gpio_ib_mode_sel[12]                    0.500000    2.212256   -1.712256 (VIOLATED)
gpio_oeb[12]                            0.500000    2.212251   -1.712251 (VIOLATED)
gpio_loopback_zero[12]                  0.500000    2.212238   -1.712237 (VIOLATED)
gpio_analog_en[7]                       0.500000    2.210874   -1.710874 (VIOLATED)
gpio_slow_sel[7]                        0.500000    2.210876   -1.710876 (VIOLATED)
gpio_dm0[7]                             0.500000    2.210873   -1.710873 (VIOLATED)
gpio_analog_pol[7]                      0.500000    2.210870   -1.710870 (VIOLATED)
gpio_analog_sel[7]                      0.500000    2.210857   -1.710857 (VIOLATED)
gpio_holdover[7]                        0.500000    2.210852   -1.710852 (VIOLATED)
gpio_vtrip_sel[7]                       0.500000    2.210842   -1.710842 (VIOLATED)
gpio_ib_mode_sel[7]                     0.500000    2.210840   -1.710840 (VIOLATED)
gpio_loopback_zero[7]                   0.500000    2.210837   -1.710837 (VIOLATED)
gpio_oeb[7]                             0.500000    2.210837   -1.710837 (VIOLATED)
gpio_slow_sel[5]                        0.500000    2.207919   -1.707919 (VIOLATED)
gpio_analog_en[5]                       0.500000    2.207914   -1.707914 (VIOLATED)
gpio_dm0[5]                             0.500000    2.207913   -1.707913 (VIOLATED)
gpio_analog_pol[5]                      0.500000    2.207911   -1.707911 (VIOLATED)
gpio_analog_sel[5]                      0.500000    2.207905   -1.707905 (VIOLATED)
gpio_holdover[5]                        0.500000    2.207897   -1.707897 (VIOLATED)
gpio_vtrip_sel[5]                       0.500000    2.207883   -1.707883 (VIOLATED)
gpio_ib_mode_sel[5]                     0.500000    2.207880   -1.707879 (VIOLATED)
gpio_oeb[5]                             0.500000    2.207876   -1.707876 (VIOLATED)
gpio_loopback_zero[5]                   0.500000    2.207868   -1.707868 (VIOLATED)
gpio_slow_sel[1]                        0.500000    2.207037   -1.707037 (VIOLATED)
gpio_analog_en[1]                       0.500000    2.207035   -1.707035 (VIOLATED)
gpio_analog_pol[1]                      0.500000    2.207030   -1.707030 (VIOLATED)
gpio_inp_dis[1]                         0.500000    2.207027   -1.707027 (VIOLATED)
gpio_analog_sel[1]                      0.500000    2.207011   -1.707011 (VIOLATED)
gpio_holdover[1]                        0.500000    2.207001   -1.707001 (VIOLATED)
gpio_vtrip_sel[1]                       0.500000    2.206994   -1.706994 (VIOLATED)
gpio_ib_mode_sel[1]                     0.500000    2.206989   -1.706989 (VIOLATED)
gpio_oeb[1]                             0.500000    2.206984   -1.706983 (VIOLATED)
gpio_loopback_zero[1]                   0.500000    2.206963   -1.706963 (VIOLATED)
gpio_slow_sel[6]                        0.500000    2.206142   -1.706142 (VIOLATED)
gpio_analog_en[6]                       0.500000    2.206138   -1.706138 (VIOLATED)
gpio_dm0[6]                             0.500000    2.206137   -1.706137 (VIOLATED)
gpio_analog_pol[6]                      0.500000    2.206135   -1.706134 (VIOLATED)
gpio_analog_sel[6]                      0.500000    2.206129   -1.706129 (VIOLATED)
gpio_holdover[6]                        0.500000    2.206123   -1.706123 (VIOLATED)
gpio_vtrip_sel[6]                       0.500000    2.206114   -1.706114 (VIOLATED)
gpio_ib_mode_sel[6]                     0.500000    2.206112   -1.706112 (VIOLATED)
gpio_loopback_zero[6]                   0.500000    2.206109   -1.706109 (VIOLATED)
gpio_oeb[6]                             0.500000    2.206109   -1.706109 (VIOLATED)
gpio_slow_sel[11]                       0.500000    2.199614   -1.699614 (VIOLATED)
gpio_analog_en[11]                      0.500000    2.199609   -1.699609 (VIOLATED)
gpio_dm0[11]                            0.500000    2.199607   -1.699607 (VIOLATED)
gpio_analog_pol[11]                     0.500000    2.199603   -1.699603 (VIOLATED)
gpio_analog_sel[11]                     0.500000    2.199596   -1.699596 (VIOLATED)
gpio_holdover[11]                       0.500000    2.199587   -1.699587 (VIOLATED)
gpio_vtrip_sel[11]                      0.500000    2.199571   -1.699571 (VIOLATED)
gpio_ib_mode_sel[11]                    0.500000    2.199566   -1.699566 (VIOLATED)
gpio_oeb[11]                            0.500000    2.199562   -1.699562 (VIOLATED)
gpio_loopback_zero[11]                  0.500000    2.199549   -1.699549 (VIOLATED)
gpio_out[31]                            0.500000    1.452179   -0.952179 (VIOLATED)
mprj2/output10/X                        0.500000    1.452174   -0.952173 (VIOLATED)
gpio_out[8]                             0.500000    1.260469   -0.760469 (VIOLATED)
mprj/output9/X                          0.500000    1.260468   -0.760468 (VIOLATED)
gpio_out[7]                             0.500000    1.228843   -0.728843 (VIOLATED)
mprj/output8/X                          0.500000    1.228840   -0.728841 (VIOLATED)
gpio_out[9]                             0.500000    1.147566   -0.647566 (VIOLATED)
mprj/output10/X                         0.500000    1.147566   -0.647566 (VIOLATED)
gpio_out[6]                             0.500000    1.132899   -0.632899 (VIOLATED)
mprj/output7/X                          0.500000    1.132899   -0.632899 (VIOLATED)
gpio_out[5]                             0.500000    1.088414   -0.588414 (VIOLATED)
mprj/output6/X                          0.500000    1.088414   -0.588414 (VIOLATED)
gpio_out[10]                            0.500000    1.051149   -0.551149 (VIOLATED)
mprj/output11/X                         0.500000    1.051149   -0.551149 (VIOLATED)
gpio_dm0[1]                             0.500000    1.023721   -0.523721 (VIOLATED)
gpio_dm1[1]                             0.500000    1.023721   -0.523721 (VIOLATED)
gpio_dm2[1]                             0.500000    1.023721   -0.523721 (VIOLATED)
gpio_loopback_one[1]                    0.500000    1.023721   -0.523721 (VIOLATED)
gpio_out[1]                             0.500000    1.023721   -0.523721 (VIOLATED)
mprj/output2/A                          0.500000    1.023602   -0.523602 (VIOLATED)
mprj2/output2/A                         0.500000    1.023602   -0.523602 (VIOLATED)
mprj/ANTENNA_output2_A/DIODE            0.500000    1.023601   -0.523601 (VIOLATED)
mprj2/ANTENNA_output2_A/DIODE           0.500000    1.023601   -0.523601 (VIOLATED)
mprj/ANTENNA__564__X/DIODE              0.500000    1.020851   -0.520851 (VIOLATED)
mprj/ANTENNA__571__A2/DIODE             0.500000    1.020851   -0.520851 (VIOLATED)
mprj/ANTENNA__575__B1/DIODE             0.500000    1.020851   -0.520851 (VIOLATED)
mprj/ANTENNA__578__A2/DIODE             0.500000    1.020851   -0.520851 (VIOLATED)
mprj/ANTENNA__580__B1/DIODE             0.500000    1.020851   -0.520851 (VIOLATED)
mprj/_564_/X                            0.500000    1.020851   -0.520851 (VIOLATED)
mprj/_571_/A2                           0.500000    1.020851   -0.520851 (VIOLATED)
mprj/_575_/B1                           0.500000    1.020851   -0.520851 (VIOLATED)
mprj/_578_/A2                           0.500000    1.020851   -0.520851 (VIOLATED)
mprj/_580_/B1                           0.500000    1.020851   -0.520851 (VIOLATED)
mprj2/ANTENNA__564__X/DIODE             0.500000    1.020851   -0.520851 (VIOLATED)
mprj2/ANTENNA__571__A2/DIODE            0.500000    1.020851   -0.520851 (VIOLATED)
mprj2/ANTENNA__575__B1/DIODE            0.500000    1.020851   -0.520851 (VIOLATED)
mprj2/ANTENNA__578__A2/DIODE            0.500000    1.020851   -0.520851 (VIOLATED)
mprj2/ANTENNA__580__B1/DIODE            0.500000    1.020851   -0.520851 (VIOLATED)
mprj2/_564_/X                           0.500000    1.020851   -0.520851 (VIOLATED)
mprj2/_571_/A2                          0.500000    1.020851   -0.520851 (VIOLATED)
mprj2/_575_/B1                          0.500000    1.020851   -0.520851 (VIOLATED)
mprj2/_578_/A2                          0.500000    1.020851   -0.520851 (VIOLATED)
mprj2/_580_/B1                          0.500000    1.020851   -0.520851 (VIOLATED)
gpio_out[4]                             0.500000    1.006764   -0.506764 (VIOLATED)
mprj/output5/X                          0.500000    1.006764   -0.506764 (VIOLATED)
gpio_out[30]                            0.500000    0.982819   -0.482819 (VIOLATED)
mprj2/output9/X                         0.500000    0.982819   -0.482819 (VIOLATED)
gpio_out[11]                            0.500000    0.957053   -0.457053 (VIOLATED)
mprj/output12/X                         0.500000    0.957053   -0.457053 (VIOLATED)
mprj2/ANTENNA_fanout25_A/DIODE          0.500000    0.953851   -0.453851 (VIOLATED)
mprj2/fanout25/A                        0.500000    0.953850   -0.453850 (VIOLATED)
mprj/ANTENNA_fanout25_A/DIODE           0.500000    0.953846   -0.453846 (VIOLATED)
mprj/fanout25/A                         0.500000    0.953845   -0.453845 (VIOLATED)
mprj2/ANTENNA_fanout19_A/DIODE          0.500000    0.953473   -0.453473 (VIOLATED)
mprj/ANTENNA_fanout19_A/DIODE           0.500000    0.953468   -0.453468 (VIOLATED)
mprj2/fanout19/A                        0.500000    0.953467   -0.453467 (VIOLATED)
mprj/fanout19/A                         0.500000    0.953461   -0.453461 (VIOLATED)
mprj2/ANTENNA_input1_X/DIODE            0.500000    0.946305   -0.446305 (VIOLATED)
mprj2/input1/X                          0.500000    0.946305   -0.446305 (VIOLATED)
mprj/ANTENNA_input1_X/DIODE             0.500000    0.946299   -0.446299 (VIOLATED)
mprj/input1/X                           0.500000    0.946299   -0.446299 (VIOLATED)
gpio_out[3]                             0.500000    0.943625   -0.443625 (VIOLATED)
mprj/output4/X                          0.500000    0.943625   -0.443625 (VIOLATED)
mprj/_339_/A                            0.500000    0.917869   -0.417869 (VIOLATED)
mprj/_592_/A                            0.500000    0.917869   -0.417869 (VIOLATED)
mprj/_642_/A                            0.500000    0.917869   -0.417869 (VIOLATED)
mprj/_650_/A                            0.500000    0.917869   -0.417869 (VIOLATED)
mprj/_660_/A                            0.500000    0.917869   -0.417869 (VIOLATED)
mprj/_662_/A                            0.500000    0.917869   -0.417869 (VIOLATED)
mprj/_669_/A                            0.500000    0.917869   -0.417869 (VIOLATED)
mprj/_670_/A                            0.500000    0.917869   -0.417869 (VIOLATED)
mprj/fanout21/X                         0.500000    0.917869   -0.417869 (VIOLATED)
mprj/load_slew22/A                      0.500000    0.917869   -0.417869 (VIOLATED)
mprj2/_339_/A                           0.500000    0.917869   -0.417869 (VIOLATED)
mprj2/_592_/A                           0.500000    0.917869   -0.417869 (VIOLATED)
mprj2/_642_/A                           0.500000    0.917869   -0.417869 (VIOLATED)
mprj2/_650_/A                           0.500000    0.917869   -0.417869 (VIOLATED)
mprj2/_660_/A                           0.500000    0.917869   -0.417869 (VIOLATED)
mprj2/_662_/A                           0.500000    0.917869   -0.417869 (VIOLATED)
mprj2/_669_/A                           0.500000    0.917869   -0.417869 (VIOLATED)
mprj2/_670_/A                           0.500000    0.917869   -0.417869 (VIOLATED)
mprj2/fanout21/X                        0.500000    0.917869   -0.417869 (VIOLATED)
mprj2/load_slew22/A                     0.500000    0.917869   -0.417869 (VIOLATED)
gpio_out[2]                             0.500000    0.912772   -0.412772 (VIOLATED)
mprj/output2/X                          0.500000    0.912772   -0.412772 (VIOLATED)
gpio_out[12]                            0.500000    0.906287   -0.406287 (VIOLATED)
mprj/output3/X                          0.500000    0.906287   -0.406287 (VIOLATED)
mprj/output11/A                         0.500000    0.872686   -0.372686 (VIOLATED)
mprj2/output11/A                        0.500000    0.872686   -0.372686 (VIOLATED)
mprj/ANTENNA_output11_A/DIODE           0.500000    0.872685   -0.372685 (VIOLATED)
mprj2/ANTENNA_output11_A/DIODE          0.500000    0.872685   -0.372685 (VIOLATED)
mprj/ANTENNA__590__X/DIODE              0.500000    0.869650   -0.369650 (VIOLATED)
mprj/_590_/X                            0.500000    0.869650   -0.369650 (VIOLATED)
mprj2/ANTENNA__590__X/DIODE             0.500000    0.869650   -0.369650 (VIOLATED)
mprj2/_590_/X                           0.500000    0.869650   -0.369650 (VIOLATED)
mprj/_610_/A                            0.500000    0.846062   -0.346062 (VIOLATED)
mprj/_611_/A                            0.500000    0.846062   -0.346062 (VIOLATED)
mprj/_612_/A                            0.500000    0.846062   -0.346062 (VIOLATED)
mprj/_614_/A                            0.500000    0.846062   -0.346062 (VIOLATED)
mprj/_615_/A                            0.500000    0.846062   -0.346062 (VIOLATED)
mprj/_663_/A                            0.500000    0.846062   -0.346062 (VIOLATED)
mprj/_664_/A                            0.500000    0.846062   -0.346062 (VIOLATED)
mprj/_665_/A                            0.500000    0.846062   -0.346062 (VIOLATED)
mprj/fanout17/X                         0.500000    0.846062   -0.346062 (VIOLATED)
mprj/max_cap18/A                        0.500000    0.846062   -0.346062 (VIOLATED)
mprj2/_610_/A                           0.500000    0.846062   -0.346062 (VIOLATED)
mprj2/_611_/A                           0.500000    0.846062   -0.346062 (VIOLATED)
mprj2/_612_/A                           0.500000    0.846062   -0.346062 (VIOLATED)
mprj2/_614_/A                           0.500000    0.846062   -0.346062 (VIOLATED)
mprj2/_615_/A                           0.500000    0.846062   -0.346062 (VIOLATED)
mprj2/_663_/A                           0.500000    0.846062   -0.346062 (VIOLATED)
mprj2/_664_/A                           0.500000    0.846062   -0.346062 (VIOLATED)
mprj2/_665_/A                           0.500000    0.846062   -0.346062 (VIOLATED)
mprj2/fanout17/X                        0.500000    0.846062   -0.346062 (VIOLATED)
mprj2/max_cap18/A                       0.500000    0.846062   -0.346062 (VIOLATED)
gpio_dm1[29]                            0.500000    0.840382   -0.340382 (VIOLATED)
gpio_inp_dis[29]                        0.500000    0.840382   -0.340382 (VIOLATED)
gpio_dm2[29]                            0.500000    0.840381   -0.340381 (VIOLATED)
gpio_loopback_one[29]                   0.500000    0.840380   -0.340380 (VIOLATED)
gpio_dm1[28]                            0.500000    0.819679   -0.319679 (VIOLATED)
gpio_inp_dis[28]                        0.500000    0.819677   -0.319677 (VIOLATED)
gpio_dm2[28]                            0.500000    0.819676   -0.319676 (VIOLATED)
gpio_loopback_one[28]                   0.500000    0.819675   -0.319675 (VIOLATED)
gpio_dm1[27]                            0.500000    0.819057   -0.319057 (VIOLATED)
gpio_inp_dis[27]                        0.500000    0.819057   -0.319057 (VIOLATED)
gpio_dm2[27]                            0.500000    0.819057   -0.319057 (VIOLATED)
gpio_loopback_one[27]                   0.500000    0.819055   -0.319056 (VIOLATED)
gpio_dm1[24]                            0.500000    0.808994   -0.308994 (VIOLATED)
gpio_inp_dis[24]                        0.500000    0.808992   -0.308992 (VIOLATED)
gpio_dm2[24]                            0.500000    0.808991   -0.308991 (VIOLATED)
gpio_loopback_one[24]                   0.500000    0.808990   -0.308990 (VIOLATED)
gpio_dm1[26]                            0.500000    0.807735   -0.307735 (VIOLATED)
gpio_inp_dis[26]                        0.500000    0.807735   -0.307735 (VIOLATED)
gpio_dm2[26]                            0.500000    0.807734   -0.307735 (VIOLATED)
gpio_loopback_one[26]                   0.500000    0.807733   -0.307733 (VIOLATED)
gpio_dm1[33]                            0.500000    0.806704   -0.306704 (VIOLATED)
gpio_inp_dis[33]                        0.500000    0.806704   -0.306704 (VIOLATED)
gpio_dm2[33]                            0.500000    0.806703   -0.306703 (VIOLATED)
gpio_loopback_one[33]                   0.500000    0.806702   -0.306702 (VIOLATED)
gpio_dm1[34]                            0.500000    0.804478   -0.304478 (VIOLATED)
gpio_inp_dis[34]                        0.500000    0.804477   -0.304477 (VIOLATED)
gpio_dm2[34]                            0.500000    0.804473   -0.304473 (VIOLATED)
gpio_loopback_one[34]                   0.500000    0.804472   -0.304472 (VIOLATED)
gpio_dm1[25]                            0.500000    0.804134   -0.304134 (VIOLATED)
gpio_inp_dis[25]                        0.500000    0.804133   -0.304133 (VIOLATED)
gpio_dm2[25]                            0.500000    0.804129   -0.304128 (VIOLATED)
gpio_loopback_one[25]                   0.500000    0.804127   -0.304127 (VIOLATED)
gpio_dm1[7]                             0.500000    0.797827   -0.297827 (VIOLATED)
gpio_dm2[7]                             0.500000    0.797827   -0.297827 (VIOLATED)
gpio_inp_dis[7]                         0.500000    0.797827   -0.297827 (VIOLATED)
gpio_loopback_one[7]                    0.500000    0.797827   -0.297827 (VIOLATED)
gpio_dm1[32]                            0.500000    0.796594   -0.296594 (VIOLATED)
gpio_inp_dis[32]                        0.500000    0.796591   -0.296591 (VIOLATED)
gpio_dm2[32]                            0.500000    0.796587   -0.296587 (VIOLATED)
gpio_loopback_one[32]                   0.500000    0.796586   -0.296586 (VIOLATED)
gpio_dm1[30]                            0.500000    0.796347   -0.296347 (VIOLATED)
gpio_inp_dis[30]                        0.500000    0.796347   -0.296347 (VIOLATED)
gpio_dm2[30]                            0.500000    0.796347   -0.296347 (VIOLATED)
gpio_loopback_one[30]                   0.500000    0.796346   -0.296346 (VIOLATED)
gpio_dm1[2]                             0.500000    0.793664   -0.293664 (VIOLATED)
gpio_inp_dis[2]                         0.500000    0.793663   -0.293663 (VIOLATED)
gpio_dm2[2]                             0.500000    0.793661   -0.293661 (VIOLATED)
gpio_loopback_one[2]                    0.500000    0.793661   -0.293661 (VIOLATED)
gpio_dm1[31]                            0.500000    0.792815   -0.292815 (VIOLATED)
gpio_inp_dis[31]                        0.500000    0.792814   -0.292814 (VIOLATED)
gpio_dm2[31]                            0.500000    0.792813   -0.292813 (VIOLATED)
gpio_loopback_one[31]                   0.500000    0.792813   -0.292813 (VIOLATED)
gpio_dm1[3]                             0.500000    0.786976   -0.286976 (VIOLATED)
gpio_dm2[3]                             0.500000    0.786975   -0.286975 (VIOLATED)
gpio_inp_dis[3]                         0.500000    0.786975   -0.286975 (VIOLATED)
gpio_loopback_one[3]                    0.500000    0.786975   -0.286975 (VIOLATED)
gpio_dm1[8]                             0.500000    0.786257   -0.286257 (VIOLATED)
gpio_dm2[8]                             0.500000    0.786257   -0.286257 (VIOLATED)
gpio_inp_dis[8]                         0.500000    0.786257   -0.286257 (VIOLATED)
gpio_loopback_one[8]                    0.500000    0.786257   -0.286257 (VIOLATED)
gpio_dm1[4]                             0.500000    0.784859   -0.284859 (VIOLATED)
gpio_dm2[4]                             0.500000    0.784858   -0.284858 (VIOLATED)
gpio_inp_dis[4]                         0.500000    0.784858   -0.284858 (VIOLATED)
gpio_loopback_one[4]                    0.500000    0.784858   -0.284858 (VIOLATED)
gpio_dm1[12]                            0.500000    0.782105   -0.282105 (VIOLATED)
gpio_dm2[12]                            0.500000    0.782105   -0.282105 (VIOLATED)
gpio_inp_dis[12]                        0.500000    0.782105   -0.282105 (VIOLATED)
gpio_loopback_one[12]                   0.500000    0.782105   -0.282105 (VIOLATED)
gpio_dm1[5]                             0.500000    0.781931   -0.281931 (VIOLATED)
gpio_inp_dis[5]                         0.500000    0.781930   -0.281930 (VIOLATED)
gpio_dm2[5]                             0.500000    0.781929   -0.281929 (VIOLATED)
gpio_loopback_one[5]                    0.500000    0.781929   -0.281929 (VIOLATED)
gpio_dm1[6]                             0.500000    0.780901   -0.280901 (VIOLATED)
gpio_dm2[6]                             0.500000    0.780901   -0.280901 (VIOLATED)
gpio_inp_dis[6]                         0.500000    0.780901   -0.280901 (VIOLATED)
gpio_loopback_one[6]                    0.500000    0.780901   -0.280901 (VIOLATED)
gpio_dm1[10]                            0.500000    0.780177   -0.280177 (VIOLATED)
gpio_inp_dis[10]                        0.500000    0.780176   -0.280176 (VIOLATED)
gpio_dm2[10]                            0.500000    0.780172   -0.280172 (VIOLATED)
gpio_loopback_one[10]                   0.500000    0.780171   -0.280171 (VIOLATED)
gpio_dm1[11]                            0.500000    0.778318   -0.278318 (VIOLATED)
gpio_dm2[11]                            0.500000    0.778318   -0.278318 (VIOLATED)
gpio_inp_dis[11]                        0.500000    0.778318   -0.278318 (VIOLATED)
gpio_loopback_one[11]                   0.500000    0.778318   -0.278318 (VIOLATED)
mprj/output4/A                          0.500000    0.777680   -0.277680 (VIOLATED)
mprj2/output4/A                         0.500000    0.777680   -0.277680 (VIOLATED)
mprj/ANTENNA_output4_A/DIODE            0.500000    0.777679   -0.277679 (VIOLATED)
mprj2/ANTENNA_output4_A/DIODE           0.500000    0.777679   -0.277679 (VIOLATED)
gpio_dm1[9]                             0.500000    0.776952   -0.276952 (VIOLATED)
gpio_inp_dis[9]                         0.500000    0.776950   -0.276950 (VIOLATED)
gpio_dm2[9]                             0.500000    0.776946   -0.276946 (VIOLATED)
gpio_loopback_one[9]                    0.500000    0.776946   -0.276946 (VIOLATED)
mprj/_386_/A                            0.500000    0.776213   -0.276213 (VIOLATED)
mprj2/_386_/A                           0.500000    0.776213   -0.276213 (VIOLATED)
mprj/ANTENNA__386__A/DIODE              0.500000    0.776210   -0.276210 (VIOLATED)
mprj2/ANTENNA__386__A/DIODE             0.500000    0.776210   -0.276210 (VIOLATED)
mprj/ANTENNA__568__B/DIODE              0.500000    0.776208   -0.276208 (VIOLATED)
mprj/ANTENNA__572__B/DIODE              0.500000    0.776208   -0.276208 (VIOLATED)
mprj/_568_/B                            0.500000    0.776208   -0.276208 (VIOLATED)
mprj/_572_/B                            0.500000    0.776208   -0.276208 (VIOLATED)
mprj2/ANTENNA__568__B/DIODE             0.500000    0.776208   -0.276208 (VIOLATED)
mprj2/ANTENNA__572__B/DIODE             0.500000    0.776208   -0.276208 (VIOLATED)
mprj2/_568_/B                           0.500000    0.776208   -0.276208 (VIOLATED)
mprj2/_572_/B                           0.500000    0.776208   -0.276208 (VIOLATED)
mprj/ANTENNA__384__Y/DIODE              0.500000    0.776207   -0.276207 (VIOLATED)
mprj/ANTENNA__579__A2/DIODE             0.500000    0.776207   -0.276207 (VIOLATED)
mprj/_384_/Y                            0.500000    0.776207   -0.276207 (VIOLATED)
mprj/_579_/A2                           0.500000    0.776207   -0.276207 (VIOLATED)
mprj2/ANTENNA__384__Y/DIODE             0.500000    0.776207   -0.276207 (VIOLATED)
mprj2/ANTENNA__579__A2/DIODE            0.500000    0.776207   -0.276207 (VIOLATED)
mprj2/_384_/Y                           0.500000    0.776207   -0.276207 (VIOLATED)
mprj2/_579_/A2                          0.500000    0.776207   -0.276207 (VIOLATED)
mprj/_634_/A                            0.500000    0.742615   -0.242615 (VIOLATED)
mprj/_635_/A                            0.500000    0.742615   -0.242615 (VIOLATED)
mprj/_636_/A                            0.500000    0.742615   -0.242615 (VIOLATED)
mprj/_638_/A                            0.500000    0.742615   -0.242615 (VIOLATED)
mprj/_639_/A                            0.500000    0.742615   -0.242615 (VIOLATED)
mprj/_640_/A                            0.500000    0.742615   -0.242615 (VIOLATED)
mprj/_641_/A                            0.500000    0.742615   -0.242615 (VIOLATED)
mprj/fanout15/X                         0.500000    0.742615   -0.242615 (VIOLATED)
mprj/load_slew16/A                      0.500000    0.742615   -0.242615 (VIOLATED)
mprj2/_634_/A                           0.500000    0.742615   -0.242615 (VIOLATED)
mprj2/_635_/A                           0.500000    0.742615   -0.242615 (VIOLATED)
mprj2/_636_/A                           0.500000    0.742615   -0.242615 (VIOLATED)
mprj2/_638_/A                           0.500000    0.742615   -0.242615 (VIOLATED)
mprj2/_639_/A                           0.500000    0.742615   -0.242615 (VIOLATED)
mprj2/_640_/A                           0.500000    0.742615   -0.242615 (VIOLATED)
mprj2/_641_/A                           0.500000    0.742615   -0.242615 (VIOLATED)
mprj2/fanout15/X                        0.500000    0.742615   -0.242615 (VIOLATED)
mprj2/load_slew16/A                     0.500000    0.742615   -0.242615 (VIOLATED)
mprj/_593_/A                            0.500000    0.721918   -0.221918 (VIOLATED)
mprj/_594_/A                            0.500000    0.721918   -0.221918 (VIOLATED)
mprj/_595_/A                            0.500000    0.721918   -0.221918 (VIOLATED)
mprj/_596_/A                            0.500000    0.721918   -0.221918 (VIOLATED)
mprj/_597_/A                            0.500000    0.721918   -0.221918 (VIOLATED)
mprj/_598_/A                            0.500000    0.721918   -0.221918 (VIOLATED)
mprj/fanout23/X                         0.500000    0.721918   -0.221918 (VIOLATED)
mprj/wire24/A                           0.500000    0.721918   -0.221918 (VIOLATED)
mprj2/_593_/A                           0.500000    0.721918   -0.221918 (VIOLATED)
mprj2/_594_/A                           0.500000    0.721918   -0.221918 (VIOLATED)
mprj2/_595_/A                           0.500000    0.721918   -0.221918 (VIOLATED)
mprj2/_596_/A                           0.500000    0.721918   -0.221918 (VIOLATED)
mprj2/_597_/A                           0.500000    0.721918   -0.221918 (VIOLATED)
mprj2/_598_/A                           0.500000    0.721918   -0.221918 (VIOLATED)
mprj2/fanout23/X                        0.500000    0.721918   -0.221918 (VIOLATED)
mprj2/wire24/A                          0.500000    0.721918   -0.221918 (VIOLATED)
mprj/output10/A                         0.500000    0.709726   -0.209726 (VIOLATED)
mprj2/output10/A                        0.500000    0.709726   -0.209726 (VIOLATED)
mprj/ANTENNA_output10_A/DIODE           0.500000    0.709725   -0.209725 (VIOLATED)
mprj2/ANTENNA_output10_A/DIODE          0.500000    0.709725   -0.209725 (VIOLATED)
mprj/ANTENNA__589__X/DIODE              0.500000    0.706041   -0.206041 (VIOLATED)
mprj/_589_/X                            0.500000    0.706041   -0.206041 (VIOLATED)
mprj2/ANTENNA__589__X/DIODE             0.500000    0.706041   -0.206041 (VIOLATED)
mprj2/_589_/X                           0.500000    0.706041   -0.206041 (VIOLATED)
mprj/_652_/A                            0.500000    0.680640   -0.180640 (VIOLATED)
mprj/_653_/A                            0.500000    0.680640   -0.180640 (VIOLATED)
mprj/_655_/A                            0.500000    0.680640   -0.180640 (VIOLATED)
mprj/_656_/A                            0.500000    0.680640   -0.180640 (VIOLATED)
mprj/_658_/A                            0.500000    0.680640   -0.180640 (VIOLATED)
mprj/_659_/A                            0.500000    0.680640   -0.180640 (VIOLATED)
mprj/fanout21/A                         0.500000    0.680640   -0.180640 (VIOLATED)
mprj/fanout25/X                         0.500000    0.680640   -0.180640 (VIOLATED)
mprj/load_slew26/A                      0.500000    0.680640   -0.180640 (VIOLATED)
mprj2/_652_/A                           0.500000    0.680640   -0.180640 (VIOLATED)
mprj2/_653_/A                           0.500000    0.680640   -0.180640 (VIOLATED)
mprj2/_655_/A                           0.500000    0.680640   -0.180640 (VIOLATED)
mprj2/_656_/A                           0.500000    0.680640   -0.180640 (VIOLATED)
mprj2/_658_/A                           0.500000    0.680640   -0.180640 (VIOLATED)
mprj2/_659_/A                           0.500000    0.680640   -0.180640 (VIOLATED)
mprj2/fanout21/A                        0.500000    0.680640   -0.180640 (VIOLATED)
mprj2/fanout25/X                        0.500000    0.680640   -0.180640 (VIOLATED)
mprj2/load_slew26/A                     0.500000    0.680640   -0.180640 (VIOLATED)
mprj/wire13/A                           0.500000    0.617196   -0.117196 (VIOLATED)
mprj2/wire13/A                          0.500000    0.617196   -0.117196 (VIOLATED)
mprj/ANTENNA_wire13_A/DIODE             0.500000    0.617195   -0.117195 (VIOLATED)
mprj2/ANTENNA_wire13_A/DIODE            0.500000    0.617195   -0.117195 (VIOLATED)
mprj/ANTENNA__591__Y/DIODE              0.500000    0.616813   -0.116813 (VIOLATED)
mprj/_591_/Y                            0.500000    0.616813   -0.116813 (VIOLATED)
mprj2/ANTENNA__591__Y/DIODE             0.500000    0.616813   -0.116813 (VIOLATED)
mprj2/_591_/Y                           0.500000    0.616813   -0.116813 (VIOLATED)
mprj/output5/A                          0.500000    0.607178   -0.107178 (VIOLATED)
mprj2/output5/A                         0.500000    0.607178   -0.107178 (VIOLATED)
mprj/ANTENNA_output5_A/DIODE            0.500000    0.607178   -0.107178 (VIOLATED)
mprj2/ANTENNA_output5_A/DIODE           0.500000    0.607178   -0.107178 (VIOLATED)
mprj/_386_/B                            0.500000    0.606709   -0.106709 (VIOLATED)
mprj2/_386_/B                           0.500000    0.606709   -0.106709 (VIOLATED)
mprj/ANTENNA__386__B/DIODE              0.500000    0.606707   -0.106707 (VIOLATED)
mprj2/ANTENNA__386__B/DIODE             0.500000    0.606707   -0.106707 (VIOLATED)
mprj/_580_/A2                           0.500000    0.606707   -0.106707 (VIOLATED)
mprj2/_580_/A2                          0.500000    0.606707   -0.106707 (VIOLATED)
mprj/_572_/C                            0.500000    0.606707   -0.106707 (VIOLATED)
mprj2/_572_/C                           0.500000    0.606707   -0.106707 (VIOLATED)
mprj/ANTENNA__568__C/DIODE              0.500000    0.606707   -0.106707 (VIOLATED)
mprj/ANTENNA__572__C/DIODE              0.500000    0.606707   -0.106707 (VIOLATED)
mprj/ANTENNA__580__A2/DIODE             0.500000    0.606707   -0.106707 (VIOLATED)
mprj/_568_/C                            0.500000    0.606707   -0.106707 (VIOLATED)
mprj2/ANTENNA__568__C/DIODE             0.500000    0.606707   -0.106707 (VIOLATED)
mprj2/ANTENNA__572__C/DIODE             0.500000    0.606707   -0.106707 (VIOLATED)
mprj2/ANTENNA__580__A2/DIODE            0.500000    0.606707   -0.106707 (VIOLATED)
mprj2/_568_/C                           0.500000    0.606707   -0.106707 (VIOLATED)
mprj/ANTENNA__385__Y/DIODE              0.500000    0.606706   -0.106706 (VIOLATED)
mprj/_385_/Y                            0.500000    0.606706   -0.106706 (VIOLATED)
mprj2/ANTENNA__385__Y/DIODE             0.500000    0.606706   -0.106706 (VIOLATED)
mprj2/_385_/Y                           0.500000    0.606706   -0.106706 (VIOLATED)
gpio_inp_dis[15]                        0.500000    0.551465   -0.051465 (VIOLATED)
gpio_loopback_one[15]                   0.500000    0.551464   -0.051464 (VIOLATED)
gpio_oeb[15]                            0.500000    0.551464   -0.051464 (VIOLATED)
gpio_inp_dis[19]                        0.500000    0.550866   -0.050866 (VIOLATED)
gpio_loopback_one[19]                   0.500000    0.550865   -0.050865 (VIOLATED)
gpio_oeb[19]                            0.500000    0.550865   -0.050865 (VIOLATED)
gpio_inp_dis[21]                        0.500000    0.549004   -0.049004 (VIOLATED)
gpio_loopback_one[21]                   0.500000    0.549003   -0.049003 (VIOLATED)
gpio_oeb[21]                            0.500000    0.549003   -0.049003 (VIOLATED)
gpio_inp_dis[20]                        0.500000    0.548901   -0.048901 (VIOLATED)
gpio_loopback_one[20]                   0.500000    0.548900   -0.048900 (VIOLATED)
gpio_oeb[20]                            0.500000    0.548900   -0.048900 (VIOLATED)
gpio_inp_dis[22]                        0.500000    0.547425   -0.047425 (VIOLATED)
gpio_loopback_one[22]                   0.500000    0.547424   -0.047424 (VIOLATED)
gpio_oeb[22]                            0.500000    0.547424   -0.047424 (VIOLATED)
gpio_inp_dis[37]                        0.500000    0.544356   -0.044356 (VIOLATED)
gpio_loopback_one[37]                   0.500000    0.544356   -0.044356 (VIOLATED)
gpio_oeb[37]                            0.500000    0.544356   -0.044356 (VIOLATED)
gpio_inp_dis[35]                        0.500000    0.543127   -0.043127 (VIOLATED)
gpio_loopback_one[35]                   0.500000    0.543126   -0.043126 (VIOLATED)
gpio_oeb[35]                            0.500000    0.543126   -0.043126 (VIOLATED)
gpio_inp_dis[36]                        0.500000    0.542630   -0.042630 (VIOLATED)
gpio_oeb[36]                            0.500000    0.542628   -0.042628 (VIOLATED)
gpio_loopback_one[36]                   0.500000    0.542621   -0.042621 (VIOLATED)
gpio_inp_dis[23]                        0.500000    0.542056   -0.042056 (VIOLATED)
gpio_loopback_one[23]                   0.500000    0.542054   -0.042054 (VIOLATED)
gpio_oeb[23]                            0.500000    0.542054   -0.042054 (VIOLATED)
gpio_inp_dis[18]                        0.500000    0.536922   -0.036922 (VIOLATED)
gpio_loopback_one[18]                   0.500000    0.536921   -0.036921 (VIOLATED)
gpio_oeb[18]                            0.500000    0.536921   -0.036921 (VIOLATED)
gpio_inp_dis[16]                        0.500000    0.534583   -0.034583 (VIOLATED)
gpio_loopback_one[16]                   0.500000    0.534582   -0.034582 (VIOLATED)
gpio_oeb[16]                            0.500000    0.534582   -0.034582 (VIOLATED)
gpio_inp_dis[17]                        0.500000    0.534454   -0.034454 (VIOLATED)
gpio_loopback_one[17]                   0.500000    0.534453   -0.034453 (VIOLATED)
gpio_oeb[17]                            0.500000    0.534453   -0.034453 (VIOLATED)
gpio_dm0[0]                             0.500000    0.534309   -0.034309 (VIOLATED)
gpio_oeb[0]                             0.500000    0.534306   -0.034306 (VIOLATED)
gpio_loopback_one[0]                    0.500000    0.534304   -0.034304 (VIOLATED)
gpio_inp_dis[14]                        0.500000    0.528365   -0.028365 (VIOLATED)
gpio_loopback_one[14]                   0.500000    0.528365   -0.028365 (VIOLATED)
gpio_oeb[14]                            0.500000    0.528365   -0.028365 (VIOLATED)
gpio_inp_dis[38]                        0.500000    0.528169   -0.028169 (VIOLATED)
gpio_loopback_one[38]                   0.500000    0.528169   -0.028169 (VIOLATED)
gpio_oeb[38]                            0.500000    0.528169   -0.028169 (VIOLATED)
gpio_inp_dis[39]                        0.500000    0.527928   -0.027928 (VIOLATED)
gpio_loopback_one[39]                   0.500000    0.527928   -0.027928 (VIOLATED)
gpio_oeb[39]                            0.500000    0.527928   -0.027928 (VIOLATED)
gpio_inp_dis[42]                        0.500000    0.525354   -0.025354 (VIOLATED)
gpio_loopback_one[42]                   0.500000    0.525354   -0.025354 (VIOLATED)
gpio_oeb[42]                            0.500000    0.525354   -0.025354 (VIOLATED)
gpio_inp_dis[13]                        0.500000    0.523099   -0.023099 (VIOLATED)
gpio_oeb[13]                            0.500000    0.523098   -0.023098 (VIOLATED)
gpio_loopback_one[13]                   0.500000    0.523097   -0.023097 (VIOLATED)
gpio_inp_dis[43]                        0.500000    0.520826   -0.020826 (VIOLATED)
gpio_loopback_one[43]                   0.500000    0.520826   -0.020826 (VIOLATED)
gpio_oeb[43]                            0.500000    0.520826   -0.020826 (VIOLATED)
gpio_inp_dis[40]                        0.500000    0.518413   -0.018413 (VIOLATED)
gpio_loopback_one[40]                   0.500000    0.518413   -0.018413 (VIOLATED)
gpio_oeb[40]                            0.500000    0.518413   -0.018413 (VIOLATED)
gpio_inp_dis[41]                        0.500000    0.517911   -0.017912 (VIOLATED)
gpio_loopback_one[41]                   0.500000    0.517911   -0.017911 (VIOLATED)
gpio_oeb[41]                            0.500000    0.517911   -0.017911 (VIOLATED)

max fanout

Pin                                   Limit Fanout  Slack
---------------------------------------------------------
mprj/wire20/X                            10     19     -9 (VIOLATED)
mprj2/wire20/X                           10     19     -9 (VIOLATED)
mprj/clkbuf_0_wb_clk_i/X                 10     17     -7 (VIOLATED)
mprj2/clkbuf_0_wb_clk_i/X                10     17     -7 (VIOLATED)
mprj/load_slew26/X                       10     15     -5 (VIOLATED)
mprj2/load_slew26/X                      10     15     -5 (VIOLATED)
mprj/clkbuf_3_6_0_wb_clk_i/X             10     12     -2 (VIOLATED)
mprj/clkbuf_3_7_0_wb_clk_i/X             10     12     -2 (VIOLATED)
mprj2/clkbuf_3_6_0_wb_clk_i/X            10     12     -2 (VIOLATED)
mprj2/clkbuf_3_7_0_wb_clk_i/X            10     12     -2 (VIOLATED)
mprj/_384_/Y                             10     11        (VIOLATED)
mprj/_385_/Y                             10     11        (VIOLATED)
mprj/_564_/X                             10     11        (VIOLATED)
mprj/clkbuf_3_0_0_wb_clk_i/X             10     11        (VIOLATED)
mprj/clkbuf_3_1_0_wb_clk_i/X             10     11        (VIOLATED)
mprj/clkbuf_3_2_0_wb_clk_i/X             10     11        (VIOLATED)
mprj/clkbuf_3_3_0_wb_clk_i/X             10     11        (VIOLATED)
mprj/clkbuf_3_4_0_wb_clk_i/X             10     11        (VIOLATED)
mprj/clkbuf_3_5_0_wb_clk_i/X             10     11        (VIOLATED)
mprj2/_384_/Y                            10     11        (VIOLATED)
mprj2/_385_/Y                            10     11        (VIOLATED)
mprj2/_564_/X                            10     11        (VIOLATED)
mprj2/clkbuf_3_0_0_wb_clk_i/X            10     11        (VIOLATED)
mprj2/clkbuf_3_1_0_wb_clk_i/X            10     11        (VIOLATED)
mprj2/clkbuf_3_2_0_wb_clk_i/X            10     11        (VIOLATED)
mprj2/clkbuf_3_3_0_wb_clk_i/X            10     11        (VIOLATED)
mprj2/clkbuf_3_4_0_wb_clk_i/X            10     11        (VIOLATED)
mprj2/clkbuf_3_5_0_wb_clk_i/X            10     11        (VIOLATED)

max capacitance

Pin                                        Limit         Cap       Slack
------------------------------------------------------------------------
gpio_in[0]                              0.200000    0.597213   -0.397213 (VIOLATED)
mprj2/output2/X                         0.094309    0.467476   -0.373167 (VIOLATED)
mprj2/output4/X                         0.094309    0.425970   -0.331661 (VIOLATED)
mprj2/output5/X                         0.094309    0.355557   -0.261248 (VIOLATED)
gpio_loopback_zero[35]                  0.200000    0.381737   -0.181737 (VIOLATED)
gpio_loopback_zero[19]                  0.200000    0.380407   -0.180407 (VIOLATED)
gpio_loopback_zero[15]                  0.200000    0.380394   -0.180394 (VIOLATED)
gpio_loopback_zero[37]                  0.200000    0.380343   -0.180343 (VIOLATED)
gpio_loopback_zero[36]                  0.200000    0.380186   -0.180186 (VIOLATED)
gpio_loopback_zero[20]                  0.200000    0.380034   -0.180034 (VIOLATED)
gpio_loopback_zero[22]                  0.200000    0.379779   -0.179779 (VIOLATED)
gpio_loopback_zero[21]                  0.200000    0.379767   -0.179767 (VIOLATED)
gpio_loopback_zero[39]                  0.200000    0.379719   -0.179719 (VIOLATED)
gpio_loopback_zero[42]                  0.200000    0.379241   -0.179241 (VIOLATED)
gpio_loopback_zero[23]                  0.200000    0.379213   -0.179213 (VIOLATED)
gpio_loopback_zero[0]                   0.200000    0.379088   -0.179088 (VIOLATED)
gpio_loopback_zero[38]                  0.200000    0.378622   -0.178622 (VIOLATED)
gpio_loopback_zero[18]                  0.200000    0.378593   -0.178593 (VIOLATED)
gpio_loopback_zero[43]                  0.200000    0.378344   -0.178344 (VIOLATED)
gpio_loopback_zero[17]                  0.200000    0.378108   -0.178108 (VIOLATED)
gpio_loopback_zero[16]                  0.200000    0.378010   -0.178010 (VIOLATED)
gpio_loopback_zero[41]                  0.200000    0.377904   -0.177904 (VIOLATED)
gpio_loopback_zero[40]                  0.200000    0.377832   -0.177832 (VIOLATED)
gpio_loopback_zero[14]                  0.200000    0.377729   -0.177729 (VIOLATED)
mprj2/output6/X                         0.094309    0.271978   -0.177669 (VIOLATED)
gpio_loopback_zero[13]                  0.200000    0.377175   -0.177175 (VIOLATED)
mprj2/output3/X                         0.094309    0.237348   -0.143039 (VIOLATED)
gpio_in[1]                              0.200000    0.324730   -0.124730 (VIOLATED)
gpio_loopback_zero[31]                  0.200000    0.321392   -0.121392 (VIOLATED)
gpio_loopback_zero[26]                  0.200000    0.318348   -0.118348 (VIOLATED)
gpio_loopback_zero[29]                  0.200000    0.318100   -0.118100 (VIOLATED)
gpio_loopback_zero[25]                  0.200000    0.317784   -0.117784 (VIOLATED)
gpio_loopback_zero[28]                  0.200000    0.316903   -0.116903 (VIOLATED)
gpio_loopback_zero[33]                  0.200000    0.316693   -0.116693 (VIOLATED)
mprj2/output12/X                        0.094309    0.210694   -0.116385 (VIOLATED)
gpio_loopback_zero[27]                  0.200000    0.316263   -0.116263 (VIOLATED)
gpio_loopback_zero[32]                  0.200000    0.316216   -0.116216 (VIOLATED)
gpio_loopback_zero[24]                  0.200000    0.314619   -0.114619 (VIOLATED)
gpio_loopback_zero[34]                  0.200000    0.314183   -0.114183 (VIOLATED)
gpio_loopback_zero[30]                  0.200000    0.313905   -0.113905 (VIOLATED)
gpio_loopback_zero[2]                   0.200000    0.313637   -0.113637 (VIOLATED)
gpio_loopback_zero[9]                   0.200000    0.313087   -0.113087 (VIOLATED)
gpio_loopback_zero[3]                   0.200000    0.312938   -0.112938 (VIOLATED)
gpio_loopback_zero[10]                  0.200000    0.312249   -0.112249 (VIOLATED)
gpio_loopback_zero[8]                   0.200000    0.312219   -0.112219 (VIOLATED)
gpio_loopback_zero[4]                   0.200000    0.312034   -0.112034 (VIOLATED)
gpio_loopback_zero[12]                  0.200000    0.311923   -0.111923 (VIOLATED)
gpio_loopback_zero[7]                   0.200000    0.311750   -0.111750 (VIOLATED)
gpio_loopback_zero[5]                   0.200000    0.311267   -0.111267 (VIOLATED)
gpio_loopback_zero[6]                   0.200000    0.311086   -0.111086 (VIOLATED)
gpio_loopback_zero[1]                   0.200000    0.311072   -0.111072 (VIOLATED)
gpio_loopback_zero[11]                  0.200000    0.310038   -0.110038 (VIOLATED)
mprj2/output7/X                         0.094309    0.200669   -0.106360 (VIOLATED)
mprj2/output11/X                        0.094309    0.156653   -0.062344 (VIOLATED)
mprj2/output8/X                         0.094309    0.150226   -0.055917 (VIOLATED)



===========================================================================
report_parasitic_annotation -report_unannotated
============================================================================
Found 223 unannotated drivers.
 analog_io[0]
 analog_io[10]
 analog_io[11]
 analog_io[12]
 analog_io[13]
 analog_io[14]
 analog_io[15]
 analog_io[16]
 analog_io[17]
 analog_io[18]
 analog_io[19]
 analog_io[1]
 analog_io[20]
 analog_io[21]
 analog_io[22]
 analog_io[23]
 analog_io[24]
 analog_io[25]
 analog_io[26]
 analog_io[27]
 analog_io[28]
 analog_io[29]
 analog_io[2]
 analog_io[30]
 analog_io[31]
 analog_io[32]
 analog_io[33]
 analog_io[34]
 analog_io[35]
 analog_io[36]
 analog_io[37]
 analog_io[38]
 analog_io[39]
 analog_io[3]
 analog_io[40]
 analog_io[41]
 analog_io[42]
 analog_io[43]
 analog_io[4]
 analog_io[5]
 analog_io[6]
 analog_io[7]
 analog_io[8]
 analog_io[9]
 analog_noesd_io[0]
 analog_noesd_io[10]
 analog_noesd_io[11]
 analog_noesd_io[12]
 analog_noesd_io[13]
 analog_noesd_io[14]
 analog_noesd_io[15]
 analog_noesd_io[16]
 analog_noesd_io[17]
 analog_noesd_io[18]
 analog_noesd_io[19]
 analog_noesd_io[1]
 analog_noesd_io[20]
 analog_noesd_io[21]
 analog_noesd_io[22]
 analog_noesd_io[23]
 analog_noesd_io[24]
 analog_noesd_io[25]
 analog_noesd_io[26]
 analog_noesd_io[27]
 analog_noesd_io[28]
 analog_noesd_io[29]
 analog_noesd_io[2]
 analog_noesd_io[30]
 analog_noesd_io[31]
 analog_noesd_io[32]
 analog_noesd_io[33]
 analog_noesd_io[34]
 analog_noesd_io[35]
 analog_noesd_io[36]
 analog_noesd_io[37]
 analog_noesd_io[38]
 analog_noesd_io[39]
 analog_noesd_io[3]
 analog_noesd_io[40]
 analog_noesd_io[41]
 analog_noesd_io[42]
 analog_noesd_io[43]
 analog_noesd_io[4]
 analog_noesd_io[5]
 analog_noesd_io[6]
 analog_noesd_io[7]
 analog_noesd_io[8]
 analog_noesd_io[9]
 gpio_in[10]
 gpio_in[11]
 gpio_in[12]
 gpio_in[13]
 gpio_in[14]
 gpio_in[15]
 gpio_in[16]
 gpio_in[17]
 gpio_in[18]
 gpio_in[19]
 gpio_in[20]
 gpio_in[21]
 gpio_in[22]
 gpio_in[23]
 gpio_in[24]
 gpio_in[25]
 gpio_in[26]
 gpio_in[27]
 gpio_in[28]
 gpio_in[29]
 gpio_in[2]
 gpio_in[30]
 gpio_in[31]
 gpio_in[32]
 gpio_in[33]
 gpio_in[34]
 gpio_in[35]
 gpio_in[36]
 gpio_in[37]
 gpio_in[38]
 gpio_in[39]
 gpio_in[3]
 gpio_in[40]
 gpio_in[41]
 gpio_in[42]
 gpio_in[43]
 gpio_in[4]
 gpio_in[5]
 gpio_in[6]
 gpio_in[7]
 gpio_in[8]
 gpio_in[9]
 gpio_in_h[0]
 gpio_in_h[10]
 gpio_in_h[11]
 gpio_in_h[12]
 gpio_in_h[13]
 gpio_in_h[14]
 gpio_in_h[15]
 gpio_in_h[16]
 gpio_in_h[17]
 gpio_in_h[18]
 gpio_in_h[19]
 gpio_in_h[1]
 gpio_in_h[20]
 gpio_in_h[21]
 gpio_in_h[22]
 gpio_in_h[23]
 gpio_in_h[24]
 gpio_in_h[25]
 gpio_in_h[26]
 gpio_in_h[27]
 gpio_in_h[28]
 gpio_in_h[29]
 gpio_in_h[2]
 gpio_in_h[30]
 gpio_in_h[31]
 gpio_in_h[32]
 gpio_in_h[33]
 gpio_in_h[34]
 gpio_in_h[35]
 gpio_in_h[36]
 gpio_in_h[37]
 gpio_in_h[38]
 gpio_in_h[39]
 gpio_in_h[3]
 gpio_in_h[40]
 gpio_in_h[41]
 gpio_in_h[42]
 gpio_in_h[43]
 gpio_in_h[4]
 gpio_in_h[5]
 gpio_in_h[6]
 gpio_in_h[7]
 gpio_in_h[8]
 gpio_in_h[9]
 mask_rev[0]
 mask_rev[10]
 mask_rev[11]
 mask_rev[12]
 mask_rev[13]
 mask_rev[14]
 mask_rev[15]
 mask_rev[16]
 mask_rev[17]
 mask_rev[18]
 mask_rev[19]
 mask_rev[1]
 mask_rev[20]
 mask_rev[21]
 mask_rev[22]
 mask_rev[23]
 mask_rev[24]
 mask_rev[25]
 mask_rev[26]
 mask_rev[27]
 mask_rev[28]
 mask_rev[29]
 mask_rev[2]
 mask_rev[30]
 mask_rev[31]
 mask_rev[3]
 mask_rev[4]
 mask_rev[5]
 mask_rev[6]
 mask_rev[7]
 mask_rev[8]
 mask_rev[9]
 por_l
 porb_h
 porb_l
 resetb_h
 resetb_l
 mprj/clkload0/X
 mprj/clkload1/X
 mprj/clkload2/X
 mprj/clkload3/X
 mprj/clkload4/X
 mprj/clkload5/X
 mprj2/clkload0/X
 mprj2/clkload1/X
 mprj2/clkload2/X
 mprj2/clkload3/X
 mprj2/clkload4/X
 mprj2/clkload5/X
Found 0 partially unannotated drivers.

===========================================================================
max slew violation count 892
max fanout violation count 28
max cap violation count 55
============================================================================

===========================================================================
check_setup -verbose -unconstrained_endpoints -multiple_clock -no_clock -no_input_delay -loops -generated_clocks
===========================================================================
Warning: There are 168 unclocked register/latch pins.
  mprj/_675_/CLK
  mprj/_676_/CLK
  mprj/_677_/CLK
  mprj/_678_/CLK
  mprj/_679_/CLK
  mprj/_680_/CLK
  mprj/_681_/CLK
  mprj/_682_/CLK
  mprj/_683_/CLK
  mprj/_684_/CLK
  mprj/_685_/CLK
  mprj/_686_/CLK
  mprj/_687_/CLK
  mprj/_688_/CLK
  mprj/_689_/CLK
  mprj/_690_/CLK
  mprj/_691_/CLK
  mprj/_692_/CLK
  mprj/_693_/CLK
  mprj/_694_/CLK
  mprj/_695_/CLK
  mprj/_696_/CLK
  mprj/_697_/CLK
  mprj/_698_/CLK
  mprj/_699_/CLK
  mprj/_700_/CLK
  mprj/_701_/CLK
  mprj/_702_/CLK
  mprj/_703_/CLK
  mprj/_704_/CLK
  mprj/_705_/CLK
  mprj/_706_/CLK
  mprj/_707_/CLK
  mprj/_708_/CLK
  mprj/_709_/CLK
  mprj/_710_/CLK
  mprj/_711_/CLK
  mprj/_712_/CLK
  mprj/_713_/CLK
  mprj/_714_/CLK
  mprj/_715_/CLK
  mprj/_716_/CLK
  mprj/_717_/CLK
  mprj/_718_/CLK
  mprj/_719_/CLK
  mprj/_720_/CLK
  mprj/_721_/CLK
  mprj/_722_/CLK
  mprj/_723_/CLK
  mprj/_724_/CLK
  mprj/_725_/CLK
  mprj/_726_/CLK
  mprj/_727_/CLK
  mprj/_728_/CLK
  mprj/_729_/CLK
  mprj/_730_/CLK
  mprj/_731_/CLK
  mprj/_732_/CLK
  mprj/_733_/CLK
  mprj/_734_/CLK
  mprj/_735_/CLK
  mprj/_736_/CLK
  mprj/_737_/CLK
  mprj/_738_/CLK
  mprj/_739_/CLK
  mprj/_740_/CLK
  mprj/_741_/CLK
  mprj/_742_/CLK
  mprj/_743_/CLK
  mprj/_744_/CLK
  mprj/_745_/CLK
  mprj/_746_/CLK
  mprj/_747_/CLK
  mprj/_748_/CLK
  mprj/_749_/CLK
  mprj/_750_/CLK
  mprj/_751_/CLK
  mprj/_752_/CLK
  mprj/_753_/CLK
  mprj/_754_/CLK
  mprj/_755_/CLK
  mprj/_756_/CLK
  mprj/_757_/CLK
  mprj/_758_/CLK
  mprj2/_675_/CLK
  mprj2/_676_/CLK
  mprj2/_677_/CLK
  mprj2/_678_/CLK
  mprj2/_679_/CLK
  mprj2/_680_/CLK
  mprj2/_681_/CLK
  mprj2/_682_/CLK
  mprj2/_683_/CLK
  mprj2/_684_/CLK
  mprj2/_685_/CLK
  mprj2/_686_/CLK
  mprj2/_687_/CLK
  mprj2/_688_/CLK
  mprj2/_689_/CLK
  mprj2/_690_/CLK
  mprj2/_691_/CLK
  mprj2/_692_/CLK
  mprj2/_693_/CLK
  mprj2/_694_/CLK
  mprj2/_695_/CLK
  mprj2/_696_/CLK
  mprj2/_697_/CLK
  mprj2/_698_/CLK
  mprj2/_699_/CLK
  mprj2/_700_/CLK
  mprj2/_701_/CLK
  mprj2/_702_/CLK
  mprj2/_703_/CLK
  mprj2/_704_/CLK
  mprj2/_705_/CLK
  mprj2/_706_/CLK
  mprj2/_707_/CLK
  mprj2/_708_/CLK
  mprj2/_709_/CLK
  mprj2/_710_/CLK
  mprj2/_711_/CLK
  mprj2/_712_/CLK
  mprj2/_713_/CLK
  mprj2/_714_/CLK
  mprj2/_715_/CLK
  mprj2/_716_/CLK
  mprj2/_717_/CLK
  mprj2/_718_/CLK
  mprj2/_719_/CLK
  mprj2/_720_/CLK
  mprj2/_721_/CLK
  mprj2/_722_/CLK
  mprj2/_723_/CLK
  mprj2/_724_/CLK
  mprj2/_725_/CLK
  mprj2/_726_/CLK
  mprj2/_727_/CLK
  mprj2/_728_/CLK
  mprj2/_729_/CLK
  mprj2/_730_/CLK
  mprj2/_731_/CLK
  mprj2/_732_/CLK
  mprj2/_733_/CLK
  mprj2/_734_/CLK
  mprj2/_735_/CLK
  mprj2/_736_/CLK
  mprj2/_737_/CLK
  mprj2/_738_/CLK
  mprj2/_739_/CLK
  mprj2/_740_/CLK
  mprj2/_741_/CLK
  mprj2/_742_/CLK
  mprj2/_743_/CLK
  mprj2/_744_/CLK
  mprj2/_745_/CLK
  mprj2/_746_/CLK
  mprj2/_747_/CLK
  mprj2/_748_/CLK
  mprj2/_749_/CLK
  mprj2/_750_/CLK
  mprj2/_751_/CLK
  mprj2/_752_/CLK
  mprj2/_753_/CLK
  mprj2/_754_/CLK
  mprj2/_755_/CLK
  mprj2/_756_/CLK
  mprj2/_757_/CLK
  mprj2/_758_/CLK
Warning: There are 278 unconstrained endpoints.
  analog_io[0]
  analog_io[10]
  analog_io[11]
  analog_io[12]
  analog_io[13]
  analog_io[14]
  analog_io[15]
  analog_io[16]
  analog_io[17]
  analog_io[18]
  analog_io[19]
  analog_io[1]
  analog_io[20]
  analog_io[21]
  analog_io[22]
  analog_io[23]
  analog_io[24]
  analog_io[25]
  analog_io[26]
  analog_io[27]
  analog_io[28]
  analog_io[29]
  analog_io[2]
  analog_io[30]
  analog_io[31]
  analog_io[32]
  analog_io[33]
  analog_io[34]
  analog_io[35]
  analog_io[36]
  analog_io[37]
  analog_io[38]
  analog_io[39]
  analog_io[3]
  analog_io[40]
  analog_io[41]
  analog_io[42]
  analog_io[43]
  analog_io[4]
  analog_io[5]
  analog_io[6]
  analog_io[7]
  analog_io[8]
  analog_io[9]
  analog_noesd_io[0]
  analog_noesd_io[10]
  analog_noesd_io[11]
  analog_noesd_io[12]
  analog_noesd_io[13]
  analog_noesd_io[14]
  analog_noesd_io[15]
  analog_noesd_io[16]
  analog_noesd_io[17]
  analog_noesd_io[18]
  analog_noesd_io[19]
  analog_noesd_io[1]
  analog_noesd_io[20]
  analog_noesd_io[21]
  analog_noesd_io[22]
  analog_noesd_io[23]
  analog_noesd_io[24]
  analog_noesd_io[25]
  analog_noesd_io[26]
  analog_noesd_io[27]
  analog_noesd_io[28]
  analog_noesd_io[29]
  analog_noesd_io[2]
  analog_noesd_io[30]
  analog_noesd_io[31]
  analog_noesd_io[32]
  analog_noesd_io[33]
  analog_noesd_io[34]
  analog_noesd_io[35]
  analog_noesd_io[36]
  analog_noesd_io[37]
  analog_noesd_io[38]
  analog_noesd_io[39]
  analog_noesd_io[3]
  analog_noesd_io[40]
  analog_noesd_io[41]
  analog_noesd_io[42]
  analog_noesd_io[43]
  analog_noesd_io[4]
  analog_noesd_io[5]
  analog_noesd_io[6]
  analog_noesd_io[7]
  analog_noesd_io[8]
  analog_noesd_io[9]
  gpio_out[10]
  gpio_out[11]
  gpio_out[12]
  gpio_out[24]
  gpio_out[25]
  gpio_out[26]
  gpio_out[27]
  gpio_out[28]
  gpio_out[29]
  gpio_out[2]
  gpio_out[30]
  gpio_out[31]
  gpio_out[32]
  gpio_out[33]
  gpio_out[34]
  gpio_out[3]
  gpio_out[4]
  gpio_out[5]
  gpio_out[6]
  gpio_out[7]
  gpio_out[8]
  gpio_out[9]
  mprj/_675_/D
  mprj/_676_/D
  mprj/_677_/D
  mprj/_678_/D
  mprj/_679_/D
  mprj/_680_/D
  mprj/_681_/D
  mprj/_682_/D
  mprj/_683_/D
  mprj/_684_/D
  mprj/_685_/D
  mprj/_686_/D
  mprj/_687_/D
  mprj/_688_/D
  mprj/_689_/D
  mprj/_690_/D
  mprj/_691_/D
  mprj/_692_/D
  mprj/_693_/D
  mprj/_694_/D
  mprj/_695_/D
  mprj/_696_/D
  mprj/_697_/D
  mprj/_698_/D
  mprj/_699_/D
  mprj/_700_/D
  mprj/_701_/D
  mprj/_702_/D
  mprj/_703_/D
  mprj/_704_/D
  mprj/_705_/D
  mprj/_706_/D
  mprj/_707_/D
  mprj/_708_/D
  mprj/_709_/D
  mprj/_710_/D
  mprj/_711_/D
  mprj/_712_/D
  mprj/_713_/D
  mprj/_714_/D
  mprj/_715_/D
  mprj/_716_/D
  mprj/_717_/D
  mprj/_718_/D
  mprj/_719_/D
  mprj/_720_/D
  mprj/_721_/D
  mprj/_722_/D
  mprj/_723_/D
  mprj/_724_/D
  mprj/_725_/D
  mprj/_726_/D
  mprj/_727_/D
  mprj/_728_/D
  mprj/_729_/D
  mprj/_730_/D
  mprj/_731_/D
  mprj/_732_/D
  mprj/_733_/D
  mprj/_734_/D
  mprj/_735_/D
  mprj/_736_/D
  mprj/_737_/D
  mprj/_738_/D
  mprj/_739_/D
  mprj/_740_/D
  mprj/_741_/D
  mprj/_742_/D
  mprj/_743_/D
  mprj/_744_/D
  mprj/_745_/D
  mprj/_746_/D
  mprj/_747_/D
  mprj/_748_/D
  mprj/_749_/D
  mprj/_750_/D
  mprj/_751_/D
  mprj/_752_/D
  mprj/_753_/D
  mprj/_754_/D
  mprj/_755_/D
  mprj/_756_/D
  mprj/_757_/D
  mprj/_758_/D
  mprj2/_675_/D
  mprj2/_676_/D
  mprj2/_677_/D
  mprj2/_678_/D
  mprj2/_679_/D
  mprj2/_680_/D
  mprj2/_681_/D
  mprj2/_682_/D
  mprj2/_683_/D
  mprj2/_684_/D
  mprj2/_685_/D
  mprj2/_686_/D
  mprj2/_687_/D
  mprj2/_688_/D
  mprj2/_689_/D
  mprj2/_690_/D
  mprj2/_691_/D
  mprj2/_692_/D
  mprj2/_693_/D
  mprj2/_694_/D
  mprj2/_695_/D
  mprj2/_696_/D
  mprj2/_697_/D
  mprj2/_698_/D
  mprj2/_699_/D
  mprj2/_700_/D
  mprj2/_701_/D
  mprj2/_702_/D
  mprj2/_703_/D
  mprj2/_704_/D
  mprj2/_705_/D
  mprj2/_706_/D
  mprj2/_707_/D
  mprj2/_708_/D
  mprj2/_709_/D
  mprj2/_710_/D
  mprj2/_711_/D
  mprj2/_712_/D
  mprj2/_713_/D
  mprj2/_714_/D
  mprj2/_715_/D
  mprj2/_716_/D
  mprj2/_717_/D
  mprj2/_718_/D
  mprj2/_719_/D
  mprj2/_720_/D
  mprj2/_721_/D
  mprj2/_722_/D
  mprj2/_723_/D
  mprj2/_724_/D
  mprj2/_725_/D
  mprj2/_726_/D
  mprj2/_727_/D
  mprj2/_728_/D
  mprj2/_729_/D
  mprj2/_730_/D
  mprj2/_731_/D
  mprj2/_732_/D
  mprj2/_733_/D
  mprj2/_734_/D
  mprj2/_735_/D
  mprj2/_736_/D
  mprj2/_737_/D
  mprj2/_738_/D
  mprj2/_739_/D
  mprj2/_740_/D
  mprj2/_741_/D
  mprj2/_742_/D
  mprj2/_743_/D
  mprj2/_744_/D
  mprj2/_745_/D
  mprj2/_746_/D
  mprj2/_747_/D
  mprj2/_748_/D
  mprj2/_749_/D
  mprj2/_750_/D
  mprj2/_751_/D
  mprj2/_752_/D
  mprj2/_753_/D
  mprj2/_754_/D
  mprj2/_755_/D
  mprj2/_756_/D
  mprj2/_757_/D
  mprj2/_758_/D
