
===========================================================================
report_checks -unconstrained
===========================================================================
======================= min_ss_100C_1v60 Corner ===================================

Startpoint: gpio_loopback_zero[15] (input port clocked by __VIRTUAL_CLK__)
Endpoint: gpio_analog_en[15] (output port clocked by __VIRTUAL_CLK__)
Path Group: __VIRTUAL_CLK__
Path Type: max

Fanout         Cap        Slew       Delay        Time   Description
---------------------------------------------------------------------------------------------
                      0.000000    0.000000    0.000000   clock __VIRTUAL_CLK__ (rise edge)
                                  0.000000    0.000000   clock network delay (ideal)
                                  2.000000    2.000000 ^ input external delay
    11    0.382257    2.702996    1.910659    3.910660 ^ gpio_loopback_zero[15] (in)
                                                         gpio_loopback_zero[15] (net)
                      2.703022    0.000000    3.910660 ^ gpio_analog_en[15] (out)
                                              3.910660   data arrival time

                      0.000000   10.000000   10.000000   clock __VIRTUAL_CLK__ (rise edge)
                                  0.000000   10.000000   clock network delay (ideal)
                                 -0.250000    9.750000   clock uncertainty
                                  0.000000    9.750000   clock reconvergence pessimism
                                 -2.000000    7.750000   output external delay
                                              7.750000   data required time
---------------------------------------------------------------------------------------------
                                              7.750000   data required time
                                             -3.910660   data arrival time
---------------------------------------------------------------------------------------------
                                              3.839340   slack (MET)




===========================================================================
report_checks --slack_max -0.01
============================================================================
======================= min_ss_100C_1v60 Corner ===================================

No paths found.


===========================================================================
 report_check_types -max_slew -max_cap -max_fanout -violators
============================================================================
======================= min_ss_100C_1v60 Corner ===================================

max slew

Pin                                        Limit        Slew       Slack
------------------------------------------------------------------------
gpio_analog_en[15]                      0.500000    2.703022   -2.203022 (VIOLATED)
gpio_analog_pol[15]                     0.500000    2.703020   -2.203020 (VIOLATED)
gpio_dm0[15]                            0.500000    2.703021   -2.203021 (VIOLATED)
gpio_dm1[15]                            0.500000    2.703021   -2.203021 (VIOLATED)
gpio_slow_sel[15]                       0.500000    2.703021   -2.203021 (VIOLATED)
gpio_analog_sel[15]                     0.500000    2.703014   -2.203014 (VIOLATED)
gpio_dm2[15]                            0.500000    2.703011   -2.203011 (VIOLATED)
gpio_holdover[15]                       0.500000    2.703008   -2.203008 (VIOLATED)
gpio_out[15]                            0.500000    2.703003   -2.203003 (VIOLATED)
gpio_ib_mode_sel[15]                    0.500000    2.703000   -2.203000 (VIOLATED)
gpio_vtrip_sel[15]                      0.500000    2.703000   -2.203000 (VIOLATED)
gpio_loopback_zero[15]                  0.500000    2.702996   -2.202996 (VIOLATED)
gpio_analog_en[20]                      0.500000    2.701363   -2.201363 (VIOLATED)
gpio_analog_pol[20]                     0.500000    2.701361   -2.201361 (VIOLATED)
gpio_dm0[20]                            0.500000    2.701361   -2.201361 (VIOLATED)
gpio_dm1[20]                            0.500000    2.701362   -2.201362 (VIOLATED)
gpio_slow_sel[20]                       0.500000    2.701362   -2.201362 (VIOLATED)
gpio_analog_sel[20]                     0.500000    2.701355   -2.201355 (VIOLATED)
gpio_dm2[20]                            0.500000    2.701352   -2.201352 (VIOLATED)
gpio_holdover[20]                       0.500000    2.701349   -2.201349 (VIOLATED)
gpio_out[20]                            0.500000    2.701344   -2.201344 (VIOLATED)
gpio_ib_mode_sel[20]                    0.500000    2.701341   -2.201341 (VIOLATED)
gpio_vtrip_sel[20]                      0.500000    2.701341   -2.201341 (VIOLATED)
gpio_loopback_zero[20]                  0.500000    2.701337   -2.201337 (VIOLATED)
gpio_slow_sel[32]                       0.500000    2.700410   -2.200410 (VIOLATED)
gpio_dm1[32]                            0.500000    2.700407   -2.200407 (VIOLATED)
gpio_analog_en[32]                      0.500000    2.700401   -2.200401 (VIOLATED)
gpio_dm0[32]                            0.500000    2.700400   -2.200400 (VIOLATED)
gpio_analog_pol[32]                     0.500000    2.700394   -2.200394 (VIOLATED)
gpio_analog_sel[32]                     0.500000    2.700387   -2.200387 (VIOLATED)
gpio_dm2[32]                            0.500000    2.700387   -2.200387 (VIOLATED)
gpio_holdover[32]                       0.500000    2.700384   -2.200384 (VIOLATED)
gpio_out[32]                            0.500000    2.700383   -2.200383 (VIOLATED)
gpio_ib_mode_sel[32]                    0.500000    2.700372   -2.200372 (VIOLATED)
gpio_vtrip_sel[32]                      0.500000    2.700374   -2.200373 (VIOLATED)
gpio_loopback_zero[32]                  0.500000    2.700273   -2.200273 (VIOLATED)
gpio_analog_pol[21]                     0.500000    2.699673   -2.199673 (VIOLATED)
gpio_dm0[21]                            0.500000    2.699672   -2.199672 (VIOLATED)
gpio_analog_en[21]                      0.500000    2.699668   -2.199668 (VIOLATED)
gpio_dm1[21]                            0.500000    2.699667   -2.199667 (VIOLATED)
gpio_slow_sel[21]                       0.500000    2.699668   -2.199668 (VIOLATED)
gpio_analog_sel[21]                     0.500000    2.699659   -2.199659 (VIOLATED)
gpio_dm2[21]                            0.500000    2.699652   -2.199652 (VIOLATED)
gpio_holdover[21]                       0.500000    2.699647   -2.199647 (VIOLATED)
gpio_out[21]                            0.500000    2.699643   -2.199642 (VIOLATED)
gpio_vtrip_sel[21]                      0.500000    2.699630   -2.199630 (VIOLATED)
gpio_ib_mode_sel[21]                    0.500000    2.699627   -2.199627 (VIOLATED)
gpio_loopback_zero[21]                  0.500000    2.699619   -2.199619 (VIOLATED)
gpio_analog_en[19]                      0.500000    2.699126   -2.199126 (VIOLATED)
gpio_analog_pol[19]                     0.500000    2.699126   -2.199126 (VIOLATED)
gpio_analog_sel[19]                     0.500000    2.699125   -2.199125 (VIOLATED)
gpio_dm0[19]                            0.500000    2.699126   -2.199126 (VIOLATED)
gpio_dm1[19]                            0.500000    2.699126   -2.199126 (VIOLATED)
gpio_slow_sel[19]                       0.500000    2.699126   -2.199126 (VIOLATED)
gpio_dm2[19]                            0.500000    2.699124   -2.199124 (VIOLATED)
gpio_holdover[19]                       0.500000    2.699124   -2.199124 (VIOLATED)
gpio_out[19]                            0.500000    2.699124   -2.199124 (VIOLATED)
gpio_vtrip_sel[19]                      0.500000    2.699123   -2.199122 (VIOLATED)
gpio_ib_mode_sel[19]                    0.500000    2.699119   -2.199119 (VIOLATED)
gpio_loopback_zero[19]                  0.500000    2.699119   -2.199119 (VIOLATED)
gpio_analog_en[22]                      0.500000    2.697030   -2.197030 (VIOLATED)
gpio_analog_pol[22]                     0.500000    2.697030   -2.197030 (VIOLATED)
gpio_dm0[22]                            0.500000    2.697030   -2.197030 (VIOLATED)
gpio_dm1[22]                            0.500000    2.697031   -2.197031 (VIOLATED)
gpio_slow_sel[22]                       0.500000    2.697031   -2.197031 (VIOLATED)
gpio_analog_sel[22]                     0.500000    2.697026   -2.197026 (VIOLATED)
gpio_dm2[22]                            0.500000    2.697021   -2.197021 (VIOLATED)
gpio_holdover[22]                       0.500000    2.697016   -2.197016 (VIOLATED)
gpio_out[22]                            0.500000    2.697012   -2.197012 (VIOLATED)
gpio_ib_mode_sel[22]                    0.500000    2.697010   -2.197010 (VIOLATED)
gpio_vtrip_sel[22]                      0.500000    2.697011   -2.197011 (VIOLATED)
gpio_loopback_zero[22]                  0.500000    2.697007   -2.197007 (VIOLATED)
gpio_slow_sel[34]                       0.500000    2.696415   -2.196415 (VIOLATED)
gpio_dm1[34]                            0.500000    2.696412   -2.196412 (VIOLATED)
gpio_analog_en[34]                      0.500000    2.696406   -2.196406 (VIOLATED)
gpio_dm0[34]                            0.500000    2.696405   -2.196405 (VIOLATED)
gpio_analog_pol[34]                     0.500000    2.696398   -2.196398 (VIOLATED)
gpio_analog_sel[34]                     0.500000    2.696393   -2.196393 (VIOLATED)
gpio_dm2[34]                            0.500000    2.696391   -2.196391 (VIOLATED)
gpio_holdover[34]                       0.500000    2.696389   -2.196389 (VIOLATED)
gpio_out[34]                            0.500000    2.696388   -2.196388 (VIOLATED)
gpio_vtrip_sel[34]                      0.500000    2.696383   -2.196383 (VIOLATED)
gpio_ib_mode_sel[34]                    0.500000    2.696378   -2.196378 (VIOLATED)
gpio_loopback_zero[34]                  0.500000    2.696291   -2.196291 (VIOLATED)
gpio_analog_en[23]                      0.500000    2.695495   -2.195495 (VIOLATED)
gpio_dm1[23]                            0.500000    2.695497   -2.195497 (VIOLATED)
gpio_slow_sel[23]                       0.500000    2.695497   -2.195497 (VIOLATED)
gpio_dm0[23]                            0.500000    2.695493   -2.195493 (VIOLATED)
gpio_analog_pol[23]                     0.500000    2.695491   -2.195491 (VIOLATED)
gpio_analog_sel[23]                     0.500000    2.695486   -2.195486 (VIOLATED)
gpio_dm2[23]                            0.500000    2.695483   -2.195483 (VIOLATED)
gpio_holdover[23]                       0.500000    2.695481   -2.195481 (VIOLATED)
gpio_out[23]                            0.500000    2.695479   -2.195478 (VIOLATED)
gpio_vtrip_sel[23]                      0.500000    2.695476   -2.195476 (VIOLATED)
gpio_ib_mode_sel[23]                    0.500000    2.695472   -2.195472 (VIOLATED)
gpio_loopback_zero[23]                  0.500000    2.695472   -2.195472 (VIOLATED)
gpio_analog_en[14]                      0.500000    2.693479   -2.193479 (VIOLATED)
gpio_analog_pol[14]                     0.500000    2.693479   -2.193479 (VIOLATED)
gpio_dm0[14]                            0.500000    2.693479   -2.193479 (VIOLATED)
gpio_dm1[14]                            0.500000    2.693479   -2.193479 (VIOLATED)
gpio_slow_sel[14]                       0.500000    2.693480   -2.193480 (VIOLATED)
gpio_analog_sel[14]                     0.500000    2.693475   -2.193475 (VIOLATED)
gpio_dm2[14]                            0.500000    2.693475   -2.193475 (VIOLATED)
gpio_holdover[14]                       0.500000    2.693475   -2.193475 (VIOLATED)
gpio_ib_mode_sel[14]                    0.500000    2.693475   -2.193475 (VIOLATED)
gpio_loopback_zero[14]                  0.500000    2.693475   -2.193475 (VIOLATED)
gpio_out[14]                            0.500000    2.693475   -2.193475 (VIOLATED)
gpio_vtrip_sel[14]                      0.500000    2.693475   -2.193475 (VIOLATED)
gpio_analog_en[18]                      0.500000    2.688168   -2.188168 (VIOLATED)
gpio_analog_pol[18]                     0.500000    2.688167   -2.188167 (VIOLATED)
gpio_dm0[18]                            0.500000    2.688167   -2.188167 (VIOLATED)
gpio_dm1[18]                            0.500000    2.688168   -2.188168 (VIOLATED)
gpio_slow_sel[18]                       0.500000    2.688168   -2.188168 (VIOLATED)
gpio_analog_sel[18]                     0.500000    2.688165   -2.188165 (VIOLATED)
gpio_dm2[18]                            0.500000    2.688163   -2.188163 (VIOLATED)
gpio_holdover[18]                       0.500000    2.688159   -2.188159 (VIOLATED)
gpio_out[18]                            0.500000    2.688155   -2.188155 (VIOLATED)
gpio_ib_mode_sel[18]                    0.500000    2.688151   -2.188151 (VIOLATED)
gpio_loopback_zero[18]                  0.500000    2.688151   -2.188151 (VIOLATED)
gpio_vtrip_sel[18]                      0.500000    2.688151   -2.188151 (VIOLATED)
gpio_analog_en[16]                      0.500000    2.687694   -2.187694 (VIOLATED)
gpio_analog_pol[16]                     0.500000    2.687693   -2.187693 (VIOLATED)
gpio_dm0[16]                            0.500000    2.687694   -2.187694 (VIOLATED)
gpio_dm1[16]                            0.500000    2.687694   -2.187694 (VIOLATED)
gpio_slow_sel[16]                       0.500000    2.687695   -2.187695 (VIOLATED)
gpio_analog_sel[16]                     0.500000    2.687690   -2.187690 (VIOLATED)
gpio_dm2[16]                            0.500000    2.687685   -2.187685 (VIOLATED)
gpio_holdover[16]                       0.500000    2.687681   -2.187681 (VIOLATED)
gpio_out[16]                            0.500000    2.687677   -2.187677 (VIOLATED)
gpio_ib_mode_sel[16]                    0.500000    2.687673   -2.187673 (VIOLATED)
gpio_loopback_zero[16]                  0.500000    2.687673   -2.187673 (VIOLATED)
gpio_vtrip_sel[16]                      0.500000    2.687673   -2.187673 (VIOLATED)
gpio_analog_en[17]                      0.500000    2.686132   -2.186132 (VIOLATED)
gpio_analog_pol[17]                     0.500000    2.686131   -2.186131 (VIOLATED)
gpio_analog_sel[17]                     0.500000    2.686131   -2.186131 (VIOLATED)
gpio_dm0[17]                            0.500000    2.686132   -2.186131 (VIOLATED)
gpio_dm1[17]                            0.500000    2.686132   -2.186132 (VIOLATED)
gpio_dm2[17]                            0.500000    2.686130   -2.186130 (VIOLATED)
gpio_slow_sel[17]                       0.500000    2.686132   -2.186132 (VIOLATED)
gpio_holdover[17]                       0.500000    2.686127   -2.186127 (VIOLATED)
gpio_ib_mode_sel[17]                    0.500000    2.686127   -2.186127 (VIOLATED)
gpio_loopback_zero[17]                  0.500000    2.686127   -2.186127 (VIOLATED)
gpio_out[17]                            0.500000    2.686127   -2.186127 (VIOLATED)
gpio_vtrip_sel[17]                      0.500000    2.686127   -2.186127 (VIOLATED)
gpio_slow_sel[31]                       0.500000    2.685488   -2.185488 (VIOLATED)
gpio_dm1[31]                            0.500000    2.685485   -2.185485 (VIOLATED)
gpio_analog_en[31]                      0.500000    2.685479   -2.185479 (VIOLATED)
gpio_analog_pol[31]                     0.500000    2.685478   -2.185478 (VIOLATED)
gpio_dm0[31]                            0.500000    2.685479   -2.185478 (VIOLATED)
gpio_analog_sel[31]                     0.500000    2.685455   -2.185455 (VIOLATED)
gpio_dm2[31]                            0.500000    2.685454   -2.185454 (VIOLATED)
gpio_holdover[31]                       0.500000    2.685453   -2.185452 (VIOLATED)
gpio_out[31]                            0.500000    2.685452   -2.185452 (VIOLATED)
gpio_ib_mode_sel[31]                    0.500000    2.685433   -2.185433 (VIOLATED)
gpio_vtrip_sel[31]                      0.500000    2.685435   -2.185435 (VIOLATED)
gpio_loopback_zero[31]                  0.500000    2.685374   -2.185374 (VIOLATED)
gpio_analog_en[0]                       0.500000    2.683486   -2.183486 (VIOLATED)
gpio_analog_pol[0]                      0.500000    2.683486   -2.183486 (VIOLATED)
gpio_dm1[0]                             0.500000    2.683486   -2.183486 (VIOLATED)
gpio_inp_dis[0]                         0.500000    2.683486   -2.183486 (VIOLATED)
gpio_slow_sel[0]                        0.500000    2.683486   -2.183486 (VIOLATED)
gpio_analog_sel[0]                      0.500000    2.683482   -2.183482 (VIOLATED)
gpio_dm2[0]                             0.500000    2.683482   -2.183482 (VIOLATED)
gpio_holdover[0]                        0.500000    2.683482   -2.183482 (VIOLATED)
gpio_ib_mode_sel[0]                     0.500000    2.683482   -2.183482 (VIOLATED)
gpio_loopback_zero[0]                   0.500000    2.683482   -2.183482 (VIOLATED)
gpio_out[0]                             0.500000    2.683482   -2.183482 (VIOLATED)
gpio_vtrip_sel[0]                       0.500000    2.683482   -2.183482 (VIOLATED)
gpio_slow_sel[25]                       0.500000    2.681956   -2.181956 (VIOLATED)
gpio_dm1[25]                            0.500000    2.681953   -2.181953 (VIOLATED)
gpio_analog_en[25]                      0.500000    2.681945   -2.181945 (VIOLATED)
gpio_analog_pol[25]                     0.500000    2.681944   -2.181944 (VIOLATED)
gpio_dm0[25]                            0.500000    2.681945   -2.181944 (VIOLATED)
gpio_analog_sel[25]                     0.500000    2.681911   -2.181911 (VIOLATED)
gpio_dm2[25]                            0.500000    2.681909   -2.181909 (VIOLATED)
gpio_holdover[25]                       0.500000    2.681907   -2.181907 (VIOLATED)
gpio_out[25]                            0.500000    2.681906   -2.181906 (VIOLATED)
gpio_vtrip_sel[25]                      0.500000    2.681870   -2.181870 (VIOLATED)
gpio_ib_mode_sel[25]                    0.500000    2.681865   -2.181865 (VIOLATED)
gpio_loopback_zero[25]                  0.500000    2.681776   -2.181776 (VIOLATED)
gpio_slow_sel[29]                       0.500000    2.681189   -2.181189 (VIOLATED)
gpio_dm1[29]                            0.500000    2.681186   -2.181186 (VIOLATED)
gpio_analog_en[29]                      0.500000    2.681179   -2.181179 (VIOLATED)
gpio_analog_pol[29]                     0.500000    2.681177   -2.181177 (VIOLATED)
gpio_dm0[29]                            0.500000    2.681178   -2.181178 (VIOLATED)
gpio_analog_sel[29]                     0.500000    2.681144   -2.181144 (VIOLATED)
gpio_dm2[29]                            0.500000    2.681143   -2.181143 (VIOLATED)
gpio_holdover[29]                       0.500000    2.681141   -2.181141 (VIOLATED)
gpio_out[29]                            0.500000    2.681140   -2.181140 (VIOLATED)
gpio_ib_mode_sel[29]                    0.500000    2.681107   -2.181107 (VIOLATED)
gpio_vtrip_sel[29]                      0.500000    2.681109   -2.181109 (VIOLATED)
gpio_loopback_zero[29]                  0.500000    2.681038   -2.181038 (VIOLATED)
gpio_slow_sel[33]                       0.500000    2.678560   -2.178560 (VIOLATED)
gpio_dm1[33]                            0.500000    2.678557   -2.178556 (VIOLATED)
gpio_analog_en[33]                      0.500000    2.678550   -2.178549 (VIOLATED)
gpio_analog_pol[33]                     0.500000    2.678548   -2.178548 (VIOLATED)
gpio_dm0[33]                            0.500000    2.678549   -2.178549 (VIOLATED)
gpio_analog_sel[33]                     0.500000    2.678520   -2.178520 (VIOLATED)
gpio_dm2[33]                            0.500000    2.678519   -2.178519 (VIOLATED)
gpio_holdover[33]                       0.500000    2.678518   -2.178517 (VIOLATED)
gpio_out[33]                            0.500000    2.678516   -2.178516 (VIOLATED)
gpio_ib_mode_sel[33]                    0.500000    2.678481   -2.178481 (VIOLATED)
gpio_vtrip_sel[33]                      0.500000    2.678483   -2.178483 (VIOLATED)
gpio_loopback_zero[33]                  0.500000    2.678399   -2.178399 (VIOLATED)
gpio_slow_sel[26]                       0.500000    2.678207   -2.178207 (VIOLATED)
gpio_dm1[26]                            0.500000    2.678204   -2.178203 (VIOLATED)
gpio_analog_en[26]                      0.500000    2.678197   -2.178197 (VIOLATED)
gpio_analog_pol[26]                     0.500000    2.678195   -2.178195 (VIOLATED)
gpio_dm0[26]                            0.500000    2.678196   -2.178196 (VIOLATED)
gpio_analog_sel[26]                     0.500000    2.678159   -2.178159 (VIOLATED)
gpio_dm2[26]                            0.500000    2.678158   -2.178158 (VIOLATED)
gpio_holdover[26]                       0.500000    2.678156   -2.178156 (VIOLATED)
gpio_out[26]                            0.500000    2.678155   -2.178155 (VIOLATED)
gpio_ib_mode_sel[26]                    0.500000    2.678120   -2.178120 (VIOLATED)
gpio_vtrip_sel[26]                      0.500000    2.678122   -2.178122 (VIOLATED)
gpio_loopback_zero[26]                  0.500000    2.678043   -2.178043 (VIOLATED)
gpio_slow_sel[27]                       0.500000    2.677131   -2.177130 (VIOLATED)
gpio_dm1[27]                            0.500000    2.677127   -2.177127 (VIOLATED)
gpio_analog_en[27]                      0.500000    2.677121   -2.177120 (VIOLATED)
gpio_analog_pol[27]                     0.500000    2.677119   -2.177119 (VIOLATED)
gpio_dm0[27]                            0.500000    2.677120   -2.177120 (VIOLATED)
gpio_slow_sel[35]                       0.500000    2.677120   -2.177120 (VIOLATED)
gpio_dm1[35]                            0.500000    2.677116   -2.177116 (VIOLATED)
gpio_analog_en[35]                      0.500000    2.677110   -2.177110 (VIOLATED)
gpio_analog_pol[35]                     0.500000    2.677109   -2.177109 (VIOLATED)
gpio_dm0[35]                            0.500000    2.677109   -2.177109 (VIOLATED)
gpio_analog_sel[27]                     0.500000    2.677084   -2.177084 (VIOLATED)
gpio_dm2[27]                            0.500000    2.677083   -2.177083 (VIOLATED)
gpio_holdover[27]                       0.500000    2.677082   -2.177082 (VIOLATED)
gpio_out[27]                            0.500000    2.677080   -2.177080 (VIOLATED)
gpio_analog_sel[35]                     0.500000    2.677074   -2.177074 (VIOLATED)
gpio_dm2[35]                            0.500000    2.677073   -2.177073 (VIOLATED)
gpio_holdover[35]                       0.500000    2.677072   -2.177072 (VIOLATED)
gpio_out[35]                            0.500000    2.677070   -2.177070 (VIOLATED)
gpio_ib_mode_sel[27]                    0.500000    2.677047   -2.177047 (VIOLATED)
gpio_vtrip_sel[27]                      0.500000    2.677049   -2.177049 (VIOLATED)
gpio_ib_mode_sel[35]                    0.500000    2.677037   -2.177036 (VIOLATED)
gpio_vtrip_sel[35]                      0.500000    2.677038   -2.177038 (VIOLATED)
gpio_slow_sel[24]                       0.500000    2.676995   -2.176995 (VIOLATED)
gpio_dm1[24]                            0.500000    2.676992   -2.176992 (VIOLATED)
gpio_analog_en[24]                      0.500000    2.676985   -2.176985 (VIOLATED)
gpio_analog_pol[24]                     0.500000    2.676983   -2.176983 (VIOLATED)
gpio_dm0[24]                            0.500000    2.676984   -2.176984 (VIOLATED)
gpio_loopback_zero[27]                  0.500000    2.676969   -2.176969 (VIOLATED)
gpio_loopback_zero[35]                  0.500000    2.676962   -2.176962 (VIOLATED)
gpio_slow_sel[36]                       0.500000    2.676962   -2.176962 (VIOLATED)
gpio_dm1[36]                            0.500000    2.676958   -2.176958 (VIOLATED)
gpio_analog_sel[24]                     0.500000    2.676954   -2.176954 (VIOLATED)
gpio_analog_en[36]                      0.500000    2.676951   -2.176951 (VIOLATED)
gpio_dm2[24]                            0.500000    2.676953   -2.176952 (VIOLATED)
gpio_analog_pol[36]                     0.500000    2.676950   -2.176950 (VIOLATED)
gpio_dm0[36]                            0.500000    2.676951   -2.176951 (VIOLATED)
gpio_holdover[24]                       0.500000    2.676951   -2.176951 (VIOLATED)
gpio_out[24]                            0.500000    2.676950   -2.176949 (VIOLATED)
gpio_analog_sel[36]                     0.500000    2.676916   -2.176916 (VIOLATED)
gpio_dm2[36]                            0.500000    2.676915   -2.176915 (VIOLATED)
gpio_ib_mode_sel[24]                    0.500000    2.676913   -2.176913 (VIOLATED)
gpio_vtrip_sel[24]                      0.500000    2.676915   -2.176915 (VIOLATED)
gpio_holdover[36]                       0.500000    2.676913   -2.176913 (VIOLATED)
gpio_out[36]                            0.500000    2.676912   -2.176912 (VIOLATED)
gpio_ib_mode_sel[36]                    0.500000    2.676880   -2.176880 (VIOLATED)
gpio_vtrip_sel[36]                      0.500000    2.676882   -2.176882 (VIOLATED)
gpio_loopback_zero[24]                  0.500000    2.676828   -2.176828 (VIOLATED)
gpio_loopback_zero[36]                  0.500000    2.676806   -2.176806 (VIOLATED)
gpio_slow_sel[28]                       0.500000    2.676468   -2.176468 (VIOLATED)
gpio_dm1[28]                            0.500000    2.676465   -2.176465 (VIOLATED)
gpio_analog_en[28]                      0.500000    2.676458   -2.176458 (VIOLATED)
gpio_analog_pol[28]                     0.500000    2.676456   -2.176456 (VIOLATED)
gpio_dm0[28]                            0.500000    2.676457   -2.176457 (VIOLATED)
gpio_analog_sel[28]                     0.500000    2.676429   -2.176429 (VIOLATED)
gpio_dm2[28]                            0.500000    2.676428   -2.176428 (VIOLATED)
gpio_holdover[28]                       0.500000    2.676426   -2.176426 (VIOLATED)
gpio_out[28]                            0.500000    2.676425   -2.176425 (VIOLATED)
gpio_ib_mode_sel[28]                    0.500000    2.676390   -2.176390 (VIOLATED)
gpio_vtrip_sel[28]                      0.500000    2.676392   -2.176392 (VIOLATED)
gpio_loopback_zero[28]                  0.500000    2.676310   -2.176310 (VIOLATED)
gpio_analog_en[39]                      0.500000    2.676210   -2.176210 (VIOLATED)
gpio_dm1[39]                            0.500000    2.676211   -2.176211 (VIOLATED)
gpio_slow_sel[39]                       0.500000    2.676211   -2.176211 (VIOLATED)
gpio_dm0[39]                            0.500000    2.676208   -2.176208 (VIOLATED)
gpio_analog_pol[39]                     0.500000    2.676205   -2.176205 (VIOLATED)
gpio_analog_sel[39]                     0.500000    2.676200   -2.176200 (VIOLATED)
gpio_dm2[39]                            0.500000    2.676197   -2.176197 (VIOLATED)
gpio_holdover[39]                       0.500000    2.676193   -2.176193 (VIOLATED)
gpio_out[39]                            0.500000    2.676189   -2.176189 (VIOLATED)
gpio_vtrip_sel[39]                      0.500000    2.676185   -2.176185 (VIOLATED)
gpio_ib_mode_sel[39]                    0.500000    2.676181   -2.176181 (VIOLATED)
gpio_loopback_zero[39]                  0.500000    2.676173   -2.176173 (VIOLATED)
gpio_analog_en[42]                      0.500000    2.675747   -2.175747 (VIOLATED)
gpio_dm1[42]                            0.500000    2.675749   -2.175749 (VIOLATED)
gpio_slow_sel[42]                       0.500000    2.675749   -2.175749 (VIOLATED)
gpio_dm0[42]                            0.500000    2.675745   -2.175745 (VIOLATED)
gpio_analog_pol[42]                     0.500000    2.675743   -2.175743 (VIOLATED)
gpio_analog_sel[42]                     0.500000    2.675738   -2.175738 (VIOLATED)
gpio_dm2[42]                            0.500000    2.675734   -2.175734 (VIOLATED)
gpio_holdover[42]                       0.500000    2.675730   -2.175730 (VIOLATED)
gpio_out[42]                            0.500000    2.675727   -2.175727 (VIOLATED)
gpio_vtrip_sel[42]                      0.500000    2.675722   -2.175722 (VIOLATED)
gpio_ib_mode_sel[42]                    0.500000    2.675718   -2.175718 (VIOLATED)
gpio_loopback_zero[42]                  0.500000    2.675709   -2.175709 (VIOLATED)
gpio_slow_sel[37]                       0.500000    2.675679   -2.175679 (VIOLATED)
gpio_dm1[37]                            0.500000    2.675676   -2.175676 (VIOLATED)
gpio_analog_en[37]                      0.500000    2.675669   -2.175669 (VIOLATED)
gpio_analog_pol[37]                     0.500000    2.675668   -2.175668 (VIOLATED)
gpio_dm0[37]                            0.500000    2.675669   -2.175669 (VIOLATED)
gpio_analog_sel[37]                     0.500000    2.675639   -2.175639 (VIOLATED)
gpio_dm2[37]                            0.500000    2.675637   -2.175637 (VIOLATED)
gpio_holdover[37]                       0.500000    2.675636   -2.175636 (VIOLATED)
gpio_out[37]                            0.500000    2.675635   -2.175635 (VIOLATED)
gpio_ib_mode_sel[37]                    0.500000    2.675608   -2.175608 (VIOLATED)
gpio_vtrip_sel[37]                      0.500000    2.675610   -2.175610 (VIOLATED)
gpio_loopback_zero[37]                  0.500000    2.675542   -2.175542 (VIOLATED)
gpio_analog_en[38]                      0.500000    2.674724   -2.174724 (VIOLATED)
gpio_dm1[38]                            0.500000    2.674725   -2.174725 (VIOLATED)
gpio_slow_sel[38]                       0.500000    2.674725   -2.174725 (VIOLATED)
gpio_analog_pol[38]                     0.500000    2.674721   -2.174721 (VIOLATED)
gpio_dm0[38]                            0.500000    2.674722   -2.174722 (VIOLATED)
gpio_analog_sel[38]                     0.500000    2.674714   -2.174714 (VIOLATED)
gpio_dm2[38]                            0.500000    2.674712   -2.174712 (VIOLATED)
gpio_holdover[38]                       0.500000    2.674710   -2.174710 (VIOLATED)
gpio_ib_mode_sel[38]                    0.500000    2.674706   -2.174705 (VIOLATED)
gpio_loopback_zero[38]                  0.500000    2.674706   -2.174705 (VIOLATED)
gpio_out[38]                            0.500000    2.674706   -2.174705 (VIOLATED)
gpio_vtrip_sel[38]                      0.500000    2.674706   -2.174705 (VIOLATED)
gpio_analog_en[43]                      0.500000    2.674439   -2.174439 (VIOLATED)
gpio_dm1[43]                            0.500000    2.674440   -2.174440 (VIOLATED)
gpio_slow_sel[43]                       0.500000    2.674440   -2.174440 (VIOLATED)
gpio_dm0[43]                            0.500000    2.674437   -2.174437 (VIOLATED)
gpio_analog_pol[43]                     0.500000    2.674434   -2.174434 (VIOLATED)
gpio_analog_sel[43]                     0.500000    2.674430   -2.174430 (VIOLATED)
gpio_dm2[43]                            0.500000    2.674426   -2.174426 (VIOLATED)
gpio_holdover[43]                       0.500000    2.674422   -2.174422 (VIOLATED)
gpio_out[43]                            0.500000    2.674419   -2.174419 (VIOLATED)
gpio_vtrip_sel[43]                      0.500000    2.674414   -2.174414 (VIOLATED)
gpio_ib_mode_sel[43]                    0.500000    2.674411   -2.174411 (VIOLATED)
gpio_loopback_zero[43]                  0.500000    2.674403   -2.174403 (VIOLATED)
gpio_analog_en[13]                      0.500000    2.673299   -2.173299 (VIOLATED)
gpio_analog_pol[13]                     0.500000    2.673298   -2.173298 (VIOLATED)
gpio_dm0[13]                            0.500000    2.673298   -2.173298 (VIOLATED)
gpio_dm1[13]                            0.500000    2.673299   -2.173299 (VIOLATED)
gpio_slow_sel[13]                       0.500000    2.673299   -2.173299 (VIOLATED)
gpio_analog_sel[13]                     0.500000    2.673295   -2.173295 (VIOLATED)
gpio_dm2[13]                            0.500000    2.673295   -2.173295 (VIOLATED)
gpio_holdover[13]                       0.500000    2.673295   -2.173295 (VIOLATED)
gpio_ib_mode_sel[13]                    0.500000    2.673295   -2.173295 (VIOLATED)
gpio_loopback_zero[13]                  0.500000    2.673295   -2.173295 (VIOLATED)
gpio_out[13]                            0.500000    2.673295   -2.173295 (VIOLATED)
gpio_vtrip_sel[13]                      0.500000    2.673295   -2.173295 (VIOLATED)
gpio_slow_sel[30]                       0.500000    2.672194   -2.172194 (VIOLATED)
gpio_dm1[30]                            0.500000    2.672190   -2.172190 (VIOLATED)
gpio_analog_en[30]                      0.500000    2.672187   -2.172187 (VIOLATED)
gpio_analog_pol[30]                     0.500000    2.672185   -2.172185 (VIOLATED)
gpio_dm0[30]                            0.500000    2.672186   -2.172186 (VIOLATED)
gpio_analog_sel[30]                     0.500000    2.672156   -2.172156 (VIOLATED)
gpio_dm2[30]                            0.500000    2.672155   -2.172155 (VIOLATED)
gpio_holdover[30]                       0.500000    2.672154   -2.172154 (VIOLATED)
gpio_out[30]                            0.500000    2.672152   -2.172152 (VIOLATED)
gpio_ib_mode_sel[30]                    0.500000    2.672125   -2.172125 (VIOLATED)
gpio_vtrip_sel[30]                      0.500000    2.672126   -2.172126 (VIOLATED)
gpio_loopback_zero[30]                  0.500000    2.672061   -2.172061 (VIOLATED)
gpio_analog_en[41]                      0.500000    2.667920   -2.167920 (VIOLATED)
gpio_dm1[41]                            0.500000    2.667921   -2.167921 (VIOLATED)
gpio_slow_sel[41]                       0.500000    2.667921   -2.167921 (VIOLATED)
gpio_analog_pol[41]                     0.500000    2.667917   -2.167917 (VIOLATED)
gpio_dm0[41]                            0.500000    2.667919   -2.167919 (VIOLATED)
gpio_analog_sel[41]                     0.500000    2.667913   -2.167913 (VIOLATED)
gpio_dm2[41]                            0.500000    2.667911   -2.167911 (VIOLATED)
gpio_holdover[41]                       0.500000    2.667908   -2.167908 (VIOLATED)
gpio_out[41]                            0.500000    2.667906   -2.167906 (VIOLATED)
gpio_vtrip_sel[41]                      0.500000    2.667903   -2.167903 (VIOLATED)
gpio_ib_mode_sel[41]                    0.500000    2.667900   -2.167900 (VIOLATED)
gpio_loopback_zero[41]                  0.500000    2.667900   -2.167900 (VIOLATED)
gpio_analog_en[40]                      0.500000    2.667867   -2.167867 (VIOLATED)
gpio_dm1[40]                            0.500000    2.667868   -2.167867 (VIOLATED)
gpio_slow_sel[40]                       0.500000    2.667868   -2.167868 (VIOLATED)
gpio_analog_pol[40]                     0.500000    2.667863   -2.167863 (VIOLATED)
gpio_dm0[40]                            0.500000    2.667865   -2.167865 (VIOLATED)
gpio_analog_sel[40]                     0.500000    2.667859   -2.167859 (VIOLATED)
gpio_dm2[40]                            0.500000    2.667857   -2.167857 (VIOLATED)
gpio_holdover[40]                       0.500000    2.667854   -2.167854 (VIOLATED)
gpio_out[40]                            0.500000    2.667851   -2.167851 (VIOLATED)
gpio_vtrip_sel[40]                      0.500000    2.667849   -2.167849 (VIOLATED)
gpio_ib_mode_sel[40]                    0.500000    2.667844   -2.167844 (VIOLATED)
gpio_loopback_zero[40]                  0.500000    2.667844   -2.167844 (VIOLATED)
gpio_analog_en[1]                       0.500000    2.234025   -1.734025 (VIOLATED)
gpio_analog_pol[1]                      0.500000    2.234025   -1.734025 (VIOLATED)
gpio_inp_dis[1]                         0.500000    2.234025   -1.734025 (VIOLATED)
gpio_slow_sel[1]                        0.500000    2.234026   -1.734026 (VIOLATED)
gpio_analog_sel[1]                      0.500000    2.234022   -1.734022 (VIOLATED)
gpio_holdover[1]                        0.500000    2.234022   -1.734022 (VIOLATED)
gpio_ib_mode_sel[1]                     0.500000    2.234022   -1.734022 (VIOLATED)
gpio_loopback_zero[1]                   0.500000    2.234022   -1.734022 (VIOLATED)
gpio_oeb[1]                             0.500000    2.234022   -1.734022 (VIOLATED)
gpio_vtrip_sel[1]                       0.500000    2.234022   -1.734022 (VIOLATED)
gpio_analog_en[4]                       0.500000    2.228376   -1.728376 (VIOLATED)
gpio_analog_pol[4]                      0.500000    2.228375   -1.728375 (VIOLATED)
gpio_dm0[4]                             0.500000    2.228375   -1.728375 (VIOLATED)
gpio_slow_sel[4]                        0.500000    2.228376   -1.728376 (VIOLATED)
gpio_analog_sel[4]                      0.500000    2.228372   -1.728372 (VIOLATED)
gpio_holdover[4]                        0.500000    2.228372   -1.728372 (VIOLATED)
gpio_ib_mode_sel[4]                     0.500000    2.228372   -1.728372 (VIOLATED)
gpio_loopback_zero[4]                   0.500000    2.228372   -1.728372 (VIOLATED)
gpio_oeb[4]                             0.500000    2.228372   -1.728372 (VIOLATED)
gpio_vtrip_sel[4]                       0.500000    2.228372   -1.728372 (VIOLATED)
gpio_analog_en[3]                       0.500000    2.227762   -1.727762 (VIOLATED)
gpio_analog_pol[3]                      0.500000    2.227761   -1.727761 (VIOLATED)
gpio_dm0[3]                             0.500000    2.227762   -1.727762 (VIOLATED)
gpio_slow_sel[3]                        0.500000    2.227762   -1.727762 (VIOLATED)
gpio_analog_sel[3]                      0.500000    2.227758   -1.727758 (VIOLATED)
gpio_holdover[3]                        0.500000    2.227758   -1.727758 (VIOLATED)
gpio_ib_mode_sel[3]                     0.500000    2.227758   -1.727758 (VIOLATED)
gpio_loopback_zero[3]                   0.500000    2.227758   -1.727758 (VIOLATED)
gpio_oeb[3]                             0.500000    2.227758   -1.727758 (VIOLATED)
gpio_vtrip_sel[3]                       0.500000    2.227758   -1.727758 (VIOLATED)
gpio_analog_en[9]                       0.500000    2.225948   -1.725948 (VIOLATED)
gpio_analog_pol[9]                      0.500000    2.225948   -1.725948 (VIOLATED)
gpio_dm0[9]                             0.500000    2.225948   -1.725948 (VIOLATED)
gpio_slow_sel[9]                        0.500000    2.225948   -1.725948 (VIOLATED)
gpio_analog_sel[9]                      0.500000    2.225945   -1.725945 (VIOLATED)
gpio_holdover[9]                        0.500000    2.225945   -1.725945 (VIOLATED)
gpio_ib_mode_sel[9]                     0.500000    2.225945   -1.725945 (VIOLATED)
gpio_loopback_zero[9]                   0.500000    2.225945   -1.725945 (VIOLATED)
gpio_oeb[9]                             0.500000    2.225945   -1.725945 (VIOLATED)
gpio_vtrip_sel[9]                       0.500000    2.225945   -1.725945 (VIOLATED)
gpio_analog_en[6]                       0.500000    2.225851   -1.725851 (VIOLATED)
gpio_analog_pol[6]                      0.500000    2.225851   -1.725851 (VIOLATED)
gpio_dm0[6]                             0.500000    2.225851   -1.725851 (VIOLATED)
gpio_slow_sel[6]                        0.500000    2.225851   -1.725851 (VIOLATED)
gpio_analog_sel[6]                      0.500000    2.225847   -1.725847 (VIOLATED)
gpio_holdover[6]                        0.500000    2.225847   -1.725847 (VIOLATED)
gpio_ib_mode_sel[6]                     0.500000    2.225847   -1.725847 (VIOLATED)
gpio_loopback_zero[6]                   0.500000    2.225847   -1.725847 (VIOLATED)
gpio_oeb[6]                             0.500000    2.225847   -1.725847 (VIOLATED)
gpio_vtrip_sel[6]                       0.500000    2.225847   -1.725847 (VIOLATED)
gpio_analog_en[12]                      0.500000    2.223788   -1.723788 (VIOLATED)
gpio_analog_pol[12]                     0.500000    2.223788   -1.723788 (VIOLATED)
gpio_dm0[12]                            0.500000    2.223788   -1.723788 (VIOLATED)
gpio_slow_sel[12]                       0.500000    2.223788   -1.723788 (VIOLATED)
gpio_analog_sel[12]                     0.500000    2.223785   -1.723785 (VIOLATED)
gpio_holdover[12]                       0.500000    2.223785   -1.723785 (VIOLATED)
gpio_ib_mode_sel[12]                    0.500000    2.223785   -1.723785 (VIOLATED)
gpio_loopback_zero[12]                  0.500000    2.223785   -1.723785 (VIOLATED)
gpio_oeb[12]                            0.500000    2.223785   -1.723785 (VIOLATED)
gpio_vtrip_sel[12]                      0.500000    2.223785   -1.723785 (VIOLATED)
gpio_analog_en[8]                       0.500000    2.223097   -1.723097 (VIOLATED)
gpio_analog_pol[8]                      0.500000    2.223097   -1.723097 (VIOLATED)
gpio_dm0[8]                             0.500000    2.223097   -1.723097 (VIOLATED)
gpio_slow_sel[8]                        0.500000    2.223098   -1.723097 (VIOLATED)
gpio_analog_sel[8]                      0.500000    2.223094   -1.723094 (VIOLATED)
gpio_holdover[8]                        0.500000    2.223094   -1.723094 (VIOLATED)
gpio_ib_mode_sel[8]                     0.500000    2.223094   -1.723094 (VIOLATED)
gpio_loopback_zero[8]                   0.500000    2.223094   -1.723094 (VIOLATED)
gpio_oeb[8]                             0.500000    2.223094   -1.723094 (VIOLATED)
gpio_vtrip_sel[8]                       0.500000    2.223094   -1.723094 (VIOLATED)
gpio_analog_en[11]                      0.500000    2.221720   -1.721720 (VIOLATED)
gpio_analog_pol[11]                     0.500000    2.221719   -1.721719 (VIOLATED)
gpio_dm0[11]                            0.500000    2.221719   -1.721719 (VIOLATED)
gpio_slow_sel[11]                       0.500000    2.221720   -1.721720 (VIOLATED)
gpio_analog_sel[11]                     0.500000    2.221716   -1.721716 (VIOLATED)
gpio_holdover[11]                       0.500000    2.221716   -1.721716 (VIOLATED)
gpio_ib_mode_sel[11]                    0.500000    2.221716   -1.721716 (VIOLATED)
gpio_loopback_zero[11]                  0.500000    2.221716   -1.721716 (VIOLATED)
gpio_oeb[11]                            0.500000    2.221716   -1.721716 (VIOLATED)
gpio_vtrip_sel[11]                      0.500000    2.221716   -1.721716 (VIOLATED)
gpio_analog_en[2]                       0.500000    2.220332   -1.720332 (VIOLATED)
gpio_analog_pol[2]                      0.500000    2.220331   -1.720331 (VIOLATED)
gpio_dm0[2]                             0.500000    2.220331   -1.720331 (VIOLATED)
gpio_slow_sel[2]                        0.500000    2.220332   -1.720332 (VIOLATED)
gpio_analog_sel[2]                      0.500000    2.220328   -1.720328 (VIOLATED)
gpio_holdover[2]                        0.500000    2.220328   -1.720328 (VIOLATED)
gpio_ib_mode_sel[2]                     0.500000    2.220328   -1.720328 (VIOLATED)
gpio_loopback_zero[2]                   0.500000    2.220328   -1.720328 (VIOLATED)
gpio_oeb[2]                             0.500000    2.220328   -1.720328 (VIOLATED)
gpio_vtrip_sel[2]                       0.500000    2.220328   -1.720328 (VIOLATED)
gpio_analog_en[5]                       0.500000    2.218475   -1.718475 (VIOLATED)
gpio_analog_pol[5]                      0.500000    2.218475   -1.718475 (VIOLATED)
gpio_dm0[5]                             0.500000    2.218475   -1.718475 (VIOLATED)
gpio_slow_sel[5]                        0.500000    2.218476   -1.718476 (VIOLATED)
gpio_analog_sel[5]                      0.500000    2.218472   -1.718472 (VIOLATED)
gpio_holdover[5]                        0.500000    2.218472   -1.718472 (VIOLATED)
gpio_ib_mode_sel[5]                     0.500000    2.218472   -1.718472 (VIOLATED)
gpio_loopback_zero[5]                   0.500000    2.218472   -1.718472 (VIOLATED)
gpio_oeb[5]                             0.500000    2.218472   -1.718472 (VIOLATED)
gpio_vtrip_sel[5]                       0.500000    2.218472   -1.718472 (VIOLATED)
gpio_analog_en[10]                      0.500000    2.217257   -1.717257 (VIOLATED)
gpio_analog_pol[10]                     0.500000    2.217257   -1.717257 (VIOLATED)
gpio_dm0[10]                            0.500000    2.217257   -1.717257 (VIOLATED)
gpio_slow_sel[10]                       0.500000    2.217257   -1.717257 (VIOLATED)
gpio_analog_sel[10]                     0.500000    2.217254   -1.717254 (VIOLATED)
gpio_holdover[10]                       0.500000    2.217254   -1.717254 (VIOLATED)
gpio_ib_mode_sel[10]                    0.500000    2.217254   -1.717254 (VIOLATED)
gpio_loopback_zero[10]                  0.500000    2.217254   -1.717254 (VIOLATED)
gpio_oeb[10]                            0.500000    2.217254   -1.717254 (VIOLATED)
gpio_vtrip_sel[10]                      0.500000    2.217254   -1.717254 (VIOLATED)
gpio_analog_en[7]                       0.500000    2.216156   -1.716156 (VIOLATED)
gpio_analog_pol[7]                      0.500000    2.216156   -1.716156 (VIOLATED)
gpio_dm0[7]                             0.500000    2.216156   -1.716156 (VIOLATED)
gpio_slow_sel[7]                        0.500000    2.216156   -1.716156 (VIOLATED)
gpio_analog_sel[7]                      0.500000    2.216153   -1.716153 (VIOLATED)
gpio_holdover[7]                        0.500000    2.216153   -1.716153 (VIOLATED)
gpio_ib_mode_sel[7]                     0.500000    2.216153   -1.716153 (VIOLATED)
gpio_loopback_zero[7]                   0.500000    2.216153   -1.716153 (VIOLATED)
gpio_oeb[7]                             0.500000    2.216153   -1.716153 (VIOLATED)
gpio_vtrip_sel[7]                       0.500000    2.216153   -1.716153 (VIOLATED)
mprj/wb_clk_i                           0.500000    1.276353   -0.776353 (VIOLATED)
gpio_in[0]                              0.500000    1.276333   -0.776333 (VIOLATED)
gpio_dm1[1]                             0.500000    1.017510   -0.517510 (VIOLATED)
gpio_dm0[1]                             0.500000    1.017507   -0.517507 (VIOLATED)
gpio_dm2[1]                             0.500000    1.017496   -0.517496 (VIOLATED)
gpio_out[1]                             0.500000    1.017494   -0.517494 (VIOLATED)
gpio_loopback_one[1]                    0.500000    1.017484   -0.517484 (VIOLATED)
gpio_dm1[10]                            0.500000    0.780768   -0.280768 (VIOLATED)
gpio_inp_dis[10]                        0.500000    0.780762   -0.280762 (VIOLATED)
gpio_dm2[10]                            0.500000    0.780756   -0.280756 (VIOLATED)
gpio_loopback_one[10]                   0.500000    0.780744   -0.280744 (VIOLATED)
gpio_dm1[2]                             0.500000    0.779524   -0.279524 (VIOLATED)
gpio_inp_dis[2]                         0.500000    0.779519   -0.279519 (VIOLATED)
gpio_dm2[2]                             0.500000    0.779509   -0.279509 (VIOLATED)
gpio_loopback_one[2]                    0.500000    0.779493   -0.279493 (VIOLATED)
gpio_dm1[7]                             0.500000    0.778650   -0.278650 (VIOLATED)
gpio_inp_dis[7]                         0.500000    0.778644   -0.278644 (VIOLATED)
gpio_dm2[7]                             0.500000    0.778634   -0.278634 (VIOLATED)
gpio_loopback_one[7]                    0.500000    0.778618   -0.278618 (VIOLATED)
gpio_dm1[5]                             0.500000    0.778434   -0.278434 (VIOLATED)
gpio_inp_dis[5]                         0.500000    0.778429   -0.278429 (VIOLATED)
gpio_dm2[5]                             0.500000    0.778419   -0.278419 (VIOLATED)
gpio_loopback_one[5]                    0.500000    0.778402   -0.278402 (VIOLATED)
gpio_dm1[4]                             0.500000    0.774571   -0.274571 (VIOLATED)
gpio_inp_dis[4]                         0.500000    0.774567   -0.274567 (VIOLATED)
gpio_dm2[4]                             0.500000    0.774556   -0.274556 (VIOLATED)
gpio_loopback_one[4]                    0.500000    0.774545   -0.274545 (VIOLATED)
gpio_dm1[6]                             0.500000    0.774276   -0.274276 (VIOLATED)
gpio_inp_dis[6]                         0.500000    0.774271   -0.274271 (VIOLATED)
gpio_dm2[6]                             0.500000    0.774263   -0.274263 (VIOLATED)
gpio_loopback_one[6]                    0.500000    0.774251   -0.274251 (VIOLATED)
gpio_dm1[9]                             0.500000    0.773800   -0.273800 (VIOLATED)
gpio_inp_dis[9]                         0.500000    0.773796   -0.273796 (VIOLATED)
gpio_dm2[9]                             0.500000    0.773785   -0.273785 (VIOLATED)
gpio_loopback_one[9]                    0.500000    0.773776   -0.273776 (VIOLATED)
gpio_dm1[3]                             0.500000    0.773166   -0.273165 (VIOLATED)
gpio_inp_dis[3]                         0.500000    0.773160   -0.273160 (VIOLATED)
gpio_dm2[3]                             0.500000    0.773152   -0.273152 (VIOLATED)
gpio_loopback_one[3]                    0.500000    0.773140   -0.273140 (VIOLATED)
gpio_dm1[11]                            0.500000    0.772327   -0.272327 (VIOLATED)
gpio_inp_dis[11]                        0.500000    0.772322   -0.272322 (VIOLATED)
gpio_dm2[11]                            0.500000    0.772315   -0.272315 (VIOLATED)
gpio_loopback_one[11]                   0.500000    0.772302   -0.272302 (VIOLATED)
gpio_dm1[12]                            0.500000    0.772120   -0.272120 (VIOLATED)
gpio_inp_dis[12]                        0.500000    0.772116   -0.272116 (VIOLATED)
gpio_dm2[12]                            0.500000    0.772106   -0.272106 (VIOLATED)
gpio_loopback_one[12]                   0.500000    0.772097   -0.272097 (VIOLATED)
gpio_dm1[8]                             0.500000    0.769058   -0.269058 (VIOLATED)
gpio_inp_dis[8]                         0.500000    0.769053   -0.269053 (VIOLATED)
gpio_dm2[8]                             0.500000    0.769045   -0.269045 (VIOLATED)
gpio_loopback_one[8]                    0.500000    0.769035   -0.269035 (VIOLATED)
gpio_inp_dis[19]                        0.500000    0.553787   -0.053787 (VIOLATED)
gpio_loopback_one[19]                   0.500000    0.553786   -0.053786 (VIOLATED)
gpio_oeb[19]                            0.500000    0.553786   -0.053786 (VIOLATED)
gpio_inp_dis[22]                        0.500000    0.551698   -0.051698 (VIOLATED)
gpio_loopback_one[22]                   0.500000    0.551697   -0.051697 (VIOLATED)
gpio_oeb[22]                            0.500000    0.551697   -0.051697 (VIOLATED)
gpio_inp_dis[15]                        0.500000    0.551430   -0.051430 (VIOLATED)
gpio_loopback_one[15]                   0.500000    0.551429   -0.051429 (VIOLATED)
gpio_oeb[15]                            0.500000    0.551429   -0.051429 (VIOLATED)
gpio_inp_dis[23]                        0.500000    0.550441   -0.050441 (VIOLATED)
gpio_loopback_one[23]                   0.500000    0.550440   -0.050440 (VIOLATED)
gpio_oeb[23]                            0.500000    0.550440   -0.050440 (VIOLATED)
gpio_inp_dis[20]                        0.500000    0.549962   -0.049962 (VIOLATED)
gpio_loopback_one[20]                   0.500000    0.549961   -0.049961 (VIOLATED)
gpio_oeb[20]                            0.500000    0.549961   -0.049961 (VIOLATED)
gpio_inp_dis[21]                        0.500000    0.546389   -0.046389 (VIOLATED)
gpio_loopback_one[21]                   0.500000    0.546388   -0.046388 (VIOLATED)
gpio_oeb[21]                            0.500000    0.546388   -0.046388 (VIOLATED)
gpio_inp_dis[16]                        0.500000    0.542580   -0.042580 (VIOLATED)
gpio_loopback_one[16]                   0.500000    0.542580   -0.042580 (VIOLATED)
gpio_oeb[16]                            0.500000    0.542580   -0.042580 (VIOLATED)
gpio_inp_dis[25]                        0.500000    0.542485   -0.042485 (VIOLATED)
gpio_oeb[25]                            0.500000    0.542474   -0.042474 (VIOLATED)
gpio_loopback_one[25]                   0.500000    0.542467   -0.042467 (VIOLATED)
gpio_inp_dis[18]                        0.500000    0.540857   -0.040857 (VIOLATED)
gpio_loopback_one[18]                   0.500000    0.540856   -0.040856 (VIOLATED)
gpio_oeb[18]                            0.500000    0.540856   -0.040856 (VIOLATED)
gpio_inp_dis[17]                        0.500000    0.540526   -0.040526 (VIOLATED)
gpio_loopback_one[17]                   0.500000    0.540526   -0.040526 (VIOLATED)
gpio_oeb[17]                            0.500000    0.540526   -0.040526 (VIOLATED)
gpio_inp_dis[30]                        0.500000    0.537622   -0.037622 (VIOLATED)
gpio_loopback_one[30]                   0.500000    0.537617   -0.037617 (VIOLATED)
gpio_oeb[30]                            0.500000    0.537617   -0.037617 (VIOLATED)
gpio_inp_dis[37]                        0.500000    0.537162   -0.037162 (VIOLATED)
gpio_oeb[37]                            0.500000    0.537150   -0.037150 (VIOLATED)
gpio_loopback_one[37]                   0.500000    0.537143   -0.037143 (VIOLATED)
gpio_inp_dis[31]                        0.500000    0.534396   -0.034396 (VIOLATED)
gpio_oeb[31]                            0.500000    0.534387   -0.034387 (VIOLATED)
gpio_loopback_one[31]                   0.500000    0.534380   -0.034380 (VIOLATED)
gpio_inp_dis[26]                        0.500000    0.533909   -0.033909 (VIOLATED)
gpio_oeb[26]                            0.500000    0.533897   -0.033897 (VIOLATED)
gpio_loopback_one[26]                   0.500000    0.533890   -0.033890 (VIOLATED)
gpio_dm0[0]                             0.500000    0.533470   -0.033470 (VIOLATED)
gpio_oeb[0]                             0.500000    0.533461   -0.033461 (VIOLATED)
gpio_loopback_one[0]                    0.500000    0.533459   -0.033459 (VIOLATED)
gpio_inp_dis[35]                        0.500000    0.533376   -0.033376 (VIOLATED)
gpio_oeb[35]                            0.500000    0.533364   -0.033364 (VIOLATED)
gpio_loopback_one[35]                   0.500000    0.533358   -0.033358 (VIOLATED)
gpio_inp_dis[32]                        0.500000    0.533319   -0.033319 (VIOLATED)
gpio_oeb[32]                            0.500000    0.533308   -0.033308 (VIOLATED)
gpio_loopback_one[32]                   0.500000    0.533299   -0.033299 (VIOLATED)
gpio_inp_dis[33]                        0.500000    0.533284   -0.033284 (VIOLATED)
gpio_oeb[33]                            0.500000    0.533273   -0.033273 (VIOLATED)
gpio_loopback_one[33]                   0.500000    0.533266   -0.033266 (VIOLATED)
gpio_inp_dis[24]                        0.500000    0.532667   -0.032666 (VIOLATED)
gpio_oeb[24]                            0.500000    0.532655   -0.032655 (VIOLATED)
gpio_loopback_one[24]                   0.500000    0.532649   -0.032649 (VIOLATED)
gpio_inp_dis[34]                        0.500000    0.531961   -0.031961 (VIOLATED)
gpio_oeb[34]                            0.500000    0.531951   -0.031951 (VIOLATED)
gpio_loopback_one[34]                   0.500000    0.531943   -0.031943 (VIOLATED)
gpio_inp_dis[28]                        0.500000    0.531420   -0.031420 (VIOLATED)
gpio_oeb[28]                            0.500000    0.531410   -0.031410 (VIOLATED)
gpio_loopback_one[28]                   0.500000    0.531404   -0.031404 (VIOLATED)
gpio_inp_dis[27]                        0.500000    0.530185   -0.030185 (VIOLATED)
gpio_oeb[27]                            0.500000    0.530173   -0.030173 (VIOLATED)
gpio_loopback_one[27]                   0.500000    0.530167   -0.030167 (VIOLATED)
gpio_inp_dis[36]                        0.500000    0.529617   -0.029617 (VIOLATED)
gpio_oeb[36]                            0.500000    0.529606   -0.029606 (VIOLATED)
gpio_loopback_one[36]                   0.500000    0.529599   -0.029599 (VIOLATED)
gpio_inp_dis[29]                        0.500000    0.526254   -0.026254 (VIOLATED)
gpio_oeb[29]                            0.500000    0.526244   -0.026244 (VIOLATED)
gpio_loopback_one[29]                   0.500000    0.526239   -0.026239 (VIOLATED)
gpio_inp_dis[38]                        0.500000    0.525184   -0.025184 (VIOLATED)
gpio_loopback_one[38]                   0.500000    0.525184   -0.025184 (VIOLATED)
gpio_oeb[38]                            0.500000    0.525184   -0.025184 (VIOLATED)
gpio_inp_dis[14]                        0.500000    0.524679   -0.024679 (VIOLATED)
gpio_oeb[14]                            0.500000    0.524674   -0.024674 (VIOLATED)
gpio_loopback_one[14]                   0.500000    0.524673   -0.024673 (VIOLATED)
gpio_inp_dis[13]                        0.500000    0.524550   -0.024550 (VIOLATED)
gpio_loopback_one[13]                   0.500000    0.524545   -0.024545 (VIOLATED)
gpio_oeb[13]                            0.500000    0.524545   -0.024545 (VIOLATED)
gpio_inp_dis[42]                        0.500000    0.523333   -0.023333 (VIOLATED)
gpio_loopback_one[42]                   0.500000    0.523332   -0.023332 (VIOLATED)
gpio_oeb[42]                            0.500000    0.523332   -0.023332 (VIOLATED)
gpio_inp_dis[41]                        0.500000    0.521979   -0.021979 (VIOLATED)
gpio_loopback_one[41]                   0.500000    0.521978   -0.021978 (VIOLATED)
gpio_oeb[41]                            0.500000    0.521978   -0.021978 (VIOLATED)
gpio_inp_dis[39]                        0.500000    0.521802   -0.021802 (VIOLATED)
gpio_loopback_one[39]                   0.500000    0.521801   -0.021801 (VIOLATED)
gpio_oeb[39]                            0.500000    0.521801   -0.021801 (VIOLATED)
gpio_inp_dis[43]                        0.500000    0.521749   -0.021749 (VIOLATED)
gpio_loopback_one[43]                   0.500000    0.521748   -0.021748 (VIOLATED)
gpio_oeb[43]                            0.500000    0.521748   -0.021748 (VIOLATED)
gpio_inp_dis[40]                        0.500000    0.520867   -0.020867 (VIOLATED)
gpio_loopback_one[40]                   0.500000    0.520866   -0.020866 (VIOLATED)
gpio_oeb[40]                            0.500000    0.520866   -0.020866 (VIOLATED)

max capacitance

Pin                                        Limit         Cap       Slack
------------------------------------------------------------------------
gpio_loopback_zero[15]                  0.200000    0.382257   -0.182257 (VIOLATED)
gpio_loopback_zero[20]                  0.200000    0.382023   -0.182023 (VIOLATED)
gpio_loopback_zero[19]                  0.200000    0.381786   -0.181786 (VIOLATED)
gpio_loopback_zero[21]                  0.200000    0.381674   -0.181674 (VIOLATED)
gpio_loopback_zero[32]                  0.200000    0.381522   -0.181522 (VIOLATED)
gpio_loopback_zero[22]                  0.200000    0.381408   -0.181408 (VIOLATED)
gpio_loopback_zero[23]                  0.200000    0.381198   -0.181198 (VIOLATED)
gpio_loopback_zero[14]                  0.200000    0.381018   -0.181018 (VIOLATED)
gpio_loopback_zero[34]                  0.200000    0.380979   -0.180979 (VIOLATED)
gpio_loopback_zero[18]                  0.200000    0.380169   -0.180169 (VIOLATED)
gpio_loopback_zero[16]                  0.200000    0.380085   -0.180085 (VIOLATED)
gpio_loopback_zero[17]                  0.200000    0.379950   -0.179950 (VIOLATED)
gpio_loopback_zero[0]                   0.200000    0.379580   -0.179580 (VIOLATED)
gpio_loopback_zero[31]                  0.200000    0.379456   -0.179456 (VIOLATED)
gpio_loopback_zero[25]                  0.200000    0.378825   -0.178825 (VIOLATED)
gpio_loopback_zero[29]                  0.200000    0.378775   -0.178775 (VIOLATED)
gpio_loopback_zero[33]                  0.200000    0.378372   -0.178372 (VIOLATED)
gpio_loopback_zero[39]                  0.200000    0.378353   -0.178353 (VIOLATED)
gpio_loopback_zero[26]                  0.200000    0.378325   -0.178325 (VIOLATED)
gpio_loopback_zero[42]                  0.200000    0.378285   -0.178285 (VIOLATED)
gpio_loopback_zero[38]                  0.200000    0.378254   -0.178254 (VIOLATED)
gpio_loopback_zero[35]                  0.200000    0.378179   -0.178179 (VIOLATED)
gpio_loopback_zero[27]                  0.200000    0.378172   -0.178172 (VIOLATED)
gpio_loopback_zero[36]                  0.200000    0.378160   -0.178160 (VIOLATED)
gpio_loopback_zero[24]                  0.200000    0.378137   -0.178137 (VIOLATED)
gpio_loopback_zero[13]                  0.200000    0.378130   -0.178130 (VIOLATED)
gpio_loopback_zero[43]                  0.200000    0.378108   -0.178108 (VIOLATED)
gpio_loopback_zero[28]                  0.200000    0.378077   -0.178077 (VIOLATED)
gpio_loopback_zero[37]                  0.200000    0.378010   -0.178010 (VIOLATED)
gpio_loopback_zero[30]                  0.200000    0.377517   -0.177517 (VIOLATED)
gpio_loopback_zero[41]                  0.200000    0.377256   -0.177256 (VIOLATED)
gpio_loopback_zero[40]                  0.200000    0.377234   -0.177234 (VIOLATED)
gpio_loopback_zero[1]                   0.200000    0.315203   -0.115203 (VIOLATED)
gpio_loopback_zero[4]                   0.200000    0.314394   -0.114394 (VIOLATED)
gpio_loopback_zero[3]                   0.200000    0.314306   -0.114306 (VIOLATED)
gpio_loopback_zero[9]                   0.200000    0.314051   -0.114051 (VIOLATED)
gpio_loopback_zero[6]                   0.200000    0.314034   -0.114034 (VIOLATED)
gpio_loopback_zero[12]                  0.200000    0.313743   -0.113743 (VIOLATED)
gpio_loopback_zero[8]                   0.200000    0.313643   -0.113643 (VIOLATED)
gpio_loopback_zero[11]                  0.200000    0.313447   -0.113447 (VIOLATED)
gpio_loopback_zero[2]                   0.200000    0.313240   -0.113241 (VIOLATED)
gpio_loopback_zero[5]                   0.200000    0.312976   -0.112976 (VIOLATED)
gpio_loopback_zero[10]                  0.200000    0.312808   -0.112808 (VIOLATED)
gpio_loopback_zero[7]                   0.200000    0.312647   -0.112647 (VIOLATED)



===========================================================================
report_parasitic_annotation -report_unannotated
============================================================================
Found 211 unannotated drivers.
 analog_io[0]
 analog_io[10]
 analog_io[11]
 analog_io[12]
 analog_io[13]
 analog_io[14]
 analog_io[15]
 analog_io[16]
 analog_io[17]
 analog_io[18]
 analog_io[19]
 analog_io[1]
 analog_io[20]
 analog_io[21]
 analog_io[22]
 analog_io[23]
 analog_io[24]
 analog_io[25]
 analog_io[26]
 analog_io[27]
 analog_io[28]
 analog_io[29]
 analog_io[2]
 analog_io[30]
 analog_io[31]
 analog_io[32]
 analog_io[33]
 analog_io[34]
 analog_io[35]
 analog_io[36]
 analog_io[37]
 analog_io[38]
 analog_io[39]
 analog_io[3]
 analog_io[40]
 analog_io[41]
 analog_io[42]
 analog_io[43]
 analog_io[4]
 analog_io[5]
 analog_io[6]
 analog_io[7]
 analog_io[8]
 analog_io[9]
 analog_noesd_io[0]
 analog_noesd_io[10]
 analog_noesd_io[11]
 analog_noesd_io[12]
 analog_noesd_io[13]
 analog_noesd_io[14]
 analog_noesd_io[15]
 analog_noesd_io[16]
 analog_noesd_io[17]
 analog_noesd_io[18]
 analog_noesd_io[19]
 analog_noesd_io[1]
 analog_noesd_io[20]
 analog_noesd_io[21]
 analog_noesd_io[22]
 analog_noesd_io[23]
 analog_noesd_io[24]
 analog_noesd_io[25]
 analog_noesd_io[26]
 analog_noesd_io[27]
 analog_noesd_io[28]
 analog_noesd_io[29]
 analog_noesd_io[2]
 analog_noesd_io[30]
 analog_noesd_io[31]
 analog_noesd_io[32]
 analog_noesd_io[33]
 analog_noesd_io[34]
 analog_noesd_io[35]
 analog_noesd_io[36]
 analog_noesd_io[37]
 analog_noesd_io[38]
 analog_noesd_io[39]
 analog_noesd_io[3]
 analog_noesd_io[40]
 analog_noesd_io[41]
 analog_noesd_io[42]
 analog_noesd_io[43]
 analog_noesd_io[4]
 analog_noesd_io[5]
 analog_noesd_io[6]
 analog_noesd_io[7]
 analog_noesd_io[8]
 analog_noesd_io[9]
 gpio_in[10]
 gpio_in[11]
 gpio_in[12]
 gpio_in[13]
 gpio_in[14]
 gpio_in[15]
 gpio_in[16]
 gpio_in[17]
 gpio_in[18]
 gpio_in[19]
 gpio_in[20]
 gpio_in[21]
 gpio_in[22]
 gpio_in[23]
 gpio_in[24]
 gpio_in[25]
 gpio_in[26]
 gpio_in[27]
 gpio_in[28]
 gpio_in[29]
 gpio_in[2]
 gpio_in[30]
 gpio_in[31]
 gpio_in[32]
 gpio_in[33]
 gpio_in[34]
 gpio_in[35]
 gpio_in[36]
 gpio_in[37]
 gpio_in[38]
 gpio_in[39]
 gpio_in[3]
 gpio_in[40]
 gpio_in[41]
 gpio_in[42]
 gpio_in[43]
 gpio_in[4]
 gpio_in[5]
 gpio_in[6]
 gpio_in[7]
 gpio_in[8]
 gpio_in[9]
 gpio_in_h[0]
 gpio_in_h[10]
 gpio_in_h[11]
 gpio_in_h[12]
 gpio_in_h[13]
 gpio_in_h[14]
 gpio_in_h[15]
 gpio_in_h[16]
 gpio_in_h[17]
 gpio_in_h[18]
 gpio_in_h[19]
 gpio_in_h[1]
 gpio_in_h[20]
 gpio_in_h[21]
 gpio_in_h[22]
 gpio_in_h[23]
 gpio_in_h[24]
 gpio_in_h[25]
 gpio_in_h[26]
 gpio_in_h[27]
 gpio_in_h[28]
 gpio_in_h[29]
 gpio_in_h[2]
 gpio_in_h[30]
 gpio_in_h[31]
 gpio_in_h[32]
 gpio_in_h[33]
 gpio_in_h[34]
 gpio_in_h[35]
 gpio_in_h[36]
 gpio_in_h[37]
 gpio_in_h[38]
 gpio_in_h[39]
 gpio_in_h[3]
 gpio_in_h[40]
 gpio_in_h[41]
 gpio_in_h[42]
 gpio_in_h[43]
 gpio_in_h[4]
 gpio_in_h[5]
 gpio_in_h[6]
 gpio_in_h[7]
 gpio_in_h[8]
 gpio_in_h[9]
 mask_rev[0]
 mask_rev[10]
 mask_rev[11]
 mask_rev[12]
 mask_rev[13]
 mask_rev[14]
 mask_rev[15]
 mask_rev[16]
 mask_rev[17]
 mask_rev[18]
 mask_rev[19]
 mask_rev[1]
 mask_rev[20]
 mask_rev[21]
 mask_rev[22]
 mask_rev[23]
 mask_rev[24]
 mask_rev[25]
 mask_rev[26]
 mask_rev[27]
 mask_rev[28]
 mask_rev[29]
 mask_rev[2]
 mask_rev[30]
 mask_rev[31]
 mask_rev[3]
 mask_rev[4]
 mask_rev[5]
 mask_rev[6]
 mask_rev[7]
 mask_rev[8]
 mask_rev[9]
 por_l
 porb_h
 porb_l
 resetb_h
 resetb_l
Found 0 partially unannotated drivers.

===========================================================================
max slew violation count 651
max fanout violation count 0
max cap violation count 44
============================================================================

===========================================================================
check_setup -verbose -unconstrained_endpoints -multiple_clock -no_clock -no_input_delay -loops -generated_clocks
===========================================================================
Warning: There is 1 unclocked register/latch pin.
  mprj/wb_clk_i
Warning: There are 100 unconstrained endpoints.
  analog_io[0]
  analog_io[10]
  analog_io[11]
  analog_io[12]
  analog_io[13]
  analog_io[14]
  analog_io[15]
  analog_io[16]
  analog_io[17]
  analog_io[18]
  analog_io[19]
  analog_io[1]
  analog_io[20]
  analog_io[21]
  analog_io[22]
  analog_io[23]
  analog_io[24]
  analog_io[25]
  analog_io[26]
  analog_io[27]
  analog_io[28]
  analog_io[29]
  analog_io[2]
  analog_io[30]
  analog_io[31]
  analog_io[32]
  analog_io[33]
  analog_io[34]
  analog_io[35]
  analog_io[36]
  analog_io[37]
  analog_io[38]
  analog_io[39]
  analog_io[3]
  analog_io[40]
  analog_io[41]
  analog_io[42]
  analog_io[43]
  analog_io[4]
  analog_io[5]
  analog_io[6]
  analog_io[7]
  analog_io[8]
  analog_io[9]
  analog_noesd_io[0]
  analog_noesd_io[10]
  analog_noesd_io[11]
  analog_noesd_io[12]
  analog_noesd_io[13]
  analog_noesd_io[14]
  analog_noesd_io[15]
  analog_noesd_io[16]
  analog_noesd_io[17]
  analog_noesd_io[18]
  analog_noesd_io[19]
  analog_noesd_io[1]
  analog_noesd_io[20]
  analog_noesd_io[21]
  analog_noesd_io[22]
  analog_noesd_io[23]
  analog_noesd_io[24]
  analog_noesd_io[25]
  analog_noesd_io[26]
  analog_noesd_io[27]
  analog_noesd_io[28]
  analog_noesd_io[29]
  analog_noesd_io[2]
  analog_noesd_io[30]
  analog_noesd_io[31]
  analog_noesd_io[32]
  analog_noesd_io[33]
  analog_noesd_io[34]
  analog_noesd_io[35]
  analog_noesd_io[36]
  analog_noesd_io[37]
  analog_noesd_io[38]
  analog_noesd_io[39]
  analog_noesd_io[3]
  analog_noesd_io[40]
  analog_noesd_io[41]
  analog_noesd_io[42]
  analog_noesd_io[43]
  analog_noesd_io[4]
  analog_noesd_io[5]
  analog_noesd_io[6]
  analog_noesd_io[7]
  analog_noesd_io[8]
  analog_noesd_io[9]
  gpio_out[10]
  gpio_out[11]
  gpio_out[12]
  gpio_out[2]
  gpio_out[3]
  gpio_out[4]
  gpio_out[5]
  gpio_out[6]
  gpio_out[7]
  gpio_out[8]
  gpio_out[9]
  mprj/wb_rst_i
