Clock: __VIRTUAL_CLK__
Sources: 
Generated: no
Virtual: yes
Propagated: no
Period: 10.000000

===========================================================================
report_clock_properties
============================================================================
Clock                   Period          Waveform
----------------------------------------------------
__VIRTUAL_CLK__      10.000000    0.000000  5.000000

===========================================================================
report_clock_latency
============================================================================
Clock __VIRTUAL_CLK__
rise -> rise
    min     max
0.000000 0.000000 source latency
6.370622         network latency mprj/_713_/CLK
        6.847522 network latency mprj2/_683_/CLK
---------------
6.370622 6.847522 latency
        0.476900 skew

rise -> fall
    min     max
0.000000 0.000000 source latency
5.139925         network latency mprj/_713_/CLK
        5.486021 network latency mprj2/_683_/CLK
---------------
5.139925 5.486021 latency
        0.346096 skew



===========================================================================
report_clock_min_period
============================================================================
__VIRTUAL_CLK__ period_min = 0.00 fmax = inf
