
===========================================================================
report_checks -unconstrained
===========================================================================
======================= max_ff_n40C_1v95 Corner ===================================

Startpoint: wb_rst_i (input port clocked by wb_clk_i)
Endpoint: _691_ (recovery check against rising-edge clock wb_clk_i)
Path Group: asynchronous
Path Type: max

Fanout         Cap        Slew       Delay        Time   Description
---------------------------------------------------------------------------------------------
                                  0.000000    0.000000   clock wb_clk_i (rise edge)
                                  0.000000    0.000000   clock network delay (propagated)
                                  5.000000    5.000000 v input external delay
     2    0.005030    0.008239    0.004568    5.004568 v wb_rst_i (in)
                                                         wb_rst_i (net)
                      0.008245    0.000000    5.004568 v input1/A (sky130_fd_sc_hd__buf_2)
     5    0.143760    0.216153    0.185262    5.189830 v input1/X (sky130_fd_sc_hd__buf_2)
                                                         net1 (net)
                      0.302954    0.112427    5.302257 v fanout25/A (sky130_fd_sc_hd__clkdlybuf4s25_1)
     8    0.042189    0.213718    0.401451    5.703708 v fanout25/X (sky130_fd_sc_hd__clkdlybuf4s25_1)
                                                         net25 (net)
                      0.213858    0.005204    5.708912 v load_slew26/A (sky130_fd_sc_hd__buf_4)
    15    0.061172    0.070710    0.208603    5.917515 v load_slew26/X (sky130_fd_sc_hd__buf_4)
                                                         net26 (net)
                      0.071266    0.005478    5.922993 v fanout23/A (sky130_fd_sc_hd__clkdlybuf4s25_1)
     7    0.045891    0.231899    0.349707    6.272700 v fanout23/X (sky130_fd_sc_hd__clkdlybuf4s25_1)
                                                         net23 (net)
                      0.231918    0.002255    6.274955 v wire24/A (sky130_fd_sc_hd__buf_4)
    10    0.054522    0.063022    0.216156    6.491110 v wire24/X (sky130_fd_sc_hd__buf_4)
                                                         net24 (net)
                      0.063292    0.003706    6.494817 v _607_/A (sky130_fd_sc_hd__inv_2)
     1    0.004904    0.028431    0.047125    6.541941 ^ _607_/Y (sky130_fd_sc_hd__inv_2)
                                                         _082_ (net)
                      0.028432    0.000297    6.542238 ^ _691_/RESET_B (sky130_fd_sc_hd__dfrtp_2)
                                              6.542238   data arrival time

                                 25.000000   25.000000   clock wb_clk_i (rise edge)
                                  0.000000   25.000000   clock source latency
     2    0.173014    0.580589    0.449862   25.449862 ^ wb_clk_i (in)
                                                         wb_clk_i (net)
                      0.633967    0.000000   25.449862 ^ clkbuf_0_wb_clk_i/A (sky130_fd_sc_hd__clkbuf_16)
    17    0.079372    0.084612    0.166832   25.616693 ^ clkbuf_0_wb_clk_i/X (sky130_fd_sc_hd__clkbuf_16)
                                                         clknet_0_wb_clk_i (net)
                      0.085631    0.006873   25.623566 ^ clkbuf_3_7_0_wb_clk_i/A (sky130_fd_sc_hd__clkbuf_8)
    12    0.040024    0.061720    0.114625   25.738192 ^ clkbuf_3_7_0_wb_clk_i/X (sky130_fd_sc_hd__clkbuf_8)
                                                         clknet_3_7_0_wb_clk_i (net)
                      0.061840    0.001709   25.739901 ^ _691_/CLK (sky130_fd_sc_hd__dfrtp_2)
                                 -0.250000   25.489901   clock uncertainty
                                  0.000000   25.489901   clock reconvergence pessimism
                                  0.139048   25.628948   library recovery time
                                             25.628948   data required time
---------------------------------------------------------------------------------------------
                                             25.628948   data required time
                                             -6.542238   data arrival time
---------------------------------------------------------------------------------------------
                                             19.086710   slack (MET)


Startpoint: _676_ (rising edge-triggered flip-flop clocked by wb_clk_i)
Endpoint: io_out[10] (output port clocked by wb_clk_i)
Path Group: wb_clk_i
Path Type: max

Fanout         Cap        Slew       Delay        Time   Description
---------------------------------------------------------------------------------------------
                                  0.000000    0.000000   clock wb_clk_i (rise edge)
                                  0.000000    0.000000   clock source latency
     2    0.173014    0.580589    0.497217    0.497217 ^ wb_clk_i (in)
                                                         wb_clk_i (net)
                      0.633967    0.000000    0.497217 ^ clkbuf_0_wb_clk_i/A (sky130_fd_sc_hd__clkbuf_16)
    17    0.079372    0.084612    0.184392    0.681609 ^ clkbuf_0_wb_clk_i/X (sky130_fd_sc_hd__clkbuf_16)
                                                         clknet_0_wb_clk_i (net)
                      0.085458    0.006897    0.688506 ^ clkbuf_3_4_0_wb_clk_i/A (sky130_fd_sc_hd__clkbuf_8)
    11    0.040253    0.061991    0.126844    0.815350 ^ clkbuf_3_4_0_wb_clk_i/X (sky130_fd_sc_hd__clkbuf_8)
                                                         clknet_3_4_0_wb_clk_i (net)
                      0.062161    0.002369    0.817719 ^ _676_/CLK (sky130_fd_sc_hd__dfrtp_2)
     9    0.038948    0.144130    0.324236    1.141956 ^ _676_/Q (sky130_fd_sc_hd__dfrtp_2)
                                                         timer.dig_cnt[1] (net)
                      0.144146    0.001703    1.143659 ^ hold150/A (sky130_fd_sc_hd__dlygate4sd3_1)
     2    0.010306    0.088185    0.450745    1.594404 ^ hold150/X (sky130_fd_sc_hd__dlygate4sd3_1)
                                                         net150 (net)
                      0.088189    0.000747    1.595151 ^ _385_/B (sky130_fd_sc_hd__nand2b_2)
    11    0.085155    0.216246    0.182210    1.777361 v _385_/Y (sky130_fd_sc_hd__nand2b_2)
                                                         net5 (net)
                      0.216338    0.004114    1.781475 v _572_/C (sky130_fd_sc_hd__and3_2)
     1    0.003444    0.031023    0.214171    1.995646 v _572_/X (sky130_fd_sc_hd__and3_2)
                                                         _319_ (net)
                      0.031023    0.000230    1.995877 v _575_/A1 (sky130_fd_sc_hd__o32a_2)
     5    0.024492    0.073998    0.278505    2.274381 v _575_/X (sky130_fd_sc_hd__o32a_2)
                                                         _322_ (net)
                      0.074088    0.002414    2.276795 v _583_/B (sky130_fd_sc_hd__or2_2)
     4    0.014161    0.059181    0.212042    2.488837 v _583_/X (sky130_fd_sc_hd__or2_2)
                                                         _329_ (net)
                      0.059197    0.000802    2.489639 v _588_/A2 (sky130_fd_sc_hd__a211o_2)
     3    0.061556    0.126861    0.321521    2.811160 v _588_/X (sky130_fd_sc_hd__a211o_2)
                                                         net3 (net)
                      0.131882    0.020578    2.831737 v wire14/A (sky130_fd_sc_hd__buf_12)
     3    0.201113    0.038112    0.146046    2.977783 v wire14/X (sky130_fd_sc_hd__buf_12)
                                                         net14 (net)
                      0.340518    0.175483    3.153266 v output3/A (sky130_fd_sc_hd__clkdlybuf4s25_1)
     1    0.035529    0.181993    0.384791    3.538056 v output3/X (sky130_fd_sc_hd__clkdlybuf4s25_1)
                                                         io_out[10] (net)
                      0.182016    0.002122    3.540178 v io_out[10] (out)
                                              3.540178   data arrival time

                                 25.000000   25.000000   clock wb_clk_i (rise edge)
                                  0.000000   25.000000   clock network delay (propagated)
                                 -0.250000   24.750000   clock uncertainty
                                  0.000000   24.750000   clock reconvergence pessimism
                                 -5.000000   19.750000   output external delay
                                             19.750000   data required time
---------------------------------------------------------------------------------------------
                                             19.750000   data required time
                                             -3.540178   data arrival time
---------------------------------------------------------------------------------------------
                                             16.209822   slack (MET)




===========================================================================
report_checks --slack_max -0.01
============================================================================
======================= max_ff_n40C_1v95 Corner ===================================

No paths found.


===========================================================================
 report_check_types -max_slew -max_cap -max_fanout -violators
============================================================================
======================= max_ff_n40C_1v95 Corner ===================================

max fanout

Pin                                   Limit Fanout  Slack
---------------------------------------------------------
wire20/X                                 16     19     -3 (VIOLATED)
clkbuf_0_wb_clk_i/X                      16     17        (VIOLATED)

max capacitance

Pin                                        Limit         Cap       Slack
------------------------------------------------------------------------
wire14/X                                0.200000    0.201405   -0.001405 (VIOLATED)



===========================================================================
report_parasitic_annotation -report_unannotated
============================================================================
Found 6 unannotated drivers.
 clkload0/X
 clkload1/X
 clkload2/X
 clkload3/X
 clkload4/X
 clkload5/X
Found 0 partially unannotated drivers.

===========================================================================
max slew violation count 0
max fanout violation count 2
max cap violation count 1
============================================================================

===========================================================================
check_setup -verbose -unconstrained_endpoints -multiple_clock -no_clock -no_input_delay -loops -generated_clocks
===========================================================================
