Clock: wb_clk_i
Sources: wb_clk_i 
Generated: no
Virtual: yes
Propagated: no
Period: 25.000000

===========================================================================
report_clock_properties
============================================================================
Clock                   Period          Waveform
----------------------------------------------------
wb_clk_i             25.000000    0.000000 12.500000

===========================================================================
report_clock_latency
============================================================================
Clock wb_clk_i
rise -> rise
    min     max
0.000000 0.000000 source latency
0.737916         network latency _701_/CLK
        0.820385 network latency _683_/CLK
---------------
0.737916 0.820385 latency
        0.082469 skew

fall -> fall
    min     max
0.000000 0.000000 source latency
0.593941         network latency _701_/CLK
        0.660710 network latency _683_/CLK
---------------
0.593941 0.660710 latency
        0.066769 skew



===========================================================================
report_clock_min_period
============================================================================
wb_clk_i period_min = 3.17 fmax = 315.75
