
===========================================================================
 report_power
============================================================================
======================= max_ff_n40C_1v95 Corner ===================================

Group                    Internal    Switching      Leakage        Total
                            Power        Power        Power        Power (Watts)
------------------------------------------------------------------------
Sequential           1.578109e-04 0.000000e+00 1.869912e-09 1.578127e-04  53.6%
Combinational        3.756716e-06 8.595325e-06 7.902005e-09 1.235994e-05   4.2%
Clock                6.370822e-05 6.079962e-05 1.020543e-08 1.245180e-04  42.3%
Macro                0.000000e+00 0.000000e+00 0.000000e+00 0.000000e+00   0.0%
Pad                  0.000000e+00 0.000000e+00 0.000000e+00 0.000000e+00   0.0%
------------------------------------------------------------------------
Total                2.252758e-04 6.939493e-05 1.997740e-08 2.946907e-04 100.0%
                            76.4%        23.5%         0.0%

