Clock: wb_clk_i
Sources: wb_clk_i 
Generated: no
Virtual: yes
Propagated: no
Period: 25.000000

===========================================================================
report_clock_properties
============================================================================
Clock                   Period          Waveform
----------------------------------------------------
wb_clk_i             25.000000    0.000000 12.500000

===========================================================================
report_clock_latency
============================================================================
Clock wb_clk_i
rise -> rise
    min     max
0.000000 0.000000 source latency
1.874002         network latency _710_/CLK
        2.078391 network latency _683_/CLK
---------------
1.874002 2.078391 latency
        0.204388 skew

fall -> fall
    min     max
0.000000 0.000000 source latency
1.456661         network latency _701_/CLK
        1.615459 network latency _683_/CLK
---------------
1.456661 1.615459 latency
        0.158798 skew



===========================================================================
report_clock_min_period
============================================================================
wb_clk_i period_min = 11.30 fmax = 88.46
