
===========================================================================
report_checks -unconstrained
===========================================================================
======================= min_ss_100C_1v60 Corner ===================================

Startpoint: wb_rst_i (input port clocked by wb_clk_i)
Endpoint: _691_ (recovery check against rising-edge clock wb_clk_i)
Path Group: asynchronous
Path Type: max

Fanout         Cap        Slew       Delay        Time   Description
---------------------------------------------------------------------------------------------
                                  0.000000    0.000000   clock wb_clk_i (rise edge)
                                  0.000000    0.000000   clock network delay (propagated)
                                  5.000000    5.000000 v input external delay
     2    0.004739    0.026074    0.016087    5.016087 v wb_rst_i (in)
                                                         wb_rst_i (net)
                      0.026074    0.000000    5.016087 v input1/A (sky130_fd_sc_hd__buf_2)
     5    0.123250    0.530592    0.588063    5.604150 v input1/X (sky130_fd_sc_hd__buf_2)
                                                         net1 (net)
                      0.544132    0.070658    5.674808 v fanout25/A (sky130_fd_sc_hd__clkdlybuf4s25_1)
     8    0.040183    0.540400    1.054233    6.729041 v fanout25/X (sky130_fd_sc_hd__clkdlybuf4s25_1)
                                                         net25 (net)
                      0.540400    0.001436    6.730476 v load_slew26/A (sky130_fd_sc_hd__buf_4)
    15    0.057906    0.151517    0.594232    7.324708 v load_slew26/X (sky130_fd_sc_hd__buf_4)
                                                         net26 (net)
                      0.151534    0.001789    7.326497 v fanout23/A (sky130_fd_sc_hd__clkdlybuf4s25_1)
     7    0.042969    0.575437    0.931853    8.258349 v fanout23/X (sky130_fd_sc_hd__clkdlybuf4s25_1)
                                                         net23 (net)
                      0.575437    0.000492    8.258842 v wire24/A (sky130_fd_sc_hd__buf_4)
    10    0.052802    0.141428    0.604068    8.862909 v wire24/X (sky130_fd_sc_hd__buf_4)
                                                         net24 (net)
                      0.141431    0.000919    8.863829 v _607_/A (sky130_fd_sc_hd__inv_2)
     1    0.004345    0.057592    0.107863    8.971692 ^ _607_/Y (sky130_fd_sc_hd__inv_2)
                                                         _082_ (net)
                      0.057592    0.000046    8.971738 ^ _691_/RESET_B (sky130_fd_sc_hd__dfrtp_2)
                                              8.971738   data arrival time

                                 25.000000   25.000000   clock wb_clk_i (rise edge)
                                  0.000000   25.000000   clock source latency
     2    0.147424    1.063065    0.746587   25.746586 ^ wb_clk_i (in)
                                                         wb_clk_i (net)
                      1.073527    0.000000   25.746586 ^ clkbuf_0_wb_clk_i/A (sky130_fd_sc_hd__clkbuf_16)
    17    0.074001    0.154063    0.612493   26.359079 ^ clkbuf_0_wb_clk_i/X (sky130_fd_sc_hd__clkbuf_16)
                                                         clknet_0_wb_clk_i (net)
                      0.154090    0.001908   26.360987 ^ clkbuf_3_7_0_wb_clk_i/A (sky130_fd_sc_hd__clkbuf_8)
    12    0.034773    0.117264    0.291280   26.652267 ^ clkbuf_3_7_0_wb_clk_i/X (sky130_fd_sc_hd__clkbuf_8)
                                                         clknet_3_7_0_wb_clk_i (net)
                      0.117264    0.000247   26.652514 ^ _691_/CLK (sky130_fd_sc_hd__dfrtp_2)
                                 -0.250000   26.402515   clock uncertainty
                                  0.000000   26.402515   clock reconvergence pessimism
                                  0.465632   26.868145   library recovery time
                                             26.868145   data required time
---------------------------------------------------------------------------------------------
                                             26.868145   data required time
                                             -8.971738   data arrival time
---------------------------------------------------------------------------------------------
                                             17.896408   slack (MET)


Startpoint: _676_ (rising edge-triggered flip-flop clocked by wb_clk_i)
Endpoint: io_out[10] (output port clocked by wb_clk_i)
Path Group: wb_clk_i
Path Type: max

Fanout         Cap        Slew       Delay        Time   Description
---------------------------------------------------------------------------------------------
                                  0.000000    0.000000   clock wb_clk_i (rise edge)
                                  0.000000    0.000000   clock source latency
     2    0.147424    1.063065    0.825174    0.825174 ^ wb_clk_i (in)
                                                         wb_clk_i (net)
                      1.073527    0.000000    0.825174 ^ clkbuf_0_wb_clk_i/A (sky130_fd_sc_hd__clkbuf_16)
    17    0.074001    0.154063    0.676967    1.502141 ^ clkbuf_0_wb_clk_i/X (sky130_fd_sc_hd__clkbuf_16)
                                                         clknet_0_wb_clk_i (net)
                      0.154075    0.001578    1.503719 ^ clkbuf_3_4_0_wb_clk_i/A (sky130_fd_sc_hd__clkbuf_8)
    11    0.035340    0.118617    0.323034    1.826753 ^ clkbuf_3_4_0_wb_clk_i/X (sky130_fd_sc_hd__clkbuf_8)
                                                         clknet_3_4_0_wb_clk_i (net)
                      0.118617    0.000408    1.827161 ^ _676_/CLK (sky130_fd_sc_hd__dfrtp_2)
     9    0.034996    0.286899    0.944303    2.771465 ^ _676_/Q (sky130_fd_sc_hd__dfrtp_2)
                                                         timer.dig_cnt[1] (net)
                      0.286899    0.000190    2.771654 ^ hold150/A (sky130_fd_sc_hd__dlygate4sd3_1)
     2    0.009245    0.178665    1.264925    4.036579 ^ hold150/X (sky130_fd_sc_hd__dlygate4sd3_1)
                                                         net150 (net)
                      0.178665    0.000132    4.036712 ^ _385_/B (sky130_fd_sc_hd__nand2b_2)
    11    0.074503    0.582611    0.560254    4.596965 v _385_/Y (sky130_fd_sc_hd__nand2b_2)
                                                         net5 (net)
                      0.582612    0.000672    4.597637 v _572_/C (sky130_fd_sc_hd__and3_2)
     1    0.003229    0.073482    0.727371    5.325008 v _572_/X (sky130_fd_sc_hd__and3_2)
                                                         _319_ (net)
                      0.073482    0.000036    5.325044 v _575_/A1 (sky130_fd_sc_hd__o32a_2)
     5    0.022283    0.207766    0.892418    6.217462 v _575_/X (sky130_fd_sc_hd__o32a_2)
                                                         _322_ (net)
                      0.207767    0.001048    6.218509 v _583_/B (sky130_fd_sc_hd__or2_2)
     4    0.013406    0.165374    0.797779    7.016288 v _583_/X (sky130_fd_sc_hd__or2_2)
                                                         _329_ (net)
                      0.165374    0.000167    7.016455 v _588_/A2 (sky130_fd_sc_hd__a211o_2)
     3    0.052896    0.298880    0.937444    7.953899 v _588_/X (sky130_fd_sc_hd__a211o_2)
                                                         net3 (net)
                      0.299401    0.011680    7.965579 v wire14/A (sky130_fd_sc_hd__buf_12)
     3    0.166340    0.134582    0.403942    8.369520 v wire14/X (sky130_fd_sc_hd__buf_12)
                                                         net14 (net)
                      0.264371    0.114794    8.484315 v output3/A (sky130_fd_sc_hd__clkdlybuf4s25_1)
     1    0.035200    0.475586    0.904057    9.388372 v output3/X (sky130_fd_sc_hd__clkdlybuf4s25_1)
                                                         io_out[10] (net)
                      0.475586    0.000464    9.388836 v io_out[10] (out)
                                              9.388836   data arrival time

                                 25.000000   25.000000   clock wb_clk_i (rise edge)
                                  0.000000   25.000000   clock network delay (propagated)
                                 -0.250000   24.750000   clock uncertainty
                                  0.000000   24.750000   clock reconvergence pessimism
                                 -5.000000   19.750000   output external delay
                                             19.750000   data required time
---------------------------------------------------------------------------------------------
                                             19.750000   data required time
                                             -9.388836   data arrival time
---------------------------------------------------------------------------------------------
                                             10.361164   slack (MET)




===========================================================================
report_checks --slack_max -0.01
============================================================================
======================= min_ss_100C_1v60 Corner ===================================

No paths found.


===========================================================================
 report_check_types -max_slew -max_cap -max_fanout -violators
============================================================================
======================= min_ss_100C_1v60 Corner ===================================

max slew

Pin                                        Limit        Slew       Slack
------------------------------------------------------------------------
clkbuf_0_wb_clk_i/A                     1.000000    1.073527   -0.073527 (VIOLATED)
ANTENNA_clkbuf_0_wb_clk_i_A/DIODE       1.000000    1.073525   -0.073525 (VIOLATED)
wb_clk_i                                1.000000    1.063065   -0.063065 (VIOLATED)
output2/A                               1.000000    1.023602   -0.023602 (VIOLATED)
ANTENNA_output2_A/DIODE                 1.000000    1.023601   -0.023601 (VIOLATED)
ANTENNA__564__X/DIODE                   1.000000    1.020851   -0.020851 (VIOLATED)
ANTENNA__571__A2/DIODE                  1.000000    1.020851   -0.020851 (VIOLATED)
ANTENNA__575__B1/DIODE                  1.000000    1.020851   -0.020851 (VIOLATED)
ANTENNA__578__A2/DIODE                  1.000000    1.020851   -0.020851 (VIOLATED)
ANTENNA__580__B1/DIODE                  1.000000    1.020851   -0.020851 (VIOLATED)
_564_/X                                 1.000000    1.020851   -0.020851 (VIOLATED)
_571_/A2                                1.000000    1.020851   -0.020851 (VIOLATED)
_575_/B1                                1.000000    1.020851   -0.020851 (VIOLATED)
_578_/A2                                1.000000    1.020851   -0.020851 (VIOLATED)
_580_/B1                                1.000000    1.020851   -0.020851 (VIOLATED)

max fanout

Pin                                   Limit Fanout  Slack
---------------------------------------------------------
wire20/X                                 16     19     -3 (VIOLATED)
clkbuf_0_wb_clk_i/X                      16     17        (VIOLATED)



===========================================================================
report_parasitic_annotation -report_unannotated
============================================================================
Found 6 unannotated drivers.
 clkload0/X
 clkload1/X
 clkload2/X
 clkload3/X
 clkload4/X
 clkload5/X
Found 0 partially unannotated drivers.

===========================================================================
max slew violation count 15
max fanout violation count 2
max cap violation count 0
============================================================================

===========================================================================
check_setup -verbose -unconstrained_endpoints -multiple_clock -no_clock -no_input_delay -loops -generated_clocks
===========================================================================
