Clock: wb_clk_i
Sources: wb_clk_i 
Generated: no
Virtual: yes
Propagated: no
Period: 25.000000

===========================================================================
report_clock_properties
============================================================================
Clock                   Period          Waveform
----------------------------------------------------
wb_clk_i             25.000000    0.000000 12.500000

===========================================================================
report_clock_latency
============================================================================
Clock wb_clk_i
rise -> rise
    min     max
0.000000 0.000000 source latency
1.651408         network latency _713_/CLK
        1.830041 network latency _683_/CLK
---------------
1.651408 1.830041 latency
        0.178633 skew

fall -> fall
    min     max
0.000000 0.000000 source latency
1.299272         network latency _713_/CLK
        1.439481 network latency _683_/CLK
---------------
1.299272 1.439481 latency
        0.140210 skew



===========================================================================
report_clock_min_period
============================================================================
wb_clk_i period_min = 11.20 fmax = 89.32
