
===========================================================================
report_checks -unconstrained
===========================================================================
======================= min_tt_025C_1v80 Corner ===================================

Startpoint: wb_rst_i (input port clocked by wb_clk_i)
Endpoint: _691_ (recovery check against rising-edge clock wb_clk_i)
Path Group: asynchronous
Path Type: max

Fanout         Cap        Slew       Delay        Time   Description
---------------------------------------------------------------------------------------------
                                  0.000000    0.000000   clock wb_clk_i (rise edge)
                                  0.000000    0.000000   clock network delay (propagated)
                                  5.000000    5.000000 v input external delay
     2    0.004663    0.012893    0.007923    5.007923 v wb_rst_i (in)
                                                         wb_rst_i (net)
                      0.012898    0.000000    5.007923 v input1/A (sky130_fd_sc_hd__buf_2)
     5    0.122920    0.278935    0.288281    5.296203 v input1/X (sky130_fd_sc_hd__buf_2)
                                                         net1 (net)
                      0.305024    0.068111    5.364315 v fanout25/A (sky130_fd_sc_hd__clkdlybuf4s25_1)
     8    0.039979    0.296112    0.564321    5.928636 v fanout25/X (sky130_fd_sc_hd__clkdlybuf4s25_1)
                                                         net25 (net)
                      0.296115    0.001428    5.930063 v load_slew26/A (sky130_fd_sc_hd__buf_4)
    15    0.056960    0.083217    0.318649    6.248713 v load_slew26/X (sky130_fd_sc_hd__buf_4)
                                                         net26 (net)
                      0.083249    0.001760    6.250473 v fanout23/A (sky130_fd_sc_hd__clkdlybuf4s25_1)
     7    0.042783    0.315449    0.499613    6.750085 v fanout23/X (sky130_fd_sc_hd__clkdlybuf4s25_1)
                                                         net23 (net)
                      0.315449    0.000490    6.750576 v wire24/A (sky130_fd_sc_hd__buf_4)
    10    0.052562    0.082221    0.323074    7.073650 v wire24/X (sky130_fd_sc_hd__buf_4)
                                                         net24 (net)
                      0.082230    0.000915    7.074564 v _607_/A (sky130_fd_sc_hd__inv_2)
     1    0.004694    0.036421    0.064301    7.138866 ^ _607_/Y (sky130_fd_sc_hd__inv_2)
                                                         _082_ (net)
                      0.036421    0.000051    7.138917 ^ _691_/RESET_B (sky130_fd_sc_hd__dfrtp_2)
                                              7.138917   data arrival time

                                 25.000000   25.000000   clock wb_clk_i (rise edge)
                                  0.000000   25.000000   clock source latency
     2    0.147317    0.663319    0.478483   25.478483 ^ wb_clk_i (in)
                                                         wb_clk_i (net)
                      0.680685    0.000000   25.478483 ^ clkbuf_0_wb_clk_i/A (sky130_fd_sc_hd__clkbuf_16)
    17    0.073086    0.099849    0.297906   25.776388 ^ clkbuf_0_wb_clk_i/X (sky130_fd_sc_hd__clkbuf_16)
                                                         clknet_0_wb_clk_i (net)
                      0.099894    0.001883   25.778271 ^ clkbuf_3_7_0_wb_clk_i/A (sky130_fd_sc_hd__clkbuf_8)
    12    0.035925    0.075587    0.163404   25.941675 ^ clkbuf_3_7_0_wb_clk_i/X (sky130_fd_sc_hd__clkbuf_8)
                                                         clknet_3_7_0_wb_clk_i (net)
                      0.075587    0.000254   25.941929 ^ _691_/CLK (sky130_fd_sc_hd__dfrtp_2)
                                 -0.250000   25.691929   clock uncertainty
                                  0.000000   25.691929   clock reconvergence pessimism
                                  0.231119   25.923048   library recovery time
                                             25.923048   data required time
---------------------------------------------------------------------------------------------
                                             25.923048   data required time
                                             -7.138917   data arrival time
---------------------------------------------------------------------------------------------
                                             18.784130   slack (MET)


Startpoint: _676_ (rising edge-triggered flip-flop clocked by wb_clk_i)
Endpoint: io_out[10] (output port clocked by wb_clk_i)
Path Group: wb_clk_i
Path Type: max

Fanout         Cap        Slew       Delay        Time   Description
---------------------------------------------------------------------------------------------
                                  0.000000    0.000000   clock wb_clk_i (rise edge)
                                  0.000000    0.000000   clock source latency
     2    0.147317    0.663319    0.528850    0.528850 ^ wb_clk_i (in)
                                                         wb_clk_i (net)
                      0.680685    0.000000    0.528850 ^ clkbuf_0_wb_clk_i/A (sky130_fd_sc_hd__clkbuf_16)
    17    0.073086    0.099849    0.329263    0.858113 ^ clkbuf_0_wb_clk_i/X (sky130_fd_sc_hd__clkbuf_16)
                                                         clknet_0_wb_clk_i (net)
                      0.099871    0.001557    0.859671 ^ clkbuf_3_4_0_wb_clk_i/A (sky130_fd_sc_hd__clkbuf_8)
    11    0.036306    0.076184    0.181079    1.040750 ^ clkbuf_3_4_0_wb_clk_i/X (sky130_fd_sc_hd__clkbuf_8)
                                                         clknet_3_4_0_wb_clk_i (net)
                      0.076185    0.000420    1.041170 ^ _676_/CLK (sky130_fd_sc_hd__dfrtp_2)
     9    0.035756    0.180104    0.488816    1.529986 ^ _676_/Q (sky130_fd_sc_hd__dfrtp_2)
                                                         timer.dig_cnt[1] (net)
                      0.180104    0.000194    1.530180 ^ hold150/A (sky130_fd_sc_hd__dlygate4sd3_1)
     2    0.009478    0.110978    0.652591    2.182771 ^ hold150/X (sky130_fd_sc_hd__dlygate4sd3_1)
                                                         net150 (net)
                      0.110978    0.000136    2.182908 ^ _385_/B (sky130_fd_sc_hd__nand2b_2)
    11    0.073939    0.293011    0.275263    2.458171 v _385_/Y (sky130_fd_sc_hd__nand2b_2)
                                                         net5 (net)
                      0.293012    0.000662    2.458833 v _572_/C (sky130_fd_sc_hd__and3_2)
     1    0.003191    0.039540    0.335123    2.793957 v _572_/X (sky130_fd_sc_hd__and3_2)
                                                         _319_ (net)
                      0.039540    0.000035    2.793991 v _575_/A1 (sky130_fd_sc_hd__o32a_2)
     5    0.022294    0.098725    0.463307    3.257298 v _575_/X (sky130_fd_sc_hd__o32a_2)
                                                         _322_ (net)
                      0.098734    0.001048    3.258346 v _583_/B (sky130_fd_sc_hd__or2_2)
     4    0.013326    0.083631    0.349841    3.608187 v _583_/X (sky130_fd_sc_hd__or2_2)
                                                         _329_ (net)
                      0.083631    0.000165    3.608352 v _588_/A2 (sky130_fd_sc_hd__a211o_2)
     3    0.052865    0.158001    0.492535    4.100887 v _588_/X (sky130_fd_sc_hd__a211o_2)
                                                         net3 (net)
                      0.159225    0.011657    4.112545 v wire14/A (sky130_fd_sc_hd__buf_12)
     3    0.166126    0.057324    0.210184    4.322729 v wire14/X (sky130_fd_sc_hd__buf_12)
                                                         net14 (net)
                      0.222779    0.108934    4.431663 v output3/A (sky130_fd_sc_hd__clkdlybuf4s25_1)
     1    0.035200    0.261551    0.511747    4.943410 v output3/X (sky130_fd_sc_hd__clkdlybuf4s25_1)
                                                         io_out[10] (net)
                      0.261551    0.000463    4.943873 v io_out[10] (out)
                                              4.943873   data arrival time

                                 25.000000   25.000000   clock wb_clk_i (rise edge)
                                  0.000000   25.000000   clock network delay (propagated)
                                 -0.250000   24.750000   clock uncertainty
                                  0.000000   24.750000   clock reconvergence pessimism
                                 -5.000000   19.750000   output external delay
                                             19.750000   data required time
---------------------------------------------------------------------------------------------
                                             19.750000   data required time
                                             -4.943873   data arrival time
---------------------------------------------------------------------------------------------
                                             14.806127   slack (MET)




===========================================================================
report_checks --slack_max -0.01
============================================================================
======================= min_tt_025C_1v80 Corner ===================================

No paths found.


===========================================================================
 report_check_types -max_slew -max_cap -max_fanout -violators
============================================================================
======================= min_tt_025C_1v80 Corner ===================================

max fanout

Pin                                   Limit Fanout  Slack
---------------------------------------------------------
wire20/X                                 16     19     -3 (VIOLATED)
clkbuf_0_wb_clk_i/X                      16     17        (VIOLATED)



===========================================================================
report_parasitic_annotation -report_unannotated
============================================================================
Found 6 unannotated drivers.
 clkload0/X
 clkload1/X
 clkload2/X
 clkload3/X
 clkload4/X
 clkload5/X
Found 0 partially unannotated drivers.

===========================================================================
max slew violation count 0
max fanout violation count 2
max cap violation count 0
============================================================================

===========================================================================
check_setup -verbose -unconstrained_endpoints -multiple_clock -no_clock -no_input_delay -loops -generated_clocks
===========================================================================
