Clock: wb_clk_i
Sources: wb_clk_i 
Generated: no
Virtual: yes
Propagated: no
Period: 25.000000

===========================================================================
report_clock_properties
============================================================================
Clock                   Period          Waveform
----------------------------------------------------
wb_clk_i             25.000000    0.000000 12.500000

===========================================================================
report_clock_latency
============================================================================
Clock wb_clk_i
rise -> rise
    min     max
0.000000 0.000000 source latency
0.941159         network latency _713_/CLK
        1.043344 network latency _683_/CLK
---------------
0.941159 1.043344 latency
        0.102186 skew

fall -> fall
    min     max
0.000000 0.000000 source latency
0.718504         network latency _713_/CLK
        0.796313 network latency _683_/CLK
---------------
0.718504 0.796313 latency
        0.077809 skew



===========================================================================
report_clock_min_period
============================================================================
wb_clk_i period_min = 5.07 fmax = 197.23
