
===========================================================================
report_checks -unconstrained
===========================================================================
======================= nom_ss_100C_1v60 Corner ===================================

Startpoint: gpio_loopback_zero[35] (input port clocked by __VIRTUAL_CLK__)
Endpoint: gpio_slow_sel[35] (output port clocked by __VIRTUAL_CLK__)
Path Group: __VIRTUAL_CLK__
Path Type: max

Fanout         Cap        Slew       Delay        Time   Description
---------------------------------------------------------------------------------------------
                      0.000000    0.000000    0.000000   clock __VIRTUAL_CLK__ (rise edge)
                                  0.000000    0.000000   clock network delay (ideal)
                                  2.000000    2.000000 ^ input external delay
    11    0.382689    2.706713    2.008815    4.008815 ^ gpio_loopback_zero[35] (in)
                                                         gpio_loopback_zero[35] (net)
                      2.706760    0.000000    4.008815 ^ gpio_slow_sel[35] (out)
                                              4.008815   data arrival time

                      0.000000   10.000000   10.000000   clock __VIRTUAL_CLK__ (rise edge)
                                  0.000000   10.000000   clock network delay (ideal)
                                 -0.250000    9.750000   clock uncertainty
                                  0.000000    9.750000   clock reconvergence pessimism
                                 -2.000000    7.750000   output external delay
                                              7.750000   data required time
---------------------------------------------------------------------------------------------
                                              7.750000   data required time
                                             -4.008815   data arrival time
---------------------------------------------------------------------------------------------
                                              3.741185   slack (MET)




===========================================================================
report_checks --slack_max -0.01
============================================================================
======================= nom_ss_100C_1v60 Corner ===================================

No paths found.


===========================================================================
 report_check_types -max_slew -max_cap -max_fanout -violators
============================================================================
======================= nom_ss_100C_1v60 Corner ===================================

max slew

Pin                                        Limit        Slew       Slack
------------------------------------------------------------------------
gpio_out[24]                            0.500000    8.006941   -7.506941 (VIOLATED)
mprj2/output2/X                         0.500000    7.822866   -7.322866 (VIOLATED)
gpio_out[25]                            0.500000    7.304042   -6.804042 (VIOLATED)
mprj2/output4/X                         0.500000    7.170140   -6.670140 (VIOLATED)
gpio_out[26]                            0.500000    6.027630   -5.527630 (VIOLATED)
mprj2/output5/X                         0.500000    5.961515   -5.461515 (VIOLATED)
gpio_out[27]                            0.500000    4.565379   -4.065379 (VIOLATED)
mprj2/clkbuf_0_wb_clk_i/A               0.500000    4.549855   -4.049855 (VIOLATED)
mprj2/ANTENNA_clkbuf_0_wb_clk_i_A/DIODE    0.500000    4.549849   -4.049849 (VIOLATED)
mprj/clkbuf_0_wb_clk_i/A                0.500000    4.548316   -4.048316 (VIOLATED)
mprj/ANTENNA_clkbuf_0_wb_clk_i_A/DIODE    0.500000    4.548310   -4.048310 (VIOLATED)
gpio_in[0]                              0.500000    4.542655   -4.042655 (VIOLATED)
mprj2/output6/X                         0.500000    4.540260   -4.040260 (VIOLATED)
gpio_out[34]                            0.500000    3.848693   -3.348693 (VIOLATED)
mprj2/output3/X                         0.500000    3.847435   -3.347435 (VIOLATED)
gpio_out[33]                            0.500000    3.433883   -2.933883 (VIOLATED)
mprj2/output12/X                        0.500000    3.432952   -2.932952 (VIOLATED)
gpio_out[28]                            0.500000    3.342622   -2.842622 (VIOLATED)
mprj2/output7/X                         0.500000    3.336095   -2.836095 (VIOLATED)
gpio_analog_en[35]                      0.500000    2.706759   -2.206759 (VIOLATED)
gpio_dm1[35]                            0.500000    2.706760   -2.206760 (VIOLATED)
gpio_slow_sel[35]                       0.500000    2.706760   -2.206760 (VIOLATED)
gpio_analog_pol[35]                     0.500000    2.706753   -2.206753 (VIOLATED)
gpio_dm0[35]                            0.500000    2.706754   -2.206754 (VIOLATED)
gpio_analog_sel[35]                     0.500000    2.706745   -2.206745 (VIOLATED)
gpio_dm2[35]                            0.500000    2.706744   -2.206744 (VIOLATED)
gpio_holdover[35]                       0.500000    2.706743   -2.206743 (VIOLATED)
gpio_out[35]                            0.500000    2.706742   -2.206742 (VIOLATED)
gpio_vtrip_sel[35]                      0.500000    2.706738   -2.206738 (VIOLATED)
gpio_ib_mode_sel[35]                    0.500000    2.706728   -2.206728 (VIOLATED)
gpio_loopback_zero[35]                  0.500000    2.706713   -2.206713 (VIOLATED)
gpio_dm1[19]                            0.500000    2.700830   -2.200830 (VIOLATED)
gpio_slow_sel[19]                       0.500000    2.700831   -2.200831 (VIOLATED)
gpio_analog_en[19]                      0.500000    2.700821   -2.200821 (VIOLATED)
gpio_dm0[19]                            0.500000    2.700817   -2.200817 (VIOLATED)
gpio_analog_pol[19]                     0.500000    2.700811   -2.200811 (VIOLATED)
gpio_analog_sel[19]                     0.500000    2.700789   -2.200789 (VIOLATED)
gpio_dm2[19]                            0.500000    2.700783   -2.200783 (VIOLATED)
gpio_holdover[19]                       0.500000    2.700775   -2.200775 (VIOLATED)
gpio_out[19]                            0.500000    2.700768   -2.200768 (VIOLATED)
gpio_vtrip_sel[19]                      0.500000    2.700741   -2.200741 (VIOLATED)
gpio_ib_mode_sel[19]                    0.500000    2.700734   -2.200734 (VIOLATED)
gpio_dm1[15]                            0.500000    2.700730   -2.200729 (VIOLATED)
gpio_slow_sel[15]                       0.500000    2.700730   -2.200730 (VIOLATED)
gpio_analog_en[15]                      0.500000    2.700721   -2.200721 (VIOLATED)
gpio_dm0[15]                            0.500000    2.700717   -2.200717 (VIOLATED)
gpio_loopback_zero[19]                  0.500000    2.700717   -2.200717 (VIOLATED)
gpio_analog_pol[15]                     0.500000    2.700711   -2.200711 (VIOLATED)
gpio_analog_sel[15]                     0.500000    2.700686   -2.200686 (VIOLATED)
gpio_dm2[15]                            0.500000    2.700678   -2.200678 (VIOLATED)
gpio_holdover[15]                       0.500000    2.700671   -2.200671 (VIOLATED)
gpio_out[15]                            0.500000    2.700664   -2.200664 (VIOLATED)
gpio_vtrip_sel[15]                      0.500000    2.700640   -2.200640 (VIOLATED)
gpio_ib_mode_sel[15]                    0.500000    2.700634   -2.200634 (VIOLATED)
gpio_loopback_zero[15]                  0.500000    2.700616   -2.200616 (VIOLATED)
gpio_dm1[21]                            0.500000    2.700536   -2.200536 (VIOLATED)
gpio_slow_sel[21]                       0.500000    2.700537   -2.200537 (VIOLATED)
gpio_analog_en[21]                      0.500000    2.700529   -2.200529 (VIOLATED)
gpio_dm0[21]                            0.500000    2.700525   -2.200525 (VIOLATED)
gpio_analog_pol[21]                     0.500000    2.700519   -2.200519 (VIOLATED)
gpio_analog_sel[21]                     0.500000    2.700493   -2.200493 (VIOLATED)
gpio_dm2[21]                            0.500000    2.700486   -2.200486 (VIOLATED)
gpio_holdover[21]                       0.500000    2.700478   -2.200478 (VIOLATED)
gpio_out[21]                            0.500000    2.700471   -2.200471 (VIOLATED)
gpio_vtrip_sel[21]                      0.500000    2.700443   -2.200443 (VIOLATED)
gpio_ib_mode_sel[21]                    0.500000    2.700436   -2.200436 (VIOLATED)
gpio_loopback_zero[21]                  0.500000    2.700419   -2.200419 (VIOLATED)
gpio_dm1[22]                            0.500000    2.698904   -2.198904 (VIOLATED)
gpio_slow_sel[22]                       0.500000    2.698905   -2.198905 (VIOLATED)
gpio_analog_en[22]                      0.500000    2.698897   -2.198897 (VIOLATED)
gpio_dm0[22]                            0.500000    2.698893   -2.198893 (VIOLATED)
gpio_analog_pol[22]                     0.500000    2.698888   -2.198888 (VIOLATED)
gpio_analog_sel[22]                     0.500000    2.698865   -2.198865 (VIOLATED)
gpio_dm2[22]                            0.500000    2.698858   -2.198858 (VIOLATED)
gpio_holdover[22]                       0.500000    2.698851   -2.198851 (VIOLATED)
gpio_out[22]                            0.500000    2.698844   -2.198844 (VIOLATED)
gpio_vtrip_sel[22]                      0.500000    2.698820   -2.198820 (VIOLATED)
gpio_ib_mode_sel[22]                    0.500000    2.698814   -2.198814 (VIOLATED)
gpio_loopback_zero[22]                  0.500000    2.698799   -2.198799 (VIOLATED)
gpio_dm1[20]                            0.500000    2.697842   -2.197842 (VIOLATED)
gpio_slow_sel[20]                       0.500000    2.697843   -2.197843 (VIOLATED)
gpio_analog_en[20]                      0.500000    2.697835   -2.197835 (VIOLATED)
gpio_dm0[20]                            0.500000    2.697830   -2.197830 (VIOLATED)
gpio_analog_pol[20]                     0.500000    2.697825   -2.197825 (VIOLATED)
gpio_analog_sel[20]                     0.500000    2.697799   -2.197799 (VIOLATED)
gpio_dm2[20]                            0.500000    2.697793   -2.197793 (VIOLATED)
gpio_holdover[20]                       0.500000    2.697785   -2.197785 (VIOLATED)
gpio_out[20]                            0.500000    2.697778   -2.197778 (VIOLATED)
gpio_vtrip_sel[20]                      0.500000    2.697755   -2.197755 (VIOLATED)
gpio_ib_mode_sel[20]                    0.500000    2.697749   -2.197749 (VIOLATED)
gpio_loopback_zero[20]                  0.500000    2.697731   -2.197731 (VIOLATED)
gpio_analog_en[37]                      0.500000    2.697232   -2.197232 (VIOLATED)
gpio_slow_sel[37]                       0.500000    2.697234   -2.197234 (VIOLATED)
gpio_analog_pol[37]                     0.500000    2.697231   -2.197231 (VIOLATED)
gpio_dm0[37]                            0.500000    2.697232   -2.197232 (VIOLATED)
gpio_dm1[37]                            0.500000    2.697234   -2.197234 (VIOLATED)
gpio_analog_sel[37]                     0.500000    2.697225   -2.197225 (VIOLATED)
gpio_dm2[37]                            0.500000    2.697212   -2.197212 (VIOLATED)
gpio_holdover[37]                       0.500000    2.697195   -2.197195 (VIOLATED)
gpio_out[37]                            0.500000    2.697187   -2.197187 (VIOLATED)
gpio_vtrip_sel[37]                      0.500000    2.697163   -2.197163 (VIOLATED)
gpio_ib_mode_sel[37]                    0.500000    2.697146   -2.197146 (VIOLATED)
gpio_loopback_zero[37]                  0.500000    2.697134   -2.197134 (VIOLATED)
gpio_slow_sel[36]                       0.500000    2.695612   -2.195612 (VIOLATED)
gpio_dm1[36]                            0.500000    2.695607   -2.195607 (VIOLATED)
gpio_analog_en[36]                      0.500000    2.695591   -2.195591 (VIOLATED)
gpio_dm0[36]                            0.500000    2.695589   -2.195589 (VIOLATED)
gpio_analog_pol[36]                     0.500000    2.695577   -2.195577 (VIOLATED)
gpio_analog_sel[36]                     0.500000    2.695544   -2.195544 (VIOLATED)
gpio_dm2[36]                            0.500000    2.695536   -2.195536 (VIOLATED)
gpio_holdover[36]                       0.500000    2.695528   -2.195528 (VIOLATED)
gpio_out[36]                            0.500000    2.695520   -2.195520 (VIOLATED)
gpio_vtrip_sel[36]                      0.500000    2.695496   -2.195496 (VIOLATED)
gpio_ib_mode_sel[36]                    0.500000    2.695480   -2.195480 (VIOLATED)
gpio_loopback_zero[36]                  0.500000    2.695465   -2.195465 (VIOLATED)
gpio_analog_en[39]                      0.500000    2.693621   -2.193621 (VIOLATED)
gpio_analog_pol[39]                     0.500000    2.693620   -2.193620 (VIOLATED)
gpio_dm0[39]                            0.500000    2.693621   -2.193621 (VIOLATED)
gpio_dm1[39]                            0.500000    2.693621   -2.193621 (VIOLATED)
gpio_slow_sel[39]                       0.500000    2.693622   -2.193622 (VIOLATED)
gpio_analog_sel[39]                     0.500000    2.693618   -2.193618 (VIOLATED)
gpio_dm2[39]                            0.500000    2.693618   -2.193618 (VIOLATED)
gpio_holdover[39]                       0.500000    2.693617   -2.193617 (VIOLATED)
gpio_out[39]                            0.500000    2.693617   -2.193616 (VIOLATED)
gpio_ib_mode_sel[39]                    0.500000    2.693614   -2.193614 (VIOLATED)
gpio_vtrip_sel[39]                      0.500000    2.693615   -2.193615 (VIOLATED)
gpio_loopback_zero[39]                  0.500000    2.693607   -2.193607 (VIOLATED)
gpio_dm1[23]                            0.500000    2.690906   -2.190906 (VIOLATED)
gpio_slow_sel[23]                       0.500000    2.690907   -2.190907 (VIOLATED)
gpio_analog_en[23]                      0.500000    2.690897   -2.190897 (VIOLATED)
gpio_dm0[23]                            0.500000    2.690893   -2.190893 (VIOLATED)
gpio_analog_pol[23]                     0.500000    2.690888   -2.190887 (VIOLATED)
gpio_analog_sel[23]                     0.500000    2.690866   -2.190866 (VIOLATED)
gpio_dm2[23]                            0.500000    2.690859   -2.190859 (VIOLATED)
gpio_holdover[23]                       0.500000    2.690852   -2.190851 (VIOLATED)
gpio_out[23]                            0.500000    2.690845   -2.190845 (VIOLATED)
gpio_vtrip_sel[23]                      0.500000    2.690816   -2.190816 (VIOLATED)
gpio_ib_mode_sel[23]                    0.500000    2.690810   -2.190810 (VIOLATED)
gpio_loopback_zero[23]                  0.500000    2.690795   -2.190795 (VIOLATED)
gpio_analog_en[42]                      0.500000    2.689168   -2.189168 (VIOLATED)
gpio_analog_pol[42]                     0.500000    2.689167   -2.189167 (VIOLATED)
gpio_dm0[42]                            0.500000    2.689167   -2.189167 (VIOLATED)
gpio_dm1[42]                            0.500000    2.689168   -2.189168 (VIOLATED)
gpio_slow_sel[42]                       0.500000    2.689168   -2.189168 (VIOLATED)
gpio_analog_sel[42]                     0.500000    2.689165   -2.189165 (VIOLATED)
gpio_dm2[42]                            0.500000    2.689164   -2.189164 (VIOLATED)
gpio_holdover[42]                       0.500000    2.689164   -2.189164 (VIOLATED)
gpio_out[42]                            0.500000    2.689163   -2.189163 (VIOLATED)
gpio_ib_mode_sel[42]                    0.500000    2.689161   -2.189161 (VIOLATED)
gpio_vtrip_sel[42]                      0.500000    2.689161   -2.189161 (VIOLATED)
gpio_loopback_zero[42]                  0.500000    2.689154   -2.189154 (VIOLATED)
gpio_analog_en[0]                       0.500000    2.687551   -2.187551 (VIOLATED)
gpio_dm1[0]                             0.500000    2.687551   -2.187551 (VIOLATED)
gpio_slow_sel[0]                        0.500000    2.687552   -2.187552 (VIOLATED)
gpio_analog_pol[0]                      0.500000    2.687549   -2.187549 (VIOLATED)
gpio_inp_dis[0]                         0.500000    2.687548   -2.187548 (VIOLATED)
gpio_analog_sel[0]                      0.500000    2.687535   -2.187535 (VIOLATED)
gpio_dm2[0]                             0.500000    2.687522   -2.187522 (VIOLATED)
gpio_holdover[0]                        0.500000    2.687515   -2.187515 (VIOLATED)
gpio_out[0]                             0.500000    2.687508   -2.187508 (VIOLATED)
gpio_ib_mode_sel[0]                     0.500000    2.687481   -2.187481 (VIOLATED)
gpio_vtrip_sel[0]                       0.500000    2.687483   -2.187483 (VIOLATED)
gpio_loopback_zero[0]                   0.500000    2.687472   -2.187472 (VIOLATED)
gpio_dm1[18]                            0.500000    2.686233   -2.186233 (VIOLATED)
gpio_slow_sel[18]                       0.500000    2.686234   -2.186234 (VIOLATED)
gpio_analog_en[18]                      0.500000    2.686226   -2.186226 (VIOLATED)
gpio_dm0[18]                            0.500000    2.686222   -2.186222 (VIOLATED)
gpio_analog_pol[18]                     0.500000    2.686218   -2.186218 (VIOLATED)
gpio_analog_sel[18]                     0.500000    2.686196   -2.186196 (VIOLATED)
gpio_dm2[18]                            0.500000    2.686190   -2.186189 (VIOLATED)
gpio_holdover[18]                       0.500000    2.686182   -2.186182 (VIOLATED)
gpio_out[18]                            0.500000    2.686177   -2.186177 (VIOLATED)
gpio_vtrip_sel[18]                      0.500000    2.686155   -2.186155 (VIOLATED)
gpio_ib_mode_sel[18]                    0.500000    2.686149   -2.186149 (VIOLATED)
gpio_loopback_zero[18]                  0.500000    2.686134   -2.186134 (VIOLATED)
gpio_analog_en[38]                      0.500000    2.685537   -2.185536 (VIOLATED)
gpio_slow_sel[38]                       0.500000    2.685538   -2.185538 (VIOLATED)
gpio_analog_pol[38]                     0.500000    2.685535   -2.185535 (VIOLATED)
gpio_dm0[38]                            0.500000    2.685536   -2.185536 (VIOLATED)
gpio_dm1[38]                            0.500000    2.685537   -2.185537 (VIOLATED)
gpio_analog_sel[38]                     0.500000    2.685525   -2.185525 (VIOLATED)
gpio_dm2[38]                            0.500000    2.685519   -2.185519 (VIOLATED)
gpio_holdover[38]                       0.500000    2.685511   -2.185511 (VIOLATED)
gpio_out[38]                            0.500000    2.685504   -2.185504 (VIOLATED)
gpio_ib_mode_sel[38]                    0.500000    2.685496   -2.185496 (VIOLATED)
gpio_vtrip_sel[38]                      0.500000    2.685497   -2.185497 (VIOLATED)
gpio_loopback_zero[38]                  0.500000    2.685491   -2.185491 (VIOLATED)
gpio_analog_en[43]                      0.500000    2.683095   -2.183095 (VIOLATED)
gpio_slow_sel[43]                       0.500000    2.683096   -2.183096 (VIOLATED)
gpio_analog_pol[43]                     0.500000    2.683094   -2.183094 (VIOLATED)
gpio_dm0[43]                            0.500000    2.683094   -2.183094 (VIOLATED)
gpio_dm1[43]                            0.500000    2.683096   -2.183095 (VIOLATED)
gpio_analog_sel[43]                     0.500000    2.683089   -2.183089 (VIOLATED)
gpio_dm2[43]                            0.500000    2.683089   -2.183089 (VIOLATED)
gpio_holdover[43]                       0.500000    2.683087   -2.183087 (VIOLATED)
gpio_out[43]                            0.500000    2.683086   -2.183086 (VIOLATED)
gpio_vtrip_sel[43]                      0.500000    2.683072   -2.183072 (VIOLATED)
gpio_ib_mode_sel[43]                    0.500000    2.683062   -2.183062 (VIOLATED)
gpio_loopback_zero[43]                  0.500000    2.683046   -2.183046 (VIOLATED)
gpio_dm1[17]                            0.500000    2.682250   -2.182250 (VIOLATED)
gpio_slow_sel[17]                       0.500000    2.682251   -2.182251 (VIOLATED)
gpio_analog_en[17]                      0.500000    2.682242   -2.182242 (VIOLATED)
gpio_dm0[17]                            0.500000    2.682238   -2.182238 (VIOLATED)
gpio_analog_pol[17]                     0.500000    2.682232   -2.182232 (VIOLATED)
gpio_analog_sel[17]                     0.500000    2.682207   -2.182207 (VIOLATED)
gpio_dm2[17]                            0.500000    2.682200   -2.182200 (VIOLATED)
gpio_holdover[17]                       0.500000    2.682193   -2.182193 (VIOLATED)
gpio_out[17]                            0.500000    2.682186   -2.182186 (VIOLATED)
gpio_vtrip_sel[17]                      0.500000    2.682159   -2.182159 (VIOLATED)
gpio_ib_mode_sel[17]                    0.500000    2.682153   -2.182153 (VIOLATED)
gpio_loopback_zero[17]                  0.500000    2.682140   -2.182140 (VIOLATED)
gpio_dm1[16]                            0.500000    2.681419   -2.181419 (VIOLATED)
gpio_slow_sel[16]                       0.500000    2.681421   -2.181420 (VIOLATED)
gpio_analog_en[16]                      0.500000    2.681412   -2.181412 (VIOLATED)
gpio_dm0[16]                            0.500000    2.681408   -2.181408 (VIOLATED)
gpio_analog_pol[16]                     0.500000    2.681403   -2.181403 (VIOLATED)
gpio_analog_sel[16]                     0.500000    2.681378   -2.181378 (VIOLATED)
gpio_dm2[16]                            0.500000    2.681371   -2.181371 (VIOLATED)
gpio_holdover[16]                       0.500000    2.681363   -2.181363 (VIOLATED)
gpio_out[16]                            0.500000    2.681356   -2.181356 (VIOLATED)
gpio_vtrip_sel[16]                      0.500000    2.681332   -2.181332 (VIOLATED)
gpio_ib_mode_sel[16]                    0.500000    2.681325   -2.181325 (VIOLATED)
gpio_loopback_zero[16]                  0.500000    2.681310   -2.181310 (VIOLATED)
gpio_analog_en[41]                      0.500000    2.678539   -2.178539 (VIOLATED)
gpio_analog_pol[41]                     0.500000    2.678539   -2.178539 (VIOLATED)
gpio_dm0[41]                            0.500000    2.678539   -2.178539 (VIOLATED)
gpio_dm1[41]                            0.500000    2.678540   -2.178540 (VIOLATED)
gpio_slow_sel[41]                       0.500000    2.678540   -2.178540 (VIOLATED)
gpio_analog_sel[41]                     0.500000    2.678537   -2.178536 (VIOLATED)
gpio_dm2[41]                            0.500000    2.678536   -2.178536 (VIOLATED)
gpio_holdover[41]                       0.500000    2.678535   -2.178535 (VIOLATED)
gpio_out[41]                            0.500000    2.678535   -2.178535 (VIOLATED)
gpio_ib_mode_sel[41]                    0.500000    2.678533   -2.178533 (VIOLATED)
gpio_vtrip_sel[41]                      0.500000    2.678533   -2.178533 (VIOLATED)
gpio_loopback_zero[41]                  0.500000    2.678527   -2.178527 (VIOLATED)
gpio_analog_en[40]                      0.500000    2.677994   -2.177994 (VIOLATED)
gpio_analog_pol[40]                     0.500000    2.677994   -2.177994 (VIOLATED)
gpio_dm0[40]                            0.500000    2.677994   -2.177994 (VIOLATED)
gpio_dm1[40]                            0.500000    2.677995   -2.177995 (VIOLATED)
gpio_slow_sel[40]                       0.500000    2.677995   -2.177995 (VIOLATED)
gpio_analog_sel[40]                     0.500000    2.677992   -2.177992 (VIOLATED)
gpio_dm2[40]                            0.500000    2.677991   -2.177991 (VIOLATED)
gpio_holdover[40]                       0.500000    2.677991   -2.177991 (VIOLATED)
gpio_out[40]                            0.500000    2.677990   -2.177990 (VIOLATED)
gpio_ib_mode_sel[40]                    0.500000    2.677988   -2.177988 (VIOLATED)
gpio_vtrip_sel[40]                      0.500000    2.677988   -2.177988 (VIOLATED)
gpio_loopback_zero[40]                  0.500000    2.677982   -2.177982 (VIOLATED)
gpio_slow_sel[14]                       0.500000    2.677773   -2.177773 (VIOLATED)
gpio_dm1[14]                            0.500000    2.677768   -2.177768 (VIOLATED)
gpio_analog_en[14]                      0.500000    2.677762   -2.177762 (VIOLATED)
gpio_dm0[14]                            0.500000    2.677758   -2.177757 (VIOLATED)
gpio_analog_pol[14]                     0.500000    2.677743   -2.177743 (VIOLATED)
gpio_analog_sel[14]                     0.500000    2.677714   -2.177714 (VIOLATED)
gpio_dm2[14]                            0.500000    2.677707   -2.177707 (VIOLATED)
gpio_holdover[14]                       0.500000    2.677699   -2.177699 (VIOLATED)
gpio_out[14]                            0.500000    2.677692   -2.177692 (VIOLATED)
gpio_vtrip_sel[14]                      0.500000    2.677672   -2.177672 (VIOLATED)
gpio_ib_mode_sel[14]                    0.500000    2.677659   -2.177659 (VIOLATED)
gpio_loopback_zero[14]                  0.500000    2.677650   -2.177650 (VIOLATED)
gpio_slow_sel[13]                       0.500000    2.675362   -2.175362 (VIOLATED)
gpio_dm1[13]                            0.500000    2.675355   -2.175355 (VIOLATED)
gpio_analog_en[13]                      0.500000    2.675339   -2.175339 (VIOLATED)
gpio_dm0[13]                            0.500000    2.675336   -2.175336 (VIOLATED)
gpio_analog_pol[13]                     0.500000    2.675319   -2.175319 (VIOLATED)
gpio_analog_sel[13]                     0.500000    2.675258   -2.175258 (VIOLATED)
gpio_dm2[13]                            0.500000    2.675229   -2.175229 (VIOLATED)
gpio_holdover[13]                       0.500000    2.675206   -2.175206 (VIOLATED)
gpio_out[13]                            0.500000    2.675196   -2.175196 (VIOLATED)
gpio_vtrip_sel[13]                      0.500000    2.675149   -2.175148 (VIOLATED)
gpio_ib_mode_sel[13]                    0.500000    2.675146   -2.175146 (VIOLATED)
gpio_loopback_zero[13]                  0.500000    2.675096   -2.175096 (VIOLATED)
gpio_out[32]                            0.500000    2.552340   -2.052340 (VIOLATED)
mprj2/output11/X                        0.500000    2.551971   -2.051971 (VIOLATED)
mprj2/ANTENNA_input1_A/DIODE            0.500000    2.473753   -1.973753 (VIOLATED)
mprj2/input1/A                          0.500000    2.473753   -1.973753 (VIOLATED)
mprj/ANTENNA_input1_A/DIODE             0.500000    2.473574   -1.973574 (VIOLATED)
mprj/input1/A                           0.500000    2.473574   -1.973574 (VIOLATED)
gpio_in[1]                              0.500000    2.473468   -1.973468 (VIOLATED)
gpio_out[29]                            0.500000    2.456942   -1.956942 (VIOLATED)
mprj2/output8/X                         0.500000    2.456732   -1.956732 (VIOLATED)
gpio_analog_en[31]                      0.500000    2.288930   -1.788930 (VIOLATED)
gpio_slow_sel[31]                       0.500000    2.288930   -1.788930 (VIOLATED)
gpio_analog_pol[31]                     0.500000    2.288922   -1.788922 (VIOLATED)
gpio_dm0[31]                            0.500000    2.288923   -1.788922 (VIOLATED)
gpio_analog_sel[31]                     0.500000    2.288919   -1.788919 (VIOLATED)
gpio_holdover[31]                       0.500000    2.288918   -1.788918 (VIOLATED)
gpio_ib_mode_sel[31]                    0.500000    2.288909   -1.788909 (VIOLATED)
gpio_oeb[31]                            0.500000    2.288908   -1.788908 (VIOLATED)
gpio_vtrip_sel[31]                      0.500000    2.288910   -1.788910 (VIOLATED)
gpio_loopback_zero[31]                  0.500000    2.288897   -1.788897 (VIOLATED)
gpio_analog_pol[26]                     0.500000    2.267170   -1.767170 (VIOLATED)
gpio_analog_en[26]                      0.500000    2.267167   -1.767167 (VIOLATED)
gpio_dm0[26]                            0.500000    2.267167   -1.767167 (VIOLATED)
gpio_slow_sel[26]                       0.500000    2.267167   -1.767167 (VIOLATED)
gpio_analog_sel[26]                     0.500000    2.267163   -1.767163 (VIOLATED)
gpio_holdover[26]                       0.500000    2.267162   -1.767162 (VIOLATED)
gpio_vtrip_sel[26]                      0.500000    2.267154   -1.767154 (VIOLATED)
gpio_ib_mode_sel[26]                    0.500000    2.267152   -1.767152 (VIOLATED)
gpio_oeb[26]                            0.500000    2.267151   -1.767151 (VIOLATED)
gpio_loopback_zero[26]                  0.500000    2.267139   -1.767139 (VIOLATED)
gpio_analog_pol[29]                     0.500000    2.264632   -1.764632 (VIOLATED)
gpio_analog_en[29]                      0.500000    2.264628   -1.764628 (VIOLATED)
gpio_dm0[29]                            0.500000    2.264629   -1.764629 (VIOLATED)
gpio_slow_sel[29]                       0.500000    2.264629   -1.764629 (VIOLATED)
gpio_analog_sel[29]                     0.500000    2.264624   -1.764624 (VIOLATED)
gpio_holdover[29]                       0.500000    2.264623   -1.764623 (VIOLATED)
gpio_vtrip_sel[29]                      0.500000    2.264616   -1.764616 (VIOLATED)
gpio_ib_mode_sel[29]                    0.500000    2.264614   -1.764614 (VIOLATED)
gpio_oeb[29]                            0.500000    2.264613   -1.764613 (VIOLATED)
gpio_loopback_zero[29]                  0.500000    2.264602   -1.764602 (VIOLATED)
gpio_analog_en[25]                      0.500000    2.263748   -1.763748 (VIOLATED)
gpio_slow_sel[25]                       0.500000    2.263749   -1.763749 (VIOLATED)
gpio_analog_pol[25]                     0.500000    2.263747   -1.763747 (VIOLATED)
gpio_dm0[25]                            0.500000    2.263747   -1.763747 (VIOLATED)
gpio_analog_sel[25]                     0.500000    2.263742   -1.763742 (VIOLATED)
gpio_holdover[25]                       0.500000    2.263730   -1.763730 (VIOLATED)
gpio_vtrip_sel[25]                      0.500000    2.263700   -1.763700 (VIOLATED)
gpio_ib_mode_sel[25]                    0.500000    2.263694   -1.763694 (VIOLATED)
gpio_oeb[25]                            0.500000    2.263682   -1.763682 (VIOLATED)
gpio_loopback_zero[25]                  0.500000    2.263670   -1.763670 (VIOLATED)
gpio_slow_sel[28]                       0.500000    2.257495   -1.757495 (VIOLATED)
gpio_analog_en[28]                      0.500000    2.257488   -1.757488 (VIOLATED)
gpio_dm0[28]                            0.500000    2.257485   -1.757485 (VIOLATED)
gpio_analog_pol[28]                     0.500000    2.257475   -1.757475 (VIOLATED)
gpio_analog_sel[28]                     0.500000    2.257466   -1.757466 (VIOLATED)
gpio_holdover[28]                       0.500000    2.257455   -1.757455 (VIOLATED)
gpio_oeb[28]                            0.500000    2.257427   -1.757427 (VIOLATED)
gpio_ib_mode_sel[28]                    0.500000    2.257425   -1.757425 (VIOLATED)
gpio_vtrip_sel[28]                      0.500000    2.257426   -1.757426 (VIOLATED)
gpio_loopback_zero[28]                  0.500000    2.257413   -1.757413 (VIOLATED)
gpio_analog_pol[33]                     0.500000    2.255178   -1.755178 (VIOLATED)
gpio_analog_en[33]                      0.500000    2.255172   -1.755171 (VIOLATED)
gpio_dm0[33]                            0.500000    2.255172   -1.755172 (VIOLATED)
gpio_slow_sel[33]                       0.500000    2.255169   -1.755169 (VIOLATED)
gpio_analog_sel[33]                     0.500000    2.255149   -1.755149 (VIOLATED)
gpio_holdover[33]                       0.500000    2.255128   -1.755128 (VIOLATED)
gpio_vtrip_sel[33]                      0.500000    2.255093   -1.755093 (VIOLATED)
gpio_ib_mode_sel[33]                    0.500000    2.255091   -1.755091 (VIOLATED)
gpio_oeb[33]                            0.500000    2.255072   -1.755072 (VIOLATED)
gpio_loopback_zero[33]                  0.500000    2.255059   -1.755059 (VIOLATED)
gpio_slow_sel[27]                       0.500000    2.251775   -1.751775 (VIOLATED)
gpio_analog_en[27]                      0.500000    2.251764   -1.751764 (VIOLATED)
gpio_dm0[27]                            0.500000    2.251761   -1.751761 (VIOLATED)
gpio_analog_pol[27]                     0.500000    2.251757   -1.751757 (VIOLATED)
gpio_analog_sel[27]                     0.500000    2.251732   -1.751732 (VIOLATED)
gpio_holdover[27]                       0.500000    2.251721   -1.751721 (VIOLATED)
gpio_vtrip_sel[27]                      0.500000    2.251701   -1.751701 (VIOLATED)
gpio_ib_mode_sel[27]                    0.500000    2.251695   -1.751695 (VIOLATED)
gpio_oeb[27]                            0.500000    2.251683   -1.751683 (VIOLATED)
gpio_loopback_zero[27]                  0.500000    2.251678   -1.751678 (VIOLATED)
gpio_slow_sel[32]                       0.500000    2.249732   -1.749732 (VIOLATED)
gpio_analog_en[32]                      0.500000    2.249720   -1.749720 (VIOLATED)
gpio_dm0[32]                            0.500000    2.249717   -1.749717 (VIOLATED)
gpio_analog_pol[32]                     0.500000    2.249713   -1.749713 (VIOLATED)
gpio_analog_sel[32]                     0.500000    2.249688   -1.749688 (VIOLATED)
gpio_holdover[32]                       0.500000    2.249682   -1.749682 (VIOLATED)
gpio_ib_mode_sel[32]                    0.500000    2.249678   -1.749678 (VIOLATED)
gpio_vtrip_sel[32]                      0.500000    2.249679   -1.749679 (VIOLATED)
gpio_oeb[32]                            0.500000    2.249670   -1.749670 (VIOLATED)
gpio_loopback_zero[32]                  0.500000    2.249657   -1.749657 (VIOLATED)
gpio_slow_sel[24]                       0.500000    2.238599   -1.738598 (VIOLATED)
gpio_analog_en[24]                      0.500000    2.238590   -1.738590 (VIOLATED)
gpio_dm0[24]                            0.500000    2.238586   -1.738586 (VIOLATED)
gpio_analog_pol[24]                     0.500000    2.238581   -1.738581 (VIOLATED)
gpio_analog_sel[24]                     0.500000    2.238545   -1.738545 (VIOLATED)
gpio_holdover[24]                       0.500000    2.238527   -1.738527 (VIOLATED)
gpio_ib_mode_sel[24]                    0.500000    2.238499   -1.738499 (VIOLATED)
gpio_oeb[24]                            0.500000    2.238500   -1.738500 (VIOLATED)
gpio_vtrip_sel[24]                      0.500000    2.238500   -1.738500 (VIOLATED)
gpio_loopback_zero[24]                  0.500000    2.238477   -1.738477 (VIOLATED)
gpio_slow_sel[34]                       0.500000    2.237003   -1.737003 (VIOLATED)
gpio_analog_en[34]                      0.500000    2.236993   -1.736993 (VIOLATED)
gpio_analog_pol[34]                     0.500000    2.236991   -1.736991 (VIOLATED)
gpio_dm0[34]                            0.500000    2.236992   -1.736992 (VIOLATED)
gpio_analog_sel[34]                     0.500000    2.236984   -1.736984 (VIOLATED)
gpio_holdover[34]                       0.500000    2.236981   -1.736981 (VIOLATED)
gpio_vtrip_sel[34]                      0.500000    2.236973   -1.736973 (VIOLATED)
gpio_ib_mode_sel[34]                    0.500000    2.236952   -1.736952 (VIOLATED)
gpio_oeb[34]                            0.500000    2.236926   -1.736926 (VIOLATED)
gpio_loopback_zero[34]                  0.500000    2.236825   -1.736825 (VIOLATED)
gpio_slow_sel[30]                       0.500000    2.233683   -1.733683 (VIOLATED)
gpio_analog_en[30]                      0.500000    2.233674   -1.733674 (VIOLATED)
gpio_dm0[30]                            0.500000    2.233670   -1.733670 (VIOLATED)
gpio_analog_pol[30]                     0.500000    2.233665   -1.733665 (VIOLATED)
gpio_analog_sel[30]                     0.500000    2.233634   -1.733634 (VIOLATED)
gpio_holdover[30]                       0.500000    2.233602   -1.733602 (VIOLATED)
gpio_vtrip_sel[30]                      0.500000    2.233573   -1.733573 (VIOLATED)
gpio_ib_mode_sel[30]                    0.500000    2.233568   -1.733568 (VIOLATED)
gpio_oeb[30]                            0.500000    2.233556   -1.733556 (VIOLATED)
gpio_loopback_zero[30]                  0.500000    2.233547   -1.733547 (VIOLATED)
gpio_analog_pol[2]                      0.500000    2.229862   -1.729862 (VIOLATED)
gpio_analog_en[2]                       0.500000    2.229860   -1.729860 (VIOLATED)
gpio_dm0[2]                             0.500000    2.229860   -1.729860 (VIOLATED)
gpio_slow_sel[2]                        0.500000    2.229860   -1.729860 (VIOLATED)
gpio_analog_sel[2]                      0.500000    2.229857   -1.729857 (VIOLATED)
gpio_holdover[2]                        0.500000    2.229857   -1.729857 (VIOLATED)
gpio_ib_mode_sel[2]                     0.500000    2.229855   -1.729855 (VIOLATED)
gpio_oeb[2]                             0.500000    2.229854   -1.729854 (VIOLATED)
gpio_vtrip_sel[2]                       0.500000    2.229856   -1.729855 (VIOLATED)
gpio_loopback_zero[2]                   0.500000    2.229851   -1.729851 (VIOLATED)
gpio_analog_en[3]                       0.500000    2.225392   -1.725392 (VIOLATED)
gpio_slow_sel[3]                        0.500000    2.225393   -1.725393 (VIOLATED)
gpio_analog_pol[3]                      0.500000    2.225391   -1.725391 (VIOLATED)
gpio_dm0[3]                             0.500000    2.225391   -1.725391 (VIOLATED)
gpio_analog_sel[3]                      0.500000    2.225382   -1.725382 (VIOLATED)
gpio_holdover[3]                        0.500000    2.225378   -1.725377 (VIOLATED)
gpio_ib_mode_sel[3]                     0.500000    2.225374   -1.725374 (VIOLATED)
gpio_vtrip_sel[3]                       0.500000    2.225375   -1.725375 (VIOLATED)
gpio_oeb[3]                             0.500000    2.225373   -1.725373 (VIOLATED)
gpio_loopback_zero[3]                   0.500000    2.225359   -1.725359 (VIOLATED)
gpio_analog_en[9]                       0.500000    2.225283   -1.725283 (VIOLATED)
gpio_slow_sel[9]                        0.500000    2.225285   -1.725284 (VIOLATED)
gpio_analog_pol[9]                      0.500000    2.225282   -1.725282 (VIOLATED)
gpio_dm0[9]                             0.500000    2.225283   -1.725283 (VIOLATED)
gpio_analog_sel[9]                      0.500000    2.225281   -1.725281 (VIOLATED)
gpio_holdover[9]                        0.500000    2.225280   -1.725280 (VIOLATED)
gpio_ib_mode_sel[9]                     0.500000    2.225278   -1.725278 (VIOLATED)
gpio_oeb[9]                             0.500000    2.225278   -1.725278 (VIOLATED)
gpio_vtrip_sel[9]                       0.500000    2.225279   -1.725279 (VIOLATED)
gpio_loopback_zero[9]                   0.500000    2.225275   -1.725275 (VIOLATED)
gpio_slow_sel[8]                        0.500000    2.221489   -1.721489 (VIOLATED)
gpio_analog_en[8]                       0.500000    2.221488   -1.721487 (VIOLATED)
gpio_analog_pol[8]                      0.500000    2.221479   -1.721479 (VIOLATED)
gpio_dm0[8]                             0.500000    2.221480   -1.721480 (VIOLATED)
gpio_analog_sel[8]                      0.500000    2.221458   -1.721458 (VIOLATED)
gpio_holdover[8]                        0.500000    2.221437   -1.721437 (VIOLATED)
gpio_vtrip_sel[8]                       0.500000    2.221410   -1.721410 (VIOLATED)
gpio_ib_mode_sel[8]                     0.500000    2.221402   -1.721402 (VIOLATED)
gpio_oeb[8]                             0.500000    2.221395   -1.721395 (VIOLATED)
gpio_loopback_zero[8]                   0.500000    2.221367   -1.721367 (VIOLATED)
gpio_slow_sel[10]                       0.500000    2.220475   -1.720475 (VIOLATED)
gpio_analog_en[10]                      0.500000    2.220467   -1.720466 (VIOLATED)
gpio_analog_pol[10]                     0.500000    2.220464   -1.720464 (VIOLATED)
gpio_dm0[10]                            0.500000    2.220464   -1.720464 (VIOLATED)
gpio_analog_sel[10]                     0.500000    2.220460   -1.720460 (VIOLATED)
gpio_holdover[10]                       0.500000    2.220450   -1.720450 (VIOLATED)
gpio_vtrip_sel[10]                      0.500000    2.220426   -1.720426 (VIOLATED)
gpio_ib_mode_sel[10]                    0.500000    2.220417   -1.720417 (VIOLATED)
gpio_oeb[10]                            0.500000    2.220416   -1.720416 (VIOLATED)
gpio_loopback_zero[10]                  0.500000    2.220410   -1.720410 (VIOLATED)
gpio_analog_en[4]                       0.500000    2.219967   -1.719967 (VIOLATED)
gpio_slow_sel[4]                        0.500000    2.219968   -1.719968 (VIOLATED)
gpio_analog_pol[4]                      0.500000    2.219965   -1.719965 (VIOLATED)
gpio_dm0[4]                             0.500000    2.219966   -1.719966 (VIOLATED)
gpio_analog_sel[4]                      0.500000    2.219960   -1.719960 (VIOLATED)
gpio_holdover[4]                        0.500000    2.219958   -1.719958 (VIOLATED)
gpio_vtrip_sel[4]                       0.500000    2.219941   -1.719941 (VIOLATED)
gpio_ib_mode_sel[4]                     0.500000    2.219924   -1.719924 (VIOLATED)
gpio_oeb[4]                             0.500000    2.219916   -1.719916 (VIOLATED)
gpio_loopback_zero[4]                   0.500000    2.219880   -1.719880 (VIOLATED)
gpio_analog_en[12]                      0.500000    2.218769   -1.718768 (VIOLATED)
gpio_slow_sel[12]                       0.500000    2.218766   -1.718767 (VIOLATED)
gpio_analog_pol[12]                     0.500000    2.218764   -1.718764 (VIOLATED)
gpio_dm0[12]                            0.500000    2.218765   -1.718765 (VIOLATED)
gpio_analog_sel[12]                     0.500000    2.218760   -1.718760 (VIOLATED)
gpio_holdover[12]                       0.500000    2.218758   -1.718758 (VIOLATED)
gpio_vtrip_sel[12]                      0.500000    2.218753   -1.718753 (VIOLATED)
gpio_ib_mode_sel[12]                    0.500000    2.218741   -1.718741 (VIOLATED)
gpio_oeb[12]                            0.500000    2.218725   -1.718725 (VIOLATED)
gpio_loopback_zero[12]                  0.500000    2.218699   -1.718699 (VIOLATED)
gpio_slow_sel[7]                        0.500000    2.217413   -1.717413 (VIOLATED)
gpio_analog_en[7]                       0.500000    2.217407   -1.717407 (VIOLATED)
gpio_dm0[7]                             0.500000    2.217404   -1.717404 (VIOLATED)
gpio_analog_pol[7]                      0.500000    2.217399   -1.717399 (VIOLATED)
gpio_analog_sel[7]                      0.500000    2.217374   -1.717374 (VIOLATED)
gpio_holdover[7]                        0.500000    2.217362   -1.717362 (VIOLATED)
gpio_vtrip_sel[7]                       0.500000    2.217341   -1.717341 (VIOLATED)
gpio_ib_mode_sel[7]                     0.500000    2.217335   -1.717335 (VIOLATED)
gpio_oeb[7]                             0.500000    2.217330   -1.717330 (VIOLATED)
gpio_loopback_zero[7]                   0.500000    2.217316   -1.717316 (VIOLATED)
gpio_slow_sel[5]                        0.500000    2.214993   -1.714993 (VIOLATED)
gpio_analog_en[5]                       0.500000    2.214983   -1.714982 (VIOLATED)
gpio_dm0[5]                             0.500000    2.214981   -1.714981 (VIOLATED)
gpio_analog_pol[5]                      0.500000    2.214964   -1.714964 (VIOLATED)
gpio_analog_sel[5]                      0.500000    2.214936   -1.714936 (VIOLATED)
gpio_holdover[5]                        0.500000    2.214919   -1.714919 (VIOLATED)
gpio_vtrip_sel[5]                       0.500000    2.214886   -1.714886 (VIOLATED)
gpio_ib_mode_sel[5]                     0.500000    2.214877   -1.714877 (VIOLATED)
gpio_oeb[5]                             0.500000    2.214867   -1.714867 (VIOLATED)
gpio_loopback_zero[5]                   0.500000    2.214818   -1.714818 (VIOLATED)
gpio_slow_sel[1]                        0.500000    2.212965   -1.712965 (VIOLATED)
gpio_analog_en[1]                       0.500000    2.212953   -1.712953 (VIOLATED)
gpio_analog_pol[1]                      0.500000    2.212942   -1.712942 (VIOLATED)
gpio_inp_dis[1]                         0.500000    2.212937   -1.712937 (VIOLATED)
gpio_analog_sel[1]                      0.500000    2.212908   -1.712908 (VIOLATED)
gpio_holdover[1]                        0.500000    2.212880   -1.712880 (VIOLATED)
gpio_vtrip_sel[1]                       0.500000    2.212845   -1.712845 (VIOLATED)
gpio_ib_mode_sel[1]                     0.500000    2.212836   -1.712836 (VIOLATED)
gpio_oeb[1]                             0.500000    2.212827   -1.712827 (VIOLATED)
gpio_loopback_zero[1]                   0.500000    2.212789   -1.712789 (VIOLATED)
gpio_slow_sel[6]                        0.500000    2.212226   -1.712226 (VIOLATED)
gpio_analog_en[6]                       0.500000    2.212218   -1.712218 (VIOLATED)
gpio_dm0[6]                             0.500000    2.212215   -1.712215 (VIOLATED)
gpio_analog_pol[6]                      0.500000    2.212210   -1.712210 (VIOLATED)
gpio_analog_sel[6]                      0.500000    2.212177   -1.712176 (VIOLATED)
gpio_holdover[6]                        0.500000    2.212165   -1.712165 (VIOLATED)
gpio_vtrip_sel[6]                       0.500000    2.212144   -1.712144 (VIOLATED)
gpio_ib_mode_sel[6]                     0.500000    2.212138   -1.712138 (VIOLATED)
gpio_oeb[6]                             0.500000    2.212133   -1.712133 (VIOLATED)
gpio_loopback_zero[6]                   0.500000    2.212119   -1.712119 (VIOLATED)
gpio_slow_sel[11]                       0.500000    2.204836   -1.704836 (VIOLATED)
gpio_analog_en[11]                      0.500000    2.204828   -1.704828 (VIOLATED)
gpio_dm0[11]                            0.500000    2.204824   -1.704824 (VIOLATED)
gpio_analog_pol[11]                     0.500000    2.204811   -1.704811 (VIOLATED)
gpio_analog_sel[11]                     0.500000    2.204783   -1.704783 (VIOLATED)
gpio_holdover[11]                       0.500000    2.204769   -1.704769 (VIOLATED)
gpio_vtrip_sel[11]                      0.500000    2.204743   -1.704743 (VIOLATED)
gpio_ib_mode_sel[11]                    0.500000    2.204736   -1.704736 (VIOLATED)
gpio_oeb[11]                            0.500000    2.204728   -1.704728 (VIOLATED)
gpio_loopback_zero[11]                  0.500000    2.204702   -1.704702 (VIOLATED)
gpio_out[31]                            0.500000    1.517629   -1.017629 (VIOLATED)
mprj2/output10/X                        0.500000    1.517599   -1.017599 (VIOLATED)
gpio_out[8]                             0.500000    1.307687   -0.807687 (VIOLATED)
mprj/output9/X                          0.500000    1.307668   -0.807668 (VIOLATED)
gpio_out[7]                             0.500000    1.268408   -0.768408 (VIOLATED)
mprj/output8/X                          0.500000    1.268389   -0.768389 (VIOLATED)
gpio_out[9]                             0.500000    1.184192   -0.684192 (VIOLATED)
mprj/output10/X                         0.500000    1.184180   -0.684180 (VIOLATED)
gpio_out[6]                             0.500000    1.167928   -0.667928 (VIOLATED)
mprj/output7/X                          0.500000    1.167609   -0.667610 (VIOLATED)
gpio_out[5]                             0.500000    1.121774   -0.621774 (VIOLATED)
mprj/output6/X                          0.500000    1.121762   -0.621762 (VIOLATED)
mprj/output2/A                          0.500000    1.095796   -0.595796 (VIOLATED)
mprj2/output2/A                         0.500000    1.095796   -0.595796 (VIOLATED)
mprj/ANTENNA_output2_A/DIODE            0.500000    1.095789   -0.595789 (VIOLATED)
mprj2/ANTENNA_output2_A/DIODE           0.500000    1.095789   -0.595789 (VIOLATED)
mprj/ANTENNA__578__A2/DIODE             0.500000    1.091406   -0.591406 (VIOLATED)
mprj/_578_/A2                           0.500000    1.091406   -0.591406 (VIOLATED)
mprj2/ANTENNA__578__A2/DIODE            0.500000    1.091406   -0.591406 (VIOLATED)
mprj2/_578_/A2                          0.500000    1.091406   -0.591406 (VIOLATED)
mprj/ANTENNA__571__A2/DIODE             0.500000    1.091405   -0.591405 (VIOLATED)
mprj2/ANTENNA__571__A2/DIODE            0.500000    1.091405   -0.591405 (VIOLATED)
mprj/ANTENNA__575__B1/DIODE             0.500000    1.091404   -0.591404 (VIOLATED)
mprj/_571_/A2                           0.500000    1.091405   -0.591405 (VIOLATED)
mprj/_575_/B1                           0.500000    1.091405   -0.591405 (VIOLATED)
mprj/ANTENNA__580__B1/DIODE             0.500000    1.091404   -0.591404 (VIOLATED)
mprj/_580_/B1                           0.500000    1.091404   -0.591404 (VIOLATED)
mprj2/ANTENNA__575__B1/DIODE            0.500000    1.091404   -0.591404 (VIOLATED)
mprj2/_571_/A2                          0.500000    1.091405   -0.591405 (VIOLATED)
mprj2/_575_/B1                          0.500000    1.091405   -0.591405 (VIOLATED)
mprj2/ANTENNA__580__B1/DIODE            0.500000    1.091404   -0.591404 (VIOLATED)
mprj2/_580_/B1                          0.500000    1.091404   -0.591404 (VIOLATED)
mprj/ANTENNA__564__X/DIODE              0.500000    1.091396   -0.591396 (VIOLATED)
mprj2/ANTENNA__564__X/DIODE             0.500000    1.091396   -0.591396 (VIOLATED)
mprj/_564_/X                            0.500000    1.091395   -0.591395 (VIOLATED)
mprj2/_564_/X                           0.500000    1.091395   -0.591395 (VIOLATED)
gpio_out[10]                            0.500000    1.082597   -0.582597 (VIOLATED)
mprj/output11/X                         0.500000    1.082588   -0.582588 (VIOLATED)
gpio_out[4]                             0.500000    1.034338   -0.534338 (VIOLATED)
mprj/output5/X                          0.500000    1.034330   -0.534330 (VIOLATED)
gpio_dm0[1]                             0.500000    1.027710   -0.527710 (VIOLATED)
gpio_dm1[1]                             0.500000    1.027710   -0.527710 (VIOLATED)
gpio_dm2[1]                             0.500000    1.027709   -0.527709 (VIOLATED)
gpio_out[1]                             0.500000    1.027708   -0.527708 (VIOLATED)
gpio_loopback_one[1]                    0.500000    1.027706   -0.527706 (VIOLATED)
mprj2/ANTENNA_fanout25_A/DIODE          0.500000    1.026097   -0.526097 (VIOLATED)
mprj2/fanout25/A                        0.500000    1.026096   -0.526096 (VIOLATED)
mprj/ANTENNA_fanout25_A/DIODE           0.500000    1.026096   -0.526096 (VIOLATED)
mprj/fanout25/A                         0.500000    1.026096   -0.526096 (VIOLATED)
mprj2/ANTENNA_fanout19_A/DIODE          0.500000    1.025454   -0.525454 (VIOLATED)
mprj/ANTENNA_fanout19_A/DIODE           0.500000    1.025453   -0.525453 (VIOLATED)
mprj2/fanout19/A                        0.500000    1.025400   -0.525400 (VIOLATED)
mprj/fanout19/A                         0.500000    1.025400   -0.525400 (VIOLATED)
gpio_out[30]                            0.500000    1.024565   -0.524565 (VIOLATED)
mprj2/output9/X                         0.500000    1.024561   -0.524561 (VIOLATED)
mprj2/ANTENNA_input1_X/DIODE            0.500000    1.014336   -0.514336 (VIOLATED)
mprj/ANTENNA_input1_X/DIODE             0.500000    1.014335   -0.514335 (VIOLATED)
mprj2/input1/X                          0.500000    1.014334   -0.514334 (VIOLATED)
mprj/input1/X                           0.500000    1.014333   -0.514333 (VIOLATED)
gpio_out[11]                            0.500000    0.982327   -0.482327 (VIOLATED)
mprj/output12/X                         0.500000    0.982322   -0.482322 (VIOLATED)
gpio_out[3]                             0.500000    0.968396   -0.468396 (VIOLATED)
mprj/output4/X                          0.500000    0.968391   -0.468391 (VIOLATED)
mprj/_339_/A                            0.500000    0.947274   -0.447274 (VIOLATED)
mprj/_650_/A                            0.500000    0.947275   -0.447275 (VIOLATED)
mprj/_592_/A                            0.500000    0.947274   -0.447274 (VIOLATED)
mprj/_642_/A                            0.500000    0.947274   -0.447274 (VIOLATED)
mprj/_660_/A                            0.500000    0.947274   -0.447274 (VIOLATED)
mprj/_662_/A                            0.500000    0.947274   -0.447274 (VIOLATED)
mprj/_669_/A                            0.500000    0.947274   -0.447274 (VIOLATED)
mprj/_670_/A                            0.500000    0.947274   -0.447274 (VIOLATED)
mprj/fanout21/X                         0.500000    0.947274   -0.447274 (VIOLATED)
mprj/load_slew22/A                      0.500000    0.947274   -0.447274 (VIOLATED)
mprj2/_339_/A                           0.500000    0.947272   -0.447272 (VIOLATED)
mprj2/_650_/A                           0.500000    0.947272   -0.447272 (VIOLATED)
mprj2/_592_/A                           0.500000    0.947272   -0.447271 (VIOLATED)
mprj2/_642_/A                           0.500000    0.947272   -0.447271 (VIOLATED)
mprj2/_660_/A                           0.500000    0.947272   -0.447271 (VIOLATED)
mprj2/_662_/A                           0.500000    0.947272   -0.447271 (VIOLATED)
mprj2/_669_/A                           0.500000    0.947272   -0.447271 (VIOLATED)
mprj2/_670_/A                           0.500000    0.947272   -0.447271 (VIOLATED)
mprj2/fanout21/X                        0.500000    0.947272   -0.447271 (VIOLATED)
mprj2/load_slew22/A                     0.500000    0.947272   -0.447271 (VIOLATED)
mprj/output11/A                         0.500000    0.943618   -0.443618 (VIOLATED)
mprj2/output11/A                        0.500000    0.943618   -0.443618 (VIOLATED)
mprj/ANTENNA_output11_A/DIODE           0.500000    0.943610   -0.443610 (VIOLATED)
mprj2/ANTENNA_output11_A/DIODE          0.500000    0.943610   -0.443610 (VIOLATED)
mprj/ANTENNA__590__X/DIODE              0.500000    0.938761   -0.438761 (VIOLATED)
mprj2/ANTENNA__590__X/DIODE             0.500000    0.938761   -0.438761 (VIOLATED)
mprj/_590_/X                            0.500000    0.938759   -0.438759 (VIOLATED)
mprj2/_590_/X                           0.500000    0.938759   -0.438759 (VIOLATED)
gpio_out[2]                             0.500000    0.938682   -0.438682 (VIOLATED)
mprj/output2/X                          0.500000    0.938679   -0.438679 (VIOLATED)
gpio_out[12]                            0.500000    0.930854   -0.430854 (VIOLATED)
mprj/output3/X                          0.500000    0.930851   -0.430851 (VIOLATED)
mprj/_665_/A                            0.500000    0.862956   -0.362956 (VIOLATED)
mprj2/_665_/A                           0.500000    0.862956   -0.362956 (VIOLATED)
mprj/_615_/A                            0.500000    0.862956   -0.362956 (VIOLATED)
mprj/_663_/A                            0.500000    0.862956   -0.362956 (VIOLATED)
mprj2/_615_/A                           0.500000    0.862956   -0.362956 (VIOLATED)
mprj2/_663_/A                           0.500000    0.862956   -0.362956 (VIOLATED)
mprj/_614_/A                            0.500000    0.862955   -0.362955 (VIOLATED)
mprj/_664_/A                            0.500000    0.862955   -0.362955 (VIOLATED)
mprj2/_614_/A                           0.500000    0.862955   -0.362955 (VIOLATED)
mprj2/_664_/A                           0.500000    0.862955   -0.362955 (VIOLATED)
mprj/_610_/A                            0.500000    0.862954   -0.362954 (VIOLATED)
mprj/_611_/A                            0.500000    0.862954   -0.362954 (VIOLATED)
mprj/_612_/A                            0.500000    0.862954   -0.362954 (VIOLATED)
mprj/fanout17/X                         0.500000    0.862954   -0.362954 (VIOLATED)
mprj/max_cap18/A                        0.500000    0.862954   -0.362954 (VIOLATED)
mprj2/_610_/A                           0.500000    0.862954   -0.362954 (VIOLATED)
mprj2/_611_/A                           0.500000    0.862954   -0.362954 (VIOLATED)
mprj2/_612_/A                           0.500000    0.862954   -0.362954 (VIOLATED)
mprj2/fanout17/X                        0.500000    0.862954   -0.362954 (VIOLATED)
mprj2/max_cap18/A                       0.500000    0.862954   -0.362954 (VIOLATED)
gpio_dm1[29]                            0.500000    0.847802   -0.347802 (VIOLATED)
gpio_inp_dis[29]                        0.500000    0.847802   -0.347802 (VIOLATED)
gpio_dm2[29]                            0.500000    0.847801   -0.347801 (VIOLATED)
gpio_loopback_one[29]                   0.500000    0.847797   -0.347797 (VIOLATED)
mprj/output4/A                          0.500000    0.836446   -0.336446 (VIOLATED)
mprj2/output4/A                         0.500000    0.836446   -0.336446 (VIOLATED)
mprj/ANTENNA_output4_A/DIODE            0.500000    0.836440   -0.336440 (VIOLATED)
mprj2/ANTENNA_output4_A/DIODE           0.500000    0.836440   -0.336440 (VIOLATED)
mprj/_386_/A                            0.500000    0.833823   -0.333823 (VIOLATED)
mprj2/_386_/A                           0.500000    0.833823   -0.333823 (VIOLATED)
mprj/ANTENNA__386__A/DIODE              0.500000    0.833797   -0.333797 (VIOLATED)
mprj2/ANTENNA__386__A/DIODE             0.500000    0.833797   -0.333797 (VIOLATED)
mprj/_568_/B                            0.500000    0.833788   -0.333788 (VIOLATED)
mprj/_572_/B                            0.500000    0.833788   -0.333788 (VIOLATED)
mprj2/_568_/B                           0.500000    0.833788   -0.333788 (VIOLATED)
mprj2/_572_/B                           0.500000    0.833788   -0.333788 (VIOLATED)
mprj/ANTENNA__568__B/DIODE              0.500000    0.833787   -0.333787 (VIOLATED)
mprj/ANTENNA__572__B/DIODE              0.500000    0.833787   -0.333787 (VIOLATED)
mprj2/ANTENNA__568__B/DIODE             0.500000    0.833787   -0.333787 (VIOLATED)
mprj2/ANTENNA__572__B/DIODE             0.500000    0.833787   -0.333787 (VIOLATED)
mprj/ANTENNA__579__A2/DIODE             0.500000    0.833784   -0.333784 (VIOLATED)
mprj2/ANTENNA__579__A2/DIODE            0.500000    0.833784   -0.333784 (VIOLATED)
mprj/_579_/A2                           0.500000    0.833784   -0.333784 (VIOLATED)
mprj2/_579_/A2                          0.500000    0.833784   -0.333784 (VIOLATED)
mprj/ANTENNA__384__Y/DIODE              0.500000    0.833781   -0.333781 (VIOLATED)
mprj2/ANTENNA__384__Y/DIODE             0.500000    0.833781   -0.333781 (VIOLATED)
mprj/_384_/Y                            0.500000    0.833779   -0.333779 (VIOLATED)
mprj2/_384_/Y                           0.500000    0.833779   -0.333779 (VIOLATED)
gpio_dm1[27]                            0.500000    0.826142   -0.326142 (VIOLATED)
gpio_inp_dis[27]                        0.500000    0.826142   -0.326142 (VIOLATED)
gpio_dm2[27]                            0.500000    0.826141   -0.326141 (VIOLATED)
gpio_loopback_one[27]                   0.500000    0.826137   -0.326137 (VIOLATED)
gpio_dm1[28]                            0.500000    0.825828   -0.325828 (VIOLATED)
gpio_inp_dis[28]                        0.500000    0.825823   -0.325823 (VIOLATED)
gpio_dm2[28]                            0.500000    0.825822   -0.325821 (VIOLATED)
gpio_loopback_one[28]                   0.500000    0.825818   -0.325818 (VIOLATED)
gpio_dm1[24]                            0.500000    0.815599   -0.315599 (VIOLATED)
gpio_inp_dis[24]                        0.500000    0.815593   -0.315593 (VIOLATED)
gpio_dm2[24]                            0.500000    0.815593   -0.315593 (VIOLATED)
gpio_loopback_one[24]                   0.500000    0.815588   -0.315588 (VIOLATED)
gpio_dm1[33]                            0.500000    0.813572   -0.313572 (VIOLATED)
gpio_inp_dis[33]                        0.500000    0.813572   -0.313572 (VIOLATED)
gpio_dm2[33]                            0.500000    0.813570   -0.313570 (VIOLATED)
gpio_loopback_one[33]                   0.500000    0.813567   -0.313567 (VIOLATED)
gpio_dm1[26]                            0.500000    0.812699   -0.312699 (VIOLATED)
gpio_inp_dis[26]                        0.500000    0.812699   -0.312699 (VIOLATED)
gpio_dm2[26]                            0.500000    0.812698   -0.312698 (VIOLATED)
gpio_loopback_one[26]                   0.500000    0.812694   -0.312694 (VIOLATED)
gpio_dm1[25]                            0.500000    0.810623   -0.310623 (VIOLATED)
gpio_inp_dis[25]                        0.500000    0.810618   -0.310618 (VIOLATED)
gpio_dm2[25]                            0.500000    0.810607   -0.310607 (VIOLATED)
gpio_loopback_one[25]                   0.500000    0.810597   -0.310597 (VIOLATED)
gpio_dm1[34]                            0.500000    0.810451   -0.310451 (VIOLATED)
gpio_inp_dis[34]                        0.500000    0.810446   -0.310446 (VIOLATED)
gpio_dm2[34]                            0.500000    0.810434   -0.310434 (VIOLATED)
gpio_loopback_one[34]                   0.500000    0.810429   -0.310429 (VIOLATED)
gpio_dm1[7]                             0.500000    0.804165   -0.304165 (VIOLATED)
gpio_inp_dis[7]                         0.500000    0.804164   -0.304164 (VIOLATED)
gpio_dm2[7]                             0.500000    0.804163   -0.304163 (VIOLATED)
gpio_loopback_one[7]                    0.500000    0.804161   -0.304161 (VIOLATED)
gpio_dm1[32]                            0.500000    0.802106   -0.302106 (VIOLATED)
gpio_inp_dis[32]                        0.500000    0.802100   -0.302100 (VIOLATED)
gpio_dm2[32]                            0.500000    0.802089   -0.302089 (VIOLATED)
gpio_loopback_one[32]                   0.500000    0.802083   -0.302083 (VIOLATED)
gpio_dm1[30]                            0.500000    0.800901   -0.300901 (VIOLATED)
gpio_inp_dis[30]                        0.500000    0.800901   -0.300901 (VIOLATED)
gpio_dm2[30]                            0.500000    0.800900   -0.300899 (VIOLATED)
gpio_loopback_one[30]                   0.500000    0.800896   -0.300896 (VIOLATED)
gpio_dm1[2]                             0.500000    0.799788   -0.299788 (VIOLATED)
gpio_inp_dis[2]                         0.500000    0.799782   -0.299782 (VIOLATED)
gpio_dm2[2]                             0.500000    0.799778   -0.299778 (VIOLATED)
gpio_loopback_one[2]                    0.500000    0.799774   -0.299774 (VIOLATED)
gpio_dm1[31]                            0.500000    0.797416   -0.297416 (VIOLATED)
gpio_inp_dis[31]                        0.500000    0.797413   -0.297413 (VIOLATED)
gpio_dm2[31]                            0.500000    0.797413   -0.297413 (VIOLATED)
gpio_loopback_one[31]                   0.500000    0.797409   -0.297410 (VIOLATED)
gpio_dm1[3]                             0.500000    0.792034   -0.292034 (VIOLATED)
gpio_inp_dis[3]                         0.500000    0.792033   -0.292033 (VIOLATED)
gpio_dm2[3]                             0.500000    0.792033   -0.292033 (VIOLATED)
gpio_loopback_one[3]                    0.500000    0.792031   -0.292031 (VIOLATED)
gpio_dm1[8]                             0.500000    0.791371   -0.291371 (VIOLATED)
gpio_inp_dis[8]                         0.500000    0.791370   -0.291370 (VIOLATED)
gpio_dm2[8]                             0.500000    0.791370   -0.291370 (VIOLATED)
gpio_loopback_one[8]                    0.500000    0.791368   -0.291368 (VIOLATED)
gpio_dm1[4]                             0.500000    0.789348   -0.289348 (VIOLATED)
gpio_inp_dis[4]                         0.500000    0.789347   -0.289347 (VIOLATED)
gpio_dm2[4]                             0.500000    0.789347   -0.289347 (VIOLATED)
gpio_loopback_one[4]                    0.500000    0.789345   -0.289345 (VIOLATED)
gpio_dm1[12]                            0.500000    0.786574   -0.286574 (VIOLATED)
gpio_inp_dis[12]                        0.500000    0.786574   -0.286574 (VIOLATED)
gpio_dm2[12]                            0.500000    0.786573   -0.286573 (VIOLATED)
gpio_loopback_one[12]                   0.500000    0.786572   -0.286572 (VIOLATED)
gpio_dm1[5]                             0.500000    0.786331   -0.286331 (VIOLATED)
gpio_inp_dis[5]                         0.500000    0.786328   -0.286328 (VIOLATED)
gpio_dm2[5]                             0.500000    0.786325   -0.286325 (VIOLATED)
gpio_loopback_one[5]                    0.500000    0.786321   -0.286321 (VIOLATED)
gpio_dm1[10]                            0.500000    0.785012   -0.285012 (VIOLATED)
gpio_inp_dis[10]                        0.500000    0.785007   -0.285007 (VIOLATED)
gpio_dm2[10]                            0.500000    0.784992   -0.284992 (VIOLATED)
gpio_loopback_one[10]                   0.500000    0.784983   -0.284983 (VIOLATED)
gpio_dm1[6]                             0.500000    0.784676   -0.284677 (VIOLATED)
gpio_inp_dis[6]                         0.500000    0.784676   -0.284676 (VIOLATED)
gpio_dm2[6]                             0.500000    0.784675   -0.284675 (VIOLATED)
gpio_loopback_one[6]                    0.500000    0.784673   -0.284673 (VIOLATED)
gpio_dm1[11]                            0.500000    0.781888   -0.281888 (VIOLATED)
gpio_inp_dis[11]                        0.500000    0.781888   -0.281888 (VIOLATED)
gpio_dm2[11]                            0.500000    0.781887   -0.281887 (VIOLATED)
gpio_loopback_one[11]                   0.500000    0.781885   -0.281885 (VIOLATED)
gpio_dm1[9]                             0.500000    0.781398   -0.281398 (VIOLATED)
gpio_inp_dis[9]                         0.500000    0.781393   -0.281393 (VIOLATED)
gpio_dm2[9]                             0.500000    0.781383   -0.281383 (VIOLATED)
gpio_loopback_one[9]                    0.500000    0.781380   -0.281380 (VIOLATED)
mprj/output10/A                         0.500000    0.769538   -0.269538 (VIOLATED)
mprj2/output10/A                        0.500000    0.769538   -0.269538 (VIOLATED)
mprj/ANTENNA_output10_A/DIODE           0.500000    0.769528   -0.269528 (VIOLATED)
mprj2/ANTENNA_output10_A/DIODE          0.500000    0.769528   -0.269528 (VIOLATED)
mprj/ANTENNA__589__X/DIODE              0.500000    0.763687   -0.263687 (VIOLATED)
mprj2/ANTENNA__589__X/DIODE             0.500000    0.763687   -0.263687 (VIOLATED)
mprj/_589_/X                            0.500000    0.763685   -0.263685 (VIOLATED)
mprj2/_589_/X                           0.500000    0.763685   -0.263685 (VIOLATED)
mprj/_634_/A                            0.500000    0.762465   -0.262465 (VIOLATED)
mprj/_635_/A                            0.500000    0.762465   -0.262465 (VIOLATED)
mprj/_636_/A                            0.500000    0.762465   -0.262465 (VIOLATED)
mprj/_638_/A                            0.500000    0.762465   -0.262465 (VIOLATED)
mprj/_639_/A                            0.500000    0.762465   -0.262465 (VIOLATED)
mprj/_640_/A                            0.500000    0.762465   -0.262465 (VIOLATED)
mprj/_641_/A                            0.500000    0.762465   -0.262465 (VIOLATED)
mprj/fanout15/X                         0.500000    0.762465   -0.262465 (VIOLATED)
mprj/load_slew16/A                      0.500000    0.762465   -0.262465 (VIOLATED)
mprj2/_634_/A                           0.500000    0.762465   -0.262465 (VIOLATED)
mprj2/_635_/A                           0.500000    0.762465   -0.262465 (VIOLATED)
mprj2/_636_/A                           0.500000    0.762465   -0.262465 (VIOLATED)
mprj2/_638_/A                           0.500000    0.762465   -0.262465 (VIOLATED)
mprj2/_639_/A                           0.500000    0.762465   -0.262465 (VIOLATED)
mprj2/_640_/A                           0.500000    0.762465   -0.262465 (VIOLATED)
mprj2/_641_/A                           0.500000    0.762465   -0.262465 (VIOLATED)
mprj2/fanout15/X                        0.500000    0.762465   -0.262465 (VIOLATED)
mprj2/load_slew16/A                     0.500000    0.762465   -0.262465 (VIOLATED)
mprj/_593_/A                            0.500000    0.744458   -0.244458 (VIOLATED)
mprj/_594_/A                            0.500000    0.744458   -0.244458 (VIOLATED)
mprj/_595_/A                            0.500000    0.744458   -0.244458 (VIOLATED)
mprj/_596_/A                            0.500000    0.744458   -0.244458 (VIOLATED)
mprj/_597_/A                            0.500000    0.744458   -0.244458 (VIOLATED)
mprj/_598_/A                            0.500000    0.744458   -0.244458 (VIOLATED)
mprj/fanout23/X                         0.500000    0.744458   -0.244458 (VIOLATED)
mprj/wire24/A                           0.500000    0.744458   -0.244458 (VIOLATED)
mprj2/_593_/A                           0.500000    0.744458   -0.244458 (VIOLATED)
mprj2/_594_/A                           0.500000    0.744458   -0.244458 (VIOLATED)
mprj2/_595_/A                           0.500000    0.744458   -0.244458 (VIOLATED)
mprj2/_596_/A                           0.500000    0.744458   -0.244458 (VIOLATED)
mprj2/_597_/A                           0.500000    0.744458   -0.244458 (VIOLATED)
mprj2/_598_/A                           0.500000    0.744458   -0.244458 (VIOLATED)
mprj2/fanout23/X                        0.500000    0.744458   -0.244458 (VIOLATED)
mprj2/wire24/A                          0.500000    0.744458   -0.244458 (VIOLATED)
mprj/_652_/A                            0.500000    0.695798   -0.195798 (VIOLATED)
mprj/_653_/A                            0.500000    0.695798   -0.195798 (VIOLATED)
mprj/_655_/A                            0.500000    0.695798   -0.195798 (VIOLATED)
mprj/load_slew26/A                      0.500000    0.695798   -0.195798 (VIOLATED)
mprj/_656_/A                            0.500000    0.695797   -0.195797 (VIOLATED)
mprj/_658_/A                            0.500000    0.695797   -0.195797 (VIOLATED)
mprj/_659_/A                            0.500000    0.695797   -0.195797 (VIOLATED)
mprj/fanout21/A                         0.500000    0.695797   -0.195797 (VIOLATED)
mprj/fanout25/X                         0.500000    0.695797   -0.195797 (VIOLATED)
mprj2/_652_/A                           0.500000    0.695797   -0.195797 (VIOLATED)
mprj2/_653_/A                           0.500000    0.695796   -0.195796 (VIOLATED)
mprj2/_655_/A                           0.500000    0.695796   -0.195796 (VIOLATED)
mprj2/load_slew26/A                     0.500000    0.695796   -0.195796 (VIOLATED)
mprj2/_656_/A                           0.500000    0.695795   -0.195795 (VIOLATED)
mprj2/_658_/A                           0.500000    0.695795   -0.195795 (VIOLATED)
mprj2/_659_/A                           0.500000    0.695795   -0.195795 (VIOLATED)
mprj2/fanout21/A                        0.500000    0.695795   -0.195795 (VIOLATED)
mprj2/fanout25/X                        0.500000    0.695795   -0.195795 (VIOLATED)
mprj/wire13/A                           0.500000    0.657331   -0.157331 (VIOLATED)
mprj2/wire13/A                          0.500000    0.657331   -0.157331 (VIOLATED)
mprj/ANTENNA_wire13_A/DIODE             0.500000    0.657324   -0.157324 (VIOLATED)
mprj2/ANTENNA_wire13_A/DIODE            0.500000    0.657324   -0.157324 (VIOLATED)
mprj/ANTENNA__591__Y/DIODE              0.500000    0.656989   -0.156988 (VIOLATED)
mprj2/ANTENNA__591__Y/DIODE             0.500000    0.656989   -0.156988 (VIOLATED)
mprj/_591_/Y                            0.500000    0.656987   -0.156987 (VIOLATED)
mprj2/_591_/Y                           0.500000    0.656987   -0.156987 (VIOLATED)
mprj/output5/A                          0.500000    0.644293   -0.144293 (VIOLATED)
mprj2/output5/A                         0.500000    0.644293   -0.144293 (VIOLATED)
mprj/ANTENNA_output5_A/DIODE            0.500000    0.644289   -0.144289 (VIOLATED)
mprj2/ANTENNA_output5_A/DIODE           0.500000    0.644289   -0.144289 (VIOLATED)
mprj/_386_/B                            0.500000    0.643402   -0.143402 (VIOLATED)
mprj2/_386_/B                           0.500000    0.643402   -0.143402 (VIOLATED)
mprj/ANTENNA__386__B/DIODE              0.500000    0.643385   -0.143385 (VIOLATED)
mprj2/ANTENNA__386__B/DIODE             0.500000    0.643385   -0.143385 (VIOLATED)
mprj/_580_/A2                           0.500000    0.643381   -0.143381 (VIOLATED)
mprj2/_580_/A2                          0.500000    0.643381   -0.143381 (VIOLATED)
mprj/_572_/C                            0.500000    0.643381   -0.143381 (VIOLATED)
mprj2/_572_/C                           0.500000    0.643381   -0.143381 (VIOLATED)
mprj/ANTENNA__580__A2/DIODE             0.500000    0.643380   -0.143380 (VIOLATED)
mprj2/ANTENNA__580__A2/DIODE            0.500000    0.643380   -0.143380 (VIOLATED)
mprj/ANTENNA__572__C/DIODE              0.500000    0.643380   -0.143380 (VIOLATED)
mprj2/ANTENNA__572__C/DIODE             0.500000    0.643380   -0.143380 (VIOLATED)
mprj/ANTENNA__568__C/DIODE              0.500000    0.643380   -0.143380 (VIOLATED)
mprj/_568_/C                            0.500000    0.643380   -0.143380 (VIOLATED)
mprj2/ANTENNA__568__C/DIODE             0.500000    0.643380   -0.143380 (VIOLATED)
mprj2/_568_/C                           0.500000    0.643380   -0.143380 (VIOLATED)
mprj/ANTENNA__385__Y/DIODE              0.500000    0.643376   -0.143376 (VIOLATED)
mprj2/ANTENNA__385__Y/DIODE             0.500000    0.643376   -0.143376 (VIOLATED)
mprj/_385_/Y                            0.500000    0.643374   -0.143374 (VIOLATED)
mprj2/_385_/Y                           0.500000    0.643374   -0.143374 (VIOLATED)
gpio_inp_dis[15]                        0.500000    0.559718   -0.059718 (VIOLATED)
gpio_oeb[15]                            0.500000    0.559717   -0.059717 (VIOLATED)
gpio_loopback_one[15]                   0.500000    0.559715   -0.059715 (VIOLATED)
gpio_inp_dis[19]                        0.500000    0.559265   -0.059265 (VIOLATED)
gpio_oeb[19]                            0.500000    0.559264   -0.059264 (VIOLATED)
gpio_loopback_one[19]                   0.500000    0.559262   -0.059262 (VIOLATED)
gpio_inp_dis[21]                        0.500000    0.557440   -0.057440 (VIOLATED)
gpio_oeb[21]                            0.500000    0.557439   -0.057439 (VIOLATED)
gpio_loopback_one[21]                   0.500000    0.557437   -0.057437 (VIOLATED)
gpio_inp_dis[20]                        0.500000    0.556968   -0.056968 (VIOLATED)
gpio_oeb[20]                            0.500000    0.556964   -0.056964 (VIOLATED)
gpio_loopback_one[20]                   0.500000    0.556962   -0.056962 (VIOLATED)
gpio_inp_dis[22]                        0.500000    0.555612   -0.055612 (VIOLATED)
gpio_oeb[22]                            0.500000    0.555611   -0.055611 (VIOLATED)
gpio_loopback_one[22]                   0.500000    0.555610   -0.055610 (VIOLATED)
gpio_inp_dis[23]                        0.500000    0.548811   -0.048811 (VIOLATED)
gpio_oeb[23]                            0.500000    0.548807   -0.048807 (VIOLATED)
gpio_loopback_one[23]                   0.500000    0.548804   -0.048804 (VIOLATED)
gpio_inp_dis[37]                        0.500000    0.548618   -0.048618 (VIOLATED)
gpio_oeb[37]                            0.500000    0.548617   -0.048617 (VIOLATED)
gpio_loopback_one[37]                   0.500000    0.548616   -0.048616 (VIOLATED)
gpio_inp_dis[35]                        0.500000    0.547383   -0.047383 (VIOLATED)
gpio_oeb[35]                            0.500000    0.547382   -0.047382 (VIOLATED)
gpio_loopback_one[35]                   0.500000    0.547381   -0.047381 (VIOLATED)
gpio_inp_dis[36]                        0.500000    0.546450   -0.046450 (VIOLATED)
gpio_oeb[36]                            0.500000    0.546443   -0.046443 (VIOLATED)
gpio_loopback_one[36]                   0.500000    0.546430   -0.046430 (VIOLATED)
gpio_inp_dis[18]                        0.500000    0.543401   -0.043401 (VIOLATED)
gpio_oeb[18]                            0.500000    0.543397   -0.043397 (VIOLATED)
gpio_loopback_one[18]                   0.500000    0.543395   -0.043395 (VIOLATED)
gpio_inp_dis[17]                        0.500000    0.540341   -0.040341 (VIOLATED)
gpio_oeb[17]                            0.500000    0.540338   -0.040338 (VIOLATED)
gpio_loopback_one[17]                   0.500000    0.540336   -0.040336 (VIOLATED)
gpio_inp_dis[16]                        0.500000    0.540271   -0.040271 (VIOLATED)
gpio_oeb[16]                            0.500000    0.540270   -0.040270 (VIOLATED)
gpio_loopback_one[16]                   0.500000    0.540268   -0.040268 (VIOLATED)
gpio_dm0[0]                             0.500000    0.538263   -0.038264 (VIOLATED)
gpio_oeb[0]                             0.500000    0.538253   -0.038253 (VIOLATED)
gpio_loopback_one[0]                    0.500000    0.538247   -0.038247 (VIOLATED)
gpio_inp_dis[38]                        0.500000    0.534230   -0.034230 (VIOLATED)
gpio_loopback_one[38]                   0.500000    0.534229   -0.034229 (VIOLATED)
gpio_oeb[38]                            0.500000    0.534229   -0.034229 (VIOLATED)
gpio_inp_dis[39]                        0.500000    0.534215   -0.034215 (VIOLATED)
gpio_loopback_one[39]                   0.500000    0.534213   -0.034213 (VIOLATED)
gpio_oeb[39]                            0.500000    0.534213   -0.034213 (VIOLATED)
gpio_inp_dis[14]                        0.500000    0.531478   -0.031478 (VIOLATED)
gpio_oeb[14]                            0.500000    0.531478   -0.031478 (VIOLATED)
gpio_loopback_one[14]                   0.500000    0.531477   -0.031477 (VIOLATED)
gpio_inp_dis[42]                        0.500000    0.530512   -0.030512 (VIOLATED)
gpio_loopback_one[42]                   0.500000    0.530510   -0.030510 (VIOLATED)
gpio_oeb[42]                            0.500000    0.530510   -0.030510 (VIOLATED)
gpio_inp_dis[13]                        0.500000    0.526244   -0.026244 (VIOLATED)
gpio_oeb[13]                            0.500000    0.526240   -0.026240 (VIOLATED)
gpio_loopback_one[13]                   0.500000    0.526238   -0.026238 (VIOLATED)
gpio_inp_dis[43]                        0.500000    0.525225   -0.025225 (VIOLATED)
gpio_oeb[43]                            0.500000    0.525224   -0.025224 (VIOLATED)
gpio_loopback_one[43]                   0.500000    0.525223   -0.025223 (VIOLATED)
gpio_inp_dis[40]                        0.500000    0.522515   -0.022515 (VIOLATED)
gpio_oeb[40]                            0.500000    0.522514   -0.022514 (VIOLATED)
gpio_loopback_one[40]                   0.500000    0.522513   -0.022513 (VIOLATED)
gpio_inp_dis[41]                        0.500000    0.521934   -0.021934 (VIOLATED)
gpio_oeb[41]                            0.500000    0.521933   -0.021933 (VIOLATED)
gpio_loopback_one[41]                   0.500000    0.521931   -0.021931 (VIOLATED)
mprj/output9/A                          0.500000    0.508728   -0.008728 (VIOLATED)
mprj2/output9/A                         0.500000    0.508728   -0.008728 (VIOLATED)
mprj/ANTENNA_output9_A/DIODE            0.500000    0.508722   -0.008722 (VIOLATED)
mprj2/ANTENNA_output9_A/DIODE           0.500000    0.508722   -0.008722 (VIOLATED)
mprj/ANTENNA__586__X/DIODE              0.500000    0.507596   -0.007596 (VIOLATED)
mprj2/ANTENNA__586__X/DIODE             0.500000    0.507596   -0.007596 (VIOLATED)
mprj/_586_/X                            0.500000    0.507595   -0.007595 (VIOLATED)
mprj2/_586_/X                           0.500000    0.507595   -0.007595 (VIOLATED)

max fanout

Pin                                   Limit Fanout  Slack
---------------------------------------------------------
mprj/wire20/X                            10     19     -9 (VIOLATED)
mprj2/wire20/X                           10     19     -9 (VIOLATED)
mprj/clkbuf_0_wb_clk_i/X                 10     17     -7 (VIOLATED)
mprj2/clkbuf_0_wb_clk_i/X                10     17     -7 (VIOLATED)
mprj/load_slew26/X                       10     15     -5 (VIOLATED)
mprj2/load_slew26/X                      10     15     -5 (VIOLATED)
mprj/clkbuf_3_6_0_wb_clk_i/X             10     12     -2 (VIOLATED)
mprj/clkbuf_3_7_0_wb_clk_i/X             10     12     -2 (VIOLATED)
mprj2/clkbuf_3_6_0_wb_clk_i/X            10     12     -2 (VIOLATED)
mprj2/clkbuf_3_7_0_wb_clk_i/X            10     12     -2 (VIOLATED)
mprj/_384_/Y                             10     11        (VIOLATED)
mprj/_385_/Y                             10     11        (VIOLATED)
mprj/_564_/X                             10     11        (VIOLATED)
mprj/clkbuf_3_0_0_wb_clk_i/X             10     11        (VIOLATED)
mprj/clkbuf_3_1_0_wb_clk_i/X             10     11        (VIOLATED)
mprj/clkbuf_3_2_0_wb_clk_i/X             10     11        (VIOLATED)
mprj/clkbuf_3_3_0_wb_clk_i/X             10     11        (VIOLATED)
mprj/clkbuf_3_4_0_wb_clk_i/X             10     11        (VIOLATED)
mprj/clkbuf_3_5_0_wb_clk_i/X             10     11        (VIOLATED)
mprj2/_384_/Y                            10     11        (VIOLATED)
mprj2/_385_/Y                            10     11        (VIOLATED)
mprj2/_564_/X                            10     11        (VIOLATED)
mprj2/clkbuf_3_0_0_wb_clk_i/X            10     11        (VIOLATED)
mprj2/clkbuf_3_1_0_wb_clk_i/X            10     11        (VIOLATED)
mprj2/clkbuf_3_2_0_wb_clk_i/X            10     11        (VIOLATED)
mprj2/clkbuf_3_3_0_wb_clk_i/X            10     11        (VIOLATED)
mprj2/clkbuf_3_4_0_wb_clk_i/X            10     11        (VIOLATED)
mprj2/clkbuf_3_5_0_wb_clk_i/X            10     11        (VIOLATED)

max capacitance

Pin                                        Limit         Cap       Slack
------------------------------------------------------------------------
gpio_in[0]                              0.200000    0.644134   -0.444134 (VIOLATED)
mprj2/output2/X                         0.094309    0.496588   -0.402279 (VIOLATED)
mprj2/output4/X                         0.094309    0.455360   -0.361051 (VIOLATED)
mprj2/output5/X                         0.094309    0.379003   -0.284694 (VIOLATED)
mprj2/output6/X                         0.094309    0.289499   -0.195190 (VIOLATED)
gpio_loopback_zero[35]                  0.200000    0.382689   -0.182689 (VIOLATED)
gpio_loopback_zero[19]                  0.200000    0.381706   -0.181706 (VIOLATED)
gpio_loopback_zero[15]                  0.200000    0.381694   -0.181694 (VIOLATED)
gpio_loopback_zero[21]                  0.200000    0.381656   -0.181656 (VIOLATED)
gpio_loopback_zero[22]                  0.200000    0.381448   -0.181448 (VIOLATED)
gpio_loopback_zero[20]                  0.200000    0.381283   -0.181283 (VIOLATED)
gpio_loopback_zero[37]                  0.200000    0.381189   -0.181189 (VIOLATED)
gpio_loopback_zero[39]                  0.200000    0.380944   -0.180944 (VIOLATED)
gpio_loopback_zero[36]                  0.200000    0.380920   -0.180920 (VIOLATED)
gpio_loopback_zero[42]                  0.200000    0.380306   -0.180306 (VIOLATED)
gpio_loopback_zero[23]                  0.200000    0.380290   -0.180290 (VIOLATED)
gpio_loopback_zero[0]                   0.200000    0.379867   -0.179867 (VIOLATED)
gpio_loopback_zero[38]                  0.200000    0.379677   -0.179677 (VIOLATED)
gpio_loopback_zero[18]                  0.200000    0.379645   -0.179645 (VIOLATED)
gpio_loopback_zero[43]                  0.200000    0.379270   -0.179270 (VIOLATED)
gpio_loopback_zero[17]                  0.200000    0.379060   -0.179060 (VIOLATED)
gpio_loopback_zero[16]                  0.200000    0.378937   -0.178937 (VIOLATED)
gpio_loopback_zero[41]                  0.200000    0.378794   -0.178794 (VIOLATED)
gpio_loopback_zero[40]                  0.200000    0.378716   -0.178716 (VIOLATED)
gpio_loopback_zero[14]                  0.200000    0.378413   -0.178413 (VIOLATED)
gpio_loopback_zero[13]                  0.200000    0.377842   -0.177842 (VIOLATED)
mprj2/output3/X                         0.094309    0.246632   -0.152323 (VIOLATED)
gpio_in[1]                              0.200000    0.348963   -0.148963 (VIOLATED)
mprj2/output12/X                        0.094309    0.219838   -0.125529 (VIOLATED)
gpio_loopback_zero[31]                  0.200000    0.322913   -0.122913 (VIOLATED)
gpio_loopback_zero[26]                  0.200000    0.319790   -0.119790 (VIOLATED)
gpio_loopback_zero[29]                  0.200000    0.319433   -0.119433 (VIOLATED)
gpio_loopback_zero[25]                  0.200000    0.319178   -0.119178 (VIOLATED)
gpio_loopback_zero[28]                  0.200000    0.318314   -0.118314 (VIOLATED)
mprj2/output7/X                         0.094309    0.212550   -0.118241 (VIOLATED)
gpio_loopback_zero[33]                  0.200000    0.317896   -0.117896 (VIOLATED)
gpio_loopback_zero[27]                  0.200000    0.317475   -0.117475 (VIOLATED)
gpio_loopback_zero[32]                  0.200000    0.317222   -0.117222 (VIOLATED)
gpio_loopback_zero[24]                  0.200000    0.315538   -0.115538 (VIOLATED)
gpio_loopback_zero[34]                  0.200000    0.315122   -0.115122 (VIOLATED)
gpio_loopback_zero[30]                  0.200000    0.314820   -0.114820 (VIOLATED)
gpio_loopback_zero[2]                   0.200000    0.314549   -0.114549 (VIOLATED)
gpio_loopback_zero[9]                   0.200000    0.313906   -0.113906 (VIOLATED)
gpio_loopback_zero[3]                   0.200000    0.313798   -0.113798 (VIOLATED)
gpio_loopback_zero[8]                   0.200000    0.313051   -0.113051 (VIOLATED)
gpio_loopback_zero[10]                  0.200000    0.313043   -0.113043 (VIOLATED)
gpio_loopback_zero[4]                   0.200000    0.312854   -0.112854 (VIOLATED)
gpio_loopback_zero[12]                  0.200000    0.312726   -0.112726 (VIOLATED)
gpio_loopback_zero[7]                   0.200000    0.312538   -0.112538 (VIOLATED)
gpio_loopback_zero[5]                   0.200000    0.312042   -0.112042 (VIOLATED)
gpio_loopback_zero[6]                   0.200000    0.311785   -0.111785 (VIOLATED)
gpio_loopback_zero[1]                   0.200000    0.311766   -0.111766 (VIOLATED)
gpio_loopback_zero[11]                  0.200000    0.310668   -0.110668 (VIOLATED)
mprj2/output11/X                        0.094309    0.162949   -0.068640 (VIOLATED)
mprj2/output8/X                         0.094309    0.156857   -0.062548 (VIOLATED)
mprj2/output10/X                        0.094309    0.096020   -0.001711 (VIOLATED)



===========================================================================
report_parasitic_annotation -report_unannotated
============================================================================
Found 223 unannotated drivers.
 analog_io[0]
 analog_io[10]
 analog_io[11]
 analog_io[12]
 analog_io[13]
 analog_io[14]
 analog_io[15]
 analog_io[16]
 analog_io[17]
 analog_io[18]
 analog_io[19]
 analog_io[1]
 analog_io[20]
 analog_io[21]
 analog_io[22]
 analog_io[23]
 analog_io[24]
 analog_io[25]
 analog_io[26]
 analog_io[27]
 analog_io[28]
 analog_io[29]
 analog_io[2]
 analog_io[30]
 analog_io[31]
 analog_io[32]
 analog_io[33]
 analog_io[34]
 analog_io[35]
 analog_io[36]
 analog_io[37]
 analog_io[38]
 analog_io[39]
 analog_io[3]
 analog_io[40]
 analog_io[41]
 analog_io[42]
 analog_io[43]
 analog_io[4]
 analog_io[5]
 analog_io[6]
 analog_io[7]
 analog_io[8]
 analog_io[9]
 analog_noesd_io[0]
 analog_noesd_io[10]
 analog_noesd_io[11]
 analog_noesd_io[12]
 analog_noesd_io[13]
 analog_noesd_io[14]
 analog_noesd_io[15]
 analog_noesd_io[16]
 analog_noesd_io[17]
 analog_noesd_io[18]
 analog_noesd_io[19]
 analog_noesd_io[1]
 analog_noesd_io[20]
 analog_noesd_io[21]
 analog_noesd_io[22]
 analog_noesd_io[23]
 analog_noesd_io[24]
 analog_noesd_io[25]
 analog_noesd_io[26]
 analog_noesd_io[27]
 analog_noesd_io[28]
 analog_noesd_io[29]
 analog_noesd_io[2]
 analog_noesd_io[30]
 analog_noesd_io[31]
 analog_noesd_io[32]
 analog_noesd_io[33]
 analog_noesd_io[34]
 analog_noesd_io[35]
 analog_noesd_io[36]
 analog_noesd_io[37]
 analog_noesd_io[38]
 analog_noesd_io[39]
 analog_noesd_io[3]
 analog_noesd_io[40]
 analog_noesd_io[41]
 analog_noesd_io[42]
 analog_noesd_io[43]
 analog_noesd_io[4]
 analog_noesd_io[5]
 analog_noesd_io[6]
 analog_noesd_io[7]
 analog_noesd_io[8]
 analog_noesd_io[9]
 gpio_in[10]
 gpio_in[11]
 gpio_in[12]
 gpio_in[13]
 gpio_in[14]
 gpio_in[15]
 gpio_in[16]
 gpio_in[17]
 gpio_in[18]
 gpio_in[19]
 gpio_in[20]
 gpio_in[21]
 gpio_in[22]
 gpio_in[23]
 gpio_in[24]
 gpio_in[25]
 gpio_in[26]
 gpio_in[27]
 gpio_in[28]
 gpio_in[29]
 gpio_in[2]
 gpio_in[30]
 gpio_in[31]
 gpio_in[32]
 gpio_in[33]
 gpio_in[34]
 gpio_in[35]
 gpio_in[36]
 gpio_in[37]
 gpio_in[38]
 gpio_in[39]
 gpio_in[3]
 gpio_in[40]
 gpio_in[41]
 gpio_in[42]
 gpio_in[43]
 gpio_in[4]
 gpio_in[5]
 gpio_in[6]
 gpio_in[7]
 gpio_in[8]
 gpio_in[9]
 gpio_in_h[0]
 gpio_in_h[10]
 gpio_in_h[11]
 gpio_in_h[12]
 gpio_in_h[13]
 gpio_in_h[14]
 gpio_in_h[15]
 gpio_in_h[16]
 gpio_in_h[17]
 gpio_in_h[18]
 gpio_in_h[19]
 gpio_in_h[1]
 gpio_in_h[20]
 gpio_in_h[21]
 gpio_in_h[22]
 gpio_in_h[23]
 gpio_in_h[24]
 gpio_in_h[25]
 gpio_in_h[26]
 gpio_in_h[27]
 gpio_in_h[28]
 gpio_in_h[29]
 gpio_in_h[2]
 gpio_in_h[30]
 gpio_in_h[31]
 gpio_in_h[32]
 gpio_in_h[33]
 gpio_in_h[34]
 gpio_in_h[35]
 gpio_in_h[36]
 gpio_in_h[37]
 gpio_in_h[38]
 gpio_in_h[39]
 gpio_in_h[3]
 gpio_in_h[40]
 gpio_in_h[41]
 gpio_in_h[42]
 gpio_in_h[43]
 gpio_in_h[4]
 gpio_in_h[5]
 gpio_in_h[6]
 gpio_in_h[7]
 gpio_in_h[8]
 gpio_in_h[9]
 mask_rev[0]
 mask_rev[10]
 mask_rev[11]
 mask_rev[12]
 mask_rev[13]
 mask_rev[14]
 mask_rev[15]
 mask_rev[16]
 mask_rev[17]
 mask_rev[18]
 mask_rev[19]
 mask_rev[1]
 mask_rev[20]
 mask_rev[21]
 mask_rev[22]
 mask_rev[23]
 mask_rev[24]
 mask_rev[25]
 mask_rev[26]
 mask_rev[27]
 mask_rev[28]
 mask_rev[29]
 mask_rev[2]
 mask_rev[30]
 mask_rev[31]
 mask_rev[3]
 mask_rev[4]
 mask_rev[5]
 mask_rev[6]
 mask_rev[7]
 mask_rev[8]
 mask_rev[9]
 por_l
 porb_h
 porb_l
 resetb_h
 resetb_l
 mprj/clkload0/X
 mprj/clkload1/X
 mprj/clkload2/X
 mprj/clkload3/X
 mprj/clkload4/X
 mprj/clkload5/X
 mprj2/clkload0/X
 mprj2/clkload1/X
 mprj2/clkload2/X
 mprj2/clkload3/X
 mprj2/clkload4/X
 mprj2/clkload5/X
Found 0 partially unannotated drivers.

===========================================================================
max slew violation count 900
max fanout violation count 28
max cap violation count 56
============================================================================

===========================================================================
check_setup -verbose -unconstrained_endpoints -multiple_clock -no_clock -no_input_delay -loops -generated_clocks
===========================================================================
Warning: There are 168 unclocked register/latch pins.
  mprj/_675_/CLK
  mprj/_676_/CLK
  mprj/_677_/CLK
  mprj/_678_/CLK
  mprj/_679_/CLK
  mprj/_680_/CLK
  mprj/_681_/CLK
  mprj/_682_/CLK
  mprj/_683_/CLK
  mprj/_684_/CLK
  mprj/_685_/CLK
  mprj/_686_/CLK
  mprj/_687_/CLK
  mprj/_688_/CLK
  mprj/_689_/CLK
  mprj/_690_/CLK
  mprj/_691_/CLK
  mprj/_692_/CLK
  mprj/_693_/CLK
  mprj/_694_/CLK
  mprj/_695_/CLK
  mprj/_696_/CLK
  mprj/_697_/CLK
  mprj/_698_/CLK
  mprj/_699_/CLK
  mprj/_700_/CLK
  mprj/_701_/CLK
  mprj/_702_/CLK
  mprj/_703_/CLK
  mprj/_704_/CLK
  mprj/_705_/CLK
  mprj/_706_/CLK
  mprj/_707_/CLK
  mprj/_708_/CLK
  mprj/_709_/CLK
  mprj/_710_/CLK
  mprj/_711_/CLK
  mprj/_712_/CLK
  mprj/_713_/CLK
  mprj/_714_/CLK
  mprj/_715_/CLK
  mprj/_716_/CLK
  mprj/_717_/CLK
  mprj/_718_/CLK
  mprj/_719_/CLK
  mprj/_720_/CLK
  mprj/_721_/CLK
  mprj/_722_/CLK
  mprj/_723_/CLK
  mprj/_724_/CLK
  mprj/_725_/CLK
  mprj/_726_/CLK
  mprj/_727_/CLK
  mprj/_728_/CLK
  mprj/_729_/CLK
  mprj/_730_/CLK
  mprj/_731_/CLK
  mprj/_732_/CLK
  mprj/_733_/CLK
  mprj/_734_/CLK
  mprj/_735_/CLK
  mprj/_736_/CLK
  mprj/_737_/CLK
  mprj/_738_/CLK
  mprj/_739_/CLK
  mprj/_740_/CLK
  mprj/_741_/CLK
  mprj/_742_/CLK
  mprj/_743_/CLK
  mprj/_744_/CLK
  mprj/_745_/CLK
  mprj/_746_/CLK
  mprj/_747_/CLK
  mprj/_748_/CLK
  mprj/_749_/CLK
  mprj/_750_/CLK
  mprj/_751_/CLK
  mprj/_752_/CLK
  mprj/_753_/CLK
  mprj/_754_/CLK
  mprj/_755_/CLK
  mprj/_756_/CLK
  mprj/_757_/CLK
  mprj/_758_/CLK
  mprj2/_675_/CLK
  mprj2/_676_/CLK
  mprj2/_677_/CLK
  mprj2/_678_/CLK
  mprj2/_679_/CLK
  mprj2/_680_/CLK
  mprj2/_681_/CLK
  mprj2/_682_/CLK
  mprj2/_683_/CLK
  mprj2/_684_/CLK
  mprj2/_685_/CLK
  mprj2/_686_/CLK
  mprj2/_687_/CLK
  mprj2/_688_/CLK
  mprj2/_689_/CLK
  mprj2/_690_/CLK
  mprj2/_691_/CLK
  mprj2/_692_/CLK
  mprj2/_693_/CLK
  mprj2/_694_/CLK
  mprj2/_695_/CLK
  mprj2/_696_/CLK
  mprj2/_697_/CLK
  mprj2/_698_/CLK
  mprj2/_699_/CLK
  mprj2/_700_/CLK
  mprj2/_701_/CLK
  mprj2/_702_/CLK
  mprj2/_703_/CLK
  mprj2/_704_/CLK
  mprj2/_705_/CLK
  mprj2/_706_/CLK
  mprj2/_707_/CLK
  mprj2/_708_/CLK
  mprj2/_709_/CLK
  mprj2/_710_/CLK
  mprj2/_711_/CLK
  mprj2/_712_/CLK
  mprj2/_713_/CLK
  mprj2/_714_/CLK
  mprj2/_715_/CLK
  mprj2/_716_/CLK
  mprj2/_717_/CLK
  mprj2/_718_/CLK
  mprj2/_719_/CLK
  mprj2/_720_/CLK
  mprj2/_721_/CLK
  mprj2/_722_/CLK
  mprj2/_723_/CLK
  mprj2/_724_/CLK
  mprj2/_725_/CLK
  mprj2/_726_/CLK
  mprj2/_727_/CLK
  mprj2/_728_/CLK
  mprj2/_729_/CLK
  mprj2/_730_/CLK
  mprj2/_731_/CLK
  mprj2/_732_/CLK
  mprj2/_733_/CLK
  mprj2/_734_/CLK
  mprj2/_735_/CLK
  mprj2/_736_/CLK
  mprj2/_737_/CLK
  mprj2/_738_/CLK
  mprj2/_739_/CLK
  mprj2/_740_/CLK
  mprj2/_741_/CLK
  mprj2/_742_/CLK
  mprj2/_743_/CLK
  mprj2/_744_/CLK
  mprj2/_745_/CLK
  mprj2/_746_/CLK
  mprj2/_747_/CLK
  mprj2/_748_/CLK
  mprj2/_749_/CLK
  mprj2/_750_/CLK
  mprj2/_751_/CLK
  mprj2/_752_/CLK
  mprj2/_753_/CLK
  mprj2/_754_/CLK
  mprj2/_755_/CLK
  mprj2/_756_/CLK
  mprj2/_757_/CLK
  mprj2/_758_/CLK
Warning: There are 278 unconstrained endpoints.
  analog_io[0]
  analog_io[10]
  analog_io[11]
  analog_io[12]
  analog_io[13]
  analog_io[14]
  analog_io[15]
  analog_io[16]
  analog_io[17]
  analog_io[18]
  analog_io[19]
  analog_io[1]
  analog_io[20]
  analog_io[21]
  analog_io[22]
  analog_io[23]
  analog_io[24]
  analog_io[25]
  analog_io[26]
  analog_io[27]
  analog_io[28]
  analog_io[29]
  analog_io[2]
  analog_io[30]
  analog_io[31]
  analog_io[32]
  analog_io[33]
  analog_io[34]
  analog_io[35]
  analog_io[36]
  analog_io[37]
  analog_io[38]
  analog_io[39]
  analog_io[3]
  analog_io[40]
  analog_io[41]
  analog_io[42]
  analog_io[43]
  analog_io[4]
  analog_io[5]
  analog_io[6]
  analog_io[7]
  analog_io[8]
  analog_io[9]
  analog_noesd_io[0]
  analog_noesd_io[10]
  analog_noesd_io[11]
  analog_noesd_io[12]
  analog_noesd_io[13]
  analog_noesd_io[14]
  analog_noesd_io[15]
  analog_noesd_io[16]
  analog_noesd_io[17]
  analog_noesd_io[18]
  analog_noesd_io[19]
  analog_noesd_io[1]
  analog_noesd_io[20]
  analog_noesd_io[21]
  analog_noesd_io[22]
  analog_noesd_io[23]
  analog_noesd_io[24]
  analog_noesd_io[25]
  analog_noesd_io[26]
  analog_noesd_io[27]
  analog_noesd_io[28]
  analog_noesd_io[29]
  analog_noesd_io[2]
  analog_noesd_io[30]
  analog_noesd_io[31]
  analog_noesd_io[32]
  analog_noesd_io[33]
  analog_noesd_io[34]
  analog_noesd_io[35]
  analog_noesd_io[36]
  analog_noesd_io[37]
  analog_noesd_io[38]
  analog_noesd_io[39]
  analog_noesd_io[3]
  analog_noesd_io[40]
  analog_noesd_io[41]
  analog_noesd_io[42]
  analog_noesd_io[43]
  analog_noesd_io[4]
  analog_noesd_io[5]
  analog_noesd_io[6]
  analog_noesd_io[7]
  analog_noesd_io[8]
  analog_noesd_io[9]
  gpio_out[10]
  gpio_out[11]
  gpio_out[12]
  gpio_out[24]
  gpio_out[25]
  gpio_out[26]
  gpio_out[27]
  gpio_out[28]
  gpio_out[29]
  gpio_out[2]
  gpio_out[30]
  gpio_out[31]
  gpio_out[32]
  gpio_out[33]
  gpio_out[34]
  gpio_out[3]
  gpio_out[4]
  gpio_out[5]
  gpio_out[6]
  gpio_out[7]
  gpio_out[8]
  gpio_out[9]
  mprj/_675_/D
  mprj/_676_/D
  mprj/_677_/D
  mprj/_678_/D
  mprj/_679_/D
  mprj/_680_/D
  mprj/_681_/D
  mprj/_682_/D
  mprj/_683_/D
  mprj/_684_/D
  mprj/_685_/D
  mprj/_686_/D
  mprj/_687_/D
  mprj/_688_/D
  mprj/_689_/D
  mprj/_690_/D
  mprj/_691_/D
  mprj/_692_/D
  mprj/_693_/D
  mprj/_694_/D
  mprj/_695_/D
  mprj/_696_/D
  mprj/_697_/D
  mprj/_698_/D
  mprj/_699_/D
  mprj/_700_/D
  mprj/_701_/D
  mprj/_702_/D
  mprj/_703_/D
  mprj/_704_/D
  mprj/_705_/D
  mprj/_706_/D
  mprj/_707_/D
  mprj/_708_/D
  mprj/_709_/D
  mprj/_710_/D
  mprj/_711_/D
  mprj/_712_/D
  mprj/_713_/D
  mprj/_714_/D
  mprj/_715_/D
  mprj/_716_/D
  mprj/_717_/D
  mprj/_718_/D
  mprj/_719_/D
  mprj/_720_/D
  mprj/_721_/D
  mprj/_722_/D
  mprj/_723_/D
  mprj/_724_/D
  mprj/_725_/D
  mprj/_726_/D
  mprj/_727_/D
  mprj/_728_/D
  mprj/_729_/D
  mprj/_730_/D
  mprj/_731_/D
  mprj/_732_/D
  mprj/_733_/D
  mprj/_734_/D
  mprj/_735_/D
  mprj/_736_/D
  mprj/_737_/D
  mprj/_738_/D
  mprj/_739_/D
  mprj/_740_/D
  mprj/_741_/D
  mprj/_742_/D
  mprj/_743_/D
  mprj/_744_/D
  mprj/_745_/D
  mprj/_746_/D
  mprj/_747_/D
  mprj/_748_/D
  mprj/_749_/D
  mprj/_750_/D
  mprj/_751_/D
  mprj/_752_/D
  mprj/_753_/D
  mprj/_754_/D
  mprj/_755_/D
  mprj/_756_/D
  mprj/_757_/D
  mprj/_758_/D
  mprj2/_675_/D
  mprj2/_676_/D
  mprj2/_677_/D
  mprj2/_678_/D
  mprj2/_679_/D
  mprj2/_680_/D
  mprj2/_681_/D
  mprj2/_682_/D
  mprj2/_683_/D
  mprj2/_684_/D
  mprj2/_685_/D
  mprj2/_686_/D
  mprj2/_687_/D
  mprj2/_688_/D
  mprj2/_689_/D
  mprj2/_690_/D
  mprj2/_691_/D
  mprj2/_692_/D
  mprj2/_693_/D
  mprj2/_694_/D
  mprj2/_695_/D
  mprj2/_696_/D
  mprj2/_697_/D
  mprj2/_698_/D
  mprj2/_699_/D
  mprj2/_700_/D
  mprj2/_701_/D
  mprj2/_702_/D
  mprj2/_703_/D
  mprj2/_704_/D
  mprj2/_705_/D
  mprj2/_706_/D
  mprj2/_707_/D
  mprj2/_708_/D
  mprj2/_709_/D
  mprj2/_710_/D
  mprj2/_711_/D
  mprj2/_712_/D
  mprj2/_713_/D
  mprj2/_714_/D
  mprj2/_715_/D
  mprj2/_716_/D
  mprj2/_717_/D
  mprj2/_718_/D
  mprj2/_719_/D
  mprj2/_720_/D
  mprj2/_721_/D
  mprj2/_722_/D
  mprj2/_723_/D
  mprj2/_724_/D
  mprj2/_725_/D
  mprj2/_726_/D
  mprj2/_727_/D
  mprj2/_728_/D
  mprj2/_729_/D
  mprj2/_730_/D
  mprj2/_731_/D
  mprj2/_732_/D
  mprj2/_733_/D
  mprj2/_734_/D
  mprj2/_735_/D
  mprj2/_736_/D
  mprj2/_737_/D
  mprj2/_738_/D
  mprj2/_739_/D
  mprj2/_740_/D
  mprj2/_741_/D
  mprj2/_742_/D
  mprj2/_743_/D
  mprj2/_744_/D
  mprj2/_745_/D
  mprj2/_746_/D
  mprj2/_747_/D
  mprj2/_748_/D
  mprj2/_749_/D
  mprj2/_750_/D
  mprj2/_751_/D
  mprj2/_752_/D
  mprj2/_753_/D
  mprj2/_754_/D
  mprj2/_755_/D
  mprj2/_756_/D
  mprj2/_757_/D
  mprj2/_758_/D
