Clock: __VIRTUAL_CLK__
Sources: 
Generated: no
Virtual: yes
Propagated: no
Period: 10.000000

===========================================================================
report_clock_properties
============================================================================
Clock                   Period          Waveform
----------------------------------------------------
__VIRTUAL_CLK__      10.000000    0.000000  5.000000

===========================================================================
report_clock_latency
============================================================================
Clock __VIRTUAL_CLK__
rise -> rise
    min     max
0.000000 0.000000 source latency
6.671310         network latency mprj/_713_/CLK
        7.186102 network latency mprj2/_683_/CLK
---------------
6.671310 7.186102 latency
        0.514792 skew

rise -> fall
    min     max
0.000000 0.000000 source latency
5.339101         network latency mprj/_713_/CLK
        5.712350 network latency mprj2/_683_/CLK
---------------
5.339101 5.712350 latency
        0.373249 skew



===========================================================================
report_clock_min_period
============================================================================
__VIRTUAL_CLK__ period_min = 0.00 fmax = inf
