
===========================================================================
 report_power
============================================================================
======================= nom_ss_100C_1v60 Corner ===================================

Group                    Internal    Switching      Leakage        Total
                            Power        Power        Power        Power (Watts)
------------------------------------------------------------------------
Sequential           1.266568e-05 0.000000e+00 1.588522e-06 1.425420e-05  30.4%
Combinational        1.095223e-05 1.849306e-05 3.248738e-06 3.269403e-05  69.6%
Clock                -2.875841e-10 0.000000e+00 7.860183e-09 7.572599e-09   0.0%
Macro                0.000000e+00 0.000000e+00 0.000000e+00 0.000000e+00   0.0%
Pad                  0.000000e+00 0.000000e+00 0.000000e+00 0.000000e+00   0.0%
------------------------------------------------------------------------
Total                2.361763e-05 1.849306e-05 4.845084e-06 4.695578e-05 100.0%
                            50.3%        39.4%        10.3%

