
===========================================================================
report_checks -unconstrained
===========================================================================
======================= max_ss_100C_1v60 Corner ===================================

Startpoint: gpio_loopback_zero[35] (input port clocked by __VIRTUAL_CLK__)
Endpoint: gpio_slow_sel[35] (output port clocked by __VIRTUAL_CLK__)
Path Group: __VIRTUAL_CLK__
Path Type: max

Fanout         Cap        Slew       Delay        Time   Description
---------------------------------------------------------------------------------------------
                      0.000000    0.000000    0.000000   clock __VIRTUAL_CLK__ (rise edge)
                                  0.000000    0.000000   clock network delay (ideal)
                                  2.000000    2.000000 ^ input external delay
    11    0.383851    2.716394    2.017551    4.017551 ^ gpio_loopback_zero[35] (in)
                                                         gpio_loopback_zero[35] (net)
                      2.716544    0.000000    4.017551 ^ gpio_slow_sel[35] (out)
                                              4.017551   data arrival time

                      0.000000   10.000000   10.000000   clock __VIRTUAL_CLK__ (rise edge)
                                  0.000000   10.000000   clock network delay (ideal)
                                 -0.250000    9.750000   clock uncertainty
                                  0.000000    9.750000   clock reconvergence pessimism
                                 -2.000000    7.750000   output external delay
                                              7.750000   data required time
---------------------------------------------------------------------------------------------
                                              7.750000   data required time
                                             -4.017551   data arrival time
---------------------------------------------------------------------------------------------
                                              3.732449   slack (MET)




===========================================================================
report_checks --slack_max -0.01
============================================================================
======================= max_ss_100C_1v60 Corner ===================================

No paths found.


===========================================================================
 report_check_types -max_slew -max_cap -max_fanout -violators
============================================================================
======================= max_ss_100C_1v60 Corner ===================================

max slew

Pin                                        Limit        Slew       Slack
------------------------------------------------------------------------
gpio_out[24]                            0.500000    8.608361   -8.108361 (VIOLATED)
mprj2/output2/X                         0.500000    8.333344   -7.833343 (VIOLATED)
gpio_out[25]                            0.500000    7.993285   -7.493284 (VIOLATED)
mprj2/output4/X                         0.500000    7.790226   -7.290226 (VIOLATED)
gpio_out[26]                            0.500000    6.523592   -6.023592 (VIOLATED)
mprj2/output5/X                         0.500000    6.423492   -5.923492 (VIOLATED)
mprj2/clkbuf_0_wb_clk_i/A               0.500000    5.021894   -4.521894 (VIOLATED)
mprj2/ANTENNA_clkbuf_0_wb_clk_i_A/DIODE    0.500000    5.021876   -4.521876 (VIOLATED)
mprj/clkbuf_0_wb_clk_i/A                0.500000    5.019298   -4.519298 (VIOLATED)
mprj/ANTENNA_clkbuf_0_wb_clk_i_A/DIODE    0.500000    5.019281   -4.519281 (VIOLATED)
gpio_in[0]                              0.500000    5.010544   -4.510544 (VIOLATED)
gpio_out[27]                            0.500000    4.930851   -4.430851 (VIOLATED)
mprj2/output6/X                         0.500000    4.892176   -4.392176 (VIOLATED)
gpio_out[34]                            0.500000    4.089747   -3.589747 (VIOLATED)
mprj2/output3/X                         0.500000    4.087454   -3.587454 (VIOLATED)
gpio_out[33]                            0.500000    3.642813   -3.142813 (VIOLATED)
mprj2/output12/X                        0.500000    3.641077   -3.141077 (VIOLATED)
gpio_out[28]                            0.500000    3.511124   -3.011124 (VIOLATED)
mprj2/output7/X                         0.500000    3.500975   -3.000975 (VIOLATED)
mprj2/ANTENNA_input1_A/DIODE            0.500000    2.780510   -2.280510 (VIOLATED)
mprj2/input1/A                          0.500000    2.780511   -2.280511 (VIOLATED)
mprj/ANTENNA_input1_A/DIODE             0.500000    2.780178   -2.280177 (VIOLATED)
mprj/input1/A                           0.500000    2.780178   -2.280178 (VIOLATED)
gpio_in[1]                              0.500000    2.779976   -2.279976 (VIOLATED)
gpio_slow_sel[35]                       0.500000    2.716544   -2.216544 (VIOLATED)
gpio_analog_en[35]                      0.500000    2.716542   -2.216542 (VIOLATED)
gpio_dm1[35]                            0.500000    2.716543   -2.216543 (VIOLATED)
gpio_dm0[35]                            0.500000    2.716522   -2.216522 (VIOLATED)
gpio_analog_pol[35]                     0.500000    2.716520   -2.216520 (VIOLATED)
gpio_analog_sel[35]                     0.500000    2.716494   -2.216494 (VIOLATED)
gpio_dm2[35]                            0.500000    2.716492   -2.216492 (VIOLATED)
gpio_holdover[35]                       0.500000    2.716490   -2.216490 (VIOLATED)
gpio_out[35]                            0.500000    2.716488   -2.216488 (VIOLATED)
gpio_vtrip_sel[35]                      0.500000    2.716480   -2.216480 (VIOLATED)
gpio_ib_mode_sel[35]                    0.500000    2.716441   -2.216441 (VIOLATED)
gpio_loopback_zero[35]                  0.500000    2.716394   -2.216394 (VIOLATED)
gpio_out[32]                            0.500000    2.716031   -2.216031 (VIOLATED)
mprj2/output11/X                        0.500000    2.715294   -2.215294 (VIOLATED)
gpio_slow_sel[21]                       0.500000    2.708593   -2.208593 (VIOLATED)
gpio_dm1[21]                            0.500000    2.708591   -2.208591 (VIOLATED)
gpio_analog_en[21]                      0.500000    2.708567   -2.208566 (VIOLATED)
gpio_dm0[21]                            0.500000    2.708558   -2.208558 (VIOLATED)
gpio_analog_pol[21]                     0.500000    2.708547   -2.208547 (VIOLATED)
gpio_analog_sel[21]                     0.500000    2.708465   -2.208465 (VIOLATED)
gpio_dm2[21]                            0.500000    2.708451   -2.208451 (VIOLATED)
gpio_holdover[21]                       0.500000    2.708435   -2.208435 (VIOLATED)
gpio_out[21]                            0.500000    2.708422   -2.208422 (VIOLATED)
gpio_vtrip_sel[21]                      0.500000    2.708330   -2.208330 (VIOLATED)
gpio_ib_mode_sel[21]                    0.500000    2.708317   -2.208317 (VIOLATED)
gpio_loopback_zero[21]                  0.500000    2.708266   -2.208266 (VIOLATED)
gpio_slow_sel[22]                       0.500000    2.706615   -2.206615 (VIOLATED)
gpio_dm1[22]                            0.500000    2.706613   -2.206613 (VIOLATED)
gpio_analog_en[22]                      0.500000    2.706589   -2.206589 (VIOLATED)
gpio_dm0[22]                            0.500000    2.706581   -2.206581 (VIOLATED)
gpio_analog_pol[22]                     0.500000    2.706570   -2.206570 (VIOLATED)
gpio_analog_sel[22]                     0.500000    2.706496   -2.206496 (VIOLATED)
gpio_dm2[22]                            0.500000    2.706482   -2.206482 (VIOLATED)
gpio_holdover[22]                       0.500000    2.706468   -2.206468 (VIOLATED)
gpio_out[22]                            0.500000    2.706454   -2.206454 (VIOLATED)
gpio_vtrip_sel[22]                      0.500000    2.706368   -2.206368 (VIOLATED)
gpio_ib_mode_sel[22]                    0.500000    2.706358   -2.206358 (VIOLATED)
gpio_slow_sel[37]                       0.500000    2.706359   -2.206359 (VIOLATED)
gpio_analog_en[37]                      0.500000    2.706356   -2.206356 (VIOLATED)
gpio_dm1[37]                            0.500000    2.706358   -2.206358 (VIOLATED)
gpio_dm0[37]                            0.500000    2.706355   -2.206354 (VIOLATED)
gpio_analog_pol[37]                     0.500000    2.706352   -2.206352 (VIOLATED)
gpio_analog_sel[37]                     0.500000    2.706341   -2.206341 (VIOLATED)
gpio_loopback_zero[22]                  0.500000    2.706311   -2.206311 (VIOLATED)
gpio_dm2[37]                            0.500000    2.706295   -2.206295 (VIOLATED)
gpio_dm1[15]                            0.500000    2.706285   -2.206285 (VIOLATED)
gpio_slow_sel[15]                       0.500000    2.706287   -2.206286 (VIOLATED)
gpio_analog_en[15]                      0.500000    2.706258   -2.206258 (VIOLATED)
gpio_dm0[15]                            0.500000    2.706250   -2.206250 (VIOLATED)
gpio_holdover[37]                       0.500000    2.706247   -2.206247 (VIOLATED)
gpio_analog_pol[15]                     0.500000    2.706239   -2.206239 (VIOLATED)
gpio_out[37]                            0.500000    2.706232   -2.206232 (VIOLATED)
gpio_vtrip_sel[37]                      0.500000    2.706185   -2.206185 (VIOLATED)
gpio_analog_sel[15]                     0.500000    2.706158   -2.206158 (VIOLATED)
gpio_dm2[15]                            0.500000    2.706145   -2.206145 (VIOLATED)
gpio_holdover[15]                       0.500000    2.706130   -2.206130 (VIOLATED)
gpio_ib_mode_sel[37]                    0.500000    2.706131   -2.206131 (VIOLATED)
gpio_dm1[19]                            0.500000    2.706122   -2.206122 (VIOLATED)
gpio_slow_sel[19]                       0.500000    2.706124   -2.206124 (VIOLATED)
gpio_out[15]                            0.500000    2.706115   -2.206115 (VIOLATED)
gpio_analog_en[19]                      0.500000    2.706095   -2.206095 (VIOLATED)
gpio_loopback_zero[37]                  0.500000    2.706090   -2.206090 (VIOLATED)
gpio_dm0[19]                            0.500000    2.706087   -2.206086 (VIOLATED)
gpio_analog_pol[19]                     0.500000    2.706075   -2.206075 (VIOLATED)
gpio_vtrip_sel[15]                      0.500000    2.706033   -2.206033 (VIOLATED)
gpio_ib_mode_sel[15]                    0.500000    2.706020   -2.206020 (VIOLATED)
gpio_analog_sel[19]                     0.500000    2.706002   -2.206002 (VIOLATED)
gpio_dm2[19]                            0.500000    2.705990   -2.205989 (VIOLATED)
gpio_holdover[19]                       0.500000    2.705974   -2.205974 (VIOLATED)
gpio_loopback_zero[15]                  0.500000    2.705968   -2.205968 (VIOLATED)
gpio_out[19]                            0.500000    2.705960   -2.205960 (VIOLATED)
gpio_vtrip_sel[19]                      0.500000    2.705869   -2.205869 (VIOLATED)
gpio_ib_mode_sel[19]                    0.500000    2.705857   -2.205857 (VIOLATED)
gpio_loopback_zero[19]                  0.500000    2.705806   -2.205806 (VIOLATED)
gpio_dm1[20]                            0.500000    2.703361   -2.203361 (VIOLATED)
gpio_slow_sel[20]                       0.500000    2.703362   -2.203362 (VIOLATED)
gpio_analog_en[20]                      0.500000    2.703336   -2.203336 (VIOLATED)
gpio_dm0[20]                            0.500000    2.703327   -2.203327 (VIOLATED)
gpio_analog_pol[20]                     0.500000    2.703316   -2.203316 (VIOLATED)
gpio_analog_sel[20]                     0.500000    2.703236   -2.203236 (VIOLATED)
gpio_dm2[20]                            0.500000    2.703222   -2.203222 (VIOLATED)
gpio_holdover[20]                       0.500000    2.703207   -2.203207 (VIOLATED)
gpio_out[20]                            0.500000    2.703193   -2.203193 (VIOLATED)
gpio_vtrip_sel[20]                      0.500000    2.703112   -2.203112 (VIOLATED)
gpio_ib_mode_sel[20]                    0.500000    2.703099   -2.203099 (VIOLATED)
gpio_loopback_zero[20]                  0.500000    2.703048   -2.203047 (VIOLATED)
gpio_slow_sel[36]                       0.500000    2.700597   -2.200597 (VIOLATED)
gpio_dm1[36]                            0.500000    2.700588   -2.200588 (VIOLATED)
gpio_analog_en[36]                      0.500000    2.700535   -2.200535 (VIOLATED)
gpio_dm0[36]                            0.500000    2.700532   -2.200531 (VIOLATED)
gpio_analog_pol[36]                     0.500000    2.700501   -2.200501 (VIOLATED)
gpio_analog_sel[36]                     0.500000    2.700442   -2.200442 (VIOLATED)
gpio_dm2[36]                            0.500000    2.700428   -2.200428 (VIOLATED)
gpio_holdover[36]                       0.500000    2.700413   -2.200413 (VIOLATED)
gpio_out[36]                            0.500000    2.700398   -2.200398 (VIOLATED)
gpio_vtrip_sel[36]                      0.500000    2.700351   -2.200351 (VIOLATED)
gpio_ib_mode_sel[36]                    0.500000    2.700300   -2.200300 (VIOLATED)
gpio_loopback_zero[36]                  0.500000    2.700253   -2.200253 (VIOLATED)
gpio_analog_en[39]                      0.500000    2.698749   -2.198749 (VIOLATED)
gpio_slow_sel[39]                       0.500000    2.698750   -2.198750 (VIOLATED)
gpio_analog_pol[39]                     0.500000    2.698748   -2.198747 (VIOLATED)
gpio_dm0[39]                            0.500000    2.698748   -2.198748 (VIOLATED)
gpio_dm1[39]                            0.500000    2.698749   -2.198749 (VIOLATED)
gpio_analog_sel[39]                     0.500000    2.698744   -2.198744 (VIOLATED)
gpio_dm2[39]                            0.500000    2.698743   -2.198743 (VIOLATED)
gpio_holdover[39]                       0.500000    2.698741   -2.198741 (VIOLATED)
gpio_out[39]                            0.500000    2.698740   -2.198740 (VIOLATED)
gpio_ib_mode_sel[39]                    0.500000    2.698735   -2.198735 (VIOLATED)
gpio_vtrip_sel[39]                      0.500000    2.698737   -2.198737 (VIOLATED)
gpio_loopback_zero[39]                  0.500000    2.698717   -2.198717 (VIOLATED)
gpio_dm1[23]                            0.500000    2.695843   -2.195843 (VIOLATED)
gpio_slow_sel[23]                       0.500000    2.695845   -2.195845 (VIOLATED)
gpio_analog_en[23]                      0.500000    2.695817   -2.195817 (VIOLATED)
gpio_dm0[23]                            0.500000    2.695809   -2.195808 (VIOLATED)
gpio_analog_pol[23]                     0.500000    2.695798   -2.195798 (VIOLATED)
gpio_analog_sel[23]                     0.500000    2.695725   -2.195725 (VIOLATED)
gpio_dm2[23]                            0.500000    2.695712   -2.195712 (VIOLATED)
gpio_holdover[23]                       0.500000    2.695697   -2.195697 (VIOLATED)
gpio_out[23]                            0.500000    2.695683   -2.195683 (VIOLATED)
gpio_vtrip_sel[23]                      0.500000    2.695590   -2.195590 (VIOLATED)
gpio_ib_mode_sel[23]                    0.500000    2.695578   -2.195578 (VIOLATED)
gpio_loopback_zero[23]                  0.500000    2.695531   -2.195531 (VIOLATED)
gpio_analog_en[0]                       0.500000    2.695229   -2.195229 (VIOLATED)
gpio_dm1[0]                             0.500000    2.695231   -2.195231 (VIOLATED)
gpio_slow_sel[0]                        0.500000    2.695232   -2.195232 (VIOLATED)
gpio_analog_pol[0]                      0.500000    2.695226   -2.195226 (VIOLATED)
gpio_inp_dis[0]                         0.500000    2.695225   -2.195225 (VIOLATED)
gpio_analog_sel[0]                      0.500000    2.695182   -2.195182 (VIOLATED)
gpio_dm2[0]                             0.500000    2.695144   -2.195144 (VIOLATED)
gpio_holdover[0]                        0.500000    2.695130   -2.195130 (VIOLATED)
gpio_out[0]                             0.500000    2.695118   -2.195118 (VIOLATED)
gpio_vtrip_sel[0]                       0.500000    2.695049   -2.195049 (VIOLATED)
gpio_ib_mode_sel[0]                     0.500000    2.695045   -2.195045 (VIOLATED)
gpio_loopback_zero[0]                   0.500000    2.695011   -2.195011 (VIOLATED)
gpio_analog_en[42]                      0.500000    2.694300   -2.194300 (VIOLATED)
gpio_slow_sel[42]                       0.500000    2.694301   -2.194301 (VIOLATED)
gpio_analog_pol[42]                     0.500000    2.694299   -2.194299 (VIOLATED)
gpio_dm0[42]                            0.500000    2.694299   -2.194299 (VIOLATED)
gpio_dm1[42]                            0.500000    2.694301   -2.194301 (VIOLATED)
gpio_analog_sel[42]                     0.500000    2.694295   -2.194295 (VIOLATED)
gpio_dm2[42]                            0.500000    2.694294   -2.194294 (VIOLATED)
gpio_holdover[42]                       0.500000    2.694293   -2.194293 (VIOLATED)
gpio_out[42]                            0.500000    2.694292   -2.194292 (VIOLATED)
gpio_ib_mode_sel[42]                    0.500000    2.694287   -2.194287 (VIOLATED)
gpio_vtrip_sel[42]                      0.500000    2.694288   -2.194288 (VIOLATED)
gpio_loopback_zero[42]                  0.500000    2.694269   -2.194269 (VIOLATED)
gpio_slow_sel[18]                       0.500000    2.691584   -2.191584 (VIOLATED)
gpio_dm1[18]                            0.500000    2.691582   -2.191582 (VIOLATED)
gpio_analog_en[18]                      0.500000    2.691559   -2.191559 (VIOLATED)
gpio_dm0[18]                            0.500000    2.691551   -2.191551 (VIOLATED)
gpio_analog_pol[18]                     0.500000    2.691542   -2.191542 (VIOLATED)
gpio_analog_sel[18]                     0.500000    2.691470   -2.191469 (VIOLATED)
gpio_dm2[18]                            0.500000    2.691457   -2.191457 (VIOLATED)
gpio_holdover[18]                       0.500000    2.691442   -2.191442 (VIOLATED)
gpio_out[18]                            0.500000    2.691431   -2.191431 (VIOLATED)
gpio_vtrip_sel[18]                      0.500000    2.691351   -2.191351 (VIOLATED)
gpio_ib_mode_sel[18]                    0.500000    2.691339   -2.191339 (VIOLATED)
gpio_loopback_zero[18]                  0.500000    2.691294   -2.191294 (VIOLATED)
gpio_slow_sel[38]                       0.500000    2.690393   -2.190392 (VIOLATED)
gpio_analog_en[38]                      0.500000    2.690390   -2.190390 (VIOLATED)
gpio_dm1[38]                            0.500000    2.690392   -2.190392 (VIOLATED)
gpio_analog_pol[38]                     0.500000    2.690388   -2.190388 (VIOLATED)
gpio_dm0[38]                            0.500000    2.690389   -2.190389 (VIOLATED)
gpio_analog_sel[38]                     0.500000    2.690358   -2.190357 (VIOLATED)
gpio_dm2[38]                            0.500000    2.690347   -2.190347 (VIOLATED)
gpio_holdover[38]                       0.500000    2.690332   -2.190332 (VIOLATED)
gpio_out[38]                            0.500000    2.690318   -2.190318 (VIOLATED)
gpio_ib_mode_sel[38]                    0.500000    2.690294   -2.190294 (VIOLATED)
gpio_vtrip_sel[38]                      0.500000    2.690296   -2.190295 (VIOLATED)
gpio_loopback_zero[38]                  0.500000    2.690279   -2.190279 (VIOLATED)
gpio_slow_sel[43]                       0.500000    2.687843   -2.187843 (VIOLATED)
gpio_analog_en[43]                      0.500000    2.687840   -2.187840 (VIOLATED)
gpio_dm1[43]                            0.500000    2.687842   -2.187842 (VIOLATED)
gpio_analog_pol[43]                     0.500000    2.687838   -2.187838 (VIOLATED)
gpio_dm0[43]                            0.500000    2.687839   -2.187839 (VIOLATED)
gpio_analog_sel[43]                     0.500000    2.687830   -2.187830 (VIOLATED)
gpio_dm2[43]                            0.500000    2.687828   -2.187828 (VIOLATED)
gpio_holdover[43]                       0.500000    2.687825   -2.187825 (VIOLATED)
gpio_out[43]                            0.500000    2.687823   -2.187823 (VIOLATED)
gpio_vtrip_sel[43]                      0.500000    2.687777   -2.187777 (VIOLATED)
gpio_ib_mode_sel[43]                    0.500000    2.687757   -2.187757 (VIOLATED)
gpio_loopback_zero[43]                  0.500000    2.687708   -2.187708 (VIOLATED)
gpio_dm1[17]                            0.500000    2.687136   -2.187136 (VIOLATED)
gpio_slow_sel[17]                       0.500000    2.687137   -2.187137 (VIOLATED)
gpio_analog_en[17]                      0.500000    2.687109   -2.187109 (VIOLATED)
gpio_dm0[17]                            0.500000    2.687100   -2.187100 (VIOLATED)
gpio_analog_pol[17]                     0.500000    2.687089   -2.187089 (VIOLATED)
gpio_analog_sel[17]                     0.500000    2.687010   -2.187010 (VIOLATED)
gpio_dm2[17]                            0.500000    2.686996   -2.186996 (VIOLATED)
gpio_holdover[17]                       0.500000    2.686981   -2.186981 (VIOLATED)
gpio_out[17]                            0.500000    2.686968   -2.186968 (VIOLATED)
gpio_vtrip_sel[17]                      0.500000    2.686879   -2.186879 (VIOLATED)
gpio_ib_mode_sel[17]                    0.500000    2.686867   -2.186867 (VIOLATED)
gpio_loopback_zero[17]                  0.500000    2.686826   -2.186826 (VIOLATED)
gpio_dm1[16]                            0.500000    2.686126   -2.186126 (VIOLATED)
gpio_slow_sel[16]                       0.500000    2.686129   -2.186128 (VIOLATED)
gpio_analog_en[16]                      0.500000    2.686103   -2.186102 (VIOLATED)
gpio_dm0[16]                            0.500000    2.686094   -2.186094 (VIOLATED)
gpio_analog_pol[16]                     0.500000    2.686083   -2.186083 (VIOLATED)
gpio_analog_sel[16]                     0.500000    2.686004   -2.186004 (VIOLATED)
gpio_dm2[16]                            0.500000    2.685991   -2.185991 (VIOLATED)
gpio_holdover[16]                       0.500000    2.685976   -2.185976 (VIOLATED)
gpio_out[16]                            0.500000    2.685962   -2.185962 (VIOLATED)
gpio_vtrip_sel[16]                      0.500000    2.685876   -2.185876 (VIOLATED)
gpio_ib_mode_sel[16]                    0.500000    2.685864   -2.185864 (VIOLATED)
gpio_loopback_zero[16]                  0.500000    2.685818   -2.185818 (VIOLATED)
gpio_slow_sel[14]                       0.500000    2.685110   -2.185110 (VIOLATED)
gpio_dm1[14]                            0.500000    2.685101   -2.185101 (VIOLATED)
gpio_analog_en[14]                      0.500000    2.685090   -2.185090 (VIOLATED)
gpio_dm0[14]                            0.500000    2.685081   -2.185081 (VIOLATED)
gpio_analog_pol[14]                     0.500000    2.685036   -2.185036 (VIOLATED)
gpio_analog_sel[14]                     0.500000    2.684940   -2.184940 (VIOLATED)
gpio_dm2[14]                            0.500000    2.684927   -2.184927 (VIOLATED)
gpio_holdover[14]                       0.500000    2.684912   -2.184912 (VIOLATED)
gpio_out[14]                            0.500000    2.684899   -2.184899 (VIOLATED)
gpio_vtrip_sel[14]                      0.500000    2.684858   -2.184857 (VIOLATED)
gpio_ib_mode_sel[14]                    0.500000    2.684812   -2.184812 (VIOLATED)
gpio_loopback_zero[14]                  0.500000    2.684779   -2.184779 (VIOLATED)
gpio_analog_en[41]                      0.500000    2.682452   -2.182452 (VIOLATED)
gpio_slow_sel[41]                       0.500000    2.682454   -2.182454 (VIOLATED)
gpio_analog_pol[41]                     0.500000    2.682451   -2.182451 (VIOLATED)
gpio_dm0[41]                            0.500000    2.682452   -2.182452 (VIOLATED)
gpio_dm1[41]                            0.500000    2.682453   -2.182453 (VIOLATED)
gpio_analog_sel[41]                     0.500000    2.682448   -2.182448 (VIOLATED)
gpio_dm2[41]                            0.500000    2.682447   -2.182447 (VIOLATED)
gpio_holdover[41]                       0.500000    2.682446   -2.182446 (VIOLATED)
gpio_out[41]                            0.500000    2.682445   -2.182445 (VIOLATED)
gpio_ib_mode_sel[41]                    0.500000    2.682440   -2.182440 (VIOLATED)
gpio_vtrip_sel[41]                      0.500000    2.682441   -2.182441 (VIOLATED)
gpio_loopback_zero[41]                  0.500000    2.682424   -2.182424 (VIOLATED)
gpio_slow_sel[13]                       0.500000    2.682417   -2.182416 (VIOLATED)
gpio_dm1[13]                            0.500000    2.682404   -2.182404 (VIOLATED)
gpio_analog_en[13]                      0.500000    2.682359   -2.182359 (VIOLATED)
gpio_dm0[13]                            0.500000    2.682355   -2.182355 (VIOLATED)
gpio_analog_pol[13]                     0.500000    2.682310   -2.182310 (VIOLATED)
gpio_analog_sel[13]                     0.500000    2.682173   -2.182173 (VIOLATED)
gpio_dm2[13]                            0.500000    2.682077   -2.182077 (VIOLATED)
gpio_holdover[13]                       0.500000    2.682017   -2.182017 (VIOLATED)
gpio_out[13]                            0.500000    2.681999   -2.181999 (VIOLATED)
gpio_vtrip_sel[13]                      0.500000    2.681893   -2.181892 (VIOLATED)
gpio_ib_mode_sel[13]                    0.500000    2.681888   -2.181888 (VIOLATED)
gpio_loopback_zero[13]                  0.500000    2.681778   -2.181778 (VIOLATED)
gpio_analog_en[40]                      0.500000    2.681731   -2.181731 (VIOLATED)
gpio_slow_sel[40]                       0.500000    2.681732   -2.181732 (VIOLATED)
gpio_analog_pol[40]                     0.500000    2.681730   -2.181730 (VIOLATED)
gpio_dm0[40]                            0.500000    2.681731   -2.181731 (VIOLATED)
gpio_dm1[40]                            0.500000    2.681732   -2.181732 (VIOLATED)
gpio_analog_sel[40]                     0.500000    2.681726   -2.181726 (VIOLATED)
gpio_dm2[40]                            0.500000    2.681726   -2.181726 (VIOLATED)
gpio_holdover[40]                       0.500000    2.681725   -2.181724 (VIOLATED)
gpio_out[40]                            0.500000    2.681723   -2.181723 (VIOLATED)
gpio_ib_mode_sel[40]                    0.500000    2.681719   -2.181719 (VIOLATED)
gpio_vtrip_sel[40]                      0.500000    2.681720   -2.181720 (VIOLATED)
gpio_loopback_zero[40]                  0.500000    2.681702   -2.181702 (VIOLATED)
gpio_out[29]                            0.500000    2.459879   -1.959879 (VIOLATED)
mprj2/output8/X                         0.500000    2.459456   -1.959456 (VIOLATED)
gpio_analog_en[31]                      0.500000    2.291461   -1.791461 (VIOLATED)
gpio_slow_sel[31]                       0.500000    2.291461   -1.791461 (VIOLATED)
gpio_analog_pol[31]                     0.500000    2.291437   -1.791437 (VIOLATED)
gpio_dm0[31]                            0.500000    2.291438   -1.791438 (VIOLATED)
gpio_analog_sel[31]                     0.500000    2.291431   -1.791431 (VIOLATED)
gpio_holdover[31]                       0.500000    2.291428   -1.791428 (VIOLATED)
gpio_ib_mode_sel[31]                    0.500000    2.291398   -1.791398 (VIOLATED)
gpio_vtrip_sel[31]                      0.500000    2.291399   -1.791399 (VIOLATED)
gpio_oeb[31]                            0.500000    2.291396   -1.791396 (VIOLATED)
gpio_loopback_zero[31]                  0.500000    2.291361   -1.791361 (VIOLATED)
gpio_analog_pol[26]                     0.500000    2.279836   -1.779836 (VIOLATED)
gpio_dm0[26]                            0.500000    2.279826   -1.779826 (VIOLATED)
gpio_analog_en[26]                      0.500000    2.279823   -1.779823 (VIOLATED)
gpio_slow_sel[26]                       0.500000    2.279824   -1.779824 (VIOLATED)
gpio_analog_sel[26]                     0.500000    2.279815   -1.779815 (VIOLATED)
gpio_holdover[26]                       0.500000    2.279812   -1.779812 (VIOLATED)
gpio_vtrip_sel[26]                      0.500000    2.279788   -1.779787 (VIOLATED)
gpio_ib_mode_sel[26]                    0.500000    2.279781   -1.779781 (VIOLATED)
gpio_oeb[26]                            0.500000    2.279779   -1.779779 (VIOLATED)
gpio_loopback_zero[26]                  0.500000    2.279741   -1.779740 (VIOLATED)
gpio_analog_pol[29]                     0.500000    2.276742   -1.776742 (VIOLATED)
gpio_dm0[29]                            0.500000    2.276732   -1.776732 (VIOLATED)
gpio_analog_en[29]                      0.500000    2.276729   -1.776729 (VIOLATED)
gpio_slow_sel[29]                       0.500000    2.276731   -1.776731 (VIOLATED)
gpio_analog_sel[29]                     0.500000    2.276721   -1.776721 (VIOLATED)
gpio_holdover[29]                       0.500000    2.276718   -1.776718 (VIOLATED)
gpio_vtrip_sel[29]                      0.500000    2.276695   -1.776694 (VIOLATED)
gpio_ib_mode_sel[29]                    0.500000    2.276688   -1.776688 (VIOLATED)
gpio_oeb[29]                            0.500000    2.276686   -1.776686 (VIOLATED)
gpio_loopback_zero[29]                  0.500000    2.276650   -1.776650 (VIOLATED)
gpio_slow_sel[25]                       0.500000    2.275825   -1.775825 (VIOLATED)
gpio_analog_en[25]                      0.500000    2.275822   -1.775822 (VIOLATED)
gpio_analog_pol[25]                     0.500000    2.275820   -1.775820 (VIOLATED)
gpio_dm0[25]                            0.500000    2.275821   -1.775821 (VIOLATED)
gpio_analog_sel[25]                     0.500000    2.275810   -1.775810 (VIOLATED)
gpio_holdover[25]                       0.500000    2.275769   -1.775769 (VIOLATED)
gpio_vtrip_sel[25]                      0.500000    2.275698   -1.775698 (VIOLATED)
gpio_ib_mode_sel[25]                    0.500000    2.275686   -1.775685 (VIOLATED)
gpio_oeb[25]                            0.500000    2.275645   -1.775645 (VIOLATED)
gpio_loopback_zero[25]                  0.500000    2.275609   -1.775608 (VIOLATED)
gpio_slow_sel[28]                       0.500000    2.267349   -1.767349 (VIOLATED)
gpio_analog_en[28]                      0.500000    2.267334   -1.767334 (VIOLATED)
gpio_dm0[28]                            0.500000    2.267329   -1.767329 (VIOLATED)
gpio_analog_pol[28]                     0.500000    2.267296   -1.767295 (VIOLATED)
gpio_analog_sel[28]                     0.500000    2.267268   -1.767268 (VIOLATED)
gpio_holdover[28]                       0.500000    2.267231   -1.767231 (VIOLATED)
gpio_oeb[28]                            0.500000    2.267153   -1.767153 (VIOLATED)
gpio_vtrip_sel[28]                      0.500000    2.267148   -1.767148 (VIOLATED)
gpio_ib_mode_sel[28]                    0.500000    2.267147   -1.767146 (VIOLATED)
gpio_loopback_zero[28]                  0.500000    2.267109   -1.767109 (VIOLATED)
gpio_analog_pol[33]                     0.500000    2.262914   -1.762914 (VIOLATED)
gpio_dm0[33]                            0.500000    2.262895   -1.762895 (VIOLATED)
gpio_analog_en[33]                      0.500000    2.262893   -1.762893 (VIOLATED)
gpio_slow_sel[33]                       0.500000    2.262880   -1.762880 (VIOLATED)
gpio_analog_sel[33]                     0.500000    2.262821   -1.762821 (VIOLATED)
gpio_holdover[33]                       0.500000    2.262765   -1.762765 (VIOLATED)
gpio_vtrip_sel[33]                      0.500000    2.262673   -1.762673 (VIOLATED)
gpio_ib_mode_sel[33]                    0.500000    2.262669   -1.762669 (VIOLATED)
gpio_oeb[33]                            0.500000    2.262598   -1.762597 (VIOLATED)
gpio_loopback_zero[33]                  0.500000    2.262560   -1.762560 (VIOLATED)
gpio_slow_sel[27]                       0.500000    2.260711   -1.760711 (VIOLATED)
gpio_analog_en[27]                      0.500000    2.260678   -1.760678 (VIOLATED)
gpio_dm0[27]                            0.500000    2.260674   -1.760674 (VIOLATED)
gpio_analog_pol[27]                     0.500000    2.260666   -1.760666 (VIOLATED)
gpio_analog_sel[27]                     0.500000    2.260623   -1.760622 (VIOLATED)
gpio_holdover[27]                       0.500000    2.260602   -1.760602 (VIOLATED)
gpio_vtrip_sel[27]                      0.500000    2.260562   -1.760562 (VIOLATED)
gpio_ib_mode_sel[27]                    0.500000    2.260551   -1.760551 (VIOLATED)
gpio_oeb[27]                            0.500000    2.260504   -1.760504 (VIOLATED)
gpio_loopback_zero[27]                  0.500000    2.260489   -1.760489 (VIOLATED)
gpio_slow_sel[32]                       0.500000    2.258816   -1.758816 (VIOLATED)
gpio_analog_en[32]                      0.500000    2.258781   -1.758781 (VIOLATED)
gpio_dm0[32]                            0.500000    2.258776   -1.758776 (VIOLATED)
gpio_analog_pol[32]                     0.500000    2.258768   -1.758768 (VIOLATED)
gpio_analog_sel[32]                     0.500000    2.258703   -1.758703 (VIOLATED)
gpio_holdover[32]                       0.500000    2.258682   -1.758682 (VIOLATED)
gpio_vtrip_sel[32]                      0.500000    2.258676   -1.758676 (VIOLATED)
gpio_ib_mode_sel[32]                    0.500000    2.258674   -1.758674 (VIOLATED)
gpio_oeb[32]                            0.500000    2.258642   -1.758642 (VIOLATED)
gpio_loopback_zero[32]                  0.500000    2.258603   -1.758603 (VIOLATED)
gpio_slow_sel[24]                       0.500000    2.247702   -1.747702 (VIOLATED)
gpio_analog_en[24]                      0.500000    2.247685   -1.747685 (VIOLATED)
gpio_dm0[24]                            0.500000    2.247679   -1.747679 (VIOLATED)
gpio_analog_pol[24]                     0.500000    2.247668   -1.747668 (VIOLATED)
gpio_analog_sel[24]                     0.500000    2.247578   -1.747578 (VIOLATED)
gpio_holdover[24]                       0.500000    2.247513   -1.747513 (VIOLATED)
gpio_ib_mode_sel[24]                    0.500000    2.247444   -1.747444 (VIOLATED)
gpio_oeb[24]                            0.500000    2.247445   -1.747445 (VIOLATED)
gpio_vtrip_sel[24]                      0.500000    2.247446   -1.747446 (VIOLATED)
gpio_loopback_zero[24]                  0.500000    2.247368   -1.747368 (VIOLATED)
gpio_slow_sel[34]                       0.500000    2.244142   -1.744142 (VIOLATED)
gpio_analog_en[34]                      0.500000    2.244117   -1.744117 (VIOLATED)
gpio_dm0[34]                            0.500000    2.244116   -1.744116 (VIOLATED)
gpio_analog_pol[34]                     0.500000    2.244114   -1.744114 (VIOLATED)
gpio_analog_sel[34]                     0.500000    2.244103   -1.744103 (VIOLATED)
gpio_holdover[34]                       0.500000    2.244096   -1.744096 (VIOLATED)
gpio_vtrip_sel[34]                      0.500000    2.244084   -1.744084 (VIOLATED)
gpio_ib_mode_sel[34]                    0.500000    2.244021   -1.744021 (VIOLATED)
gpio_oeb[34]                            0.500000    2.243960   -1.743960 (VIOLATED)
gpio_loopback_zero[34]                  0.500000    2.243795   -1.743795 (VIOLATED)
gpio_slow_sel[30]                       0.500000    2.241353   -1.741353 (VIOLATED)
gpio_analog_en[30]                      0.500000    2.241336   -1.741336 (VIOLATED)
gpio_dm0[30]                            0.500000    2.241329   -1.741329 (VIOLATED)
gpio_analog_pol[30]                     0.500000    2.241318   -1.741318 (VIOLATED)
gpio_analog_sel[30]                     0.500000    2.241258   -1.741258 (VIOLATED)
gpio_holdover[30]                       0.500000    2.241142   -1.741142 (VIOLATED)
gpio_vtrip_sel[30]                      0.500000    2.241074   -1.741074 (VIOLATED)
gpio_ib_mode_sel[30]                    0.500000    2.241062   -1.741062 (VIOLATED)
gpio_oeb[30]                            0.500000    2.241024   -1.741024 (VIOLATED)
gpio_loopback_zero[30]                  0.500000    2.240992   -1.740992 (VIOLATED)
gpio_analog_pol[2]                      0.500000    2.238901   -1.738901 (VIOLATED)
gpio_dm0[2]                             0.500000    2.238896   -1.738896 (VIOLATED)
gpio_analog_en[2]                       0.500000    2.238894   -1.738894 (VIOLATED)
gpio_slow_sel[2]                        0.500000    2.238895   -1.738895 (VIOLATED)
gpio_analog_sel[2]                      0.500000    2.238890   -1.738890 (VIOLATED)
gpio_holdover[2]                        0.500000    2.238889   -1.738889 (VIOLATED)
gpio_ib_mode_sel[2]                     0.500000    2.238885   -1.738885 (VIOLATED)
gpio_vtrip_sel[2]                       0.500000    2.238886   -1.738886 (VIOLATED)
gpio_oeb[2]                             0.500000    2.238884   -1.738884 (VIOLATED)
gpio_loopback_zero[2]                   0.500000    2.238873   -1.738872 (VIOLATED)
gpio_slow_sel[3]                        0.500000    2.234488   -1.734488 (VIOLATED)
gpio_analog_en[3]                       0.500000    2.234486   -1.734486 (VIOLATED)
gpio_analog_pol[3]                      0.500000    2.234484   -1.734484 (VIOLATED)
gpio_dm0[3]                             0.500000    2.234485   -1.734485 (VIOLATED)
gpio_analog_sel[3]                      0.500000    2.234454   -1.734454 (VIOLATED)
gpio_holdover[3]                        0.500000    2.234434   -1.734434 (VIOLATED)
gpio_vtrip_sel[3]                       0.500000    2.234428   -1.734428 (VIOLATED)
gpio_ib_mode_sel[3]                     0.500000    2.234426   -1.734426 (VIOLATED)
gpio_oeb[3]                             0.500000    2.234424   -1.734424 (VIOLATED)
gpio_loopback_zero[3]                   0.500000    2.234367   -1.734367 (VIOLATED)
gpio_slow_sel[9]                        0.500000    2.233777   -1.733777 (VIOLATED)
gpio_analog_en[9]                       0.500000    2.233772   -1.733772 (VIOLATED)
gpio_analog_pol[9]                      0.500000    2.233771   -1.733771 (VIOLATED)
gpio_dm0[9]                             0.500000    2.233772   -1.733772 (VIOLATED)
gpio_analog_sel[9]                      0.500000    2.233768   -1.733768 (VIOLATED)
gpio_holdover[9]                        0.500000    2.233767   -1.733767 (VIOLATED)
gpio_ib_mode_sel[9]                     0.500000    2.233763   -1.733763 (VIOLATED)
gpio_vtrip_sel[9]                       0.500000    2.233764   -1.733764 (VIOLATED)
gpio_oeb[9]                             0.500000    2.233762   -1.733762 (VIOLATED)
gpio_loopback_zero[9]                   0.500000    2.233752   -1.733752 (VIOLATED)
gpio_slow_sel[10]                       0.500000    2.227587   -1.727587 (VIOLATED)
gpio_analog_en[10]                      0.500000    2.227563   -1.727563 (VIOLATED)
gpio_analog_pol[10]                     0.500000    2.227554   -1.727554 (VIOLATED)
gpio_dm0[10]                            0.500000    2.227556   -1.727556 (VIOLATED)
gpio_analog_sel[10]                     0.500000    2.227546   -1.727546 (VIOLATED)
gpio_holdover[10]                       0.500000    2.227509   -1.727509 (VIOLATED)
gpio_vtrip_sel[10]                      0.500000    2.227450   -1.727450 (VIOLATED)
gpio_ib_mode_sel[10]                    0.500000    2.227418   -1.727418 (VIOLATED)
gpio_oeb[10]                            0.500000    2.227416   -1.727416 (VIOLATED)
gpio_loopback_zero[10]                  0.500000    2.227392   -1.727392 (VIOLATED)
gpio_slow_sel[8]                        0.500000    2.227195   -1.727194 (VIOLATED)
gpio_analog_en[8]                       0.500000    2.227192   -1.727192 (VIOLATED)
gpio_dm0[8]                             0.500000    2.227170   -1.727169 (VIOLATED)
gpio_analog_pol[8]                      0.500000    2.227168   -1.727168 (VIOLATED)
gpio_analog_sel[8]                      0.500000    2.227108   -1.727108 (VIOLATED)
gpio_holdover[8]                        0.500000    2.227065   -1.727065 (VIOLATED)
gpio_vtrip_sel[8]                       0.500000    2.227024   -1.727023 (VIOLATED)
gpio_ib_mode_sel[8]                     0.500000    2.227012   -1.727012 (VIOLATED)
gpio_oeb[8]                             0.500000    2.227000   -1.727000 (VIOLATED)
gpio_loopback_zero[8]                   0.500000    2.226947   -1.726947 (VIOLATED)
gpio_slow_sel[4]                        0.500000    2.226470   -1.726470 (VIOLATED)
gpio_analog_en[4]                       0.500000    2.226467   -1.726467 (VIOLATED)
gpio_analog_pol[4]                      0.500000    2.226465   -1.726464 (VIOLATED)
gpio_dm0[4]                             0.500000    2.226466   -1.726466 (VIOLATED)
gpio_analog_sel[4]                      0.500000    2.226456   -1.726456 (VIOLATED)
gpio_holdover[4]                        0.500000    2.226451   -1.726451 (VIOLATED)
gpio_vtrip_sel[4]                       0.500000    2.226405   -1.726405 (VIOLATED)
gpio_ib_mode_sel[4]                     0.500000    2.226364   -1.726364 (VIOLATED)
gpio_oeb[4]                             0.500000    2.226351   -1.726351 (VIOLATED)
gpio_loopback_zero[4]                   0.500000    2.226285   -1.726285 (VIOLATED)
gpio_analog_en[12]                      0.500000    2.225626   -1.725626 (VIOLATED)
gpio_slow_sel[12]                       0.500000    2.225617   -1.725617 (VIOLATED)
gpio_analog_pol[12]                     0.500000    2.225613   -1.725613 (VIOLATED)
gpio_dm0[12]                            0.500000    2.225614   -1.725614 (VIOLATED)
gpio_analog_sel[12]                     0.500000    2.225605   -1.725604 (VIOLATED)
gpio_holdover[12]                       0.500000    2.225600   -1.725600 (VIOLATED)
gpio_vtrip_sel[12]                      0.500000    2.225591   -1.725591 (VIOLATED)
gpio_ib_mode_sel[12]                    0.500000    2.225551   -1.725551 (VIOLATED)
gpio_slow_sel[7]                        0.500000    2.225543   -1.725543 (VIOLATED)
gpio_analog_en[7]                       0.500000    2.225526   -1.725526 (VIOLATED)
gpio_dm0[7]                             0.500000    2.225520   -1.725520 (VIOLATED)
gpio_analog_pol[7]                      0.500000    2.225512   -1.725512 (VIOLATED)
gpio_oeb[12]                            0.500000    2.225513   -1.725513 (VIOLATED)
gpio_analog_sel[7]                      0.500000    2.225466   -1.725466 (VIOLATED)
gpio_loopback_zero[12]                  0.500000    2.225462   -1.725462 (VIOLATED)
gpio_holdover[7]                        0.500000    2.225445   -1.725445 (VIOLATED)
gpio_vtrip_sel[7]                       0.500000    2.225403   -1.725403 (VIOLATED)
gpio_ib_mode_sel[7]                     0.500000    2.225391   -1.725391 (VIOLATED)
gpio_oeb[7]                             0.500000    2.225379   -1.725379 (VIOLATED)
gpio_loopback_zero[7]                   0.500000    2.225322   -1.725322 (VIOLATED)
gpio_slow_sel[5]                        0.500000    2.223728   -1.723728 (VIOLATED)
gpio_analog_en[5]                       0.500000    2.223707   -1.723707 (VIOLATED)
gpio_dm0[5]                             0.500000    2.223703   -1.723703 (VIOLATED)
gpio_analog_pol[5]                      0.500000    2.223643   -1.723643 (VIOLATED)
gpio_analog_sel[5]                      0.500000    2.223553   -1.723553 (VIOLATED)
gpio_holdover[5]                        0.500000    2.223520   -1.723520 (VIOLATED)
gpio_vtrip_sel[5]                       0.500000    2.223454   -1.723453 (VIOLATED)
gpio_ib_mode_sel[5]                     0.500000    2.223434   -1.723434 (VIOLATED)
gpio_oeb[5]                             0.500000    2.223413   -1.723413 (VIOLATED)
gpio_loopback_zero[5]                   0.500000    2.223235   -1.723235 (VIOLATED)
gpio_slow_sel[6]                        0.500000    2.218918   -1.718918 (VIOLATED)
gpio_analog_en[6]                       0.500000    2.218903   -1.718903 (VIOLATED)
gpio_dm0[6]                             0.500000    2.218897   -1.718897 (VIOLATED)
gpio_analog_pol[6]                      0.500000    2.218887   -1.718887 (VIOLATED)
gpio_analog_sel[6]                      0.500000    2.218773   -1.718773 (VIOLATED)
gpio_holdover[6]                        0.500000    2.218751   -1.718751 (VIOLATED)
gpio_vtrip_sel[6]                       0.500000    2.218710   -1.718710 (VIOLATED)
gpio_ib_mode_sel[6]                     0.500000    2.218698   -1.718697 (VIOLATED)
gpio_oeb[6]                             0.500000    2.218686   -1.718686 (VIOLATED)
gpio_loopback_zero[6]                   0.500000    2.218629   -1.718629 (VIOLATED)
gpio_slow_sel[1]                        0.500000    2.218073   -1.718073 (VIOLATED)
gpio_analog_en[1]                       0.500000    2.218034   -1.718034 (VIOLATED)
gpio_analog_pol[1]                      0.500000    2.218011   -1.718011 (VIOLATED)
gpio_inp_dis[1]                         0.500000    2.218002   -1.718002 (VIOLATED)
gpio_analog_sel[1]                      0.500000    2.217952   -1.717952 (VIOLATED)
gpio_holdover[1]                        0.500000    2.217883   -1.717883 (VIOLATED)
gpio_vtrip_sel[1]                       0.500000    2.217779   -1.717779 (VIOLATED)
gpio_ib_mode_sel[1]                     0.500000    2.217766   -1.717766 (VIOLATED)
gpio_oeb[1]                             0.500000    2.217753   -1.717753 (VIOLATED)
gpio_loopback_zero[1]                   0.500000    2.217683   -1.717683 (VIOLATED)
gpio_slow_sel[11]                       0.500000    2.209424   -1.709424 (VIOLATED)
gpio_analog_en[11]                      0.500000    2.209410   -1.709410 (VIOLATED)
gpio_dm0[11]                            0.500000    2.209404   -1.709404 (VIOLATED)
gpio_analog_pol[11]                     0.500000    2.209369   -1.709369 (VIOLATED)
gpio_analog_sel[11]                     0.500000    2.209293   -1.709293 (VIOLATED)
gpio_holdover[11]                       0.500000    2.209271   -1.709271 (VIOLATED)
gpio_vtrip_sel[11]                      0.500000    2.209232   -1.709231 (VIOLATED)
gpio_ib_mode_sel[11]                    0.500000    2.209220   -1.709220 (VIOLATED)
gpio_oeb[11]                            0.500000    2.209209   -1.709209 (VIOLATED)
gpio_loopback_zero[11]                  0.500000    2.209159   -1.709159 (VIOLATED)
gpio_out[31]                            0.500000    1.593317   -1.093318 (VIOLATED)
mprj2/output10/X                        0.500000    1.593213   -1.093213 (VIOLATED)
gpio_out[8]                             0.500000    1.365286   -0.865286 (VIOLATED)
mprj/output9/X                          0.500000    1.365214   -0.865214 (VIOLATED)
gpio_out[7]                             0.500000    1.321005   -0.821005 (VIOLATED)
mprj/output8/X                          0.500000    1.320573   -0.820573 (VIOLATED)
gpio_out[9]                             0.500000    1.226764   -0.726764 (VIOLATED)
mprj/output10/X                         0.500000    1.226709   -0.726709 (VIOLATED)
gpio_out[6]                             0.500000    1.215649   -0.715649 (VIOLATED)
mprj/output7/X                          0.500000    1.215250   -0.715250 (VIOLATED)
mprj/output2/A                          0.500000    1.184253   -0.684253 (VIOLATED)
mprj2/output2/A                         0.500000    1.184253   -0.684253 (VIOLATED)
mprj/ANTENNA_output2_A/DIODE            0.500000    1.184232   -0.684232 (VIOLATED)
mprj2/ANTENNA_output2_A/DIODE           0.500000    1.184232   -0.684232 (VIOLATED)
mprj/_578_/A2                           0.500000    1.177102   -0.677102 (VIOLATED)
mprj2/_578_/A2                          0.500000    1.177102   -0.677102 (VIOLATED)
mprj/ANTENNA__578__A2/DIODE             0.500000    1.177101   -0.677101 (VIOLATED)
mprj2/ANTENNA__578__A2/DIODE            0.500000    1.177101   -0.677101 (VIOLATED)
mprj/ANTENNA__571__A2/DIODE             0.500000    1.177097   -0.677097 (VIOLATED)
mprj2/ANTENNA__571__A2/DIODE            0.500000    1.177097   -0.677097 (VIOLATED)
mprj/_571_/A2                           0.500000    1.177095   -0.677095 (VIOLATED)
mprj/_575_/B1                           0.500000    1.177095   -0.677095 (VIOLATED)
mprj2/_571_/A2                          0.500000    1.177095   -0.677095 (VIOLATED)
mprj2/_575_/B1                          0.500000    1.177095   -0.677095 (VIOLATED)
mprj/ANTENNA__575__B1/DIODE             0.500000    1.177093   -0.677093 (VIOLATED)
mprj/_580_/B1                           0.500000    1.177093   -0.677093 (VIOLATED)
mprj2/ANTENNA__575__B1/DIODE            0.500000    1.177093   -0.677093 (VIOLATED)
mprj2/_580_/B1                          0.500000    1.177093   -0.677093 (VIOLATED)
mprj/ANTENNA__580__B1/DIODE             0.500000    1.177090   -0.677090 (VIOLATED)
mprj2/ANTENNA__580__B1/DIODE            0.500000    1.177090   -0.677090 (VIOLATED)
mprj/ANTENNA__564__X/DIODE              0.500000    1.177037   -0.677037 (VIOLATED)
mprj2/ANTENNA__564__X/DIODE             0.500000    1.177037   -0.677037 (VIOLATED)
mprj/_564_/X                            0.500000    1.177024   -0.677024 (VIOLATED)
mprj2/_564_/X                           0.500000    1.177024   -0.677024 (VIOLATED)
gpio_out[5]                             0.500000    1.169801   -0.669801 (VIOLATED)
mprj/output6/X                          0.500000    1.169746   -0.669746 (VIOLATED)
mprj2/fanout25/A                        0.500000    1.124762   -0.624762 (VIOLATED)
mprj2/ANTENNA_fanout25_A/DIODE          0.500000    1.124759   -0.624759 (VIOLATED)
mprj/fanout25/A                         0.500000    1.124755   -0.624755 (VIOLATED)
mprj/ANTENNA_fanout25_A/DIODE           0.500000    1.124752   -0.624752 (VIOLATED)
mprj2/ANTENNA_fanout19_A/DIODE          0.500000    1.123561   -0.623561 (VIOLATED)
mprj/ANTENNA_fanout19_A/DIODE           0.500000    1.123553   -0.623553 (VIOLATED)
mprj2/fanout19/A                        0.500000    1.123385   -0.623385 (VIOLATED)
mprj/fanout19/A                         0.500000    1.123377   -0.623377 (VIOLATED)
gpio_out[10]                            0.500000    1.122280   -0.622280 (VIOLATED)
mprj/output11/X                         0.500000    1.122235   -0.622235 (VIOLATED)
mprj2/ANTENNA_input1_X/DIODE            0.500000    1.106248   -0.606248 (VIOLATED)
mprj/ANTENNA_input1_X/DIODE             0.500000    1.106240   -0.606240 (VIOLATED)
mprj2/input1/X                          0.500000    1.106234   -0.606234 (VIOLATED)
mprj/input1/X                           0.500000    1.106226   -0.606226 (VIOLATED)
gpio_out[4]                             0.500000    1.072225   -0.572225 (VIOLATED)
mprj/output5/X                          0.500000    1.072183   -0.572183 (VIOLATED)
gpio_out[30]                            0.500000    1.062714   -0.562714 (VIOLATED)
mprj2/output9/X                         0.500000    1.062680   -0.562680 (VIOLATED)
gpio_dm0[1]                             0.500000    1.030643   -0.530643 (VIOLATED)
gpio_dm1[1]                             0.500000    1.030644   -0.530644 (VIOLATED)
gpio_dm2[1]                             0.500000    1.030641   -0.530641 (VIOLATED)
gpio_out[1]                             0.500000    1.030640   -0.530640 (VIOLATED)
gpio_loopback_one[1]                    0.500000    1.030634   -0.530634 (VIOLATED)
mprj/output11/A                         0.500000    1.025915   -0.525915 (VIOLATED)
mprj2/output11/A                        0.500000    1.025915   -0.525915 (VIOLATED)
mprj/ANTENNA_output11_A/DIODE           0.500000    1.025891   -0.525891 (VIOLATED)
mprj2/ANTENNA_output11_A/DIODE          0.500000    1.025891   -0.525891 (VIOLATED)
mprj/ANTENNA__590__X/DIODE              0.500000    1.018237   -0.518237 (VIOLATED)
mprj2/ANTENNA__590__X/DIODE             0.500000    1.018237   -0.518237 (VIOLATED)
mprj/_590_/X                            0.500000    1.018224   -0.518224 (VIOLATED)
mprj2/_590_/X                           0.500000    1.018224   -0.518224 (VIOLATED)
gpio_out[11]                            0.500000    1.016259   -0.516259 (VIOLATED)
mprj/output12/X                         0.500000    1.016224   -0.516224 (VIOLATED)
gpio_out[3]                             0.500000    1.001781   -0.501781 (VIOLATED)
mprj/output4/X                          0.500000    1.001748   -0.501748 (VIOLATED)
mprj/_650_/A                            0.500000    0.980883   -0.480883 (VIOLATED)
mprj2/_650_/A                           0.500000    0.980883   -0.480883 (VIOLATED)
mprj/_339_/A                            0.500000    0.980881   -0.480881 (VIOLATED)
mprj2/_339_/A                           0.500000    0.980881   -0.480881 (VIOLATED)
mprj/_592_/A                            0.500000    0.980876   -0.480876 (VIOLATED)
mprj2/_592_/A                           0.500000    0.980876   -0.480876 (VIOLATED)
mprj/_642_/A                            0.500000    0.980864   -0.480864 (VIOLATED)
mprj2/_642_/A                           0.500000    0.980864   -0.480864 (VIOLATED)
mprj/_660_/A                            0.500000    0.980852   -0.480852 (VIOLATED)
mprj2/_660_/A                           0.500000    0.980852   -0.480852 (VIOLATED)
mprj/_669_/A                            0.500000    0.980851   -0.480851 (VIOLATED)
mprj2/_669_/A                           0.500000    0.980851   -0.480851 (VIOLATED)
mprj/_662_/A                            0.500000    0.980849   -0.480849 (VIOLATED)
mprj/_670_/A                            0.500000    0.980849   -0.480849 (VIOLATED)
mprj/fanout21/X                         0.500000    0.980849   -0.480849 (VIOLATED)
mprj/load_slew22/A                      0.500000    0.980849   -0.480849 (VIOLATED)
mprj2/_662_/A                           0.500000    0.980849   -0.480849 (VIOLATED)
mprj2/_670_/A                           0.500000    0.980849   -0.480849 (VIOLATED)
mprj2/fanout21/X                        0.500000    0.980849   -0.480849 (VIOLATED)
mprj2/load_slew22/A                     0.500000    0.980849   -0.480849 (VIOLATED)
gpio_out[2]                             0.500000    0.970732   -0.470732 (VIOLATED)
mprj/output2/X                          0.500000    0.970705   -0.470705 (VIOLATED)
gpio_out[12]                            0.500000    0.964315   -0.464315 (VIOLATED)
mprj/output3/X                          0.500000    0.964285   -0.464285 (VIOLATED)
mprj/output4/A                          0.500000    0.907931   -0.407931 (VIOLATED)
mprj2/output4/A                         0.500000    0.907931   -0.407931 (VIOLATED)
mprj/ANTENNA_output4_A/DIODE            0.500000    0.907910   -0.407910 (VIOLATED)
mprj2/ANTENNA_output4_A/DIODE           0.500000    0.907910   -0.407910 (VIOLATED)
mprj/_386_/A                            0.500000    0.902789   -0.402789 (VIOLATED)
mprj2/_386_/A                           0.500000    0.902789   -0.402789 (VIOLATED)
mprj/ANTENNA__386__A/DIODE              0.500000    0.902601   -0.402601 (VIOLATED)
mprj2/ANTENNA__386__A/DIODE             0.500000    0.902601   -0.402601 (VIOLATED)
mprj/_572_/B                            0.500000    0.902543   -0.402543 (VIOLATED)
mprj2/_572_/B                           0.500000    0.902543   -0.402543 (VIOLATED)
mprj/_568_/B                            0.500000    0.902542   -0.402542 (VIOLATED)
mprj2/_568_/B                           0.500000    0.902542   -0.402542 (VIOLATED)
mprj/ANTENNA__572__B/DIODE              0.500000    0.902540   -0.402540 (VIOLATED)
mprj2/ANTENNA__572__B/DIODE             0.500000    0.902540   -0.402540 (VIOLATED)
mprj/ANTENNA__568__B/DIODE              0.500000    0.902538   -0.402538 (VIOLATED)
mprj2/ANTENNA__568__B/DIODE             0.500000    0.902538   -0.402538 (VIOLATED)
mprj/ANTENNA__579__A2/DIODE             0.500000    0.902523   -0.402523 (VIOLATED)
mprj2/ANTENNA__579__A2/DIODE            0.500000    0.902523   -0.402523 (VIOLATED)
mprj/_579_/A2                           0.500000    0.902519   -0.402519 (VIOLATED)
mprj2/_579_/A2                          0.500000    0.902519   -0.402519 (VIOLATED)
mprj/ANTENNA__384__Y/DIODE              0.500000    0.902496   -0.402496 (VIOLATED)
mprj2/ANTENNA__384__Y/DIODE             0.500000    0.902496   -0.402496 (VIOLATED)
mprj/_384_/Y                            0.500000    0.902485   -0.402485 (VIOLATED)
mprj2/_384_/Y                           0.500000    0.902485   -0.402485 (VIOLATED)
mprj/_665_/A                            0.500000    0.886467   -0.386467 (VIOLATED)
mprj2/_665_/A                           0.500000    0.886467   -0.386467 (VIOLATED)
mprj/_615_/A                            0.500000    0.886464   -0.386464 (VIOLATED)
mprj2/_615_/A                           0.500000    0.886464   -0.386464 (VIOLATED)
mprj/_663_/A                            0.500000    0.886463   -0.386463 (VIOLATED)
mprj2/_663_/A                           0.500000    0.886463   -0.386463 (VIOLATED)
mprj/_614_/A                            0.500000    0.886463   -0.386462 (VIOLATED)
mprj2/_614_/A                           0.500000    0.886463   -0.386462 (VIOLATED)
mprj/_664_/A                            0.500000    0.886460   -0.386460 (VIOLATED)
mprj2/_664_/A                           0.500000    0.886460   -0.386460 (VIOLATED)
mprj/_610_/A                            0.500000    0.886456   -0.386456 (VIOLATED)
mprj2/_610_/A                           0.500000    0.886456   -0.386456 (VIOLATED)
mprj/_611_/A                            0.500000    0.886448   -0.386448 (VIOLATED)
mprj2/_611_/A                           0.500000    0.886448   -0.386448 (VIOLATED)
mprj/_612_/A                            0.500000    0.886439   -0.386439 (VIOLATED)
mprj/fanout17/X                         0.500000    0.886439   -0.386439 (VIOLATED)
mprj/max_cap18/A                        0.500000    0.886439   -0.386439 (VIOLATED)
mprj2/_612_/A                           0.500000    0.886439   -0.386439 (VIOLATED)
mprj2/fanout17/X                        0.500000    0.886439   -0.386439 (VIOLATED)
mprj2/max_cap18/A                       0.500000    0.886439   -0.386439 (VIOLATED)
mprj/output10/A                         0.500000    0.850026   -0.350026 (VIOLATED)
mprj2/output10/A                        0.500000    0.850026   -0.350026 (VIOLATED)
mprj/ANTENNA_output10_A/DIODE           0.500000    0.849998   -0.349998 (VIOLATED)
mprj2/ANTENNA_output10_A/DIODE          0.500000    0.849998   -0.349998 (VIOLATED)
gpio_dm1[29]                            0.500000    0.848994   -0.348994 (VIOLATED)
gpio_inp_dis[29]                        0.500000    0.848993   -0.348993 (VIOLATED)
gpio_dm2[29]                            0.500000    0.848991   -0.348991 (VIOLATED)
gpio_loopback_one[29]                   0.500000    0.848982   -0.348982 (VIOLATED)
mprj/ANTENNA__589__X/DIODE              0.500000    0.840711   -0.340711 (VIOLATED)
mprj2/ANTENNA__589__X/DIODE             0.500000    0.840711   -0.340711 (VIOLATED)
mprj/_589_/X                            0.500000    0.840700   -0.340700 (VIOLATED)
mprj2/_589_/X                           0.500000    0.840700   -0.340700 (VIOLATED)
gpio_dm1[27]                            0.500000    0.831977   -0.331977 (VIOLATED)
gpio_inp_dis[27]                        0.500000    0.831976   -0.331976 (VIOLATED)
gpio_dm2[27]                            0.500000    0.831975   -0.331975 (VIOLATED)
gpio_loopback_one[27]                   0.500000    0.831966   -0.331966 (VIOLATED)
gpio_dm1[28]                            0.500000    0.827314   -0.327314 (VIOLATED)
gpio_inp_dis[28]                        0.500000    0.827301   -0.327301 (VIOLATED)
gpio_dm2[28]                            0.500000    0.827296   -0.327296 (VIOLATED)
gpio_loopback_one[28]                   0.500000    0.827287   -0.327287 (VIOLATED)
gpio_dm1[24]                            0.500000    0.822125   -0.322125 (VIOLATED)
gpio_dm2[24]                            0.500000    0.822112   -0.322112 (VIOLATED)
gpio_inp_dis[24]                        0.500000    0.822111   -0.322111 (VIOLATED)
gpio_loopback_one[24]                   0.500000    0.822097   -0.322097 (VIOLATED)
gpio_dm1[33]                            0.500000    0.819665   -0.319665 (VIOLATED)
gpio_inp_dis[33]                        0.500000    0.819664   -0.319664 (VIOLATED)
gpio_dm2[33]                            0.500000    0.819662   -0.319662 (VIOLATED)
gpio_loopback_one[33]                   0.500000    0.819653   -0.319653 (VIOLATED)
gpio_dm1[25]                            0.500000    0.819003   -0.319003 (VIOLATED)
gpio_inp_dis[25]                        0.500000    0.818988   -0.318988 (VIOLATED)
gpio_dm2[25]                            0.500000    0.818963   -0.318963 (VIOLATED)
gpio_loopback_one[25]                   0.500000    0.818932   -0.318932 (VIOLATED)
gpio_dm1[26]                            0.500000    0.818323   -0.318323 (VIOLATED)
gpio_inp_dis[26]                        0.500000    0.818322   -0.318322 (VIOLATED)
gpio_dm2[26]                            0.500000    0.818320   -0.318320 (VIOLATED)
gpio_loopback_one[26]                   0.500000    0.818311   -0.318311 (VIOLATED)
gpio_dm1[34]                            0.500000    0.815387   -0.315387 (VIOLATED)
gpio_inp_dis[34]                        0.500000    0.815374   -0.315374 (VIOLATED)
gpio_dm2[34]                            0.500000    0.815341   -0.315341 (VIOLATED)
gpio_loopback_one[34]                   0.500000    0.815326   -0.315326 (VIOLATED)
gpio_dm1[7]                             0.500000    0.810812   -0.310811 (VIOLATED)
gpio_inp_dis[7]                         0.500000    0.810811   -0.310811 (VIOLATED)
gpio_dm2[7]                             0.500000    0.810809   -0.310809 (VIOLATED)
gpio_loopback_one[7]                    0.500000    0.810803   -0.310803 (VIOLATED)
gpio_dm1[32]                            0.500000    0.809511   -0.309511 (VIOLATED)
gpio_inp_dis[32]                        0.500000    0.809501   -0.309501 (VIOLATED)
gpio_dm2[32]                            0.500000    0.809473   -0.309473 (VIOLATED)
gpio_loopback_one[32]                   0.500000    0.809458   -0.309458 (VIOLATED)
gpio_dm1[2]                             0.500000    0.806787   -0.306787 (VIOLATED)
gpio_dm1[30]                            0.500000    0.806773   -0.306773 (VIOLATED)
gpio_inp_dis[30]                        0.500000    0.806772   -0.306772 (VIOLATED)
gpio_dm2[30]                            0.500000    0.806769   -0.306770 (VIOLATED)
gpio_inp_dis[2]                         0.500000    0.806764   -0.306764 (VIOLATED)
gpio_loopback_one[30]                   0.500000    0.806761   -0.306761 (VIOLATED)
gpio_dm2[2]                             0.500000    0.806748   -0.306748 (VIOLATED)
gpio_loopback_one[2]                    0.500000    0.806737   -0.306737 (VIOLATED)
gpio_dm1[31]                            0.500000    0.805296   -0.305296 (VIOLATED)
gpio_inp_dis[31]                        0.500000    0.805288   -0.305288 (VIOLATED)
gpio_dm2[31]                            0.500000    0.805286   -0.305286 (VIOLATED)
gpio_loopback_one[31]                   0.500000    0.805278   -0.305278 (VIOLATED)
gpio_dm1[3]                             0.500000    0.797951   -0.297951 (VIOLATED)
gpio_inp_dis[3]                         0.500000    0.797950   -0.297950 (VIOLATED)
gpio_dm2[3]                             0.500000    0.797948   -0.297948 (VIOLATED)
gpio_loopback_one[3]                    0.500000    0.797942   -0.297942 (VIOLATED)
gpio_dm1[8]                             0.500000    0.797904   -0.297904 (VIOLATED)
gpio_inp_dis[8]                         0.500000    0.797903   -0.297903 (VIOLATED)
gpio_dm2[8]                             0.500000    0.797902   -0.297902 (VIOLATED)
gpio_loopback_one[8]                    0.500000    0.797896   -0.297896 (VIOLATED)
gpio_dm1[4]                             0.500000    0.793833   -0.293833 (VIOLATED)
gpio_inp_dis[4]                         0.500000    0.793833   -0.293833 (VIOLATED)
gpio_dm2[4]                             0.500000    0.793831   -0.293831 (VIOLATED)
gpio_loopback_one[4]                    0.500000    0.793825   -0.293825 (VIOLATED)
gpio_dm1[5]                             0.500000    0.791811   -0.291811 (VIOLATED)
gpio_inp_dis[5]                         0.500000    0.791800   -0.291800 (VIOLATED)
gpio_dm2[5]                             0.500000    0.791788   -0.291788 (VIOLATED)
gpio_loopback_one[5]                    0.500000    0.791777   -0.291777 (VIOLATED)
gpio_dm1[12]                            0.500000    0.791312   -0.291312 (VIOLATED)
gpio_inp_dis[12]                        0.500000    0.791311   -0.291311 (VIOLATED)
gpio_dm2[12]                            0.500000    0.791309   -0.291309 (VIOLATED)
gpio_loopback_one[12]                   0.500000    0.791304   -0.291304 (VIOLATED)
gpio_dm1[10]                            0.500000    0.790387   -0.290387 (VIOLATED)
gpio_inp_dis[10]                        0.500000    0.790370   -0.290370 (VIOLATED)
gpio_dm2[10]                            0.500000    0.790325   -0.290325 (VIOLATED)
gpio_loopback_one[10]                   0.500000    0.790291   -0.290291 (VIOLATED)
gpio_dm1[6]                             0.500000    0.787759   -0.287759 (VIOLATED)
gpio_inp_dis[6]                         0.500000    0.787758   -0.287758 (VIOLATED)
gpio_dm2[6]                             0.500000    0.787756   -0.287756 (VIOLATED)
gpio_loopback_one[6]                    0.500000    0.787750   -0.287751 (VIOLATED)
gpio_dm1[9]                             0.500000    0.786778   -0.286778 (VIOLATED)
gpio_inp_dis[9]                         0.500000    0.786769   -0.286769 (VIOLATED)
gpio_dm2[9]                             0.500000    0.786745   -0.286745 (VIOLATED)
gpio_loopback_one[9]                    0.500000    0.786734   -0.286734 (VIOLATED)
gpio_dm1[11]                            0.500000    0.784489   -0.284489 (VIOLATED)
gpio_inp_dis[11]                        0.500000    0.784488   -0.284488 (VIOLATED)
gpio_dm2[11]                            0.500000    0.784487   -0.284487 (VIOLATED)
gpio_loopback_one[11]                   0.500000    0.784482   -0.284481 (VIOLATED)
mprj/_635_/A                            0.500000    0.782039   -0.282039 (VIOLATED)
mprj2/_635_/A                           0.500000    0.782039   -0.282039 (VIOLATED)
mprj/_634_/A                            0.500000    0.782036   -0.282036 (VIOLATED)
mprj2/_634_/A                           0.500000    0.782036   -0.282036 (VIOLATED)
mprj/_636_/A                            0.500000    0.782032   -0.282032 (VIOLATED)
mprj2/_636_/A                           0.500000    0.782032   -0.282032 (VIOLATED)
mprj/_641_/A                            0.500000    0.782028   -0.282028 (VIOLATED)
mprj2/_641_/A                           0.500000    0.782028   -0.282028 (VIOLATED)
mprj/load_slew16/A                      0.500000    0.782022   -0.282022 (VIOLATED)
mprj2/load_slew16/A                     0.500000    0.782022   -0.282022 (VIOLATED)
mprj/_638_/A                            0.500000    0.782021   -0.282021 (VIOLATED)
mprj/_639_/A                            0.500000    0.782021   -0.282021 (VIOLATED)
mprj/_640_/A                            0.500000    0.782021   -0.282021 (VIOLATED)
mprj/fanout15/X                         0.500000    0.782021   -0.282021 (VIOLATED)
mprj2/_638_/A                           0.500000    0.782021   -0.282021 (VIOLATED)
mprj2/_639_/A                           0.500000    0.782021   -0.282021 (VIOLATED)
mprj2/_640_/A                           0.500000    0.782021   -0.282021 (VIOLATED)
mprj2/fanout15/X                        0.500000    0.782021   -0.282021 (VIOLATED)
mprj2/_597_/A                           0.500000    0.769624   -0.269624 (VIOLATED)
mprj/_597_/A                            0.500000    0.769622   -0.269622 (VIOLATED)
mprj2/_598_/A                           0.500000    0.769621   -0.269621 (VIOLATED)
mprj/_598_/A                            0.500000    0.769620   -0.269619 (VIOLATED)
mprj2/_593_/A                           0.500000    0.769614   -0.269614 (VIOLATED)
mprj/_593_/A                            0.500000    0.769612   -0.269612 (VIOLATED)
mprj2/_594_/A                           0.500000    0.769612   -0.269612 (VIOLATED)
mprj2/_595_/A                           0.500000    0.769611   -0.269611 (VIOLATED)
mprj2/_596_/A                           0.500000    0.769611   -0.269611 (VIOLATED)
mprj2/fanout23/X                        0.500000    0.769611   -0.269611 (VIOLATED)
mprj2/wire24/A                          0.500000    0.769611   -0.269611 (VIOLATED)
mprj/_594_/A                            0.500000    0.769610   -0.269610 (VIOLATED)
mprj/_595_/A                            0.500000    0.769610   -0.269610 (VIOLATED)
mprj/_596_/A                            0.500000    0.769610   -0.269610 (VIOLATED)
mprj/fanout23/X                         0.500000    0.769610   -0.269610 (VIOLATED)
mprj/wire24/A                           0.500000    0.769610   -0.269610 (VIOLATED)
mprj/_652_/A                            0.500000    0.713815   -0.213815 (VIOLATED)
mprj/_655_/A                            0.500000    0.713815   -0.213815 (VIOLATED)
mprj/load_slew26/A                      0.500000    0.713814   -0.213814 (VIOLATED)
mprj2/_652_/A                           0.500000    0.713814   -0.213814 (VIOLATED)
mprj2/_655_/A                           0.500000    0.713813   -0.213813 (VIOLATED)
mprj/_653_/A                            0.500000    0.713812   -0.213812 (VIOLATED)
mprj2/load_slew26/A                     0.500000    0.713812   -0.213812 (VIOLATED)
mprj2/_653_/A                           0.500000    0.713811   -0.213811 (VIOLATED)
mprj/_658_/A                            0.500000    0.713807   -0.213807 (VIOLATED)
mprj2/_658_/A                           0.500000    0.713805   -0.213805 (VIOLATED)
mprj/_656_/A                            0.500000    0.713803   -0.213803 (VIOLATED)
mprj2/_656_/A                           0.500000    0.713802   -0.213801 (VIOLATED)
mprj/_659_/A                            0.500000    0.713788   -0.213788 (VIOLATED)
mprj2/_659_/A                           0.500000    0.713787   -0.213787 (VIOLATED)
mprj/fanout21/A                         0.500000    0.713784   -0.213784 (VIOLATED)
mprj/fanout25/X                         0.500000    0.713784   -0.213784 (VIOLATED)
mprj2/fanout21/A                        0.500000    0.713782   -0.213782 (VIOLATED)
mprj2/fanout25/X                        0.500000    0.713782   -0.213782 (VIOLATED)
mprj/wire13/A                           0.500000    0.712887   -0.212887 (VIOLATED)
mprj2/wire13/A                          0.500000    0.712887   -0.212887 (VIOLATED)
mprj/ANTENNA_wire13_A/DIODE             0.500000    0.712864   -0.212864 (VIOLATED)
mprj2/ANTENNA_wire13_A/DIODE            0.500000    0.712864   -0.212864 (VIOLATED)
mprj/ANTENNA__591__Y/DIODE              0.500000    0.712201   -0.212201 (VIOLATED)
mprj2/ANTENNA__591__Y/DIODE             0.500000    0.712201   -0.212201 (VIOLATED)
mprj/_591_/Y                            0.500000    0.712189   -0.212189 (VIOLATED)
mprj2/_591_/Y                           0.500000    0.712189   -0.212189 (VIOLATED)
mprj/output5/A                          0.500000    0.698548   -0.198548 (VIOLATED)
mprj2/output5/A                         0.500000    0.698548   -0.198548 (VIOLATED)
mprj/ANTENNA_output5_A/DIODE            0.500000    0.698533   -0.198533 (VIOLATED)
mprj2/ANTENNA_output5_A/DIODE           0.500000    0.698533   -0.198533 (VIOLATED)
mprj/_386_/B                            0.500000    0.696647   -0.196647 (VIOLATED)
mprj2/_386_/B                           0.500000    0.696647   -0.196647 (VIOLATED)
mprj/ANTENNA__386__B/DIODE              0.500000    0.696523   -0.196523 (VIOLATED)
mprj2/ANTENNA__386__B/DIODE             0.500000    0.696523   -0.196523 (VIOLATED)
mprj/_580_/A2                           0.500000    0.696485   -0.196485 (VIOLATED)
mprj2/_580_/A2                          0.500000    0.696485   -0.196485 (VIOLATED)
mprj/_572_/C                            0.500000    0.696482   -0.196483 (VIOLATED)
mprj2/_572_/C                           0.500000    0.696482   -0.196483 (VIOLATED)
mprj/ANTENNA__580__A2/DIODE             0.500000    0.696480   -0.196480 (VIOLATED)
mprj2/ANTENNA__580__A2/DIODE            0.500000    0.696480   -0.196480 (VIOLATED)
mprj/ANTENNA__572__C/DIODE              0.500000    0.696478   -0.196478 (VIOLATED)
mprj2/ANTENNA__572__C/DIODE             0.500000    0.696478   -0.196478 (VIOLATED)
mprj/_568_/C                            0.500000    0.696477   -0.196477 (VIOLATED)
mprj2/_568_/C                           0.500000    0.696477   -0.196477 (VIOLATED)
mprj/ANTENNA__568__C/DIODE              0.500000    0.696477   -0.196477 (VIOLATED)
mprj2/ANTENNA__568__C/DIODE             0.500000    0.696477   -0.196477 (VIOLATED)
mprj/ANTENNA__385__Y/DIODE              0.500000    0.696461   -0.196461 (VIOLATED)
mprj2/ANTENNA__385__Y/DIODE             0.500000    0.696461   -0.196461 (VIOLATED)
mprj/_385_/Y                            0.500000    0.696449   -0.196449 (VIOLATED)
mprj2/_385_/Y                           0.500000    0.696449   -0.196449 (VIOLATED)
gpio_inp_dis[15]                        0.500000    0.561977   -0.061977 (VIOLATED)
gpio_oeb[15]                            0.500000    0.561974   -0.061974 (VIOLATED)
gpio_loopback_one[15]                   0.500000    0.561969   -0.061969 (VIOLATED)
gpio_inp_dis[19]                        0.500000    0.561742   -0.061742 (VIOLATED)
gpio_oeb[19]                            0.500000    0.561740   -0.061740 (VIOLATED)
gpio_loopback_one[19]                   0.500000    0.561735   -0.061735 (VIOLATED)
gpio_inp_dis[21]                        0.500000    0.561631   -0.061631 (VIOLATED)
gpio_oeb[21]                            0.500000    0.561628   -0.061628 (VIOLATED)
gpio_loopback_one[21]                   0.500000    0.561623   -0.061623 (VIOLATED)
gpio_inp_dis[20]                        0.500000    0.559456   -0.059456 (VIOLATED)
gpio_oeb[20]                            0.500000    0.559444   -0.059444 (VIOLATED)
gpio_loopback_one[20]                   0.500000    0.559436   -0.059436 (VIOLATED)
gpio_inp_dis[22]                        0.500000    0.559175   -0.059175 (VIOLATED)
gpio_oeb[22]                            0.500000    0.559173   -0.059173 (VIOLATED)
gpio_loopback_one[22]                   0.500000    0.559167   -0.059167 (VIOLATED)
mprj/output9/A                          0.500000    0.553688   -0.053688 (VIOLATED)
mprj2/output9/A                         0.500000    0.553688   -0.053688 (VIOLATED)
mprj/ANTENNA_output9_A/DIODE            0.500000    0.553672   -0.053672 (VIOLATED)
mprj2/ANTENNA_output9_A/DIODE           0.500000    0.553672   -0.053672 (VIOLATED)
gpio_inp_dis[37]                        0.500000    0.553662   -0.053662 (VIOLATED)
gpio_oeb[37]                            0.500000    0.553659   -0.053659 (VIOLATED)
gpio_loopback_one[37]                   0.500000    0.553655   -0.053655 (VIOLATED)
gpio_inp_dis[35]                        0.500000    0.552316   -0.052316 (VIOLATED)
gpio_oeb[35]                            0.500000    0.552314   -0.052314 (VIOLATED)
gpio_loopback_one[35]                   0.500000    0.552310   -0.052309 (VIOLATED)
mprj/ANTENNA__586__X/DIODE              0.500000    0.551663   -0.051663 (VIOLATED)
mprj2/ANTENNA__586__X/DIODE             0.500000    0.551663   -0.051663 (VIOLATED)
mprj/_586_/X                            0.500000    0.551657   -0.051657 (VIOLATED)
mprj2/_586_/X                           0.500000    0.551657   -0.051657 (VIOLATED)
gpio_inp_dis[23]                        0.500000    0.550837   -0.050837 (VIOLATED)
gpio_oeb[23]                            0.500000    0.550825   -0.050825 (VIOLATED)
gpio_loopback_one[23]                   0.500000    0.550817   -0.050817 (VIOLATED)
gpio_inp_dis[36]                        0.500000    0.547713   -0.047713 (VIOLATED)
gpio_oeb[36]                            0.500000    0.547697   -0.047697 (VIOLATED)
gpio_loopback_one[36]                   0.500000    0.547672   -0.047672 (VIOLATED)
gpio_inp_dis[18]                        0.500000    0.545548   -0.045548 (VIOLATED)
gpio_oeb[18]                            0.500000    0.545537   -0.045537 (VIOLATED)
gpio_loopback_one[18]                   0.500000    0.545530   -0.045530 (VIOLATED)
gpio_inp_dis[17]                        0.500000    0.542216   -0.042216 (VIOLATED)
gpio_oeb[17]                            0.500000    0.542205   -0.042205 (VIOLATED)
gpio_loopback_one[17]                   0.500000    0.542199   -0.042199 (VIOLATED)
gpio_inp_dis[16]                        0.500000    0.541887   -0.041887 (VIOLATED)
gpio_oeb[16]                            0.500000    0.541884   -0.041884 (VIOLATED)
gpio_loopback_one[16]                   0.500000    0.541879   -0.041879 (VIOLATED)
gpio_dm0[0]                             0.500000    0.541691   -0.041691 (VIOLATED)
gpio_oeb[0]                             0.500000    0.541660   -0.041660 (VIOLATED)
gpio_loopback_one[0]                    0.500000    0.541645   -0.041645 (VIOLATED)
gpio_inp_dis[38]                        0.500000    0.536895   -0.036895 (VIOLATED)
gpio_oeb[38]                            0.500000    0.536894   -0.036894 (VIOLATED)
gpio_loopback_one[38]                   0.500000    0.536891   -0.036891 (VIOLATED)
gpio_inp_dis[39]                        0.500000    0.536359   -0.036359 (VIOLATED)
gpio_oeb[39]                            0.500000    0.536357   -0.036357 (VIOLATED)
gpio_loopback_one[39]                   0.500000    0.536354   -0.036354 (VIOLATED)
gpio_inp_dis[14]                        0.500000    0.535036   -0.035036 (VIOLATED)
gpio_oeb[14]                            0.500000    0.535034   -0.035034 (VIOLATED)
gpio_loopback_one[14]                   0.500000    0.535031   -0.035031 (VIOLATED)
gpio_inp_dis[42]                        0.500000    0.532623   -0.032623 (VIOLATED)
gpio_oeb[42]                            0.500000    0.532621   -0.032621 (VIOLATED)
gpio_loopback_one[42]                   0.500000    0.532618   -0.032618 (VIOLATED)
gpio_inp_dis[13]                        0.500000    0.530116   -0.030116 (VIOLATED)
gpio_oeb[13]                            0.500000    0.530106   -0.030106 (VIOLATED)
gpio_loopback_one[13]                   0.500000    0.530097   -0.030097 (VIOLATED)
gpio_inp_dis[43]                        0.500000    0.526294   -0.026294 (VIOLATED)
gpio_oeb[43]                            0.500000    0.526291   -0.026291 (VIOLATED)
gpio_loopback_one[43]                   0.500000    0.526288   -0.026288 (VIOLATED)
gpio_inp_dis[40]                        0.500000    0.523432   -0.023432 (VIOLATED)
gpio_oeb[40]                            0.500000    0.523429   -0.023429 (VIOLATED)
gpio_loopback_one[40]                   0.500000    0.523426   -0.023426 (VIOLATED)
gpio_inp_dis[41]                        0.500000    0.522868   -0.022868 (VIOLATED)
gpio_oeb[41]                            0.500000    0.522866   -0.022866 (VIOLATED)
gpio_loopback_one[41]                   0.500000    0.522861   -0.022861 (VIOLATED)
mprj/output3/A                          0.500000    0.516049   -0.016049 (VIOLATED)
mprj2/output3/A                         0.500000    0.516049   -0.016049 (VIOLATED)
mprj/ANTENNA_output3_A/DIODE            0.500000    0.515921   -0.015921 (VIOLATED)
mprj2/ANTENNA_output3_A/DIODE           0.500000    0.515921   -0.015921 (VIOLATED)

max fanout

Pin                                   Limit Fanout  Slack
---------------------------------------------------------
mprj/wire20/X                            10     19     -9 (VIOLATED)
mprj2/wire20/X                           10     19     -9 (VIOLATED)
mprj/clkbuf_0_wb_clk_i/X                 10     17     -7 (VIOLATED)
mprj2/clkbuf_0_wb_clk_i/X                10     17     -7 (VIOLATED)
mprj/load_slew26/X                       10     15     -5 (VIOLATED)
mprj2/load_slew26/X                      10     15     -5 (VIOLATED)
mprj/clkbuf_3_6_0_wb_clk_i/X             10     12     -2 (VIOLATED)
mprj/clkbuf_3_7_0_wb_clk_i/X             10     12     -2 (VIOLATED)
mprj2/clkbuf_3_6_0_wb_clk_i/X            10     12     -2 (VIOLATED)
mprj2/clkbuf_3_7_0_wb_clk_i/X            10     12     -2 (VIOLATED)
mprj/_384_/Y                             10     11        (VIOLATED)
mprj/_385_/Y                             10     11        (VIOLATED)
mprj/_564_/X                             10     11        (VIOLATED)
mprj/clkbuf_3_0_0_wb_clk_i/X             10     11        (VIOLATED)
mprj/clkbuf_3_1_0_wb_clk_i/X             10     11        (VIOLATED)
mprj/clkbuf_3_2_0_wb_clk_i/X             10     11        (VIOLATED)
mprj/clkbuf_3_3_0_wb_clk_i/X             10     11        (VIOLATED)
mprj/clkbuf_3_4_0_wb_clk_i/X             10     11        (VIOLATED)
mprj/clkbuf_3_5_0_wb_clk_i/X             10     11        (VIOLATED)
mprj2/_384_/Y                            10     11        (VIOLATED)
mprj2/_385_/Y                            10     11        (VIOLATED)
mprj2/_564_/X                            10     11        (VIOLATED)
mprj2/clkbuf_3_0_0_wb_clk_i/X            10     11        (VIOLATED)
mprj2/clkbuf_3_1_0_wb_clk_i/X            10     11        (VIOLATED)
mprj2/clkbuf_3_2_0_wb_clk_i/X            10     11        (VIOLATED)
mprj2/clkbuf_3_3_0_wb_clk_i/X            10     11        (VIOLATED)
mprj2/clkbuf_3_4_0_wb_clk_i/X            10     11        (VIOLATED)
mprj2/clkbuf_3_5_0_wb_clk_i/X            10     11        (VIOLATED)

max capacitance

Pin                                        Limit         Cap       Slack
------------------------------------------------------------------------
gpio_in[0]                              0.200000    0.714184   -0.514184 (VIOLATED)
mprj2/output2/X                         0.094309    0.529090   -0.434781 (VIOLATED)
mprj2/output4/X                         0.094309    0.493530   -0.399221 (VIOLATED)
mprj2/output5/X                         0.094309    0.407499   -0.313190 (VIOLATED)
mprj2/output6/X                         0.094309    0.311493   -0.217184 (VIOLATED)
gpio_in[1]                              0.200000    0.392623   -0.192623 (VIOLATED)
gpio_loopback_zero[35]                  0.200000    0.383851   -0.183851 (VIOLATED)
gpio_loopback_zero[21]                  0.200000    0.382522   -0.182522 (VIOLATED)
gpio_loopback_zero[22]                  0.200000    0.382266   -0.182266 (VIOLATED)
gpio_loopback_zero[37]                  0.200000    0.382222   -0.182222 (VIOLATED)
gpio_loopback_zero[15]                  0.200000    0.382203   -0.182203 (VIOLATED)
gpio_loopback_zero[19]                  0.200000    0.382177   -0.182177 (VIOLATED)
gpio_loopback_zero[20]                  0.200000    0.381787   -0.181787 (VIOLATED)
gpio_loopback_zero[39]                  0.200000    0.381578   -0.181578 (VIOLATED)
gpio_loopback_zero[36]                  0.200000    0.381380   -0.181380 (VIOLATED)
gpio_loopback_zero[42]                  0.200000    0.380941   -0.180941 (VIOLATED)
gpio_loopback_zero[0]                   0.200000    0.380718   -0.180718 (VIOLATED)
gpio_loopback_zero[23]                  0.200000    0.380712   -0.180712 (VIOLATED)
gpio_loopback_zero[38]                  0.200000    0.380209   -0.180209 (VIOLATED)
gpio_loopback_zero[18]                  0.200000    0.380128   -0.180128 (VIOLATED)
gpio_loopback_zero[43]                  0.200000    0.379736   -0.179736 (VIOLATED)
gpio_loopback_zero[17]                  0.200000    0.379476   -0.179476 (VIOLATED)
gpio_loopback_zero[16]                  0.200000    0.379326   -0.179326 (VIOLATED)
gpio_loopback_zero[41]                  0.200000    0.379256   -0.179256 (VIOLATED)
gpio_loopback_zero[14]                  0.200000    0.379185   -0.179185 (VIOLATED)
gpio_loopback_zero[40]                  0.200000    0.379153   -0.179153 (VIOLATED)
gpio_loopback_zero[13]                  0.200000    0.378530   -0.178530 (VIOLATED)
mprj2/output3/X                         0.094309    0.261957   -0.167648 (VIOLATED)
mprj2/output12/X                        0.094309    0.233123   -0.138814 (VIOLATED)
mprj2/output7/X                         0.094309    0.222857   -0.128548 (VIOLATED)
gpio_loopback_zero[31]                  0.200000    0.323106   -0.123106 (VIOLATED)
gpio_loopback_zero[26]                  0.200000    0.321436   -0.121436 (VIOLATED)
gpio_loopback_zero[29]                  0.200000    0.321000   -0.121000 (VIOLATED)
gpio_loopback_zero[25]                  0.200000    0.320681   -0.120681 (VIOLATED)
gpio_loopback_zero[28]                  0.200000    0.319499   -0.119499 (VIOLATED)
gpio_loopback_zero[33]                  0.200000    0.318724   -0.118724 (VIOLATED)
gpio_loopback_zero[27]                  0.200000    0.318569   -0.118569 (VIOLATED)
gpio_loopback_zero[32]                  0.200000    0.318308   -0.118308 (VIOLATED)
gpio_loopback_zero[24]                  0.200000    0.316579   -0.116579 (VIOLATED)
gpio_loopback_zero[34]                  0.200000    0.315952   -0.115952 (VIOLATED)
gpio_loopback_zero[2]                   0.200000    0.315761   -0.115761 (VIOLATED)
gpio_loopback_zero[30]                  0.200000    0.315660   -0.115660 (VIOLATED)
gpio_loopback_zero[9]                   0.200000    0.315042   -0.115042 (VIOLATED)
gpio_loopback_zero[3]                   0.200000    0.314889   -0.114889 (VIOLATED)
gpio_loopback_zero[10]                  0.200000    0.313848   -0.113848 (VIOLATED)
gpio_loopback_zero[8]                   0.200000    0.313716   -0.113716 (VIOLATED)
gpio_loopback_zero[4]                   0.200000    0.313625   -0.113625 (VIOLATED)
gpio_loopback_zero[12]                  0.200000    0.313535   -0.113535 (VIOLATED)
gpio_loopback_zero[7]                   0.200000    0.313502   -0.113502 (VIOLATED)
gpio_loopback_zero[5]                   0.200000    0.312970   -0.112970 (VIOLATED)
gpio_loopback_zero[6]                   0.200000    0.312506   -0.112506 (VIOLATED)
gpio_loopback_zero[1]                   0.200000    0.312293   -0.112293 (VIOLATED)
gpio_loopback_zero[11]                  0.200000    0.311175   -0.111175 (VIOLATED)
mprj2/output11/X                        0.094309    0.173390   -0.079081 (VIOLATED)
mprj2/output8/X                         0.094309    0.156936   -0.062627 (VIOLATED)
mprj2/output10/X                        0.094309    0.100823   -0.006514 (VIOLATED)
mprj/wire14/X                           0.200000    0.201739   -0.001739 (VIOLATED)
mprj2/wire14/X                          0.200000    0.201739   -0.001739 (VIOLATED)



===========================================================================
report_parasitic_annotation -report_unannotated
============================================================================
Found 223 unannotated drivers.
 analog_io[0]
 analog_io[10]
 analog_io[11]
 analog_io[12]
 analog_io[13]
 analog_io[14]
 analog_io[15]
 analog_io[16]
 analog_io[17]
 analog_io[18]
 analog_io[19]
 analog_io[1]
 analog_io[20]
 analog_io[21]
 analog_io[22]
 analog_io[23]
 analog_io[24]
 analog_io[25]
 analog_io[26]
 analog_io[27]
 analog_io[28]
 analog_io[29]
 analog_io[2]
 analog_io[30]
 analog_io[31]
 analog_io[32]
 analog_io[33]
 analog_io[34]
 analog_io[35]
 analog_io[36]
 analog_io[37]
 analog_io[38]
 analog_io[39]
 analog_io[3]
 analog_io[40]
 analog_io[41]
 analog_io[42]
 analog_io[43]
 analog_io[4]
 analog_io[5]
 analog_io[6]
 analog_io[7]
 analog_io[8]
 analog_io[9]
 analog_noesd_io[0]
 analog_noesd_io[10]
 analog_noesd_io[11]
 analog_noesd_io[12]
 analog_noesd_io[13]
 analog_noesd_io[14]
 analog_noesd_io[15]
 analog_noesd_io[16]
 analog_noesd_io[17]
 analog_noesd_io[18]
 analog_noesd_io[19]
 analog_noesd_io[1]
 analog_noesd_io[20]
 analog_noesd_io[21]
 analog_noesd_io[22]
 analog_noesd_io[23]
 analog_noesd_io[24]
 analog_noesd_io[25]
 analog_noesd_io[26]
 analog_noesd_io[27]
 analog_noesd_io[28]
 analog_noesd_io[29]
 analog_noesd_io[2]
 analog_noesd_io[30]
 analog_noesd_io[31]
 analog_noesd_io[32]
 analog_noesd_io[33]
 analog_noesd_io[34]
 analog_noesd_io[35]
 analog_noesd_io[36]
 analog_noesd_io[37]
 analog_noesd_io[38]
 analog_noesd_io[39]
 analog_noesd_io[3]
 analog_noesd_io[40]
 analog_noesd_io[41]
 analog_noesd_io[42]
 analog_noesd_io[43]
 analog_noesd_io[4]
 analog_noesd_io[5]
 analog_noesd_io[6]
 analog_noesd_io[7]
 analog_noesd_io[8]
 analog_noesd_io[9]
 gpio_in[10]
 gpio_in[11]
 gpio_in[12]
 gpio_in[13]
 gpio_in[14]
 gpio_in[15]
 gpio_in[16]
 gpio_in[17]
 gpio_in[18]
 gpio_in[19]
 gpio_in[20]
 gpio_in[21]
 gpio_in[22]
 gpio_in[23]
 gpio_in[24]
 gpio_in[25]
 gpio_in[26]
 gpio_in[27]
 gpio_in[28]
 gpio_in[29]
 gpio_in[2]
 gpio_in[30]
 gpio_in[31]
 gpio_in[32]
 gpio_in[33]
 gpio_in[34]
 gpio_in[35]
 gpio_in[36]
 gpio_in[37]
 gpio_in[38]
 gpio_in[39]
 gpio_in[3]
 gpio_in[40]
 gpio_in[41]
 gpio_in[42]
 gpio_in[43]
 gpio_in[4]
 gpio_in[5]
 gpio_in[6]
 gpio_in[7]
 gpio_in[8]
 gpio_in[9]
 gpio_in_h[0]
 gpio_in_h[10]
 gpio_in_h[11]
 gpio_in_h[12]
 gpio_in_h[13]
 gpio_in_h[14]
 gpio_in_h[15]
 gpio_in_h[16]
 gpio_in_h[17]
 gpio_in_h[18]
 gpio_in_h[19]
 gpio_in_h[1]
 gpio_in_h[20]
 gpio_in_h[21]
 gpio_in_h[22]
 gpio_in_h[23]
 gpio_in_h[24]
 gpio_in_h[25]
 gpio_in_h[26]
 gpio_in_h[27]
 gpio_in_h[28]
 gpio_in_h[29]
 gpio_in_h[2]
 gpio_in_h[30]
 gpio_in_h[31]
 gpio_in_h[32]
 gpio_in_h[33]
 gpio_in_h[34]
 gpio_in_h[35]
 gpio_in_h[36]
 gpio_in_h[37]
 gpio_in_h[38]
 gpio_in_h[39]
 gpio_in_h[3]
 gpio_in_h[40]
 gpio_in_h[41]
 gpio_in_h[42]
 gpio_in_h[43]
 gpio_in_h[4]
 gpio_in_h[5]
 gpio_in_h[6]
 gpio_in_h[7]
 gpio_in_h[8]
 gpio_in_h[9]
 mask_rev[0]
 mask_rev[10]
 mask_rev[11]
 mask_rev[12]
 mask_rev[13]
 mask_rev[14]
 mask_rev[15]
 mask_rev[16]
 mask_rev[17]
 mask_rev[18]
 mask_rev[19]
 mask_rev[1]
 mask_rev[20]
 mask_rev[21]
 mask_rev[22]
 mask_rev[23]
 mask_rev[24]
 mask_rev[25]
 mask_rev[26]
 mask_rev[27]
 mask_rev[28]
 mask_rev[29]
 mask_rev[2]
 mask_rev[30]
 mask_rev[31]
 mask_rev[3]
 mask_rev[4]
 mask_rev[5]
 mask_rev[6]
 mask_rev[7]
 mask_rev[8]
 mask_rev[9]
 por_l
 porb_h
 porb_l
 resetb_h
 resetb_l
 mprj/clkload0/X
 mprj/clkload1/X
 mprj/clkload2/X
 mprj/clkload3/X
 mprj/clkload4/X
 mprj/clkload5/X
 mprj2/clkload0/X
 mprj2/clkload1/X
 mprj2/clkload2/X
 mprj2/clkload3/X
 mprj2/clkload4/X
 mprj2/clkload5/X
Found 0 partially unannotated drivers.

===========================================================================
max slew violation count 904
max fanout violation count 28
max cap violation count 58
============================================================================

===========================================================================
check_setup -verbose -unconstrained_endpoints -multiple_clock -no_clock -no_input_delay -loops -generated_clocks
===========================================================================
Warning: There are 168 unclocked register/latch pins.
  mprj/_675_/CLK
  mprj/_676_/CLK
  mprj/_677_/CLK
  mprj/_678_/CLK
  mprj/_679_/CLK
  mprj/_680_/CLK
  mprj/_681_/CLK
  mprj/_682_/CLK
  mprj/_683_/CLK
  mprj/_684_/CLK
  mprj/_685_/CLK
  mprj/_686_/CLK
  mprj/_687_/CLK
  mprj/_688_/CLK
  mprj/_689_/CLK
  mprj/_690_/CLK
  mprj/_691_/CLK
  mprj/_692_/CLK
  mprj/_693_/CLK
  mprj/_694_/CLK
  mprj/_695_/CLK
  mprj/_696_/CLK
  mprj/_697_/CLK
  mprj/_698_/CLK
  mprj/_699_/CLK
  mprj/_700_/CLK
  mprj/_701_/CLK
  mprj/_702_/CLK
  mprj/_703_/CLK
  mprj/_704_/CLK
  mprj/_705_/CLK
  mprj/_706_/CLK
  mprj/_707_/CLK
  mprj/_708_/CLK
  mprj/_709_/CLK
  mprj/_710_/CLK
  mprj/_711_/CLK
  mprj/_712_/CLK
  mprj/_713_/CLK
  mprj/_714_/CLK
  mprj/_715_/CLK
  mprj/_716_/CLK
  mprj/_717_/CLK
  mprj/_718_/CLK
  mprj/_719_/CLK
  mprj/_720_/CLK
  mprj/_721_/CLK
  mprj/_722_/CLK
  mprj/_723_/CLK
  mprj/_724_/CLK
  mprj/_725_/CLK
  mprj/_726_/CLK
  mprj/_727_/CLK
  mprj/_728_/CLK
  mprj/_729_/CLK
  mprj/_730_/CLK
  mprj/_731_/CLK
  mprj/_732_/CLK
  mprj/_733_/CLK
  mprj/_734_/CLK
  mprj/_735_/CLK
  mprj/_736_/CLK
  mprj/_737_/CLK
  mprj/_738_/CLK
  mprj/_739_/CLK
  mprj/_740_/CLK
  mprj/_741_/CLK
  mprj/_742_/CLK
  mprj/_743_/CLK
  mprj/_744_/CLK
  mprj/_745_/CLK
  mprj/_746_/CLK
  mprj/_747_/CLK
  mprj/_748_/CLK
  mprj/_749_/CLK
  mprj/_750_/CLK
  mprj/_751_/CLK
  mprj/_752_/CLK
  mprj/_753_/CLK
  mprj/_754_/CLK
  mprj/_755_/CLK
  mprj/_756_/CLK
  mprj/_757_/CLK
  mprj/_758_/CLK
  mprj2/_675_/CLK
  mprj2/_676_/CLK
  mprj2/_677_/CLK
  mprj2/_678_/CLK
  mprj2/_679_/CLK
  mprj2/_680_/CLK
  mprj2/_681_/CLK
  mprj2/_682_/CLK
  mprj2/_683_/CLK
  mprj2/_684_/CLK
  mprj2/_685_/CLK
  mprj2/_686_/CLK
  mprj2/_687_/CLK
  mprj2/_688_/CLK
  mprj2/_689_/CLK
  mprj2/_690_/CLK
  mprj2/_691_/CLK
  mprj2/_692_/CLK
  mprj2/_693_/CLK
  mprj2/_694_/CLK
  mprj2/_695_/CLK
  mprj2/_696_/CLK
  mprj2/_697_/CLK
  mprj2/_698_/CLK
  mprj2/_699_/CLK
  mprj2/_700_/CLK
  mprj2/_701_/CLK
  mprj2/_702_/CLK
  mprj2/_703_/CLK
  mprj2/_704_/CLK
  mprj2/_705_/CLK
  mprj2/_706_/CLK
  mprj2/_707_/CLK
  mprj2/_708_/CLK
  mprj2/_709_/CLK
  mprj2/_710_/CLK
  mprj2/_711_/CLK
  mprj2/_712_/CLK
  mprj2/_713_/CLK
  mprj2/_714_/CLK
  mprj2/_715_/CLK
  mprj2/_716_/CLK
  mprj2/_717_/CLK
  mprj2/_718_/CLK
  mprj2/_719_/CLK
  mprj2/_720_/CLK
  mprj2/_721_/CLK
  mprj2/_722_/CLK
  mprj2/_723_/CLK
  mprj2/_724_/CLK
  mprj2/_725_/CLK
  mprj2/_726_/CLK
  mprj2/_727_/CLK
  mprj2/_728_/CLK
  mprj2/_729_/CLK
  mprj2/_730_/CLK
  mprj2/_731_/CLK
  mprj2/_732_/CLK
  mprj2/_733_/CLK
  mprj2/_734_/CLK
  mprj2/_735_/CLK
  mprj2/_736_/CLK
  mprj2/_737_/CLK
  mprj2/_738_/CLK
  mprj2/_739_/CLK
  mprj2/_740_/CLK
  mprj2/_741_/CLK
  mprj2/_742_/CLK
  mprj2/_743_/CLK
  mprj2/_744_/CLK
  mprj2/_745_/CLK
  mprj2/_746_/CLK
  mprj2/_747_/CLK
  mprj2/_748_/CLK
  mprj2/_749_/CLK
  mprj2/_750_/CLK
  mprj2/_751_/CLK
  mprj2/_752_/CLK
  mprj2/_753_/CLK
  mprj2/_754_/CLK
  mprj2/_755_/CLK
  mprj2/_756_/CLK
  mprj2/_757_/CLK
  mprj2/_758_/CLK
Warning: There are 278 unconstrained endpoints.
  analog_io[0]
  analog_io[10]
  analog_io[11]
  analog_io[12]
  analog_io[13]
  analog_io[14]
  analog_io[15]
  analog_io[16]
  analog_io[17]
  analog_io[18]
  analog_io[19]
  analog_io[1]
  analog_io[20]
  analog_io[21]
  analog_io[22]
  analog_io[23]
  analog_io[24]
  analog_io[25]
  analog_io[26]
  analog_io[27]
  analog_io[28]
  analog_io[29]
  analog_io[2]
  analog_io[30]
  analog_io[31]
  analog_io[32]
  analog_io[33]
  analog_io[34]
  analog_io[35]
  analog_io[36]
  analog_io[37]
  analog_io[38]
  analog_io[39]
  analog_io[3]
  analog_io[40]
  analog_io[41]
  analog_io[42]
  analog_io[43]
  analog_io[4]
  analog_io[5]
  analog_io[6]
  analog_io[7]
  analog_io[8]
  analog_io[9]
  analog_noesd_io[0]
  analog_noesd_io[10]
  analog_noesd_io[11]
  analog_noesd_io[12]
  analog_noesd_io[13]
  analog_noesd_io[14]
  analog_noesd_io[15]
  analog_noesd_io[16]
  analog_noesd_io[17]
  analog_noesd_io[18]
  analog_noesd_io[19]
  analog_noesd_io[1]
  analog_noesd_io[20]
  analog_noesd_io[21]
  analog_noesd_io[22]
  analog_noesd_io[23]
  analog_noesd_io[24]
  analog_noesd_io[25]
  analog_noesd_io[26]
  analog_noesd_io[27]
  analog_noesd_io[28]
  analog_noesd_io[29]
  analog_noesd_io[2]
  analog_noesd_io[30]
  analog_noesd_io[31]
  analog_noesd_io[32]
  analog_noesd_io[33]
  analog_noesd_io[34]
  analog_noesd_io[35]
  analog_noesd_io[36]
  analog_noesd_io[37]
  analog_noesd_io[38]
  analog_noesd_io[39]
  analog_noesd_io[3]
  analog_noesd_io[40]
  analog_noesd_io[41]
  analog_noesd_io[42]
  analog_noesd_io[43]
  analog_noesd_io[4]
  analog_noesd_io[5]
  analog_noesd_io[6]
  analog_noesd_io[7]
  analog_noesd_io[8]
  analog_noesd_io[9]
  gpio_out[10]
  gpio_out[11]
  gpio_out[12]
  gpio_out[24]
  gpio_out[25]
  gpio_out[26]
  gpio_out[27]
  gpio_out[28]
  gpio_out[29]
  gpio_out[2]
  gpio_out[30]
  gpio_out[31]
  gpio_out[32]
  gpio_out[33]
  gpio_out[34]
  gpio_out[3]
  gpio_out[4]
  gpio_out[5]
  gpio_out[6]
  gpio_out[7]
  gpio_out[8]
  gpio_out[9]
  mprj/_675_/D
  mprj/_676_/D
  mprj/_677_/D
  mprj/_678_/D
  mprj/_679_/D
  mprj/_680_/D
  mprj/_681_/D
  mprj/_682_/D
  mprj/_683_/D
  mprj/_684_/D
  mprj/_685_/D
  mprj/_686_/D
  mprj/_687_/D
  mprj/_688_/D
  mprj/_689_/D
  mprj/_690_/D
  mprj/_691_/D
  mprj/_692_/D
  mprj/_693_/D
  mprj/_694_/D
  mprj/_695_/D
  mprj/_696_/D
  mprj/_697_/D
  mprj/_698_/D
  mprj/_699_/D
  mprj/_700_/D
  mprj/_701_/D
  mprj/_702_/D
  mprj/_703_/D
  mprj/_704_/D
  mprj/_705_/D
  mprj/_706_/D
  mprj/_707_/D
  mprj/_708_/D
  mprj/_709_/D
  mprj/_710_/D
  mprj/_711_/D
  mprj/_712_/D
  mprj/_713_/D
  mprj/_714_/D
  mprj/_715_/D
  mprj/_716_/D
  mprj/_717_/D
  mprj/_718_/D
  mprj/_719_/D
  mprj/_720_/D
  mprj/_721_/D
  mprj/_722_/D
  mprj/_723_/D
  mprj/_724_/D
  mprj/_725_/D
  mprj/_726_/D
  mprj/_727_/D
  mprj/_728_/D
  mprj/_729_/D
  mprj/_730_/D
  mprj/_731_/D
  mprj/_732_/D
  mprj/_733_/D
  mprj/_734_/D
  mprj/_735_/D
  mprj/_736_/D
  mprj/_737_/D
  mprj/_738_/D
  mprj/_739_/D
  mprj/_740_/D
  mprj/_741_/D
  mprj/_742_/D
  mprj/_743_/D
  mprj/_744_/D
  mprj/_745_/D
  mprj/_746_/D
  mprj/_747_/D
  mprj/_748_/D
  mprj/_749_/D
  mprj/_750_/D
  mprj/_751_/D
  mprj/_752_/D
  mprj/_753_/D
  mprj/_754_/D
  mprj/_755_/D
  mprj/_756_/D
  mprj/_757_/D
  mprj/_758_/D
  mprj2/_675_/D
  mprj2/_676_/D
  mprj2/_677_/D
  mprj2/_678_/D
  mprj2/_679_/D
  mprj2/_680_/D
  mprj2/_681_/D
  mprj2/_682_/D
  mprj2/_683_/D
  mprj2/_684_/D
  mprj2/_685_/D
  mprj2/_686_/D
  mprj2/_687_/D
  mprj2/_688_/D
  mprj2/_689_/D
  mprj2/_690_/D
  mprj2/_691_/D
  mprj2/_692_/D
  mprj2/_693_/D
  mprj2/_694_/D
  mprj2/_695_/D
  mprj2/_696_/D
  mprj2/_697_/D
  mprj2/_698_/D
  mprj2/_699_/D
  mprj2/_700_/D
  mprj2/_701_/D
  mprj2/_702_/D
  mprj2/_703_/D
  mprj2/_704_/D
  mprj2/_705_/D
  mprj2/_706_/D
  mprj2/_707_/D
  mprj2/_708_/D
  mprj2/_709_/D
  mprj2/_710_/D
  mprj2/_711_/D
  mprj2/_712_/D
  mprj2/_713_/D
  mprj2/_714_/D
  mprj2/_715_/D
  mprj2/_716_/D
  mprj2/_717_/D
  mprj2/_718_/D
  mprj2/_719_/D
  mprj2/_720_/D
  mprj2/_721_/D
  mprj2/_722_/D
  mprj2/_723_/D
  mprj2/_724_/D
  mprj2/_725_/D
  mprj2/_726_/D
  mprj2/_727_/D
  mprj2/_728_/D
  mprj2/_729_/D
  mprj2/_730_/D
  mprj2/_731_/D
  mprj2/_732_/D
  mprj2/_733_/D
  mprj2/_734_/D
  mprj2/_735_/D
  mprj2/_736_/D
  mprj2/_737_/D
  mprj2/_738_/D
  mprj2/_739_/D
  mprj2/_740_/D
  mprj2/_741_/D
  mprj2/_742_/D
  mprj2/_743_/D
  mprj2/_744_/D
  mprj2/_745_/D
  mprj2/_746_/D
  mprj2/_747_/D
  mprj2/_748_/D
  mprj2/_749_/D
  mprj2/_750_/D
  mprj2/_751_/D
  mprj2/_752_/D
  mprj2/_753_/D
  mprj2/_754_/D
  mprj2/_755_/D
  mprj2/_756_/D
  mprj2/_757_/D
  mprj2/_758_/D
