Clock: __VIRTUAL_CLK__
Sources: 
Generated: no
Virtual: yes
Propagated: no
Period: 10.000000

===========================================================================
report_clock_properties
============================================================================
Clock                   Period          Waveform
----------------------------------------------------
__VIRTUAL_CLK__      10.000000    0.000000  5.000000

===========================================================================
report_clock_latency
============================================================================
Clock __VIRTUAL_CLK__
rise -> rise
    min     max
0.000000 0.000000 source latency
7.114647         network latency mprj/_710_/CLK
        7.685017 network latency mprj2/_683_/CLK
---------------
7.114647 7.685017 latency
        0.570370 skew

rise -> fall
    min     max
0.000000 0.000000 source latency
5.634494         network latency mprj/_701_/CLK
        6.047662 network latency mprj2/_683_/CLK
---------------
5.634494 6.047662 latency
        0.413167 skew



===========================================================================
report_clock_min_period
============================================================================
__VIRTUAL_CLK__ period_min = 0.00 fmax = inf
