Clock: wb_clk_i
Sources: wb_clk_i 
Generated: no
Virtual: yes
Propagated: no
Period: 25.000000

===========================================================================
report_clock_properties
============================================================================
Clock                   Period          Waveform
----------------------------------------------------
wb_clk_i             25.000000    0.000000 12.500000

===========================================================================
report_clock_latency
============================================================================
Clock wb_clk_i
rise -> rise
    min     max
0.000000 0.000000 source latency
1.069038         network latency _701_/CLK
        1.186952 network latency _683_/CLK
---------------
1.069038 1.186952 latency
        0.117914 skew

fall -> fall
    min     max
0.000000 0.000000 source latency
0.825851         network latency _701_/CLK
        0.917438 network latency _683_/CLK
---------------
0.825851 0.917438 latency
        0.091587 skew



===========================================================================
report_clock_min_period
============================================================================
wb_clk_i period_min = 5.12 fmax = 195.36
