Clock: wb_clk_i
Sources: wb_clk_i 
Generated: no
Virtual: yes
Propagated: no
Period: 25.000000

===========================================================================
report_clock_properties
============================================================================
Clock                   Period          Waveform
----------------------------------------------------
wb_clk_i             25.000000    0.000000 12.500000

===========================================================================
report_clock_latency
============================================================================
Clock wb_clk_i
rise -> rise
    min     max
0.000000 0.000000 source latency
1.092532         network latency _714_/CLK
        1.102592 network latency _686_/CLK
---------------
1.092532 1.102592 latency
        0.010060 skew

fall -> fall
    min     max
0.000000 0.000000 source latency
0.857931         network latency _714_/CLK
        0.866859 network latency _686_/CLK
---------------
0.857931 0.866859 latency
        0.008928 skew



===========================================================================
report_clock_min_period
============================================================================
wb_clk_i period_min = 3.91 fmax = 255.56
